{"epoch": 1, "train_mse": 0.21921674682334377, "val": {"mse": 0.5004955530166626, "rmse": 0.7074571033049726, "mae": 0.4060284197330475, "ci": 0.7888316631323743, "rm2": 0.34004730124582105, "pearson": 0.5948279661072955, "spearman": 0.5321961150665294, "r2": 0.3407055735588074, "bias": -0.08735068142414093}}
{
  "guardrail": "validation only; test indices and metrics were not accessed",
  "condition": "real",
  "seed": 42,
  "best_epoch": 0,
  "epoch0_max_abs_difference": 0.0,
  "baseline": {
    "mse": 0.48946526646614075,
    "rmse": 0.6996179432133947,
    "mae": 0.43143847584724426,
    "ci": 0.7885622123720057,
    "rm2": 0.3410284448121984,
    "pearson": 0.5995077496596147,
    "spearman": 0.5319472626673567,
    "r2": 0.35523557662963867,
    "bias": -0.015189344994723797
  },
  "best": {
    "mse": 0.48946526646614075,
    "rmse": 0.6996179432133947,
    "mae": 0.43143847584724426,
    "ci": 0.7885622123720057,
    "rm2": 0.3410284448121984,
    "pearson": 0.5995077496596147,
    "spearman": 0.5319472626673567,
    "r2": 0.35523557662963867,
    "bias": -0.015189344994723797
  },
  "relative_mse_gain": 0.0,
  "correction_abs_mean": 0.0,
  "local_reliability_mean": 0.9570135474205017,
  "drug_bootstrap": {
    "drugs": 7,
    "improved": 0,
    "worsened": 0,
    "improvements": [
      0.0,
      0.0,
      0.0,
      0.0,
      0.0,
      0.0,
      0.0
    ],
    "mean": 0.0,
    "ci95": [
      0.0,
      0.0
    ],
    "probability_positive": 0.0
  },
  "history": [
    {
      "epoch": 1,
      "train_mse": 0.21921674682334377,
      "val": {
        "mse": 0.5004955530166626,
        "rmse": 0.7074571033049726,
        "mae": 0.4060284197330475,
        "ci": 0.7888316631323743,
        "rm2": 0.34004730124582105,
        "pearson": 0.5948279661072955,
        "spearman": 0.5321961150665294,
        "r2": 0.3407055735588074,
        "bias": -0.08735068142414093
      }
    }
  ]
}
