{"epoch": 1, "train_mse": 0.2192167430517877, "val": {"mse": 0.5004956126213074, "rmse": 0.7074571454309493, "mae": 0.4060283899307251, "ci": 0.7888312557994032, "rm2": 0.3400470996400204, "pearson": 0.5948279959012838, "spearman": 0.5321954642153003, "r2": 0.3407054543495178, "bias": -0.08735129237174988}}
{"epoch": 2, "train_mse": 0.21775812845843193, "val": {"mse": 0.5052744150161743, "rmse": 0.710826571686916, "mae": 0.4020874500274658, "ci": 0.7872491745397341, "rm2": 0.3405911541344453, "pearson": 0.5942279125799181, "spearman": 0.5294050095227792, "r2": 0.3344104290008545, "bias": -0.10962066054344177}}
{"epoch": 3, "train_mse": 0.21664889782876612, "val": {"mse": 0.5069992542266846, "rmse": 0.7120388010682315, "mae": 0.40430405735969543, "ci": 0.7820159641938025, "rm2": 0.34133529868411633, "pearson": 0.5911531860780236, "spearman": 0.5206126101382524, "r2": 0.3321382999420166, "bias": -0.10944575071334839}}
{"epoch": 4, "train_mse": 0.2150438455584144, "val": {"mse": 0.5045538544654846, "rmse": 0.7103195439135014, "mae": 0.40362271666526794, "ci": 0.7830882682401668, "rm2": 0.3421671372047266, "pearson": 0.5900044338012733, "spearman": 0.5222462252010833, "r2": 0.3353596329689026, "bias": -0.09471326321363449}}
{"epoch": 5, "train_mse": 0.21393722703330176, "val": {"mse": 0.5016906261444092, "rmse": 0.7083012255703143, "mae": 0.4052776098251343, "ci": 0.7836998786962412, "rm2": 0.3451620988374136, "pearson": 0.5903855444298858, "spearman": 0.5236614729568401, "r2": 0.33913135528564453, "bias": -0.08266875892877579}}
{"epoch": 6, "train_mse": 0.21285356306055345, "val": {"mse": 0.5016236305236816, "rmse": 0.7082539308212004, "mae": 0.4048379957675934, "ci": 0.7835768641389755, "rm2": 0.3419503845089426, "pearson": 0.5924090213799299, "spearman": 0.5236960772140261, "r2": 0.3392195701599121, "bias": -0.08774688094854355}}
{"epoch": 7, "train_mse": 0.21196763923916584, "val": {"mse": 0.5054007172584534, "rmse": 0.7109154079484095, "mae": 0.40280741453170776, "ci": 0.7854031415148062, "rm2": 0.343445268269006, "pearson": 0.5890856827442409, "spearman": 0.5270841755988998, "r2": 0.3342440724372864, "bias": -0.09648678451776505}}
{"epoch": 8, "train_mse": 0.21095986381177437, "val": {"mse": 0.5043668150901794, "rmse": 0.7101878730942817, "mae": 0.4097446799278259, "ci": 0.7815888755736267, "rm2": 0.3380838373390234, "pearson": 0.5865715697647581, "spearman": 0.5198489756912649, "r2": 0.33560603857040405, "bias": -0.07605898380279541}}
{"epoch": 9, "train_mse": 0.20949692616159032, "val": {"mse": 0.5112920999526978, "rmse": 0.7150469215042449, "mae": 0.40010687708854675, "ci": 0.7796870379316609, "rm2": 0.3403580096845426, "pearson": 0.5898821494545036, "spearman": 0.5170034276104182, "r2": 0.32648348808288574, "bias": -0.12306185066699982}}
{"epoch": 10, "train_mse": 0.20724155165881272, "val": {"mse": 0.5137135982513428, "rmse": 0.7167381657560471, "mae": 0.40072140097618103, "ci": 0.7848581299995031, "rm2": 0.34067460125968746, "pearson": 0.5872558528028078, "spearman": 0.5265156085134285, "r2": 0.32329362630844116, "bias": -0.12563981115818024}}
{"epoch": 11, "train_mse": 0.2050516277715195, "val": {"mse": 0.5088051557540894, "rmse": 0.7133057940000833, "mae": 0.40196168422698975, "ci": 0.7846391885275483, "rm2": 0.34257285236958174, "pearson": 0.5897709869989641, "spearman": 0.5256328018961641, "r2": 0.32975947856903076, "bias": -0.11412524431943893}}
{"epoch": 12, "train_mse": 0.20283397564079347, "val": {"mse": 0.5214187502861023, "rmse": 0.722093311342864, "mae": 0.403546541929245, "ci": 0.7770499642768984, "rm2": 0.3292347236302884, "pearson": 0.5806558839326029, "spearman": 0.5122425602565053, "r2": 0.31314384937286377, "bias": -0.12998002767562866}}
{"epoch": 13, "train_mse": 0.20038196424642243, "val": {"mse": 0.5175914168357849, "rmse": 0.7194382647842585, "mae": 0.4032997488975525, "ci": 0.7802782817391815, "rm2": 0.3318813699037051, "pearson": 0.5803679984927155, "spearman": 0.5180675937896395, "r2": 0.3181854486465454, "bias": -0.11605396866798401}}
{"epoch": 14, "train_mse": 0.1976327495951619, "val": {"mse": 0.5192633867263794, "rmse": 0.7205993246779929, "mae": 0.40071016550064087, "ci": 0.779430621826367, "rm2": 0.33842113299730614, "pearson": 0.5843416019113996, "spearman": 0.5157426748299391, "r2": 0.3159830570220947, "bias": -0.13729755580425262}}
{"epoch": 15, "train_mse": 0.19473058326453002, "val": {"mse": 0.5134509801864624, "rmse": 0.7165549387077466, "mae": 0.3999626338481903, "ci": 0.7819006889629873, "rm2": 0.33452498549599424, "pearson": 0.5846721208205747, "spearman": 0.521367322426727, "r2": 0.3236396312713623, "bias": -0.11288553476333618}}
{"epoch": 16, "train_mse": 0.1922727584052708, "val": {"mse": 0.5096866488456726, "rmse": 0.7139234194545467, "mae": 0.4027661085128784, "ci": 0.7839310401573283, "rm2": 0.3371870610905865, "pearson": 0.5837150667271295, "spearman": 0.5242015673830734, "r2": 0.3285983204841614, "bias": -0.09391428530216217}}
{"epoch": 17, "train_mse": 0.1899828326042777, "val": {"mse": 0.5208258032798767, "rmse": 0.7216826194941075, "mae": 0.3981597423553467, "ci": 0.7838799198694579, "rm2": 0.33096679773329046, "pearson": 0.5797208981586305, "spearman": 0.5238509841392902, "r2": 0.3139248490333557, "bias": -0.1266963928937912}}
{"epoch": 18, "train_mse": 0.18640778866265936, "val": {"mse": 0.5085168480873108, "rmse": 0.7131036727484376, "mae": 0.4000040590763092, "ci": 0.7841699409448658, "rm2": 0.34016116442290256, "pearson": 0.5878039356496069, "spearman": 0.5245706954251634, "r2": 0.33013927936553955, "bias": -0.1048843264579773}}
{"epoch": 19, "train_mse": 0.18451516866207673, "val": {"mse": 0.5162584185600281, "rmse": 0.7185112515194373, "mae": 0.4008154571056366, "ci": 0.7844208580550502, "rm2": 0.33498231041637583, "pearson": 0.5794091043722072, "spearman": 0.5251127097817004, "r2": 0.3199414610862732, "bias": -0.1091422438621521}}
{"epoch": 20, "train_mse": 0.1814244845477681, "val": {"mse": 0.5144283771514893, "rmse": 0.717236625634448, "mae": 0.4028148353099823, "ci": 0.7855373577287765, "rm2": 0.3340659551952113, "pearson": 0.5794986036745947, "spearman": 0.5269022304323614, "r2": 0.3223521113395691, "bias": -0.10002405196428299}}
{
  "guardrail": "validation only; test indices and metrics were not accessed",
  "condition": "real",
  "seed": 42,
  "best_epoch": 0,
  "epoch0_max_abs_difference": 0.0,
  "baseline": {
    "mse": 0.48946526646614075,
    "rmse": 0.6996179432133947,
    "mae": 0.43143847584724426,
    "ci": 0.7885622123720057,
    "rm2": 0.3410284448121984,
    "pearson": 0.5995077496596147,
    "spearman": 0.5319472626673567,
    "r2": 0.35523557662963867,
    "bias": -0.015189344994723797
  },
  "best": {
    "mse": 0.48946526646614075,
    "rmse": 0.6996179432133947,
    "mae": 0.43143847584724426,
    "ci": 0.7885622123720057,
    "rm2": 0.3410284448121984,
    "pearson": 0.5995077496596147,
    "spearman": 0.5319472626673567,
    "r2": 0.35523557662963867,
    "bias": -0.015189344994723797
  },
  "relative_mse_gain": 0.0,
  "correction_abs_mean": 0.0,
  "local_reliability_mean": 0.9570135474205017,
  "drug_bootstrap": {
    "drugs": 7,
    "improved": 0,
    "worsened": 0,
    "improvements": [
      0.0,
      0.0,
      0.0,
      0.0,
      0.0,
      0.0,
      0.0
    ],
    "mean": 0.0,
    "ci95": [
      0.0,
      0.0
    ],
    "probability_positive": 0.0
  },
  "history": [
    {
      "epoch": 1,
      "train_mse": 0.2192167430517877,
      "val": {
        "mse": 0.5004956126213074,
        "rmse": 0.7074571454309493,
        "mae": 0.4060283899307251,
        "ci": 0.7888312557994032,
        "rm2": 0.3400470996400204,
        "pearson": 0.5948279959012838,
        "spearman": 0.5321954642153003,
        "r2": 0.3407054543495178,
        "bias": -0.08735129237174988
      }
    },
    {
      "epoch": 2,
      "train_mse": 0.21775812845843193,
      "val": {
        "mse": 0.5052744150161743,
        "rmse": 0.710826571686916,
        "mae": 0.4020874500274658,
        "ci": 0.7872491745397341,
        "rm2": 0.3405911541344453,
        "pearson": 0.5942279125799181,
        "spearman": 0.5294050095227792,
        "r2": 0.3344104290008545,
        "bias": -0.10962066054344177
      }
    },
    {
      "epoch": 3,
      "train_mse": 0.21664889782876612,
      "val": {
        "mse": 0.5069992542266846,
        "rmse": 0.7120388010682315,
        "mae": 0.40430405735969543,
        "ci": 0.7820159641938025,
        "rm2": 0.34133529868411633,
        "pearson": 0.5911531860780236,
        "spearman": 0.5206126101382524,
        "r2": 0.3321382999420166,
        "bias": -0.10944575071334839
      }
    },
    {
      "epoch": 4,
      "train_mse": 0.2150438455584144,
      "val": {
        "mse": 0.5045538544654846,
        "rmse": 0.7103195439135014,
        "mae": 0.40362271666526794,
        "ci": 0.7830882682401668,
        "rm2": 0.3421671372047266,
        "pearson": 0.5900044338012733,
        "spearman": 0.5222462252010833,
        "r2": 0.3353596329689026,
        "bias": -0.09471326321363449
      }
    },
    {
      "epoch": 5,
      "train_mse": 0.21393722703330176,
      "val": {
        "mse": 0.5016906261444092,
        "rmse": 0.7083012255703143,
        "mae": 0.4052776098251343,
        "ci": 0.7836998786962412,
        "rm2": 0.3451620988374136,
        "pearson": 0.5903855444298858,
        "spearman": 0.5236614729568401,
        "r2": 0.33913135528564453,
        "bias": -0.08266875892877579
      }
    },
    {
      "epoch": 6,
      "train_mse": 0.21285356306055345,
      "val": {
        "mse": 0.5016236305236816,
        "rmse": 0.7082539308212004,
        "mae": 0.4048379957675934,
        "ci": 0.7835768641389755,
        "rm2": 0.3419503845089426,
        "pearson": 0.5924090213799299,
        "spearman": 0.5236960772140261,
        "r2": 0.3392195701599121,
        "bias": -0.08774688094854355
      }
    },
    {
      "epoch": 7,
      "train_mse": 0.21196763923916584,
      "val": {
        "mse": 0.5054007172584534,
        "rmse": 0.7109154079484095,
        "mae": 0.40280741453170776,
        "ci": 0.7854031415148062,
        "rm2": 0.343445268269006,
        "pearson": 0.5890856827442409,
        "spearman": 0.5270841755988998,
        "r2": 0.3342440724372864,
        "bias": -0.09648678451776505
      }
    },
    {
      "epoch": 8,
      "train_mse": 0.21095986381177437,
      "val": {
        "mse": 0.5043668150901794,
        "rmse": 0.7101878730942817,
        "mae": 0.4097446799278259,
        "ci": 0.7815888755736267,
        "rm2": 0.3380838373390234,
        "pearson": 0.5865715697647581,
        "spearman": 0.5198489756912649,
        "r2": 0.33560603857040405,
        "bias": -0.07605898380279541
      }
    },
    {
      "epoch": 9,
      "train_mse": 0.20949692616159032,
      "val": {
        "mse": 0.5112920999526978,
        "rmse": 0.7150469215042449,
        "mae": 0.40010687708854675,
        "ci": 0.7796870379316609,
        "rm2": 0.3403580096845426,
        "pearson": 0.5898821494545036,
        "spearman": 0.5170034276104182,
        "r2": 0.32648348808288574,
        "bias": -0.12306185066699982
      }
    },
    {
      "epoch": 10,
      "train_mse": 0.20724155165881272,
      "val": {
        "mse": 0.5137135982513428,
        "rmse": 0.7167381657560471,
        "mae": 0.40072140097618103,
        "ci": 0.7848581299995031,
        "rm2": 0.34067460125968746,
        "pearson": 0.5872558528028078,
        "spearman": 0.5265156085134285,
        "r2": 0.32329362630844116,
        "bias": -0.12563981115818024
      }
    },
    {
      "epoch": 11,
      "train_mse": 0.2050516277715195,
      "val": {
        "mse": 0.5088051557540894,
        "rmse": 0.7133057940000833,
        "mae": 0.40196168422698975,
        "ci": 0.7846391885275483,
        "rm2": 0.34257285236958174,
        "pearson": 0.5897709869989641,
        "spearman": 0.5256328018961641,
        "r2": 0.32975947856903076,
        "bias": -0.11412524431943893
      }
    },
    {
      "epoch": 12,
      "train_mse": 0.20283397564079347,
      "val": {
        "mse": 0.5214187502861023,
        "rmse": 0.722093311342864,
        "mae": 0.403546541929245,
        "ci": 0.7770499642768984,
        "rm2": 0.3292347236302884,
        "pearson": 0.5806558839326029,
        "spearman": 0.5122425602565053,
        "r2": 0.31314384937286377,
        "bias": -0.12998002767562866
      }
    },
    {
      "epoch": 13,
      "train_mse": 0.20038196424642243,
      "val": {
        "mse": 0.5175914168357849,
        "rmse": 0.7194382647842585,
        "mae": 0.4032997488975525,
        "ci": 0.7802782817391815,
        "rm2": 0.3318813699037051,
        "pearson": 0.5803679984927155,
        "spearman": 0.5180675937896395,
        "r2": 0.3181854486465454,
        "bias": -0.11605396866798401
      }
    },
    {
      "epoch": 14,
      "train_mse": 0.1976327495951619,
      "val": {
        "mse": 0.5192633867263794,
        "rmse": 0.7205993246779929,
        "mae": 0.40071016550064087,
        "ci": 0.779430621826367,
        "rm2": 0.33842113299730614,
        "pearson": 0.5843416019113996,
        "spearman": 0.5157426748299391,
        "r2": 0.3159830570220947,
        "bias": -0.13729755580425262
      }
    },
    {
      "epoch": 15,
      "train_mse": 0.19473058326453002,
      "val": {
        "mse": 0.5134509801864624,
        "rmse": 0.7165549387077466,
        "mae": 0.3999626338481903,
        "ci": 0.7819006889629873,
        "rm2": 0.33452498549599424,
        "pearson": 0.5846721208205747,
        "spearman": 0.521367322426727,
        "r2": 0.3236396312713623,
        "bias": -0.11288553476333618
      }
    },
    {
      "epoch": 16,
      "train_mse": 0.1922727584052708,
      "val": {
        "mse": 0.5096866488456726,
        "rmse": 0.7139234194545467,
        "mae": 0.4027661085128784,
        "ci": 0.7839310401573283,
        "rm2": 0.3371870610905865,
        "pearson": 0.5837150667271295,
        "spearman": 0.5242015673830734,
        "r2": 0.3285983204841614,
        "bias": -0.09391428530216217
      }
    },
    {
      "epoch": 17,
      "train_mse": 0.1899828326042777,
      "val": {
        "mse": 0.5208258032798767,
        "rmse": 0.7216826194941075,
        "mae": 0.3981597423553467,
        "ci": 0.7838799198694579,
        "rm2": 0.33096679773329046,
        "pearson": 0.5797208981586305,
        "spearman": 0.5238509841392902,
        "r2": 0.3139248490333557,
        "bias": -0.1266963928937912
      }
    },
    {
      "epoch": 18,
      "train_mse": 0.18640778866265936,
      "val": {
        "mse": 0.5085168480873108,
        "rmse": 0.7131036727484376,
        "mae": 0.4000040590763092,
        "ci": 0.7841699409448658,
        "rm2": 0.34016116442290256,
        "pearson": 0.5878039356496069,
        "spearman": 0.5245706954251634,
        "r2": 0.33013927936553955,
        "bias": -0.1048843264579773
      }
    },
    {
      "epoch": 19,
      "train_mse": 0.18451516866207673,
      "val": {
        "mse": 0.5162584185600281,
        "rmse": 0.7185112515194373,
        "mae": 0.4008154571056366,
        "ci": 0.7844208580550502,
        "rm2": 0.33498231041637583,
        "pearson": 0.5794091043722072,
        "spearman": 0.5251127097817004,
        "r2": 0.3199414610862732,
        "bias": -0.1091422438621521
      }
    },
    {
      "epoch": 20,
      "train_mse": 0.1814244845477681,
      "val": {
        "mse": 0.5144283771514893,
        "rmse": 0.717236625634448,
        "mae": 0.4028148353099823,
        "ci": 0.7855373577287765,
        "rm2": 0.3340659551952113,
        "pearson": 0.5794986036745947,
        "spearman": 0.5269022304323614,
        "r2": 0.3223521113395691,
        "bias": -0.10002405196428299
      }
    }
  ]
}
