{"epoch": 1, "train_mse": 0.21917744884824253, "val": {"mse": 0.5004848837852478, "rmse": 0.7074495627147195, "mae": 0.40605852007865906, "ci": 0.7888558994441535, "rm2": 0.340011251615368, "pearson": 0.5947198626669135, "spearman": 0.5321849307854362, "r2": 0.34071964025497437, "bias": -0.08688880503177643}}
{"epoch": 2, "train_mse": 0.217664888911749, "val": {"mse": 0.5066003203392029, "rmse": 0.7117586110046038, "mae": 0.40129554271698, "ci": 0.7873123111502512, "rm2": 0.3404360532010466, "pearson": 0.5938192971552081, "spearman": 0.5293846439288395, "r2": 0.332663893699646, "bias": -0.1141049787402153}}
{"epoch": 3, "train_mse": 0.21650420960648245, "val": {"mse": 0.5041210651397705, "rmse": 0.7100148344504997, "mae": 0.4076031744480133, "ci": 0.7804051659596724, "rm2": 0.3433108872205201, "pearson": 0.5899171594471307, "spearman": 0.5172083030802705, "r2": 0.335929811000824, "bias": -0.09300060570240021}}
{"epoch": 4, "train_mse": 0.21433232165173685, "val": {"mse": 0.5041193962097168, "rmse": 0.710013659171228, "mae": 0.40338706970214844, "ci": 0.7832626067517884, "rm2": 0.34351647160791665, "pearson": 0.5900463463721297, "spearman": 0.5221913891765971, "r2": 0.3359319567680359, "bias": -0.09363719820976257}}
{"epoch": 5, "train_mse": 0.21251473397940407, "val": {"mse": 0.5013440251350403, "rmse": 0.7080565126704508, "mae": 0.40466809272766113, "ci": 0.7826349066433563, "rm2": 0.34730617337947545, "pearson": 0.5902466646130263, "spearman": 0.5214255994340578, "r2": 0.339587926864624, "bias": -0.08101872354745865}}
{"epoch": 6, "train_mse": 0.210766263097407, "val": {"mse": 0.49993589520454407, "rmse": 0.7070614507979799, "mae": 0.403318852186203, "ci": 0.7834353159315257, "rm2": 0.34250030540935206, "pearson": 0.5968722261651298, "spearman": 0.5234106708218236, "r2": 0.3414428234100342, "bias": -0.09434764087200165}}
{"epoch": 7, "train_mse": 0.20890332794721975, "val": {"mse": 0.5071474313735962, "rmse": 0.7121428447815762, "mae": 0.40328606963157654, "ci": 0.7823501808965725, "rm2": 0.34049998172160517, "pearson": 0.5859308462263844, "spearman": 0.5211604472810741, "r2": 0.331943154335022, "bias": -0.09291215986013412}}
{"epoch": 8, "train_mse": 0.20708216477662134, "val": {"mse": 0.5025956034660339, "rmse": 0.7089397742164237, "mae": 0.4089963436126709, "ci": 0.7820475324990611, "rm2": 0.34086977187748263, "pearson": 0.5879686746526971, "spearman": 0.5209571319298985, "r2": 0.33793920278549194, "bias": -0.0737246572971344}}
{"epoch": 9, "train_mse": 0.2051329555032434, "val": {"mse": 0.517606794834137, "rmse": 0.7194489522086588, "mae": 0.3988684117794037, "ci": 0.7774911058845765, "rm2": 0.3387693585435895, "pearson": 0.5860518617971296, "spearman": 0.5130359445662802, "r2": 0.31816524267196655, "bias": -0.13593849539756775}}
{"epoch": 10, "train_mse": 0.20236427965930373, "val": {"mse": 0.5175929069519043, "rmse": 0.7194393003943448, "mae": 0.3986701965332031, "ci": 0.7832063948017796, "rm2": 0.3333889478320667, "pearson": 0.5852526066031674, "spearman": 0.5236037796136944, "r2": 0.3181835412979126, "bias": -0.12998510897159576}}
{"epoch": 11, "train_mse": 0.20097791050621114, "val": {"mse": 0.5110116004943848, "rmse": 0.7148507540000114, "mae": 0.4003804326057434, "ci": 0.7840249304071619, "rm2": 0.33997139830289624, "pearson": 0.5848556244502803, "spearman": 0.5244425802983753, "r2": 0.3268529772758484, "bias": -0.10736437141895294}}
{"epoch": 12, "train_mse": 0.19939104383419531, "val": {"mse": 0.5202530026435852, "rmse": 0.7212856595299709, "mae": 0.40052446722984314, "ci": 0.7764448711483612, "rm2": 0.32984572688475555, "pearson": 0.5819072390060988, "spearman": 0.5115457503278484, "r2": 0.3146793842315674, "bias": -0.1290503442287445}}
{"epoch": 13, "train_mse": 0.19817875131291857, "val": {"mse": 0.5144731998443604, "rmse": 0.7172678717497113, "mae": 0.39957964420318604, "ci": 0.7827833795113145, "rm2": 0.33871164866140574, "pearson": 0.5836126090046196, "spearman": 0.5225089496712332, "r2": 0.3222930431365967, "bias": -0.11671075969934464}}
{"epoch": 14, "train_mse": 0.19594473526408265, "val": {"mse": 0.5085547566413879, "rmse": 0.7131302522270304, "mae": 0.3946392834186554, "ci": 0.787523716962241, "rm2": 0.3437395621801357, "pearson": 0.5930303372369296, "spearman": 0.5308931767387202, "r2": 0.3300893306732178, "bias": -0.12322583794593811}}
{"epoch": 15, "train_mse": 0.1936733786210732, "val": {"mse": 0.507770299911499, "rmse": 0.7125800305309566, "mae": 0.39676332473754883, "ci": 0.7825719736993247, "rm2": 0.3403933387970903, "pearson": 0.5918051721126816, "spearman": 0.5219240619324876, "r2": 0.33112263679504395, "bias": -0.1137581318616867}}
{"epoch": 16, "train_mse": 0.19203186464961575, "val": {"mse": 0.5096651911735535, "rmse": 0.7139083913035016, "mae": 0.3970535397529602, "ci": 0.7852827746218525, "rm2": 0.34024512977878907, "pearson": 0.5878666093962359, "spearman": 0.5268172597413224, "r2": 0.3286265730857849, "bias": -0.11036599427461624}}
{"epoch": 17, "train_mse": 0.18988413097505633, "val": {"mse": 0.5255512595176697, "rmse": 0.7249491427111765, "mae": 0.3970035910606384, "ci": 0.7795342880675065, "rm2": 0.3293999389188526, "pearson": 0.5748797124363129, "spearman": 0.5159595110194555, "r2": 0.30770015716552734, "bias": -0.13123615086078644}}
{"epoch": 18, "train_mse": 0.1871519494678743, "val": {"mse": 0.5079482793807983, "rmse": 0.7127049034353548, "mae": 0.39827221632003784, "ci": 0.7801469168560086, "rm2": 0.3403171344896807, "pearson": 0.5893758809438797, "spearman": 0.517079650566917, "r2": 0.3308882713317871, "bias": -0.10744009912014008}}
{"epoch": 19, "train_mse": 0.1848760967369636, "val": {"mse": 0.5121955275535583, "rmse": 0.7156783687897507, "mae": 0.39342164993286133, "ci": 0.7856129179949116, "rm2": 0.34347109809068044, "pearson": 0.5874279452199324, "spearman": 0.5269909796388627, "r2": 0.3252933621406555, "bias": -0.12145449966192245}}
{"epoch": 20, "train_mse": 0.18243688423571372, "val": {"mse": 0.5139899253845215, "rmse": 0.7169309069809457, "mae": 0.3968677222728729, "ci": 0.7807898919508561, "rm2": 0.33915321048757907, "pearson": 0.5828612395791316, "spearman": 0.5185838762704478, "r2": 0.32292962074279785, "bias": -0.11258086562156677}}
{
  "guardrail": "validation only; test indices and metrics were not accessed",
  "condition": "shuffled",
  "seed": 42,
  "best_epoch": 0,
  "epoch0_max_abs_difference": 0.0,
  "baseline": {
    "mse": 0.48946526646614075,
    "rmse": 0.6996179432133947,
    "mae": 0.43143847584724426,
    "ci": 0.7885622123720057,
    "rm2": 0.3410284448121984,
    "pearson": 0.5995077496596147,
    "spearman": 0.5319472626673567,
    "r2": 0.35523557662963867,
    "bias": -0.015189344994723797
  },
  "best": {
    "mse": 0.48946526646614075,
    "rmse": 0.6996179432133947,
    "mae": 0.43143847584724426,
    "ci": 0.7885622123720057,
    "rm2": 0.3410284448121984,
    "pearson": 0.5995077496596147,
    "spearman": 0.5319472626673567,
    "r2": 0.35523557662963867,
    "bias": -0.015189344994723797
  },
  "relative_mse_gain": 0.0,
  "correction_abs_mean": 0.0,
  "local_reliability_mean": 0.9570135474205017,
  "drug_bootstrap": {
    "drugs": 7,
    "improved": 0,
    "worsened": 0,
    "improvements": [
      0.0,
      0.0,
      0.0,
      0.0,
      0.0,
      0.0,
      0.0
    ],
    "mean": 0.0,
    "ci95": [
      0.0,
      0.0
    ],
    "probability_positive": 0.0
  },
  "history": [
    {
      "epoch": 1,
      "train_mse": 0.21917744884824253,
      "val": {
        "mse": 0.5004848837852478,
        "rmse": 0.7074495627147195,
        "mae": 0.40605852007865906,
        "ci": 0.7888558994441535,
        "rm2": 0.340011251615368,
        "pearson": 0.5947198626669135,
        "spearman": 0.5321849307854362,
        "r2": 0.34071964025497437,
        "bias": -0.08688880503177643
      }
    },
    {
      "epoch": 2,
      "train_mse": 0.217664888911749,
      "val": {
        "mse": 0.5066003203392029,
        "rmse": 0.7117586110046038,
        "mae": 0.40129554271698,
        "ci": 0.7873123111502512,
        "rm2": 0.3404360532010466,
        "pearson": 0.5938192971552081,
        "spearman": 0.5293846439288395,
        "r2": 0.332663893699646,
        "bias": -0.1141049787402153
      }
    },
    {
      "epoch": 3,
      "train_mse": 0.21650420960648245,
      "val": {
        "mse": 0.5041210651397705,
        "rmse": 0.7100148344504997,
        "mae": 0.4076031744480133,
        "ci": 0.7804051659596724,
        "rm2": 0.3433108872205201,
        "pearson": 0.5899171594471307,
        "spearman": 0.5172083030802705,
        "r2": 0.335929811000824,
        "bias": -0.09300060570240021
      }
    },
    {
      "epoch": 4,
      "train_mse": 0.21433232165173685,
      "val": {
        "mse": 0.5041193962097168,
        "rmse": 0.710013659171228,
        "mae": 0.40338706970214844,
        "ci": 0.7832626067517884,
        "rm2": 0.34351647160791665,
        "pearson": 0.5900463463721297,
        "spearman": 0.5221913891765971,
        "r2": 0.3359319567680359,
        "bias": -0.09363719820976257
      }
    },
    {
      "epoch": 5,
      "train_mse": 0.21251473397940407,
      "val": {
        "mse": 0.5013440251350403,
        "rmse": 0.7080565126704508,
        "mae": 0.40466809272766113,
        "ci": 0.7826349066433563,
        "rm2": 0.34730617337947545,
        "pearson": 0.5902466646130263,
        "spearman": 0.5214255994340578,
        "r2": 0.339587926864624,
        "bias": -0.08101872354745865
      }
    },
    {
      "epoch": 6,
      "train_mse": 0.210766263097407,
      "val": {
        "mse": 0.49993589520454407,
        "rmse": 0.7070614507979799,
        "mae": 0.403318852186203,
        "ci": 0.7834353159315257,
        "rm2": 0.34250030540935206,
        "pearson": 0.5968722261651298,
        "spearman": 0.5234106708218236,
        "r2": 0.3414428234100342,
        "bias": -0.09434764087200165
      }
    },
    {
      "epoch": 7,
      "train_mse": 0.20890332794721975,
      "val": {
        "mse": 0.5071474313735962,
        "rmse": 0.7121428447815762,
        "mae": 0.40328606963157654,
        "ci": 0.7823501808965725,
        "rm2": 0.34049998172160517,
        "pearson": 0.5859308462263844,
        "spearman": 0.5211604472810741,
        "r2": 0.331943154335022,
        "bias": -0.09291215986013412
      }
    },
    {
      "epoch": 8,
      "train_mse": 0.20708216477662134,
      "val": {
        "mse": 0.5025956034660339,
        "rmse": 0.7089397742164237,
        "mae": 0.4089963436126709,
        "ci": 0.7820475324990611,
        "rm2": 0.34086977187748263,
        "pearson": 0.5879686746526971,
        "spearman": 0.5209571319298985,
        "r2": 0.33793920278549194,
        "bias": -0.0737246572971344
      }
    },
    {
      "epoch": 9,
      "train_mse": 0.2051329555032434,
      "val": {
        "mse": 0.517606794834137,
        "rmse": 0.7194489522086588,
        "mae": 0.3988684117794037,
        "ci": 0.7774911058845765,
        "rm2": 0.3387693585435895,
        "pearson": 0.5860518617971296,
        "spearman": 0.5130359445662802,
        "r2": 0.31816524267196655,
        "bias": -0.13593849539756775
      }
    },
    {
      "epoch": 10,
      "train_mse": 0.20236427965930373,
      "val": {
        "mse": 0.5175929069519043,
        "rmse": 0.7194393003943448,
        "mae": 0.3986701965332031,
        "ci": 0.7832063948017796,
        "rm2": 0.3333889478320667,
        "pearson": 0.5852526066031674,
        "spearman": 0.5236037796136944,
        "r2": 0.3181835412979126,
        "bias": -0.12998510897159576
      }
    },
    {
      "epoch": 11,
      "train_mse": 0.20097791050621114,
      "val": {
        "mse": 0.5110116004943848,
        "rmse": 0.7148507540000114,
        "mae": 0.4003804326057434,
        "ci": 0.7840249304071619,
        "rm2": 0.33997139830289624,
        "pearson": 0.5848556244502803,
        "spearman": 0.5244425802983753,
        "r2": 0.3268529772758484,
        "bias": -0.10736437141895294
      }
    },
    {
      "epoch": 12,
      "train_mse": 0.19939104383419531,
      "val": {
        "mse": 0.5202530026435852,
        "rmse": 0.7212856595299709,
        "mae": 0.40052446722984314,
        "ci": 0.7764448711483612,
        "rm2": 0.32984572688475555,
        "pearson": 0.5819072390060988,
        "spearman": 0.5115457503278484,
        "r2": 0.3146793842315674,
        "bias": -0.1290503442287445
      }
    },
    {
      "epoch": 13,
      "train_mse": 0.19817875131291857,
      "val": {
        "mse": 0.5144731998443604,
        "rmse": 0.7172678717497113,
        "mae": 0.39957964420318604,
        "ci": 0.7827833795113145,
        "rm2": 0.33871164866140574,
        "pearson": 0.5836126090046196,
        "spearman": 0.5225089496712332,
        "r2": 0.3222930431365967,
        "bias": -0.11671075969934464
      }
    },
    {
      "epoch": 14,
      "train_mse": 0.19594473526408265,
      "val": {
        "mse": 0.5085547566413879,
        "rmse": 0.7131302522270304,
        "mae": 0.3946392834186554,
        "ci": 0.787523716962241,
        "rm2": 0.3437395621801357,
        "pearson": 0.5930303372369296,
        "spearman": 0.5308931767387202,
        "r2": 0.3300893306732178,
        "bias": -0.12322583794593811
      }
    },
    {
      "epoch": 15,
      "train_mse": 0.1936733786210732,
      "val": {
        "mse": 0.507770299911499,
        "rmse": 0.7125800305309566,
        "mae": 0.39676332473754883,
        "ci": 0.7825719736993247,
        "rm2": 0.3403933387970903,
        "pearson": 0.5918051721126816,
        "spearman": 0.5219240619324876,
        "r2": 0.33112263679504395,
        "bias": -0.1137581318616867
      }
    },
    {
      "epoch": 16,
      "train_mse": 0.19203186464961575,
      "val": {
        "mse": 0.5096651911735535,
        "rmse": 0.7139083913035016,
        "mae": 0.3970535397529602,
        "ci": 0.7852827746218525,
        "rm2": 0.34024512977878907,
        "pearson": 0.5878666093962359,
        "spearman": 0.5268172597413224,
        "r2": 0.3286265730857849,
        "bias": -0.11036599427461624
      }
    },
    {
      "epoch": 17,
      "train_mse": 0.18988413097505633,
      "val": {
        "mse": 0.5255512595176697,
        "rmse": 0.7249491427111765,
        "mae": 0.3970035910606384,
        "ci": 0.7795342880675065,
        "rm2": 0.3293999389188526,
        "pearson": 0.5748797124363129,
        "spearman": 0.5159595110194555,
        "r2": 0.30770015716552734,
        "bias": -0.13123615086078644
      }
    },
    {
      "epoch": 18,
      "train_mse": 0.1871519494678743,
      "val": {
        "mse": 0.5079482793807983,
        "rmse": 0.7127049034353548,
        "mae": 0.39827221632003784,
        "ci": 0.7801469168560086,
        "rm2": 0.3403171344896807,
        "pearson": 0.5893758809438797,
        "spearman": 0.517079650566917,
        "r2": 0.3308882713317871,
        "bias": -0.10744009912014008
      }
    },
    {
      "epoch": 19,
      "train_mse": 0.1848760967369636,
      "val": {
        "mse": 0.5121955275535583,
        "rmse": 0.7156783687897507,
        "mae": 0.39342164993286133,
        "ci": 0.7856129179949116,
        "rm2": 0.34347109809068044,
        "pearson": 0.5874279452199324,
        "spearman": 0.5269909796388627,
        "r2": 0.3252933621406555,
        "bias": -0.12145449966192245
      }
    },
    {
      "epoch": 20,
      "train_mse": 0.18243688423571372,
      "val": {
        "mse": 0.5139899253845215,
        "rmse": 0.7169309069809457,
        "mae": 0.3968677222728729,
        "ci": 0.7807898919508561,
        "rm2": 0.33915321048757907,
        "pearson": 0.5828612395791316,
        "spearman": 0.5185838762704478,
        "r2": 0.32292962074279785,
        "bias": -0.11258086562156677
      }
    }
  ]
}
