{"epoch": 1, "train_mse": 0.21922688374889934, "val": {"mse": 0.5004817843437195, "rmse": 0.7074473721371219, "mae": 0.40595489740371704, "ci": 0.7888972437407179, "rm2": 0.34006936917621844, "pearson": 0.5948083892518835, "spearman": 0.5322875082615611, "r2": 0.3407236933708191, "bias": -0.08724647760391235}}
{"epoch": 2, "train_mse": 0.21769295152249138, "val": {"mse": 0.5056298971176147, "rmse": 0.7110765761277857, "mae": 0.4019920229911804, "ci": 0.7871656712806631, "rm2": 0.34047697552836037, "pearson": 0.5939670433921975, "spearman": 0.529209605704271, "r2": 0.333942174911499, "bias": -0.11036103218793869}}
{"epoch": 3, "train_mse": 0.21668323635756598, "val": {"mse": 0.5068339705467224, "rmse": 0.7119227279324087, "mae": 0.403731107711792, "ci": 0.7829640316839879, "rm2": 0.3410351397996064, "pearson": 0.5911928763231249, "spearman": 0.5220695360501696, "r2": 0.3323560953140259, "bias": -0.10855309665203094}}
{"epoch": 4, "train_mse": 0.2151369650458089, "val": {"mse": 0.5048697590827942, "rmse": 0.7105418770788913, "mae": 0.40371769666671753, "ci": 0.7831027285606401, "rm2": 0.341358470651724, "pearson": 0.5900293534446114, "spearman": 0.5222560319031926, "r2": 0.3349435329437256, "bias": -0.09573689103126526}}
{"epoch": 5, "train_mse": 0.2140622583651974, "val": {"mse": 0.5027498006820679, "rmse": 0.7090485178618371, "mae": 0.4050728976726532, "ci": 0.7832287981151889, "rm2": 0.34386733383781276, "pearson": 0.5894971267452858, "spearman": 0.5227430591919213, "r2": 0.3377361297607422, "bias": -0.08405205607414246}}
{"epoch": 6, "train_mse": 0.2131879431078727, "val": {"mse": 0.5020486116409302, "rmse": 0.7085538876055442, "mae": 0.4047321677207947, "ci": 0.783594786789703, "rm2": 0.3414827955546457, "pearson": 0.5919497341131522, "spearman": 0.5235619508412751, "r2": 0.33865976333618164, "bias": -0.08787738531827927}}
{"epoch": 7, "train_mse": 0.2122367157423199, "val": {"mse": 0.5060672760009766, "rmse": 0.7113840566114598, "mae": 0.4027024507522583, "ci": 0.7836760497174331, "rm2": 0.34259078421804157, "pearson": 0.5882722432323216, "spearman": 0.5237781916628136, "r2": 0.3333659768104553, "bias": -0.09623417258262634}}
{"epoch": 8, "train_mse": 0.2114914461871342, "val": {"mse": 0.5043410062789917, "rmse": 0.7101697024507535, "mae": 0.41072264313697815, "ci": 0.7807534356499446, "rm2": 0.3359869925486474, "pearson": 0.586596409731226, "spearman": 0.5184230607650898, "r2": 0.335640013217926, "bias": -0.0736805647611618}}
{"epoch": 9, "train_mse": 0.21056095052726048, "val": {"mse": 0.5105425119400024, "rmse": 0.7145225762283529, "mae": 0.39979514479637146, "ci": 0.7789518019188642, "rm2": 0.34184067052372846, "pearson": 0.591035089549589, "spearman": 0.5157267845759341, "r2": 0.32747089862823486, "bias": -0.12430593371391296}}
{"epoch": 10, "train_mse": 0.20857344667193312, "val": {"mse": 0.5137910842895508, "rmse": 0.7167922183516997, "mae": 0.4005409777164459, "ci": 0.7830273719609905, "rm2": 0.3404582421239345, "pearson": 0.5871791455638448, "spearman": 0.523136521652173, "r2": 0.32319164276123047, "bias": -0.12560206651687622}}
{"epoch": 11, "train_mse": 0.20716337980782318, "val": {"mse": 0.5087469816207886, "rmse": 0.7132650149984847, "mae": 0.40215370059013367, "ci": 0.7833613849972749, "rm2": 0.3415938477134669, "pearson": 0.5893659739805386, "spearman": 0.5233890104292697, "r2": 0.32983607053756714, "bias": -0.11195144802331924}}
{"epoch": 12, "train_mse": 0.20580515228093527, "val": {"mse": 0.5212358236312866, "rmse": 0.7219666360928922, "mae": 0.4034222960472107, "ci": 0.7731970017034665, "rm2": 0.32676027162514965, "pearson": 0.5796023054888941, "spearman": 0.5056610805945815, "r2": 0.3133847713470459, "bias": -0.12455413490533829}}
{"epoch": 13, "train_mse": 0.2038627553545064, "val": {"mse": 0.5183930993080139, "rmse": 0.7199952078368397, "mae": 0.4066126346588135, "ci": 0.7772155451296419, "rm2": 0.3302170423968614, "pearson": 0.577772914992648, "spearman": 0.5128390321781929, "r2": 0.3171294331550598, "bias": -0.11048116534948349}}
{"epoch": 14, "train_mse": 0.20283336751216804, "val": {"mse": 0.5205350518226624, "rmse": 0.7214811513980545, "mae": 0.39829614758491516, "ci": 0.7814489566980611, "rm2": 0.33926731194448934, "pearson": 0.5859512254756213, "spearman": 0.5195876169731483, "r2": 0.3143078684806824, "bias": -0.1461704969406128}}
{"epoch": 15, "train_mse": 0.20024763408352897, "val": {"mse": 0.5123555064201355, "rmse": 0.715790127355872, "mae": 0.39723965525627136, "ci": 0.7834917315480201, "rm2": 0.33712248780585036, "pearson": 0.5861513400415614, "spearman": 0.5240195189763103, "r2": 0.3250826597213745, "bias": -0.11456811428070068}}
{"epoch": 16, "train_mse": 0.1995814235823049, "val": {"mse": 0.5147347450256348, "rmse": 0.7174501690191695, "mae": 0.39713117480278015, "ci": 0.7821444777461778, "rm2": 0.3365678408748261, "pearson": 0.5835285212264346, "spearman": 0.5211863151415959, "r2": 0.3219485282897949, "bias": -0.11645760387182236}}
{"epoch": 17, "train_mse": 0.19592451148902162, "val": {"mse": 0.5238084197044373, "rmse": 0.7237461016851402, "mae": 0.39741769433021545, "ci": 0.7795548583825459, "rm2": 0.33078933430054847, "pearson": 0.5793823850272132, "spearman": 0.5167521340632215, "r2": 0.30999594926834106, "bias": -0.13682818412780762}}
{"epoch": 18, "train_mse": 0.19336710877582405, "val": {"mse": 0.5121613144874573, "rmse": 0.7156544658474907, "mae": 0.4008948802947998, "ci": 0.7815222766328553, "rm2": 0.33655218249593505, "pearson": 0.5826740621531479, "spearman": 0.5199642800505123, "r2": 0.3253384232521057, "bias": -0.10203327238559723}}
{"epoch": 19, "train_mse": 0.19088911527020533, "val": {"mse": 0.5242486596107483, "rmse": 0.7240501775503879, "mae": 0.4016607105731964, "ci": 0.7794913144390577, "rm2": 0.3234030731421774, "pearson": 0.573516500418643, "spearman": 0.5167592760385361, "r2": 0.3094159960746765, "bias": -0.12151012569665909}}
{"epoch": 20, "train_mse": 0.18824945559937306, "val": {"mse": 0.5165509581565857, "rmse": 0.7187147961163634, "mae": 0.4008612334728241, "ci": 0.7827177989029709, "rm2": 0.33169742625843746, "pearson": 0.578986055913768, "spearman": 0.5218249639380832, "r2": 0.3195560574531555, "bias": -0.10702842473983765}}
{
  "guardrail": "validation only; test indices and metrics were not accessed",
  "condition": "self_loop",
  "seed": 42,
  "best_epoch": 0,
  "epoch0_max_abs_difference": 0.0,
  "baseline": {
    "mse": 0.48946526646614075,
    "rmse": 0.6996179432133947,
    "mae": 0.43143847584724426,
    "ci": 0.7885622123720057,
    "rm2": 0.3410284448121984,
    "pearson": 0.5995077496596147,
    "spearman": 0.5319472626673567,
    "r2": 0.35523557662963867,
    "bias": -0.015189344994723797
  },
  "best": {
    "mse": 0.48946526646614075,
    "rmse": 0.6996179432133947,
    "mae": 0.43143847584724426,
    "ci": 0.7885622123720057,
    "rm2": 0.3410284448121984,
    "pearson": 0.5995077496596147,
    "spearman": 0.5319472626673567,
    "r2": 0.35523557662963867,
    "bias": -0.015189344994723797
  },
  "relative_mse_gain": 0.0,
  "correction_abs_mean": 0.0,
  "local_reliability_mean": 0.9570135474205017,
  "drug_bootstrap": {
    "drugs": 7,
    "improved": 0,
    "worsened": 0,
    "improvements": [
      0.0,
      0.0,
      0.0,
      0.0,
      0.0,
      0.0,
      0.0
    ],
    "mean": 0.0,
    "ci95": [
      0.0,
      0.0
    ],
    "probability_positive": 0.0
  },
  "history": [
    {
      "epoch": 1,
      "train_mse": 0.21922688374889934,
      "val": {
        "mse": 0.5004817843437195,
        "rmse": 0.7074473721371219,
        "mae": 0.40595489740371704,
        "ci": 0.7888972437407179,
        "rm2": 0.34006936917621844,
        "pearson": 0.5948083892518835,
        "spearman": 0.5322875082615611,
        "r2": 0.3407236933708191,
        "bias": -0.08724647760391235
      }
    },
    {
      "epoch": 2,
      "train_mse": 0.21769295152249138,
      "val": {
        "mse": 0.5056298971176147,
        "rmse": 0.7110765761277857,
        "mae": 0.4019920229911804,
        "ci": 0.7871656712806631,
        "rm2": 0.34047697552836037,
        "pearson": 0.5939670433921975,
        "spearman": 0.529209605704271,
        "r2": 0.333942174911499,
        "bias": -0.11036103218793869
      }
    },
    {
      "epoch": 3,
      "train_mse": 0.21668323635756598,
      "val": {
        "mse": 0.5068339705467224,
        "rmse": 0.7119227279324087,
        "mae": 0.403731107711792,
        "ci": 0.7829640316839879,
        "rm2": 0.3410351397996064,
        "pearson": 0.5911928763231249,
        "spearman": 0.5220695360501696,
        "r2": 0.3323560953140259,
        "bias": -0.10855309665203094
      }
    },
    {
      "epoch": 4,
      "train_mse": 0.2151369650458089,
      "val": {
        "mse": 0.5048697590827942,
        "rmse": 0.7105418770788913,
        "mae": 0.40371769666671753,
        "ci": 0.7831027285606401,
        "rm2": 0.341358470651724,
        "pearson": 0.5900293534446114,
        "spearman": 0.5222560319031926,
        "r2": 0.3349435329437256,
        "bias": -0.09573689103126526
      }
    },
    {
      "epoch": 5,
      "train_mse": 0.2140622583651974,
      "val": {
        "mse": 0.5027498006820679,
        "rmse": 0.7090485178618371,
        "mae": 0.4050728976726532,
        "ci": 0.7832287981151889,
        "rm2": 0.34386733383781276,
        "pearson": 0.5894971267452858,
        "spearman": 0.5227430591919213,
        "r2": 0.3377361297607422,
        "bias": -0.08405205607414246
      }
    },
    {
      "epoch": 6,
      "train_mse": 0.2131879431078727,
      "val": {
        "mse": 0.5020486116409302,
        "rmse": 0.7085538876055442,
        "mae": 0.4047321677207947,
        "ci": 0.783594786789703,
        "rm2": 0.3414827955546457,
        "pearson": 0.5919497341131522,
        "spearman": 0.5235619508412751,
        "r2": 0.33865976333618164,
        "bias": -0.08787738531827927
      }
    },
    {
      "epoch": 7,
      "train_mse": 0.2122367157423199,
      "val": {
        "mse": 0.5060672760009766,
        "rmse": 0.7113840566114598,
        "mae": 0.4027024507522583,
        "ci": 0.7836760497174331,
        "rm2": 0.34259078421804157,
        "pearson": 0.5882722432323216,
        "spearman": 0.5237781916628136,
        "r2": 0.3333659768104553,
        "bias": -0.09623417258262634
      }
    },
    {
      "epoch": 8,
      "train_mse": 0.2114914461871342,
      "val": {
        "mse": 0.5043410062789917,
        "rmse": 0.7101697024507535,
        "mae": 0.41072264313697815,
        "ci": 0.7807534356499446,
        "rm2": 0.3359869925486474,
        "pearson": 0.586596409731226,
        "spearman": 0.5184230607650898,
        "r2": 0.335640013217926,
        "bias": -0.0736805647611618
      }
    },
    {
      "epoch": 9,
      "train_mse": 0.21056095052726048,
      "val": {
        "mse": 0.5105425119400024,
        "rmse": 0.7145225762283529,
        "mae": 0.39979514479637146,
        "ci": 0.7789518019188642,
        "rm2": 0.34184067052372846,
        "pearson": 0.591035089549589,
        "spearman": 0.5157267845759341,
        "r2": 0.32747089862823486,
        "bias": -0.12430593371391296
      }
    },
    {
      "epoch": 10,
      "train_mse": 0.20857344667193312,
      "val": {
        "mse": 0.5137910842895508,
        "rmse": 0.7167922183516997,
        "mae": 0.4005409777164459,
        "ci": 0.7830273719609905,
        "rm2": 0.3404582421239345,
        "pearson": 0.5871791455638448,
        "spearman": 0.523136521652173,
        "r2": 0.32319164276123047,
        "bias": -0.12560206651687622
      }
    },
    {
      "epoch": 11,
      "train_mse": 0.20716337980782318,
      "val": {
        "mse": 0.5087469816207886,
        "rmse": 0.7132650149984847,
        "mae": 0.40215370059013367,
        "ci": 0.7833613849972749,
        "rm2": 0.3415938477134669,
        "pearson": 0.5893659739805386,
        "spearman": 0.5233890104292697,
        "r2": 0.32983607053756714,
        "bias": -0.11195144802331924
      }
    },
    {
      "epoch": 12,
      "train_mse": 0.20580515228093527,
      "val": {
        "mse": 0.5212358236312866,
        "rmse": 0.7219666360928922,
        "mae": 0.4034222960472107,
        "ci": 0.7731970017034665,
        "rm2": 0.32676027162514965,
        "pearson": 0.5796023054888941,
        "spearman": 0.5056610805945815,
        "r2": 0.3133847713470459,
        "bias": -0.12455413490533829
      }
    },
    {
      "epoch": 13,
      "train_mse": 0.2038627553545064,
      "val": {
        "mse": 0.5183930993080139,
        "rmse": 0.7199952078368397,
        "mae": 0.4066126346588135,
        "ci": 0.7772155451296419,
        "rm2": 0.3302170423968614,
        "pearson": 0.577772914992648,
        "spearman": 0.5128390321781929,
        "r2": 0.3171294331550598,
        "bias": -0.11048116534948349
      }
    },
    {
      "epoch": 14,
      "train_mse": 0.20283336751216804,
      "val": {
        "mse": 0.5205350518226624,
        "rmse": 0.7214811513980545,
        "mae": 0.39829614758491516,
        "ci": 0.7814489566980611,
        "rm2": 0.33926731194448934,
        "pearson": 0.5859512254756213,
        "spearman": 0.5195876169731483,
        "r2": 0.3143078684806824,
        "bias": -0.1461704969406128
      }
    },
    {
      "epoch": 15,
      "train_mse": 0.20024763408352897,
      "val": {
        "mse": 0.5123555064201355,
        "rmse": 0.715790127355872,
        "mae": 0.39723965525627136,
        "ci": 0.7834917315480201,
        "rm2": 0.33712248780585036,
        "pearson": 0.5861513400415614,
        "spearman": 0.5240195189763103,
        "r2": 0.3250826597213745,
        "bias": -0.11456811428070068
      }
    },
    {
      "epoch": 16,
      "train_mse": 0.1995814235823049,
      "val": {
        "mse": 0.5147347450256348,
        "rmse": 0.7174501690191695,
        "mae": 0.39713117480278015,
        "ci": 0.7821444777461778,
        "rm2": 0.3365678408748261,
        "pearson": 0.5835285212264346,
        "spearman": 0.5211863151415959,
        "r2": 0.3219485282897949,
        "bias": -0.11645760387182236
      }
    },
    {
      "epoch": 17,
      "train_mse": 0.19592451148902162,
      "val": {
        "mse": 0.5238084197044373,
        "rmse": 0.7237461016851402,
        "mae": 0.39741769433021545,
        "ci": 0.7795548583825459,
        "rm2": 0.33078933430054847,
        "pearson": 0.5793823850272132,
        "spearman": 0.5167521340632215,
        "r2": 0.30999594926834106,
        "bias": -0.13682818412780762
      }
    },
    {
      "epoch": 18,
      "train_mse": 0.19336710877582405,
      "val": {
        "mse": 0.5121613144874573,
        "rmse": 0.7156544658474907,
        "mae": 0.4008948802947998,
        "ci": 0.7815222766328553,
        "rm2": 0.33655218249593505,
        "pearson": 0.5826740621531479,
        "spearman": 0.5199642800505123,
        "r2": 0.3253384232521057,
        "bias": -0.10203327238559723
      }
    },
    {
      "epoch": 19,
      "train_mse": 0.19088911527020533,
      "val": {
        "mse": 0.5242486596107483,
        "rmse": 0.7240501775503879,
        "mae": 0.4016607105731964,
        "ci": 0.7794913144390577,
        "rm2": 0.3234030731421774,
        "pearson": 0.573516500418643,
        "spearman": 0.5167592760385361,
        "r2": 0.3094159960746765,
        "bias": -0.12151012569665909
      }
    },
    {
      "epoch": 20,
      "train_mse": 0.18824945559937306,
      "val": {
        "mse": 0.5165509581565857,
        "rmse": 0.7187147961163634,
        "mae": 0.4008612334728241,
        "ci": 0.7827177989029709,
        "rm2": 0.33169742625843746,
        "pearson": 0.578986055913768,
        "spearman": 0.5218249639380832,
        "r2": 0.3195560574531555,
        "bias": -0.10702842473983765
      }
    }
  ]
}
