6u6w 11 0.0
1flr 20 0.0
4r4i 19 0.0
4g8n 15 0.0
2o4j 13 0.0
2vw1 18 0.0
4b7p 11 0.0
4ibb 12 0.0
6oqb 20 0.0
3c39 28 0.0
2nsj 17 0.0
6f05 21 0.0
5l7e 15 0.0
1bai 27 0.0
1ndy 11 0.0
4nvp FAILED ValueError('Ligand coordinate mismatch: nearest distance 19.8172')
3s0b 20 0.0
5bwc 12 0.0
4zzx 11 0.0
6bbx 30 0.0
3ms9 7 0.0
2aog 30 0.0
3rf4 15 0.0
5ivc 14 0.0
2oym 8 0.0
2vo4 6 0.0
1hsh 23 0.0
2ans 16 0.0
5e2s 15 0.0
6i63 16 0.0
6qls 23 0.0
1oxr 10 0.0
4y0a 15 0.0
1x8r 38 0.0
5f74 32 0.0
4l4z 24 0.0
6g7a 12 0.0
2qi5 21 0.0
1sr7 10 0.0
6mln 17 0.0
3k5x 18 0.0
6g29 22 0.0
3k4q 70 0.0
5n2t 12 0.0
3bqc 9 0.0
2yix 18 0.0
1vyf 9 0.0
5jq5 15 0.0
2vvn 8 0.0
2e91 18 0.0
3pcj 5 0.0
1r1h 38 0.0
5orw 8 0.0
4pzv 38 0.0
5wmg 16 0.0
4n5d 19 0.0
6ma5 15 0.0
4rj8 5 0.0
3uo4 17 0.0
3vd4 FAILED ValueError('Ligand coordinate mismatch: nearest distance 2.3697')
3pwk FAILED ValueError('Ligand coordinate mismatch: nearest distance 24.5070')
2i4u 18 0.0
3veh 19 0.0
3n9s 27 0.0
6dh2 17 0.0
5dwr FAILED ValueError('Ligand coordinate mismatch: nearest distance 29.5631')
5upe 29 0.0
3kyq 5 0.0
6r8o 12 0.0
3suv 12 0.0
3dd0 5 0.0
3wtm 19 0.0
4u54 10 0.0
1dgm 13 0.0
4m8e 18 0.0
5fdi 11 0.0
1om1 18 0.0
5x74 19 0.0
1w5x 27 0.0
5a6k 7 0.0
4zls FAILED ValueError('Ligand coordinate mismatch: nearest distance 18.8156')
3juo 11 0.0
1fkf 12 0.0
2ypi 13 0.0
4xty 26 0.0
5lli 18 0.0
3ehx 24 0.0
5a5q 8 0.0
5ota 14 0.0
5g45 FAILED ValueError('Ligand coordinate mismatch: nearest distance 7.1747')
1d7i 2 0.0
6d5g FAILED ValueError('Ligand coordinate mismatch: nearest distance 29.9755')
5l9o 17 0.0
5n24 7 0.0
5u8c 25 0.0
3gm0 13 0.0
5boj FAILED ValueError('Ligand coordinate mismatch: nearest distance 26.6217')
4mme FAILED ValueError('Ligand coordinate mismatch: nearest distance 5.5535')
3hky 10 0.0
3k97 9 0.0
4k7n 6 0.0
188l 7 0.0
6fz4 19 0.0
6i18 11 0.0
6rih 9 0.0
3gjw 24 0.0
3bwj FAILED ValueError('Ligand coordinate mismatch: nearest distance 21.4138')
6hgg 12 0.0
5byi 11 0.0
3ccz 15 0.0
1rnt 26 0.0
2qg0 16 0.0
5ehw FAILED ValueError('Ligand coordinate mismatch: nearest distance 17.8327')
5tcj 21 0.0
3b1m 7 0.0
2reg 8 0.0
3fur 10 0.0
3tf6 11 0.0
2xb7 7 0.0
5lz7 19 0.0
5edc 19 0.0
5mg2 13 0.0
5hcy 10 0.0
6of5 FAILED ValueError('Ligand coordinate mismatch: nearest distance 22.3222')
2we3 25 0.0
2zcq 21 0.0
5nki 8 0.0
3o9a 18 0.0
5nw0 17 0.0
1oz0 48 0.0
3f6e 24 0.0
6hni 17 0.0
2w66 9 0.0
5mgj 3 0.0
4tu4 10 0.0
1fl3 24 0.0
3h8b 16 0.0
6gjn 22 0.0
4q7s 11 0.0
5j20 23 0.0
3uev 13 0.0
3b5r 9 0.0
6uh0 8 0.0
1uz4 7 0.0
6dh8 17 0.0
1bq4 25 0.0
4jpy 13 0.0
6r8l 16 0.0
1hfs 47 0.0
4fzj 7 0.0
4u5o 10 0.0
6ql2 5 0.0
3lvw 13 0.0
6pve 26 0.0
3fqe 9 0.0
5wlo FAILED ValueError('Ligand coordinate mismatch: nearest distance 17.1226')
4do4 10 0.0
3fh7 24 0.0
4dju 12 0.0
4f5y 43 0.0
4kz3 14 0.0
3gba 16 0.0
4mr6 15 0.0
2fzg 12 0.0
1ohr 20 0.0
4oma 26 0.0
5czm 24 0.0
4o0b 15 0.0
6p86 7 0.0
5tya 4 0.0
3m3z 8 0.0
6ej2 7 0.0
4nyf 11 0.0
6n8x 14 0.0
1m1b 18 0.0
5csp 11 0.0
2x7u 16 0.0
2v2h 20 0.0
4cga 24 0.0
3aho 15 0.0
3p8z 25 0.0
1jqy 10 0.0
3coz 17 0.0
5y12 26 0.0
4jxs 21 0.0
4qj0 8 0.0
1ai5 7 0.0
4djo 17 0.0
4ayq FAILED ValueError('Ligand coordinate mismatch: nearest distance 10.7783')
4l9i 5 0.0
5i3a 9 0.0
4p6w 11 0.0
5f63 18 0.0
1pkx 31 0.0
1enu 15 0.0
4bf6 6 0.0
3k02 21 0.0
1kdk 8 0.0
6b4u 21 0.0
4m2u 3 0.0
5ufs 10 0.0
4kcx 11 0.0
6c9v FAILED ValueError('Ligand coordinate mismatch: nearest distance 8.4303')
5zkc 12 0.0
2f1g 6 0.0
3wto 21 0.0
6gxq 12 0.0
1q91 32 0.0
6pvz 19 0.0
4b5s 9 0.0
4av5 13 0.0
1w4p 22 0.0
4h3j 14 0.0
4efk 2 0.0
3gvu 22 0.0
1afk 41 0.0
4n8q 10 0.0
2hnx 10 0.0
5e1s 9 0.0
2b1g 16 0.0
6d17 19 0.0
3iae 24 0.0
6d15 10 0.0
4q08 5 0.0
3sus 7 0.0
4io5 7 0.0
6p84 13 0.0
1g2l 30 0.0
4zzd 26 0.0
6dj5 FAILED ValueError('Ligand coordinate mismatch: nearest distance 17.7999')
3hs4 5 0.0
6e9a FAILED ValueError('Ligand coordinate mismatch: nearest distance 17.5925')
3ejq 16 0.0
6cjs 19 0.0
3g3r 42 0.0
2qtn 16 0.0
3dbu 21 0.0
6u8o 10 0.0
4igt 18 0.0
3pwd 9 0.0
1hyo 10 0.0
4ca6 31 0.0
1w4o 23 0.0
3mhl 4 0.0
1uwf 13 0.0
4q87 10 0.0
1pb8 8 0.0
3o75 25 0.0
4ucc 19 0.0
3c84 6 0.0
4q0k 13 0.0
4mo8 5 0.0
2i4x 17 0.0
2hnc 4 0.0
2v2c 19 0.0
3re4 10 0.0
5ty9 9 0.0
6mle 16 0.0
3qgy 18 0.0
3buh 4 0.0
2fzk 21 0.0
3ekx 22 0.0
6bs3 23 0.0
4qem 2 0.0
6q60 13 0.0
4ufj 7 0.0
2avm 29 0.0
1ajx 15 0.0
5hva 21 0.0
4lrr FAILED ValueError('Ligand coordinate mismatch: nearest distance 16.3965')
1ii5 8 0.0
5i2f 11 0.0
3kqr 4 0.0
6i17 18 0.0
6dd0 10 0.0
1f4x 8 0.0
2xmy 12 0.0
6e5t 9 0.0
4hbm 22 0.0
4r74 15 0.0
4gfm FAILED ValueError('Ligand coordinate mismatch: nearest distance 30.1898')
6gnm 4 0.0
3a1e 16 0.0
5dq8 10 0.0
4m0e 20 0.0
3zso FAILED ValueError('Ligand coordinate mismatch: nearest distance 25.7631')
6hk4 FAILED ValueError('Ligand coordinate mismatch: nearest distance 17.1659')
3gbe 12 0.0
1q8t FAILED ValueError('Ligand coordinate mismatch: nearest distance 36.9959')
3u9q 12 0.0
1ydd 11 0.0
1mes 20 0.0
5f61 20 0.0
2tmn 12 0.0
3wha 15 0.0
1m83 45 0.0
1zvx 11 0.0
5op4 6 0.0
4up5 6 0.0
3fjg 10 0.0
3ozj 8 0.0
2wos 5 0.0
4re4 6 0.0
3hek 12 0.0
5mrm 15 0.0
3nxq 23 0.0
3f16 17 0.0
6o95 FAILED ValueError('Ligand coordinate mismatch: nearest distance 28.2108')
4fl1 15 0.0
6s5k 25 0.0
5os5 6 0.0
4e3g 9 0.0
6np2 9 0.0
1kyv 28 0.0
4bc5 3 0.0
6s4t 16 0.0
6hay 34 0.0
2pvu 10 0.0
2j7d 7 0.0
1izi 22 0.0
2vw2 20 0.0
6hd6 8 0.0
5d3c 19 0.0
1os5 12 0.0
3czv 5 0.0
2xii 17 0.0
4lhm 14 0.0
5c2h 18 0.0
5u0e 3 0.0
4oc0 32 0.0
4zzy 9 0.0
5ikb 15 0.0
3rz0 7 0.0
4rfd 5 0.0
1drk 14 0.0
4w9j 19 0.0
4zme 8 0.0
2wc4 10 0.0
3qxt 20 0.0
3l59 10 0.0
1hp5 10 0.0
5flt 7 0.0
5sym 9 0.0
3e3c 13 0.0
2rcb 8 0.0
5orh 7 0.0
3su3 17 0.0
2j47 17 0.0
5uez 13 0.0
4ury 12 0.0
1nq7 17 0.0
4duh 18 0.0
5x62 FAILED ValueError('Ligand coordinate mismatch: nearest distance 49.9120')
1iih 20 0.0
5mwp 14 0.0
5d21 15 0.0
6p83 14 0.0
3arx 19 0.0
5fns 20 0.0
4m13 24 0.0
3vbd 8 0.0
5m9w 13 0.0
5fdc 3 0.0
3n1c 30 0.0
4uma 17 0.0
3kgu 7 0.0
3t3u 10 0.0
5jvi 10 0.0
1tsy 22 0.0
5d47 24 0.0
2qnp 16 0.0
5ma7 9 0.0
4qy3 8 0.0
4kn0 46 0.0
3q71 29 0.0
1td7 13 0.0
4bqs 9 0.0
5lvq 13 0.0
1lst 11 0.0
3muz 6 0.0
3hf8 27 0.0
3qt6 23 0.0
4k0y 10 0.0
5oqu 6 0.0
2nnd 4 0.0
5u4d 11 0.0
5u0f 3 0.0
3hkq 5 0.0
5evd 3 0.0
2pwg 12 0.0
5mxf FAILED ValueError('Ligand coordinate mismatch: nearest distance 25.5963')
3dln 12 0.0
1q7a 16 0.0
2c97 23 0.0
3ppp 7 0.0
1tpw 16 0.0
1hbv 20 0.0
5m25 18 0.0
3v2n 12 0.0
4h81 13 0.0
3el5 24 0.0
1e3g 11 0.0
5een 12 0.0
1ikt 14 0.0
3u5j 11 0.0
5js3 12 0.0
3ts4 21 0.0
6o48 FAILED ValueError('Ligand coordinate mismatch: nearest distance 18.7926')
5ork 7 0.0
5orv 6 0.0
2f2h 12 0.0
5zo8 FAILED ValueError('Ligand coordinate mismatch: nearest distance 24.2573')
4u5s 12 0.0
2q1q 8 0.0
4cws 21 0.0
3q6z 19 0.0
1bxo 22 0.0
5lom 16 0.0
6stl 6 0.0
5obg FAILED ValueError('Ligand coordinate mismatch: nearest distance 9.2186')
5llh 20 0.0
5aol 5 0.0
6qe5 24 0.0
3ml2 13 0.0
4yho 36 0.0
3fzn 34 0.0
3bxh 29 0.0
4ggz 15 0.0
4b32 5 0.0
5hu9 28 0.0
6c9s FAILED ValueError('Ligand coordinate mismatch: nearest distance 8.7071')
3nq9 8 0.0
5nxi 12 0.0
3gcu 29 0.0
1x8t 36 0.0
4b5t 11 0.0
1p19 17 0.0
3mxe 16 0.0
1gfy 17 0.0
5osl 7 0.0
4ih3 6 0.0
4m8y 20 0.0
3s2v 13 0.0
3vhc 17 0.0
3u8l 3 0.0
1u1w 11 0.0
1s19 12 0.0
1z9y 10 0.0
2v57 15 0.0
2x00 12 0.0
3p58 14 0.0
5edb 27 0.0
6udt 22 0.0
5vh0 6 0.0
6bdy 24 0.0
4llx 14 0.0
{
  "success": 427,
  "failures": [
    {
      "pdb_id": "4nvp",
      "error": "ValueError('Ligand coordinate mismatch: nearest distance 19.8172')"
    },
    {
      "pdb_id": "3vd4",
      "error": "ValueError('Ligand coordinate mismatch: nearest distance 2.3697')"
    },
    {
      "pdb_id": "3pwk",
      "error": "ValueError('Ligand coordinate mismatch: nearest distance 24.5070')"
    },
    {
      "pdb_id": "5dwr",
      "error": "ValueError('Ligand coordinate mismatch: nearest distance 29.5631')"
    },
    {
      "pdb_id": "4zls",
      "error": "ValueError('Ligand coordinate mismatch: nearest distance 18.8156')"
    },
    {
      "pdb_id": "5g45",
      "error": "ValueError('Ligand coordinate mismatch: nearest distance 7.1747')"
    },
    {
      "pdb_id": "6d5g",
      "error": "ValueError('Ligand coordinate mismatch: nearest distance 29.9755')"
    },
    {
      "pdb_id": "5boj",
      "error": "ValueError('Ligand coordinate mismatch: nearest distance 26.6217')"
    },
    {
      "pdb_id": "4mme",
      "error": "ValueError('Ligand coordinate mismatch: nearest distance 5.5535')"
    },
    {
      "pdb_id": "3bwj",
      "error": "ValueError('Ligand coordinate mismatch: nearest distance 21.4138')"
    },
    {
      "pdb_id": "5ehw",
      "error": "ValueError('Ligand coordinate mismatch: nearest distance 17.8327')"
    },
    {
      "pdb_id": "6of5",
      "error": "ValueError('Ligand coordinate mismatch: nearest distance 22.3222')"
    },
    {
      "pdb_id": "5wlo",
      "error": "ValueError('Ligand coordinate mismatch: nearest distance 17.1226')"
    },
    {
      "pdb_id": "4ayq",
      "error": "ValueError('Ligand coordinate mismatch: nearest distance 10.7783')"
    },
    {
      "pdb_id": "6c9v",
      "error": "ValueError('Ligand coordinate mismatch: nearest distance 8.4303')"
    },
    {
      "pdb_id": "6dj5",
      "error": "ValueError('Ligand coordinate mismatch: nearest distance 17.7999')"
    },
    {
      "pdb_id": "6e9a",
      "error": "ValueError('Ligand coordinate mismatch: nearest distance 17.5925')"
    },
    {
      "pdb_id": "4lrr",
      "error": "ValueError('Ligand coordinate mismatch: nearest distance 16.3965')"
    },
    {
      "pdb_id": "4gfm",
      "error": "ValueError('Ligand coordinate mismatch: nearest distance 30.1898')"
    },
    {
      "pdb_id": "3zso",
      "error": "ValueError('Ligand coordinate mismatch: nearest distance 25.7631')"
    },
    {
      "pdb_id": "6hk4",
      "error": "ValueError('Ligand coordinate mismatch: nearest distance 17.1659')"
    },
    {
      "pdb_id": "1q8t",
      "error": "ValueError('Ligand coordinate mismatch: nearest distance 36.9959')"
    },
    {
      "pdb_id": "6o95",
      "error": "ValueError('Ligand coordinate mismatch: nearest distance 28.2108')"
    },
    {
      "pdb_id": "5x62",
      "error": "ValueError('Ligand coordinate mismatch: nearest distance 49.9120')"
    },
    {
      "pdb_id": "5mxf",
      "error": "ValueError('Ligand coordinate mismatch: nearest distance 25.5963')"
    },
    {
      "pdb_id": "6o48",
      "error": "ValueError('Ligand coordinate mismatch: nearest distance 18.7926')"
    },
    {
      "pdb_id": "5zo8",
      "error": "ValueError('Ligand coordinate mismatch: nearest distance 24.2573')"
    },
    {
      "pdb_id": "5obg",
      "error": "ValueError('Ligand coordinate mismatch: nearest distance 9.2186')"
    },
    {
      "pdb_id": "6c9s",
      "error": "ValueError('Ligand coordinate mismatch: nearest distance 8.7071')"
    }
  ]
}
