1lgw 4 0.0
6ftw 5 0.0
6i64 10 0.0
4io5 5 0.0
3zns 7 0.0
6bs3 9 0.0
1e3g 10 0.0
3dp4 6 0.0
3ip5 4 0.0
3b24 5 0.0
4cfl 9 0.0
5wex 8 0.0
3m1k 3 0.0
3hkq 4 0.0
4rfd 5 0.0
4mo8 5 0.0
1k4h 3 0.0
1pro 17 0.0
4dkr 7 0.0
6pve 21 0.0
4fzj 1 0.0
2yix 18 0.0
5lvd 6 0.0
3rlp 5 0.0
5oh3 8 0.0
6g2c 7 0.0
6h1d 6 0.0
4f39 7 0.0
2wvz 5 0.0
4i74 11 0.0
2e7f 8 0.0
6ced 6 0.0
6h34 7 0.0
4m8x 14 0.0
1bxq 21 0.0
4mc6 13 0.0
4eu0 6 0.0
456c 6 0.0
4auj 10 0.0
5nkd 8 0.0
4azg 8 0.0
4h81 7 0.0
6arn 8 0.0
1qf0 9 0.0
5f60 14 0.0
3uxk 9 0.0
1bcd 3 0.0
1bnq 4 0.0
1hvr FAILED ValueError('Ligand coordinate mismatch: nearest distance 20.6097')
1gfy 11 0.0
5vgy FAILED ValueError('Ligand coordinate mismatch: nearest distance 20.0788')
1sdu 18 0.0
1qbq 10 0.0
4cpy 6 0.0
4cpt 19 0.0
5zo8 8 0.0
10gs 10 0.0
4zv1 8 0.0
3d6p 4 0.0
1ikt 8 0.0
2i4v 12 0.0
5g45 FAILED ValueError('Ligand coordinate mismatch: nearest distance 7.1747')
4ibc 8 0.0
1g7v 6 0.0
3n35 6 0.0
5g1a 2 0.0
5vh0 6 0.0
3b7i 3 0.0
6j7e 12 0.0
6i62 12 0.0
4rfc 5 0.0
6ma5 8 0.0
4dfg FAILED ValueError('Ligand coordinate mismatch: nearest distance 17.5337')
5llc 3 0.0
6ooy 11 0.0
3o9d 14 0.0
5hz8 8 0.0
3tb6 7 0.0
5mks 7 0.0
4tpw 5 0.0
6jdi 12 0.0
2d1n 13 0.0
4w9d 12 0.0
2y7i 9 0.0
1pxn 11 0.0
3iue 6 0.0
3g31 3 0.0
2ya6 11 0.0
5n2z 10 0.0
6md0 6 0.0
6i8y FAILED ValueError('Ligand coordinate mismatch: nearest distance 34.1298')
2wzm 7 0.0
1u1w 9 0.0
1siv 17 0.0
3aqt FAILED ValueError('Ligand coordinate mismatch: nearest distance 21.9153')
4mq6 9 0.0
4uc5 8 0.0
3k99 8 0.0
4ih7 6 0.0
4kn0 11 0.0
4lj5 8 0.0
2j4g 10 0.0
2j7h 5 0.0
2qrk 6 0.0
4pow 15 0.0
1sqa 8 0.0
4gfo 1 0.0
6q3y 8 0.0
4qb3 10 0.0
5ime 6 0.0
1amw 3 0.0
1d4i 20 0.0
4pzv 13 0.0
4tkb 5 0.0
5os4 4 0.0
2gvv 5 0.0
6dil FAILED ValueError('Ligand coordinate mismatch: nearest distance 18.3472')
4agp 4 0.0
4re2 6 0.0
3t85 8 0.0
1b57 FAILED ValueError('Ligand coordinate mismatch: nearest distance 2.7263')
3p8p 7 0.0
2reg 3 0.0
5yz2 5 0.0
3rwp FAILED ValueError('Ligand coordinate mismatch: nearest distance 18.7452')
2q55 16 0.0
4xu1 15 0.0
5c28 5 0.0
2boj 5 0.0
2vnp 4 0.0
2drc 7 0.0
3ga5 10 0.0
5mjn 5 0.0
2wc3 8 0.0
4zl4 15 0.0
5g4o 6 0.0
1swr 10 0.0
2qnq 14 0.0
2bet 6 0.0
3a1d 3 0.0
3hs4 4 0.0
4zo5 9 0.0
4muf 10 0.0
4b1j 13 0.0
5sz3 6 0.0
6j1l 8 0.0
5g4n 6 0.0
5ouh 10 0.0
6fh3 6 0.0
4gih 9 0.0
3b1m 5 0.0
1v48 6 0.0
1cnw 5 0.0
3sue 17 0.0
5wgp 2 0.0
5vcv FAILED ValueError('Ligand coordinate mismatch: nearest distance 22.1268')
3wgg 11 0.0
6ge7 10 0.0
5cap 4 0.0
5a6x 7 0.0
4ieh 14 0.0
3po6 6 0.0
3jdw 4 0.0
4bf6 6 0.0
2qi4 15 0.0
6q60 6 0.0
1k6t 13 0.0
1bai 22 0.0
4xar 5 0.0
5nk8 10 0.0
4yx4 4 0.0
3wmc 9 0.0
4azi 9 0.0
3su5 18 0.0
6h37 8 0.0
6g2o 12 0.0
2qi3 15 0.0
4zji 6 0.0
4bks 10 0.0
1qbr 25 0.0
4bcp FAILED ValueError('Ligand coordinate mismatch: nearest distance 19.4326')
5dlx 9 0.0
6ml9 9 0.0
4bi7 5 0.0
4fm8 9 0.0
4r75 11 0.0
3pww 19 0.0
3bqc 8 0.0
5nze 5 0.0
3k8c 8 0.0
5c2h 10 0.0
4wrb 14 0.0
1ua4 6 0.0
4igt 11 0.0
2o4k 17 0.0
1ydk 8 0.0
3mhm 8 0.0
2iwx 7 0.0
3qgy 10 0.0
2vyt 4 0.0
{
  "success": 189,
  "failures": [
    {
      "pdb_id": "1hvr",
      "error": "ValueError('Ligand coordinate mismatch: nearest distance 20.6097')"
    },
    {
      "pdb_id": "5vgy",
      "error": "ValueError('Ligand coordinate mismatch: nearest distance 20.0788')"
    },
    {
      "pdb_id": "5g45",
      "error": "ValueError('Ligand coordinate mismatch: nearest distance 7.1747')"
    },
    {
      "pdb_id": "4dfg",
      "error": "ValueError('Ligand coordinate mismatch: nearest distance 17.5337')"
    },
    {
      "pdb_id": "6i8y",
      "error": "ValueError('Ligand coordinate mismatch: nearest distance 34.1298')"
    },
    {
      "pdb_id": "3aqt",
      "error": "ValueError('Ligand coordinate mismatch: nearest distance 21.9153')"
    },
    {
      "pdb_id": "6dil",
      "error": "ValueError('Ligand coordinate mismatch: nearest distance 18.3472')"
    },
    {
      "pdb_id": "1b57",
      "error": "ValueError('Ligand coordinate mismatch: nearest distance 2.7263')"
    },
    {
      "pdb_id": "3rwp",
      "error": "ValueError('Ligand coordinate mismatch: nearest distance 18.7452')"
    },
    {
      "pdb_id": "5vcv",
      "error": "ValueError('Ligand coordinate mismatch: nearest distance 22.1268')"
    },
    {
      "pdb_id": "4bcp",
      "error": "ValueError('Ligand coordinate mismatch: nearest distance 19.4326')"
    }
  ]
}
