3p7i 6 0.0
1if8 6 0.0
3ag9 FAILED ValueError('Ligand coordinate mismatch: nearest distance 13.5084')
3c79 8 0.0
4qij 48 0.0
4zx4 17 0.0
2x8z 10 0.0
1i5r 26 0.0
6r9x 7 0.0
4r3w FAILED ValueError('Ligand coordinate mismatch: nearest distance 30.0158')
5jfu 16 0.0
4m0y 6 0.0
6g24 5 0.0
5wex 8 0.0
3d4z 6 0.0
1uml 15 0.0
4m14 8 0.0
4muf 21 0.0
4djq 16 0.0
3c2f 46 0.0
4cwo 26 0.0
5nzf 15 0.0
3mf5 20 0.0
1bnt 11 0.0
6q54 15 0.0
4q99 5 0.0
2wkz 27 0.0
1g7g 27 0.0
2w4x 8 0.0
4g5f 7 0.0
6dgl 12 0.0
4pp3 20 0.0
3oaf 16 0.0
2uxi 3 0.0
5drr 11 0.0
2r3w 20 0.0
4m2r 3 0.0
4w9c 12 0.0
4f39 13 0.0
4k77 FAILED ValueError('Ligand coordinate mismatch: nearest distance 29.4055')
4k5p 9 0.0
1ps3 7 0.0
1k6c 20 0.0
1uz1 5 0.0
4ymx 20 0.0
4zv2 11 0.0
5mge 4 0.0
3d51 8 0.0
2aac 11 0.0
5n18 16 0.0
5g17 12 0.0
5dnu FAILED ValueError('Ligand coordinate mismatch: nearest distance 26.9571')
4kz7 14 0.0
4keq 25 0.0
2r5a 4 0.0
5aan 8 0.0
6q3y 18 0.0
6ej3 6 0.0
1qkt 13 0.0
1e6s 7 0.0
4ymh 21 0.0
2gl0 28 0.0
2oax 15 0.0
6fgg 12 0.0
4mmp 26 0.0
5kat 23 0.0
5ne5 FAILED ValueError('Ligand coordinate mismatch: nearest distance 10.8331')
5a6x 9 0.0
4jss 5 0.0
6d1a 4 0.0
4i7j 9 0.0
5ia2 9 0.0
6e7j FAILED ValueError('Ligand coordinate mismatch: nearest distance 18.9507')
6udv 20 0.0
6g38 10 0.0
6if0 10 0.0
5dw2 9 0.0
4efs 19 0.0
1xd0 FAILED ValueError('Ligand coordinate mismatch: nearest distance 18.3300')
1tq4 20 0.0
5th4 8 0.0
5f08 10 0.0
5t9w 14 0.0
5kax 10 0.0
6dgr 8 0.0
4kfq 15 0.0
3pd8 14 0.0
6eq8 18 0.0
5dqf 16 0.0
6qau 10 0.0
5f8y 12 0.0
1yds FAILED ValueError('Ligand coordinate mismatch: nearest distance 20.3403')
4ly9 11 0.0
1f3e 18 0.0
2vt3 17 0.0
2e27 14 0.0
1np0 10 0.0
2jdp 7 0.0
1odj 11 0.0
3sk2 21 0.0
1jcx 35 0.0
5y94 FAILED ValueError('Ligand coordinate mismatch: nearest distance 9.5211')
5sz5 9 0.0
5wa9 19 0.0
5zyg 9 0.0
3coy 16 0.0
1dy4 FAILED ValueError('Ligand coordinate mismatch: nearest distance 20.0972')
3eqr 13 0.0
5e2k 9 0.0
2pu1 12 0.0
5ose 4 0.0
1sw2 11 0.0
4arw 17 0.0
3qx9 35 0.0
5kbe 7 0.0
3ikd 30 0.0
4tjz 9 0.0
4ht2 7 0.0
4zec 18 0.0
1vso 12 0.0
1iiq 24 0.0
2ceq 7 0.0
2p3i 9 0.0
6k04 18 0.0
4d1j FAILED ValueError('Ligand coordinate mismatch: nearest distance 23.3847')
4mrz 10 0.0
4gid 28 0.0
1xh9 FAILED ValueError('Ligand coordinate mismatch: nearest distance 9.9920')
2rkd 14 0.0
4psb 12 0.0
3p2e 12 0.0
3eeb 105 0.0
2qrl 9 0.0
2qg2 11 0.0
2am4 27 0.0
3ryj 8 0.0
3e5u 13 0.0
1k6p 22 0.0
1z4o 32 0.0
6qmj 26 0.0
4b6o 16 0.0
6dgq 7 0.0
4cj4 12 0.0
1lan 6 0.0
5fhm 16 0.0
6i61 19 0.0
4c52 12 0.0
2j75 7 0.0
4hzm 7 0.0
6olx 14 0.0
4ciw 13 0.0
3cke 21 0.0
5z99 22 0.0
5o9q 23 0.0
1yda 7 0.0
2r3t 25 0.0
6equ 18 0.0
3fvn 11 0.0
6np5 11 0.0
3t2w 11 0.0
1e2l 16 0.0
4nwc 16 0.0
4ufh 6 0.0
4gr8 17 0.0
4ymb 15 0.0
5yft 40 0.0
6g5l 12 0.0
4msc 16 0.0
5cs3 9 0.0
5cc2 17 0.0
6np4 12 0.0
3bkk 33 0.0
3ibn 13 0.0
1ik4 20 0.0
6hh5 36 0.0
6f1j 8 0.0
1t4v 13 0.0
1uj5 22 0.0
1uw6 5 0.0
2fxu 18 0.0
4i74 25 0.0
3s0d 10 0.0
5ulp FAILED ValueError('Ligand coordinate mismatch: nearest distance 7.7841')
1qin 22 0.0
2br1 7 0.0
4cst 18 0.0
5hz8 30 0.0
5cst 18 0.0
3bug 4 0.0
6el5 9 0.0
5dh4 15 0.0
4knn 6 0.0
1wdn 11 0.0
4az6 12 0.0
1bcd 5 0.0
3gsm 5 0.0
2gvj FAILED ValueError('Ligand coordinate mismatch: nearest distance 47.4155')
6ugz 6 0.0
2boj 7 0.0
6dq4 18 0.0
4r4t 16 0.0
3zns 20 0.0
3th9 21 0.0
6p89 6 0.0
3wtl 13 0.0
6kjd 14 0.0
3djo 20 0.0
2arm 5 0.0
4nbl 26 0.0
6gxb 12 0.0
3ebo FAILED ValueError('Ligand coordinate mismatch: nearest distance 13.6949')
1uwt 7 0.0
5cp5 11 0.0
5ehr 12 0.0
5f2r 15 0.0
1g1d 7 0.0
4iif 14 0.0
1m2r 13 0.0
3w07 24 0.0
2fqw 19 0.0
5aqz 11 0.0
4bco FAILED ValueError('Ligand coordinate mismatch: nearest distance 18.4479')
6d1k 10 0.0
2f34 14 0.0
2f9k 20 0.0
6qlo 18 0.0
4y2q 3 0.0
5mks 8 0.0
4ek9 11 0.0
5ceq 11 0.0
1m2x 9 0.0
4do5 9 0.0
4ea2 8 0.0
4omk 22 0.0
5ewa 4 0.0
2fqo 15 0.0
6g35 FAILED ValueError('Ligand coordinate mismatch: nearest distance 8.7715')
1o0n 19 0.0
1wvj 15 0.0
3vw1 20 0.0
6g34 6 0.0
6d1b 3 0.0
3prs 18 0.0
1ajv 22 0.0
4cwq 24 0.0
6o5u 10 0.0
4xit 12 0.0
3wtj 13 0.0
3m40 7 0.0
3ip9 7 0.0
6maj 17 0.0
3n35 7 0.0
1ydr FAILED ValueError('Ligand coordinate mismatch: nearest distance 20.2103')
4b7j 13 0.0
6ugr 5 0.0
5hwv FAILED ValueError('Ligand coordinate mismatch: nearest distance 11.5247')
4x5q 22 0.0
4xip 13 0.0
5j7q 8 0.0
2p7z 20 0.0
1oar 20 0.0
2f35 14 0.0
5oha 18 0.0
5o4f 13 0.0
1yqj 24 0.0
1tjp 20 0.0
1ssq 7 0.0
4i8x 5 0.0
6gg4 FAILED ValueError('Ligand coordinate mismatch: nearest distance 13.4198')
2xog 15 0.0
2xm1 15 0.0
1d4l 19 0.0
3b7u 18 0.0
3fj7 8 0.0
4ih6 9 0.0
2vxn 16 0.0
3bra 5 0.0
6hke 12 0.0
5t9u 15 0.0
6qln 17 0.0
5z66 20 0.0
4b33 5 0.0
2ves 12 0.0
5wa8 17 0.0
3pcn 8 0.0
5oku 15 0.0
3twp 5 0.0
6mnv 20 0.0
6u8b 12 0.0
3r5t 29 0.0
4elh 15 0.0
4x5p 13 0.0
4ngn 24 0.0
5ot8 20 0.0
6dj7 FAILED ValueError('Ligand coordinate mismatch: nearest distance 17.6121')
3npc 17 0.0
6b59 5 0.0
3m3x 12 0.0
6cwn 13 0.0
5oh7 20 0.0
4a4w 7 0.0
6o0o 23 0.0
3t85 22 0.0
1bnq 9 0.0
4flp 12 0.0
4ara 8 0.0
5jg1 FAILED ValueError('Ligand coordinate mismatch: nearest distance 17.7757')
5i3y 21 0.0
2q89 8 0.0
4q6d 10 0.0
3nee 8 0.0
4j7d 17 0.0
3wzn 11 0.0
5f2p 12 0.0
1e66 25 0.0
3iob 8 0.0
1siv 19 0.0
5f1h 14 0.0
4qyy 14 0.0
2jg0 17 0.0
6ex1 6 0.0
1h0a 60 0.0
3ccw 18 0.0
186l 9 0.0
4ef6 9 0.0
4csd 6 0.0
4bkt 12 0.0
1hi3 32 0.0
1bnw 2 0.0
2pgz 7 0.0
6cvv 31 0.0
1mfi 15 0.0
6p85 5 0.0
6pi6 11 0.0
4u71 7 0.0
1zpa 18 0.0
5ha1 9 0.0
1mrw 16 0.0
1bxq 23 0.0
1hvs 27 0.0
1usn 15 0.0
2j7h 6 0.0
4nbn 20 0.0
5g4n 6 0.0
5nk8 11 0.0
5uv2 25 0.0
6d50 FAILED ValueError('Ligand coordinate mismatch: nearest distance 24.1991')
5n9r 19 0.0
4gih 10 0.0
4ybk 19 0.0
4qpl 49 0.0
2oag 15 0.0
2pwc 16 0.0
5jt9 9 0.0
6hai 34 0.0
4pp0 27 0.0
6haz 10 0.0
6oqd 20 0.0
2cej 27 0.0
2qi4 19 0.0
3hfb 12 0.0
1met 21 0.0
4qb3 14 0.0
5jfp FAILED ValueError('Ligand coordinate mismatch: nearest distance 17.6312')
3v7x 13 0.0
6h29 8 0.0
2pk6 22 0.0
2p2a 23 0.0
1mrs 23 0.0
3sio 10 0.0
6ne5 23 0.0
6ckr 10 0.0
4nra 9 0.0
6p5o FAILED ValueError('Ligand coordinate mismatch: nearest distance 16.1410')
1p1n 12 0.0
5l8y 19 0.0
1ebz 22 0.0
5tbe 19 0.0
6iez 17 0.0
3ao2 4 0.0
4u5n 17 0.0
2xyt 23 0.0
2al5 10 0.0
3v5p 10 0.0
1d4i 22 0.0
4v01 15 0.0
3cct 15 0.0
5nkg 11 0.0
6o5t 6 0.0
3s9e 14 0.0
6o5a 29 0.0
2p09 49 0.0
2v77 24 0.0
1hms 7 0.0
2vfk 41 0.0
6f9g 5 0.0
5dbm 9 0.0
1mai 41 0.0
1a4k 13 0.0
5khm 13 0.0
6g2o 12 0.0
5ltn FAILED ValueError('Ligand coordinate mismatch: nearest distance 19.0764')
1m2p 15 0.0
4i3z FAILED ValueError('Ligand coordinate mismatch: nearest distance 15.0563')
2q7q 10 0.0
3tvc 28 0.0
6d19 20 0.0
5n0d 13 0.0
3ryz 9 0.0
3p8n FAILED ValueError('Ligand coordinate mismatch: nearest distance 18.1176')
4d7b 9 0.0
5dyo 32 0.0
6cpa 17 0.0
/data1/ztx/.conda/envs/plip-mdta/lib/python3.10/site-packages/plip/basic/supplemental.py:116: RuntimeWarning: invalid value encountered in arccos
  angle = np.arccos(dm / cm)  # Round here to prevent floating point errors
6gjm 10 0.0
3tfp 24 0.0
5var 10 0.0
1yet 13 0.0
3dyo 9 0.0
5tuo 11 0.0
6faa 22 0.0
3qkd 20 0.0
3zhx 10 0.0
1lyx 18 0.0
2qm9 15 0.0
2zkj 15 0.0
6t1l 12 0.0
4yx4 4 0.0
6mlo 11 0.0
2pyy 12 0.0
3su2 17 0.0
3ni5 7 0.0
3vha 16 0.0
5ehq 47 0.0
1jlr 53 0.0
3fuz 13 0.0
3pn1 14 0.0
2p3a 26 0.0
5j6n 18 0.0
4yha 4 0.0
2b1i 25 0.0
1gpn 8 0.0
4uj2 FAILED ValueError('Ligand coordinate mismatch: nearest distance 15.3647')
3ejr 15 0.0
2ovy 8 0.0
4heg 19 0.0
5chk 24 0.0
2f7p 7 0.0
6c7x FAILED ValueError('Ligand coordinate mismatch: nearest distance 20.9650')
4re2 9 0.0
6ift 11 0.0
4phu 16 0.0
2weo 5 0.0
4ibe 8 0.0
5we9 13 0.0
4b34 5 0.0
4gue 26 0.0
{
  "success": 426,
  "failures": [
    {
      "pdb_id": "3ag9",
      "error": "ValueError('Ligand coordinate mismatch: nearest distance 13.5084')"
    },
    {
      "pdb_id": "4r3w",
      "error": "ValueError('Ligand coordinate mismatch: nearest distance 30.0158')"
    },
    {
      "pdb_id": "4k77",
      "error": "ValueError('Ligand coordinate mismatch: nearest distance 29.4055')"
    },
    {
      "pdb_id": "5dnu",
      "error": "ValueError('Ligand coordinate mismatch: nearest distance 26.9571')"
    },
    {
      "pdb_id": "5ne5",
      "error": "ValueError('Ligand coordinate mismatch: nearest distance 10.8331')"
    },
    {
      "pdb_id": "6e7j",
      "error": "ValueError('Ligand coordinate mismatch: nearest distance 18.9507')"
    },
    {
      "pdb_id": "1xd0",
      "error": "ValueError('Ligand coordinate mismatch: nearest distance 18.3300')"
    },
    {
      "pdb_id": "1yds",
      "error": "ValueError('Ligand coordinate mismatch: nearest distance 20.3403')"
    },
    {
      "pdb_id": "5y94",
      "error": "ValueError('Ligand coordinate mismatch: nearest distance 9.5211')"
    },
    {
      "pdb_id": "1dy4",
      "error": "ValueError('Ligand coordinate mismatch: nearest distance 20.0972')"
    },
    {
      "pdb_id": "4d1j",
      "error": "ValueError('Ligand coordinate mismatch: nearest distance 23.3847')"
    },
    {
      "pdb_id": "1xh9",
      "error": "ValueError('Ligand coordinate mismatch: nearest distance 9.9920')"
    },
    {
      "pdb_id": "5ulp",
      "error": "ValueError('Ligand coordinate mismatch: nearest distance 7.7841')"
    },
    {
      "pdb_id": "2gvj",
      "error": "ValueError('Ligand coordinate mismatch: nearest distance 47.4155')"
    },
    {
      "pdb_id": "3ebo",
      "error": "ValueError('Ligand coordinate mismatch: nearest distance 13.6949')"
    },
    {
      "pdb_id": "4bco",
      "error": "ValueError('Ligand coordinate mismatch: nearest distance 18.4479')"
    },
    {
      "pdb_id": "6g35",
      "error": "ValueError('Ligand coordinate mismatch: nearest distance 8.7715')"
    },
    {
      "pdb_id": "1ydr",
      "error": "ValueError('Ligand coordinate mismatch: nearest distance 20.2103')"
    },
    {
      "pdb_id": "5hwv",
      "error": "ValueError('Ligand coordinate mismatch: nearest distance 11.5247')"
    },
    {
      "pdb_id": "6gg4",
      "error": "ValueError('Ligand coordinate mismatch: nearest distance 13.4198')"
    },
    {
      "pdb_id": "6dj7",
      "error": "ValueError('Ligand coordinate mismatch: nearest distance 17.6121')"
    },
    {
      "pdb_id": "5jg1",
      "error": "ValueError('Ligand coordinate mismatch: nearest distance 17.7757')"
    },
    {
      "pdb_id": "6d50",
      "error": "ValueError('Ligand coordinate mismatch: nearest distance 24.1991')"
    },
    {
      "pdb_id": "5jfp",
      "error": "ValueError('Ligand coordinate mismatch: nearest distance 17.6312')"
    },
    {
      "pdb_id": "6p5o",
      "error": "ValueError('Ligand coordinate mismatch: nearest distance 16.1410')"
    },
    {
      "pdb_id": "5ltn",
      "error": "ValueError('Ligand coordinate mismatch: nearest distance 19.0764')"
    },
    {
      "pdb_id": "4i3z",
      "error": "ValueError('Ligand coordinate mismatch: nearest distance 15.0563')"
    },
    {
      "pdb_id": "3p8n",
      "error": "ValueError('Ligand coordinate mismatch: nearest distance 18.1176')"
    },
    {
      "pdb_id": "4uj2",
      "error": "ValueError('Ligand coordinate mismatch: nearest distance 15.3647')"
    },
    {
      "pdb_id": "6c7x",
      "error": "ValueError('Ligand coordinate mismatch: nearest distance 20.9650')"
    }
  ]
}
