5mek 41 0.0
1wn6 25 0.0
4lch 13 0.0
6fv4 17 0.0
3b24 13 0.0
4zb6 FAILED ValueError('Ligand coordinate mismatch: nearest distance 3.4144')
2pqb 46 0.0
1h6h 33 0.0
4erf 17 0.0
6g3a 8 0.0
5cqt 12 0.0
2nmz 20 0.0
3jup 14 0.0
6r9u 7 0.0
6dh7 18 0.0
5jxn 11 0.0
6ckw 15 0.0
5eek 8 0.0
5sz2 4 0.0
4ko8 22 0.0
6p8a 6 0.0
3u6h 12 0.0
4rrg 9 0.0
6ueg 13 0.0
1ndz 10 0.0
3b7j 9 0.0
2xm2 11 0.0
4yhm 31 0.0
3o84 15 0.0
2qi3 20 0.0
5nwe 14 0.0
4zb8 30 0.0
2zx8 22 0.0
4yyt 5 0.0
1kpm 9 0.0
5ljt 10 0.0
4kz4 13 0.0
6czc 33 0.0
5cxa 23 0.0
4gah 28 0.0
3v51 15 0.0
1o7o 41 0.0
1m7y 35 0.0
1hdq 17 0.0
5ia3 9 0.0
2vw5 15 0.0
4u73 9 0.0
1xff 13 0.0
5j3l 7 0.0
1bzj 14 0.0
5d3x 37 0.0
3u10 13 0.0
2vvs 17 0.0
4p5z 14 0.0
4aje 20 0.0
4xir 10 0.0
4g8y 8 0.0
2ya7 27 0.0
2pym 18 0.0
5fol 12 0.0
6gf9 14 0.0
3mhc 10 0.0
6g2l 33 0.0
3d1y 23 0.0
5jox 9 0.0
1rmz 11 0.0
4y3j 5 0.0
6gxe 10 0.0
5cas 7 0.0
3bgc 20 0.0
5oa6 23 0.0
3i7e 18 0.0
4je7 13 0.0
5kab 18 0.0
4hdf 23 0.0
1k4h 13 0.0
4ewn 16 0.0
2zb1 14 0.0
5l7g 25 0.0
5ant 24 0.0
8cpa 22 0.0
5ia4 20 0.0
4e9u 11 0.0
2rfh 20 0.0
3ioe 9 0.0
5upj 12 0.0
3uod 14 0.0
2q55 18 0.0
1sh9 17 0.0
4fxq FAILED ValueError('Ligand coordinate mismatch: nearest distance 22.9547')
3qox 16 0.0
1b38 FAILED ValueError('Ligand coordinate mismatch: nearest distance 17.2373')
5ucj 8 0.0
4j3l 21 0.0
1qxl 10 0.0
1swr 13 0.0
4i7k 9 0.0
1t5f 10 0.0
6mm2 28 0.0
3k4d 13 0.0
6r1w 8 0.0
3a9i 10 0.0
1nc1 15 0.0
1m0n 25 0.0
3ao5 5 0.0
1bv9 26 0.0
4mhz 10 0.0
4z07 17 0.0
5ihh FAILED ValueError('Ligand coordinate mismatch: nearest distance 26.7625')
3kdm 12 0.0
5upz FAILED ValueError('Ligand coordinate mismatch: nearest distance 17.1373')
5lvr 8 0.0
5f60 18 0.0
6ced 16 0.0
3gx0 20 0.0
3igp 7 0.0
5cbr 11 0.0
4q8y 14 0.0
4qtl 5 0.0
6qi7 11 0.0
5nau 15 0.0
5zhl 6 0.0
5vd2 10 0.0
5ahw 9 0.0
4dq2 25 0.0
4r4c 21 0.0
5er4 4 0.0
3lir 12 0.0
2fxs 13 0.0
4eo8 15 0.0
3r4m 13 0.0
6o94 FAILED ValueError('Ligand coordinate mismatch: nearest distance 28.6808')
3t82 22 0.0
5j9x 15 0.0
4hf4 19 0.0
3ies 23 0.0
4nxu 32 0.0
2zz2 20 0.0
1pa9 20 0.0
5kej 12 0.0
2pvh FAILED ValueError('Ligand coordinate mismatch: nearest distance 14.7211')
1i2s FAILED ValueError('Ligand coordinate mismatch: nearest distance 2.8422')
4jkw 18 0.0
3zlr 34 0.0
3axz 9 0.0
3l4u 10 0.0
4gki FAILED ValueError('Ligand coordinate mismatch: nearest distance 44.9080')
4pqa 8 0.0
4ca5 36 0.0
1c70 19 0.0
5ewk 11 0.0
1zdp 15 0.0
3mxd 19 0.0
3cyz 5 0.0
5f0f 9 0.0
3lpi 22 0.0
4cwt 23 0.0
2ctc 17 0.0
1grp 15 0.0
6m8q 12 0.0
6dpy 12 0.0
2pou 7 0.0
1ydk 19 0.0
5hbs 10 0.0
2wtv FAILED ValueError('Ligand coordinate mismatch: nearest distance 16.0460')
3e6y 6 0.0
1ft7 9 0.0
5avf 11 0.0
4mr3 16 0.0
1hn4 15 0.0
3w9r 15 0.0
5fsn 30 0.0
2hl4 9 0.0
5o87 5 0.0
3zsy 11 0.0
4g8v 6 0.0
6qe0 27 0.0
3ocz 33 0.0
5eei 12 0.0
3ekr 8 0.0
6h5x 12 0.0
5kby 20 0.0
1g2k 23 0.0
4pnu 12 0.0
3sue 24 0.0
4f9w 11 0.0
4a6s 11 0.0
6ml9 17 0.0
4u0w 29 0.0
4zo5 24 0.0
3mhi 9 0.0
5hjq 37 0.0
4bcp FAILED ValueError('Ligand coordinate mismatch: nearest distance 18.3647')
2qi6 18 0.0
1lke 16 0.0
6exs 11 0.0
3h89 19 0.0
2q88 8 0.0
6r8w 11 0.0
5f9b 9 0.0
3gqz 12 0.0
3pe2 23 0.0
2xeg 39 0.0
6g37 7 0.0
5qa8 FAILED ValueError('Ligand coordinate mismatch: nearest distance 13.1129')
1hmr 12 0.0
1zp8 19 0.0
4kn1 36 0.0
1ex8 75 0.0
1e1x FAILED ValueError('Ligand coordinate mismatch: nearest distance 19.1214')
4jsz 4 0.0
4gbd 14 0.0
4uc5 9 0.0
4oc2 33 0.0
4b5d 5 0.0
3ekw 28 0.0
6ge7 12 0.0
4itp 5 0.0
1aid 6 0.0
1ajn 4 0.0
3su4 20 0.0
5ji8 12 0.0
4llk 13 0.0
2yge 12 0.0
4nh8 11 0.0
6jof 7 0.0
4pee 12 0.0
3dd8 15 0.0
1rpj 16 0.0
1h2k 8 0.0
4jal 10 0.0
4kxb 22 0.0
5hvs 16 0.0
1q8w FAILED ValueError('Ligand coordinate mismatch: nearest distance 23.6840')
4iid 9 0.0
1ai7 11 0.0
2ydw 10 0.0
2vuk 8 0.0
2pvk FAILED ValueError('Ligand coordinate mismatch: nearest distance 14.7354')
3r1v 9 0.0
6r18 6 0.0
3rv4 FAILED ValueError('Ligand coordinate mismatch: nearest distance 30.2334')
5itp 26 0.0
3su6 17 0.0
2o4k 19 0.0
4hge FAILED ValueError('Ligand coordinate mismatch: nearest distance 30.9805')
4q90 5 0.0
3n2u 18 0.0
4avs 5 0.0
1x1z 23 0.0
6sbt 13 0.0
1gpk 7 0.0
6eol 18 0.0
4poj 18 0.0
3aau 13 0.0
4e0x 15 0.0
3kmx 8 0.0
3ryx 9 0.0
3hb4 13 0.0
1v48 17 0.0
3a1d 31 0.0
4elf 16 0.0
6st0 10 0.0
4r5t 18 0.0
6fcj 8 0.0
3hl8 8 0.0
3f3d 6 0.0
3rz1 9 0.0
6guk 9 0.0
5g5v 17 0.0
1o0m 23 0.0
3lea 16 0.0
6i8m 13 0.0
1jak 11 0.0
5oq8 10 0.0
4h3g 12 0.0
4iwz 14 0.0
1jmf 28 0.0
1hpo 15 0.0
5uln FAILED ValueError('Ligand coordinate mismatch: nearest distance 20.2188')
4djr 19 0.0
1j36 22 0.0
6qmk 30 0.0
2xdk 11 0.0
2vjx 5 0.0
5a7b 7 0.0
5n3v 13 0.0
2p7g 17 0.0
2ha3 3 0.0
3p5o 14 0.0
5j1x 13 0.0
6mh1 10 0.0
2e1w 8 0.0
6i64 17 0.0
5h8e 12 0.0
2isw 17 0.0
6fs0 23 0.0
5mpz 4 0.0
2vnp 44 0.0
4f6w 25 0.0
1f4f 25 0.0
1add 12 0.0
2zmm 21 0.0
1gx8 10 0.0
3u93 12 0.0
3sfg 5 0.0
6ajr 14 0.0
1wcq 17 0.0
4oks 5 0.0
3f3c 15 0.0
5mro 13 0.0
4iie FAILED ValueError('Ligand coordinate mismatch: nearest distance 46.7132')
3f7i 20 0.0
4a4q 23 0.0
5fe6 7 0.0
1nw7 14 0.0
5u28 8 0.0
4jn2 23 0.0
1trd 16 0.0
4dhl 15 0.0
3d2e FAILED ValueError('Ligand coordinate mismatch: nearest distance 16.3576')
6i5g 11 0.0
3bxf 48 0.0
3exe 30 0.0
2yi0 8 0.0
2qpq 10 0.0
6e7t FAILED ValueError('Ligand coordinate mismatch: nearest distance 9.8144')
4uja FAILED ValueError('Ligand coordinate mismatch: nearest distance 17.6381')
5fhn 19 0.0
1pvn 25 0.0
184l 12 0.0
2v00 17 0.0
1o0h 39 0.0
5lvd 6 0.0
3b50 24 0.0
4knj 10 0.0
4kao 17 0.0
1b55 37 0.0
1bwa 25 0.0
4l50 30 0.0
5ct2 10 0.0
6dpz 15 0.0
2v25 15 0.0
1nvs 8 0.0
5eh5 7 0.0
6fhk FAILED ValueError('Ligand coordinate mismatch: nearest distance 16.4336')
1qk4 29 0.0
4w9f FAILED ValueError('Ligand coordinate mismatch: nearest distance 31.1048')
6ppy 21 0.0
5c5t 8 0.0
1elc 10 0.0
6gvf 7 0.0
4rfr 16 0.0
3sxf 12 0.0
1r1j 32 0.0
1ajq 9 0.0
5qay FAILED ValueError('Ligand coordinate mismatch: nearest distance 13.2379')
3wz6 13 0.0
4ly1 FAILED ValueError('Ligand coordinate mismatch: nearest distance 19.2229')
4qew 10 0.0
3cyx 22 0.0
2q8m 17 0.0
3u8n 6 0.0
2r58 6 0.0
3t64 18 0.0
6e7r FAILED ValueError('Ligand coordinate mismatch: nearest distance 10.0714')
3nes 10 0.0
3zm9 21 0.0
5eyr 16 0.0
5ula 11 0.0
5f25 12 0.0
2jiw 12 0.0
5oot 5 0.0
3pn4 15 0.0
2ihj 25 0.0
5dit 16 0.0
4h7q 8 0.0
5dx4 9 0.0
5o9y 28 0.0
1o1s 45 0.0
1adl 8 0.0
4gql 20 0.0
1uwu 9 0.0
3n76 19 0.0
4nl1 2 0.0
6qpl 11 0.0
3g30 13 0.0
2qbu 11 0.0
1x38 17 0.0
2afx 2 0.0
5n1r 12 0.0
3pgu 5 0.0
4kb9 FAILED ValueError('Ligand coordinate mismatch: nearest distance 17.5965')
1pxo 10 0.0
4tpw 12 0.0
1qan 15 0.0
2qw1 10 0.0
4w9d 12 0.0
3ohi 28 0.0
2fu8 6 0.0
4mul 21 0.0
2xnb 6 0.0
5ueu 10 0.0
3oil 22 0.0
1ydb 10 0.0
6hrq 25 0.0
5u49 10 0.0
6qge 25 0.0
2zxg 13 0.0
6qlq 18 0.0
1dif 30 0.0
6d1i 11 0.0
5n1z 9 0.0
2hoc 6 0.0
2fxv 23 0.0
1upf 5 0.0
3iue 24 0.0
6odz 8 0.0
1f57 10 0.0
1f4e 10 0.0
3mss 9 0.0
4j22 18 0.0
6cjr 14 0.0
4ibi 12 0.0
1k9s 10 0.0
5j86 25 0.0
4rra 15 0.0
6np3 12 0.0
4b5w 10 0.0
4dmw 11 0.0
6fa4 FAILED ValueError('Ligand coordinate mismatch: nearest distance 11.8613')
5dxt 11 0.0
4b0b 7 0.0
5his 6 0.0
2xib 7 0.0
5jgi 11 0.0
6h2t 14 0.0
3jrx 12 0.0
1duv 23 0.0
3qgw 10 0.0
4j21 19 0.0
6nv7 20 0.0
1qf2 12 0.0
7upj 20 0.0
4pox 25 0.0
2fmb 22 0.0
4ih7 13 0.0
2j77 8 0.0
5oh2 7 0.0
2baj 10 0.0
2vk2 14 0.0
2yi7 7 0.0
6ql1 FAILED ValueError('Ligand coordinate mismatch: nearest distance 7.9902')
5ndf 12 0.0
4pcs 6 0.0
5ew0 12 0.0
{
  "success": 426,
  "failures": [
    {
      "pdb_id": "4zb6",
      "error": "ValueError('Ligand coordinate mismatch: nearest distance 3.4144')"
    },
    {
      "pdb_id": "4fxq",
      "error": "ValueError('Ligand coordinate mismatch: nearest distance 22.9547')"
    },
    {
      "pdb_id": "1b38",
      "error": "ValueError('Ligand coordinate mismatch: nearest distance 17.2373')"
    },
    {
      "pdb_id": "5ihh",
      "error": "ValueError('Ligand coordinate mismatch: nearest distance 26.7625')"
    },
    {
      "pdb_id": "5upz",
      "error": "ValueError('Ligand coordinate mismatch: nearest distance 17.1373')"
    },
    {
      "pdb_id": "6o94",
      "error": "ValueError('Ligand coordinate mismatch: nearest distance 28.6808')"
    },
    {
      "pdb_id": "2pvh",
      "error": "ValueError('Ligand coordinate mismatch: nearest distance 14.7211')"
    },
    {
      "pdb_id": "1i2s",
      "error": "ValueError('Ligand coordinate mismatch: nearest distance 2.8422')"
    },
    {
      "pdb_id": "4gki",
      "error": "ValueError('Ligand coordinate mismatch: nearest distance 44.9080')"
    },
    {
      "pdb_id": "2wtv",
      "error": "ValueError('Ligand coordinate mismatch: nearest distance 16.0460')"
    },
    {
      "pdb_id": "4bcp",
      "error": "ValueError('Ligand coordinate mismatch: nearest distance 18.3647')"
    },
    {
      "pdb_id": "5qa8",
      "error": "ValueError('Ligand coordinate mismatch: nearest distance 13.1129')"
    },
    {
      "pdb_id": "1e1x",
      "error": "ValueError('Ligand coordinate mismatch: nearest distance 19.1214')"
    },
    {
      "pdb_id": "1q8w",
      "error": "ValueError('Ligand coordinate mismatch: nearest distance 23.6840')"
    },
    {
      "pdb_id": "2pvk",
      "error": "ValueError('Ligand coordinate mismatch: nearest distance 14.7354')"
    },
    {
      "pdb_id": "3rv4",
      "error": "ValueError('Ligand coordinate mismatch: nearest distance 30.2334')"
    },
    {
      "pdb_id": "4hge",
      "error": "ValueError('Ligand coordinate mismatch: nearest distance 30.9805')"
    },
    {
      "pdb_id": "5uln",
      "error": "ValueError('Ligand coordinate mismatch: nearest distance 20.2188')"
    },
    {
      "pdb_id": "4iie",
      "error": "ValueError('Ligand coordinate mismatch: nearest distance 46.7132')"
    },
    {
      "pdb_id": "3d2e",
      "error": "ValueError('Ligand coordinate mismatch: nearest distance 16.3576')"
    },
    {
      "pdb_id": "6e7t",
      "error": "ValueError('Ligand coordinate mismatch: nearest distance 9.8144')"
    },
    {
      "pdb_id": "4uja",
      "error": "ValueError('Ligand coordinate mismatch: nearest distance 17.6381')"
    },
    {
      "pdb_id": "6fhk",
      "error": "ValueError('Ligand coordinate mismatch: nearest distance 16.4336')"
    },
    {
      "pdb_id": "4w9f",
      "error": "ValueError('Ligand coordinate mismatch: nearest distance 31.1048')"
    },
    {
      "pdb_id": "5qay",
      "error": "ValueError('Ligand coordinate mismatch: nearest distance 13.2379')"
    },
    {
      "pdb_id": "4ly1",
      "error": "ValueError('Ligand coordinate mismatch: nearest distance 19.2229')"
    },
    {
      "pdb_id": "6e7r",
      "error": "ValueError('Ligand coordinate mismatch: nearest distance 10.0714')"
    },
    {
      "pdb_id": "4kb9",
      "error": "ValueError('Ligand coordinate mismatch: nearest distance 17.5965')"
    },
    {
      "pdb_id": "6fa4",
      "error": "ValueError('Ligand coordinate mismatch: nearest distance 11.8613')"
    },
    {
      "pdb_id": "6ql1",
      "error": "ValueError('Ligand coordinate mismatch: nearest distance 7.9902')"
    }
  ]
}
