3l3l 8 0.0
1px4 6 0.0
2iuz 32 0.0
2bpy 17 0.0
5owl 3 0.0
1oe8 13 0.0
4cwr 26 0.0
5otc 15 0.0
5jy3 13 0.0
5o5a 13 0.0
2uyq 3 0.0
1pdz FAILED ValueError('Ligand coordinate mismatch: nearest distance 31.2845')
1r9l 6 0.0
3f37 1 0.0
3ug2 4 0.0
3gst 22 0.0
4ymg 24 0.0
1swg 10 0.0
4ngp 32 0.0
3qdd 20 0.0
2pow 9 0.0
5zg3 3 0.0
3cfn 22 0.0
1sdt 25 0.0
6d1j 4 0.0
3roc 9 0.0
4nbk 8 0.0
1bnv 15 0.0
3s71 5 0.0
1l8g 21 0.0
3elc 9 0.0
3mna 8 0.0
4zzz 11 0.0
6jon 31 0.0
5msb 4 0.0
4ddk 9 0.0
4avj 13 0.0
1pr5 6 0.0
4cwn 26 0.0
4det 15 0.0
6ixd 23 0.0
5ohy 11 0.0
6ayi 17 0.0
6ma2 15 0.0
5m7u 9 0.0
2wzs 4 0.0
4rvr 7 0.0
1dhi 10 0.0
3mam 3 0.0
2r5p 23 0.0
4msn 14 0.0
1ua4 35 0.0
6d1d 3 0.0
5ovx FAILED ValueError('Ligand coordinate mismatch: nearest distance 9.5173')
2d0k 17 0.0
6g2r 19 0.0
2gst 23 0.0
5ftg 15 0.0
4w9p 14 0.0
6b4d 10 0.0
4i7l 8 0.0
6eir FAILED ValueError('Ligand coordinate mismatch: nearest distance 15.6665')
4ha5 17 0.0
1d3p 13 0.0
2p15 18 0.0
2nn7 11 0.0
1li3 6 0.0
4hdb FAILED ValueError('Ligand coordinate mismatch: nearest distance 17.5966')
3i51 16 0.0
3s77 4 0.0
5zg1 5 0.0
4dzy 15 0.0
1u1b 49 0.0
2wr8 28 0.0
5a81 7 0.0
3rdo 9 0.0
4xar 11 0.0
1izh 26 0.0
6ajy FAILED ValueError('Ligand coordinate mismatch: nearest distance 11.5454')
5uov FAILED ValueError('Ligand coordinate mismatch: nearest distance 17.5621')
3r4p 11 0.0
6nu1 9 0.0
2vyt 4 0.0
3su5 19 0.0
1cbx 22 0.0
1okl 7 0.0
5sz4 9 0.0
2ypo 10 0.0
1lrh 18 0.0
6fba FAILED ValueError('Ligand coordinate mismatch: nearest distance 15.4568')
4pow 26 0.0
3f34 2 0.0
5vm0 10 0.0
3cz1 7 0.0
3ppq 4 0.0
5oh3 8 0.0
2j27 20 0.0
6gon 3 0.0
2weg 4 0.0
5d45 22 0.0
4lko 11 0.0
2j7b 6 0.0
2wor 7 0.0
3ta1 38 0.0
1azm 4 0.0
2j78 9 0.0
6dif FAILED ValueError('Ligand coordinate mismatch: nearest distance 18.2603')
4bcn FAILED ValueError('Ligand coordinate mismatch: nearest distance 18.0384')
3ai8 4 0.0
3d0e FAILED ValueError('Ligand coordinate mismatch: nearest distance 16.7094')
3upk FAILED ValueError('Ligand coordinate mismatch: nearest distance 20.4176')
5aba 6 0.0
3kgt 8 0.0
5c3p 15 0.0
6i13 18 0.0
1l83 5 0.0
4oc1 27 0.0
1fv0 6 0.0
6hgj 7 0.0
5u0g 6 0.0
6p3t 22 0.0
3lpp 14 0.0
3d0b 17 0.0
2pvj FAILED ValueError('Ligand coordinate mismatch: nearest distance 14.8936')
2gss 14 0.0
1xgi 16 0.0
1fkw 14 0.0
4ew2 21 0.0
4b6p 20 0.0
1s38 17 0.0
2v8w 62 0.0
3ljg 18 0.0
6hk3 FAILED ValueError('Ligand coordinate mismatch: nearest distance 17.4207')
4oiv 5 0.0
6fsy 14 0.0
3gnw 12 0.0
5tbm 7 0.0
2f7i 11 0.0
3f48 6 0.0
1c87 22 0.0
1lah 9 0.0
3lmk 14 0.0
4ufl 7 0.0
5cu4 21 0.0
3o5x 16 0.0
4ibk 14 0.0
4c1y 7 0.0
4iue 19 0.0
2qbq 17 0.0
1g98 24 0.0
4mnp 25 0.0
5d0c 8 0.0
5vd0 15 0.0
5nxw 8 0.0
3iw6 13 0.0
3fat 13 0.0
3wjw 26 0.0
2q63 21 0.0
3zsq 13 0.0
6g2f 21 0.0
4zji 7 0.0
5ave 7 0.0
6eed 22 0.0
6u5y 16 0.0
4hws 33 0.0
1szd 27 0.0
2ra6 16 0.0
4jfk 24 0.0
6c7w FAILED ValueError('Ligand coordinate mismatch: nearest distance 20.9091')
4rpo 13 0.0
3hll 6 0.0
1hvr FAILED ValueError('Ligand coordinate mismatch: nearest distance 20.6097')
1hee 23 0.0
1m0b 23 0.0
3c56 31 0.0
3ldq 13 0.0
1ogz 7 0.0
4rlu 15 0.0
3dk1 18 0.0
3l4v 14 0.0
2aoe 28 0.0
5l4i FAILED ValueError('Ligand coordinate mismatch: nearest distance 27.4802')
6i67 10 0.0
3f8e 13 0.0
1ro6 6 0.0
1b6k 20 0.0
1hxw 15 0.0
4w9l 13 0.0
4cjr 13 0.0
1rql 11 0.0
5njz 8 0.0
5kad 21 0.0
5d1r 6 0.0
1f74 14 0.0
3mhm 9 0.0
3w9k 15 0.0
4io2 14 0.0
6rfw 11 0.0
5dgu FAILED ValueError('Ligand coordinate mismatch: nearest distance 17.5689')
3fl5 FAILED ValueError('Ligand coordinate mismatch: nearest distance 12.1795')
1pxp 9 0.0
5uf0 5 0.0
4zip FAILED ValueError('Ligand coordinate mismatch: nearest distance 17.5304')
5ufr 17 0.0
3rwp FAILED ValueError('Ligand coordinate mismatch: nearest distance 17.2319')
1ie9 11 0.0
2ri9 6 0.0
4bcs 14 0.0
2byr 13 0.0
5n3y 15 0.0
4fht 11 0.0
3suw 13 0.0
3f33 8 0.0
6dh1 18 0.0
1hk4 11 0.0
1hvj 27 0.0
4zw7 20 0.0
6pvv 49 0.0
4agm 5 0.0
1hvk 34 0.0
2p3c 28 0.0
3djv 25 0.0
4css 16 0.0
1nf8 20 0.0
1hi4 37 0.0
1gaf 8 0.0
4rrf 11 0.0
6pvw 51 0.0
4aia 14 0.0
3ip6 7 0.0
1n1m 8 0.0
5oht 12 0.0
6en5 26 0.0
6ajv FAILED ValueError('Ligand coordinate mismatch: nearest distance 10.9275')
3zsx 11 0.0
4o3f 4 0.0
3mho 7 0.0
3iw5 12 0.0
4qf7 10 0.0
3sug 16 0.0
3aid 16 0.0
5tfx 8 0.0
5fnt 26 0.0
1drj 14 0.0
3suf 20 0.0
5ka7 19 0.0
1x8d 6 0.0
5gs9 16 0.0
5d0r 13 0.0
3g1v 23 0.0
2ptz 12 0.0
6g2m 28 0.0
2cbu 12 0.0
2pbw 23 0.0
4xmr 14 0.0
1hmt 10 0.0
5bs4 FAILED ValueError('Ligand coordinate mismatch: nearest distance 18.7327')
4agl 4 0.0
6czb 27 0.0
5ad1 12 0.0
5e2l 8 0.0
4ahr 7 0.0
2drc 12 0.0
1pzi 7 0.0
3n2v 9 0.0
1m2q 10 0.0
1ec1 22 0.0
6e4a 15 0.0
1stc FAILED ValueError('Ligand coordinate mismatch: nearest distance 18.2093')
4zv1 16 0.0
4d3h 35 0.0
1lvu 25 0.0
2wl0 30 0.0
4mq6 25 0.0
3q6w FAILED ValueError('Ligand coordinate mismatch: nearest distance 28.9058')
5k1f 14 0.0
5j6m 25 0.0
3bl1 6 0.0
4axd 25 0.0
5eqe 12 0.0
5llc 5 0.0
6hgr 22 0.0
6dar 16 0.0
1eld 6 0.0
4uof 23 0.0
4cps 18 0.0
5cbs 13 0.0
6i8y FAILED ValueError('Ligand coordinate mismatch: nearest distance 34.1298')
5ii2 13 0.0
2xda 20 0.0
6eeo 12 0.0
3fed 21 0.0
3kv2 34 0.0
3o5n 10 0.0
5aoj 6 0.0
5vcy 10 0.0
2v3u 8 0.0
4mjp 7 0.0
2uxz 23 0.0
1nja 26 0.0
5hi7 23 0.0
5nkd 10 0.0
3b3s 11 0.0
2xej 26 0.0
5ov8 18 0.0
6gxg 8 0.0
3b68 18 0.0
5j0d 9 0.0
3a1c 17 0.0
4q7w FAILED ValueError('Ligand coordinate mismatch: nearest distance 12.9784')
2bys 18 0.0
6bm5 23 0.0
5hz6 23 0.0
2nn1 13 0.0
5e74 8 0.0
3rt8 10 0.0
5dgw FAILED ValueError('Ligand coordinate mismatch: nearest distance 17.4115')
4x48 5 0.0
3wmc 17 0.0
4h3f 11 0.0
1zsf FAILED ValueError('Ligand coordinate mismatch: nearest distance 20.8232')
2bfq 29 0.0
3aaq 25 0.0
3k2f 10 0.0
5i9x 10 0.0
4l2l 8 0.0
5u0d 9 0.0
5m7s 7 0.0
2csn 7 0.0
4fs4 14 0.0
2oiq 14 0.0
5evk 4 0.0
4pp5 18 0.0
3iof 9 0.0
3mmf 15 0.0
4ck3 11 0.0
4yc0 20 0.0
2a5s 15 0.0
3oku 19 0.0
6iou 7 0.0
4dbm 13 0.0
3djp 19 0.0
5llp 13 0.0
1jmg 30 0.0
6mh7 8 0.0
1w96 11 0.0
1gnm 23 0.0
4gqr FAILED ValueError('Ligand coordinate mismatch: nearest distance 18.9057')
2qnn 27 0.0
3gi5 19 0.0
3ed0 15 0.0
1mrn 29 0.0
4kwg FAILED ValueError('Ligand coordinate mismatch: nearest distance 18.1486')
3dnd FAILED ValueError('Ligand coordinate mismatch: nearest distance 20.5924')
1msn 22 0.0
3mdz 6 0.0
6h8s 8 0.0
5nxo 6 0.0
3u8k 4 0.0
1q65 18 0.0
4qer 5 0.0
2d3z 12 0.0
4mmm 7 0.0
4b9k 14 0.0
2i4d 21 0.0
2q38 6 0.0
3lgs 12 0.0
3oim 17 0.0
2cgr 26 0.0
5nvw 18 0.0
3q1x 12 0.0
3zi0 14 0.0
2pov 8 0.0
4z1e 8 0.0
2yay 38 0.0
6fhq 3 0.0
3v2p 10 0.0
4mo4 9 0.0
1s5z 21 0.0
1v7a 9 0.0
3m8u 26 0.0
4q6e 9 0.0
5znc 11 0.0
1tkb 31 0.0
1vyg 20 0.0
2fqy 14 0.0
1pro 19 0.0
6eqp 19 0.0
1bp0 22 0.0
1jvu 25 0.0
1hvl 30 0.0
6cwh 11 0.0
1lcp 8 0.0
4hj2 23 0.0
3hmo 8 0.0
6d1g 10 0.0
6f9u 29 0.0
4ibd 17 0.0
1mrx 18 0.0
5vd1 8 0.0
187l 6 0.0
5wa5 14 0.0
3gi4 20 0.0
4btk 10 0.0
3cow 19 0.0
3n3j 15 0.0
3zpu 21 0.0
5tpx 21 0.0
5vih 19 0.0
5e7n 12 0.0
5nbw 18 0.0
5exw 20 0.0
3jrs 14 0.0
4qdk 12 0.0
2jdm 6 0.0
5win 9 0.0
2o0u 13 0.0
4djx 12 0.0
3sut 12 0.0
1hpx 11 0.0
2q54 20 0.0
6e6m 10 0.0
3lk8 16 0.0
1ele 8 0.0
3s5y 9 0.0
5sz0 8 0.0
1njs 22 0.0
3cft 18 0.0
2y7i 17 0.0
5oh9 18 0.0
4zbi 25 0.0
3i73 8 0.0
3d50 10 0.0
6arn 12 0.0
1syi 15 0.0
3acl 22 0.0
5fnr 18 0.0
4u70 9 0.0
5v0n 23 0.0
1lhu 12 0.0
4lm2 11 0.0
6i11 19 0.0
6cdl FAILED ValueError('Ligand coordinate mismatch: nearest distance 17.2612')
6hly 17 0.0
4z0q 7 0.0
1moq 22 0.0
4xiq 11 0.0
3r88 10 0.0
6i14 11 0.0
5n93 FAILED ValueError('Ligand coordinate mismatch: nearest distance 14.3420')
6hgi 14 0.0
5hbn 15 0.0
4lxz FAILED ValueError('Ligand coordinate mismatch: nearest distance 19.1117')
1ui0 13 0.0
5fsx 17 0.0
3d1x 24 0.0
{
  "success": 422,
  "failures": [
    {
      "pdb_id": "1pdz",
      "error": "ValueError('Ligand coordinate mismatch: nearest distance 31.2845')"
    },
    {
      "pdb_id": "5ovx",
      "error": "ValueError('Ligand coordinate mismatch: nearest distance 9.5173')"
    },
    {
      "pdb_id": "6eir",
      "error": "ValueError('Ligand coordinate mismatch: nearest distance 15.6665')"
    },
    {
      "pdb_id": "4hdb",
      "error": "ValueError('Ligand coordinate mismatch: nearest distance 17.5966')"
    },
    {
      "pdb_id": "6ajy",
      "error": "ValueError('Ligand coordinate mismatch: nearest distance 11.5454')"
    },
    {
      "pdb_id": "5uov",
      "error": "ValueError('Ligand coordinate mismatch: nearest distance 17.5621')"
    },
    {
      "pdb_id": "6fba",
      "error": "ValueError('Ligand coordinate mismatch: nearest distance 15.4568')"
    },
    {
      "pdb_id": "6dif",
      "error": "ValueError('Ligand coordinate mismatch: nearest distance 18.2603')"
    },
    {
      "pdb_id": "4bcn",
      "error": "ValueError('Ligand coordinate mismatch: nearest distance 18.0384')"
    },
    {
      "pdb_id": "3d0e",
      "error": "ValueError('Ligand coordinate mismatch: nearest distance 16.7094')"
    },
    {
      "pdb_id": "3upk",
      "error": "ValueError('Ligand coordinate mismatch: nearest distance 20.4176')"
    },
    {
      "pdb_id": "2pvj",
      "error": "ValueError('Ligand coordinate mismatch: nearest distance 14.8936')"
    },
    {
      "pdb_id": "6hk3",
      "error": "ValueError('Ligand coordinate mismatch: nearest distance 17.4207')"
    },
    {
      "pdb_id": "6c7w",
      "error": "ValueError('Ligand coordinate mismatch: nearest distance 20.9091')"
    },
    {
      "pdb_id": "1hvr",
      "error": "ValueError('Ligand coordinate mismatch: nearest distance 20.6097')"
    },
    {
      "pdb_id": "5l4i",
      "error": "ValueError('Ligand coordinate mismatch: nearest distance 27.4802')"
    },
    {
      "pdb_id": "5dgu",
      "error": "ValueError('Ligand coordinate mismatch: nearest distance 17.5689')"
    },
    {
      "pdb_id": "3fl5",
      "error": "ValueError('Ligand coordinate mismatch: nearest distance 12.1795')"
    },
    {
      "pdb_id": "4zip",
      "error": "ValueError('Ligand coordinate mismatch: nearest distance 17.5304')"
    },
    {
      "pdb_id": "3rwp",
      "error": "ValueError('Ligand coordinate mismatch: nearest distance 17.2319')"
    },
    {
      "pdb_id": "6ajv",
      "error": "ValueError('Ligand coordinate mismatch: nearest distance 10.9275')"
    },
    {
      "pdb_id": "5bs4",
      "error": "ValueError('Ligand coordinate mismatch: nearest distance 18.7327')"
    },
    {
      "pdb_id": "1stc",
      "error": "ValueError('Ligand coordinate mismatch: nearest distance 18.2093')"
    },
    {
      "pdb_id": "3q6w",
      "error": "ValueError('Ligand coordinate mismatch: nearest distance 28.9058')"
    },
    {
      "pdb_id": "6i8y",
      "error": "ValueError('Ligand coordinate mismatch: nearest distance 34.1298')"
    },
    {
      "pdb_id": "4q7w",
      "error": "ValueError('Ligand coordinate mismatch: nearest distance 12.9784')"
    },
    {
      "pdb_id": "5dgw",
      "error": "ValueError('Ligand coordinate mismatch: nearest distance 17.4115')"
    },
    {
      "pdb_id": "1zsf",
      "error": "ValueError('Ligand coordinate mismatch: nearest distance 20.8232')"
    },
    {
      "pdb_id": "4gqr",
      "error": "ValueError('Ligand coordinate mismatch: nearest distance 18.9057')"
    },
    {
      "pdb_id": "4kwg",
      "error": "ValueError('Ligand coordinate mismatch: nearest distance 18.1486')"
    },
    {
      "pdb_id": "3dnd",
      "error": "ValueError('Ligand coordinate mismatch: nearest distance 20.5924')"
    },
    {
      "pdb_id": "6cdl",
      "error": "ValueError('Ligand coordinate mismatch: nearest distance 17.2612')"
    },
    {
      "pdb_id": "5n93",
      "error": "ValueError('Ligand coordinate mismatch: nearest distance 14.3420')"
    },
    {
      "pdb_id": "4lxz",
      "error": "ValueError('Ligand coordinate mismatch: nearest distance 19.1117')"
    }
  ]
}
