6d18 16 0.0
2yb0 15 0.0
4ufi 6 0.0
4q3t 28 0.0
3kwa 7 0.0
6nv9 19 0.0
3k5v 10 0.0
6udi 20 0.0
3zps 19 0.0
1zs0 15 0.0
3n7a 11 0.0
1bn3 9 0.0
5kz0 9 0.0
3o8p 15 0.0
6dai 16 0.0
3hl5 6 0.0
6h77 54 0.0
4k6i 16 0.0
5dh5 21 0.0
4cig 11 0.0
2brb 7 0.0
3zt2 11 0.0
3pcg 9 0.0
5vcw 9 0.0
5nk3 9 0.0
4jsa 4 0.0
4tun 7 0.0
3jy0 7 0.0
5eu1 11 0.0
5qal FAILED ValueError('Ligand coordinate mismatch: nearest distance 13.0325')
1xk9 10 0.0
4bcm FAILED ValueError('Ligand coordinate mismatch: nearest distance 18.6148')
5otr 6 0.0
6nzv 20 0.0
3pyy 9 0.0
5ijr 14 0.0
5fs5 FAILED ValueError('Ligand coordinate mismatch: nearest distance 21.4761')
4i8n 17 0.0
3suu 14 0.0
6h1d 11 0.0
5n34 14 0.0
5ih9 13 0.0
4cwf 21 0.0
1kel 14 0.0
3kiv 9 0.0
5btx 28 0.0
5hz9 8 0.0
1ws4 6 0.0
5k8s 21 0.0
6bhv 16 0.0
5j8m 13 0.0
5dqc 33 0.0
6j0g 32 0.0
4q83 1 0.0
1yq7 18 0.0
6b98 17 0.0
4fnn 7 0.0
5e73 7 0.0
4azg 14 0.0
6mlj 14 0.0
5nzn 16 0.0
1w4q 24 0.0
5f1v 9 0.0
2cet 10 0.0
6otg 22 0.0
3ryy 10 0.0
2glp 12 0.0
1cgl 20 0.0
5jhb 5 0.0
5vc4 18 0.0
2c80 20 0.0
3b7i 4 0.0
6f9v 32 0.0
3f15 18 0.0
6iiu 15 0.0
1gyx 19 0.0
5epn 19 0.0
2bt9 8 0.0
1ctt 6 0.0
4zx1 17 0.0
5n0f 9 0.0
6as8 16 0.0
2doo 13 0.0
2j62 16 0.0
6ftw 12 0.0
4zwx 19 0.0
4cg8 27 0.0
6gjw 41 0.0
2wer 10 0.0
4wt2 20 0.0
2ihq 17 0.0
3rz8 11 0.0
1bv7 27 0.0
3p8o FAILED ValueError('Ligand coordinate mismatch: nearest distance 17.9688')
4u6w 9 0.0
4jh0 10 0.0
3bgb 20 0.0
3lp7 37 0.0
2c3i 10 0.0
1txr 14 0.0
4lm4 11 0.0
3wvm 13 0.0
3neo 12 0.0
5ldp 19 0.0
2fqx 23 0.0
1drv 34 0.0
6mnc 7 0.0
3ocp 11 0.0
5igm 20 0.0
4gj2 10 0.0
3ucj 16 0.0
6oe0 11 0.0
4ipj 15 0.0
2cgf 9 0.0
1dzk 3 0.0
3eax 4 0.0
3n4b 12 0.0
4b1j 29 0.0
5e13 28 0.0
3juk 33 0.0
6qlu 19 0.0
5b5g 25 0.0
4jne 22 0.0
4buq 11 0.0
3tb6 12 0.0
6det 20 0.0
1syh 15 0.0
1fao 42 0.0
5nka 11 0.0
4lzr 11 0.0
1afl 38 0.0
4q9o 15 0.0
6gl8 27 0.0
5bry FAILED ValueError('Ligand coordinate mismatch: nearest distance 17.4933')
4oc5 38 0.0
4gzp 15 0.0
5tmp 69 0.0
4cpz 29 0.0
4z1j 15 0.0
6d5j FAILED ValueError('Ligand coordinate mismatch: nearest distance 29.7997')
6cdj FAILED ValueError('Ligand coordinate mismatch: nearest distance 18.0803')
6qlr 18 0.0
4r75 15 0.0
4arb 15 0.0
1a94 32 0.0
3n86 21 0.0
6h37 9 0.0
4des 7 0.0
4m6u 18 0.0
5om3 13 0.0
4ew3 22 0.0
4der 17 0.0
1f73 10 0.0
4und 22 0.0
6gnw 2 0.0
1srg 28 0.0
3up2 19 0.0
4l4v 22 0.0
3sw8 9 0.0
5dfp FAILED ValueError('Ligand coordinate mismatch: nearest distance 18.5130')
2bqv 24 0.0
3c52 16 0.0
5kr2 19 0.0
1d3d 18 0.0
4ql1 14 0.0
5yl2 10 0.0
6ce6 24 0.0
2a5b 17 0.0
3ppr 11 0.0
4bj8 17 0.0
6euc 14 0.0
2yxj 14 0.0
3jdw 6 0.0
2xye 23 0.0
2yz3 16 0.0
1nvq 12 0.0
5vo1 7 0.0
5nxp 13 0.0
1n0s 32 0.0
5amg 17 0.0
4uj1 FAILED ValueError('Ligand coordinate mismatch: nearest distance 17.0293')
4etz 29 0.0
5ovr FAILED ValueError('Ligand coordinate mismatch: nearest distance 9.5013')
3kek 30 0.0
1xh5 FAILED ValueError('Ligand coordinate mismatch: nearest distance 12.2085')
4rqk FAILED ValueError('Ligand coordinate mismatch: nearest distance 16.5689')
6b1k 17 0.0
4lm3 12 0.0
6s56 6 0.0
4io6 7 0.0
1s39 21 0.0
5nkb 10 0.0
6r11 6 0.0
4ndu 6 0.0
1ftm 13 0.0
3uew 16 0.0
4omj 20 0.0
6eog 9 0.0
2d3u 15 0.0
3n2p 7 0.0
6ssy 8 0.0
1xkk 18 0.0
4f6u FAILED ValueError('Ligand coordinate mismatch: nearest distance 13.1667')
5g4m 5 0.0
6s4n 20 0.0
4m12 22 0.0
2ygf 16 0.0
1amk 20 0.0
5hcv 19 0.0
5ep7 5 0.0
4bqg 13 0.0
6r0v 10 0.0
5mby 9 0.0
5ia0 13 0.0
6nwk 11 0.0
1kc7 7 0.0
2e9u 5 0.0
2iwx 9 0.0
3f19 10 0.0
2ya6 20 0.0
4asd 14 0.0
5kh3 28 0.0
4zw5 19 0.0
5sz6 8 0.0
6fmc 14 0.0
2vj8 31 0.0
1d4h 22 0.0
5fe7 16 0.0
1atr 16 0.0
5lif 14 0.0
5fl6 8 0.0
5mrb 12 0.0
3bft 11 0.0
2e92 8 0.0
3spf 13 0.0
2a8g 13 0.0
5ioz 10 0.0
4zw8 24 0.0
2iko 15 0.0
2py4 31 0.0
5ogb 14 0.0
3exh FAILED ValueError('Ligand coordinate mismatch: nearest distance 33.8999')
6csq 5 0.0
4q81 5 0.0
4f0c 35 0.0
4qp2 4 0.0
4d8z 23 0.0
4lm1 13 0.0
3vjc 44 0.0
4zow 4 0.0
5eng 10 0.0
2rin 7 0.0
4luz 20 0.0
4x50 13 0.0
4rlt 20 0.0
5jsg 20 0.0
4jym 15 0.0
3tif FAILED ValueError('Ligand coordinate mismatch: nearest distance 2.9422')
6e23 23 0.0
4rfc 5 0.0
3tt4 22 0.0
2v59 16 0.0
5amd 22 0.0
2wej 5 0.0
4bt5 10 0.0
4iic FAILED ValueError('Ligand coordinate mismatch: nearest distance 46.4818')
2yaz 36 0.0
2i4w 22 0.0
4rsk 20 0.0
1ydt FAILED ValueError('Ligand coordinate mismatch: nearest distance 17.4136')
1zhy 13 0.0
1w5y 23 0.0
6h34 7 0.0
6g27 21 0.0
2epn 8 0.0
2d1n 13 0.0
6ekq 11 0.0
1br6 20 0.0
2i4j 19 0.0
4dfg FAILED ValueError('Ligand coordinate mismatch: nearest distance 17.5337')
3hku 15 0.0
5zdb 20 0.0
6dzx 14 0.0
4ai5 10 0.0
5i8g FAILED ValueError('Ligand coordinate mismatch: nearest distance 8.0931')
4gj3 9 0.0
5k9w 23 0.0
2yme FAILED ValueError('Ligand coordinate mismatch: nearest distance 51.5029')
2oi2 21 0.0
3g0w 15 0.0
3vhk 28 0.0
3arw 30 0.0
3t01 10 0.0
2rio 14 0.0
1kmy 20 0.0
2xd9 19 0.0
6c85 4 0.0
2yhw 15 0.0
5os8 3 0.0
2zjw 7 0.0
2q8h 1 0.0
5fsy 26 0.0
1d2e 26 0.0
6gue FAILED ValueError('Ligand coordinate mismatch: nearest distance 18.1454')
2nsl 20 0.0
3s0e 8 0.0
3cda 19 0.0
4pop 26 0.0
1d09 26 0.0
5mlj 11 0.0
5jsj 19 0.0
4rww 17 0.0
5fls 9 0.0
4kxn 15 0.0
3f3e 10 0.0
5nya 6 0.0
2wvz 7 0.0
5xg5 10 0.0
4f9u 13 0.0
4b76 6 0.0
1e2k 15 0.0
1jaq 9 0.0
3v3q FAILED ValueError('Ligand coordinate mismatch: nearest distance 32.9756')
2g5u 5 0.0
3kmy 7 0.0
3f18 16 0.0
1z1h 17 0.0
3zt3 12 0.0
1g35 22 0.0
1x39 10 0.0
5yum 11 0.0
5fut 25 0.0
3ip5 5 0.0
3uu1 9 0.0
1b57 FAILED ValueError('Ligand coordinate mismatch: nearest distance 2.7263')
3aas 14 0.0
5ult FAILED ValueError('Ligand coordinate mismatch: nearest distance 17.4422')
1e3v 7 0.0
2p4y 10 0.0
4o09 13 0.0
1dmp FAILED ValueError('Ligand coordinate mismatch: nearest distance 20.6659')
5gmh 23 0.0
3b65 14 0.0
3rv8 19 0.0
2hjb 11 0.0
4q8x 3 0.0
1rpf 25 0.0
4rdn 17 0.0
2avs 23 0.0
4r4o 15 0.0
4f9y 12 0.0
2j79 7 0.0
4iuo 13 0.0
3dzt 17 0.0
4nkt 27 0.0
2bfr 16 0.0
5os7 11 0.0
5anu 22 0.0
4i7m 7 0.0
4xo8 12 0.0
3b7r 12 0.0
4n7u 18 0.0
6j7e 30 0.0
1ogd 9 0.0
1qbr 25 0.0
3p4v 17 0.0
5vgy FAILED ValueError('Ligand coordinate mismatch: nearest distance 20.0788')
6gzd 7 0.0
3d7k 27 0.0
5zni 13 0.0
3ejp 15 0.0
2yel 13 0.0
1jao 18 0.0
6dsp 5 0.0
5ev8 9 0.0
2yfe 8 0.0
1jzs 6 0.0
3ozr 13 0.0
3ebh 22 0.0
6dpx 11 0.0
4o07 15 0.0
2e2p 13 0.0
4lvt 19 0.0
4ymq FAILED ValueError('Ligand coordinate mismatch: nearest distance 8.2138')
3q2j 16 0.0
3pbb 4 0.0
5nkh 10 0.0
2bvd 10 0.0
4fm8 15 0.0
4i9h 20 0.0
3d7z FAILED ValueError('Ligand coordinate mismatch: nearest distance 12.7797')
2qrk 12 0.0
5h8g 15 0.0
4qev 7 0.0
6g9i 5 0.0
6r1d 8 0.0
4tkh 7 0.0
3b25 15 0.0
3fee 12 0.0
3n0n 9 0.0
1nw5 17 0.0
2psv 19 0.0
3hp9 12 0.0
6hm1 13 0.0
4q09 12 0.0
5gsa 36 0.0
4dew 19 0.0
1qf1 23 0.0
5n17 9 0.0
2qi1 25 0.0
3t84 24 0.0
4bi6 20 0.0
3zyu 16 0.0
2vba 12 0.0
1pb9 5 0.0
2xxr 14 0.0
5ehv FAILED ValueError('Ligand coordinate mismatch: nearest distance 22.4805')
5y8y 5 0.0
1ec2 22 0.0
4nnr 17 0.0
2fw6 15 0.0
6r13 7 0.0
1rnm 13 0.0
5oa2 15 0.0
4few FAILED ValueError('Ligand coordinate mismatch: nearest distance 11.5903')
4agn 6 0.0
5eqy 17 0.0
3ivg 22 0.0
6ic2 7 0.0
3tfn 13 0.0
2wnj 20 0.0
1uv6 3 0.0
6rtw 13 0.0
5nze 16 0.0
1j37 14 0.0
1f4g 33 0.0
4bks 10 0.0
5g5f 11 0.0
3k8c 28 0.0
5ix0 11 0.0
5vcz 14 0.0
5hvt 21 0.0
2zcs 29 0.0
1xhy 12 0.0
3daz 5 0.0
4mre 9 0.0
2r38 23 0.0
6ior 8 0.0
3qps 9 0.0
6qgf 19 0.0
6q3z 18 0.0
6gjj 10 0.0
1oba 3 0.0
3kgq 27 0.0
3l4y 13 0.0
{
  "success": 425,
  "failures": [
    {
      "pdb_id": "5qal",
      "error": "ValueError('Ligand coordinate mismatch: nearest distance 13.0325')"
    },
    {
      "pdb_id": "4bcm",
      "error": "ValueError('Ligand coordinate mismatch: nearest distance 18.6148')"
    },
    {
      "pdb_id": "5fs5",
      "error": "ValueError('Ligand coordinate mismatch: nearest distance 21.4761')"
    },
    {
      "pdb_id": "3p8o",
      "error": "ValueError('Ligand coordinate mismatch: nearest distance 17.9688')"
    },
    {
      "pdb_id": "5bry",
      "error": "ValueError('Ligand coordinate mismatch: nearest distance 17.4933')"
    },
    {
      "pdb_id": "6d5j",
      "error": "ValueError('Ligand coordinate mismatch: nearest distance 29.7997')"
    },
    {
      "pdb_id": "6cdj",
      "error": "ValueError('Ligand coordinate mismatch: nearest distance 18.0803')"
    },
    {
      "pdb_id": "5dfp",
      "error": "ValueError('Ligand coordinate mismatch: nearest distance 18.5130')"
    },
    {
      "pdb_id": "4uj1",
      "error": "ValueError('Ligand coordinate mismatch: nearest distance 17.0293')"
    },
    {
      "pdb_id": "5ovr",
      "error": "ValueError('Ligand coordinate mismatch: nearest distance 9.5013')"
    },
    {
      "pdb_id": "1xh5",
      "error": "ValueError('Ligand coordinate mismatch: nearest distance 12.2085')"
    },
    {
      "pdb_id": "4rqk",
      "error": "ValueError('Ligand coordinate mismatch: nearest distance 16.5689')"
    },
    {
      "pdb_id": "4f6u",
      "error": "ValueError('Ligand coordinate mismatch: nearest distance 13.1667')"
    },
    {
      "pdb_id": "3exh",
      "error": "ValueError('Ligand coordinate mismatch: nearest distance 33.8999')"
    },
    {
      "pdb_id": "3tif",
      "error": "ValueError('Ligand coordinate mismatch: nearest distance 2.9422')"
    },
    {
      "pdb_id": "4iic",
      "error": "ValueError('Ligand coordinate mismatch: nearest distance 46.4818')"
    },
    {
      "pdb_id": "1ydt",
      "error": "ValueError('Ligand coordinate mismatch: nearest distance 17.4136')"
    },
    {
      "pdb_id": "4dfg",
      "error": "ValueError('Ligand coordinate mismatch: nearest distance 17.5337')"
    },
    {
      "pdb_id": "5i8g",
      "error": "ValueError('Ligand coordinate mismatch: nearest distance 8.0931')"
    },
    {
      "pdb_id": "2yme",
      "error": "ValueError('Ligand coordinate mismatch: nearest distance 51.5029')"
    },
    {
      "pdb_id": "6gue",
      "error": "ValueError('Ligand coordinate mismatch: nearest distance 18.1454')"
    },
    {
      "pdb_id": "3v3q",
      "error": "ValueError('Ligand coordinate mismatch: nearest distance 32.9756')"
    },
    {
      "pdb_id": "1b57",
      "error": "ValueError('Ligand coordinate mismatch: nearest distance 2.7263')"
    },
    {
      "pdb_id": "5ult",
      "error": "ValueError('Ligand coordinate mismatch: nearest distance 17.4422')"
    },
    {
      "pdb_id": "1dmp",
      "error": "ValueError('Ligand coordinate mismatch: nearest distance 20.6659')"
    },
    {
      "pdb_id": "5vgy",
      "error": "ValueError('Ligand coordinate mismatch: nearest distance 20.0788')"
    },
    {
      "pdb_id": "4ymq",
      "error": "ValueError('Ligand coordinate mismatch: nearest distance 8.2138')"
    },
    {
      "pdb_id": "3d7z",
      "error": "ValueError('Ligand coordinate mismatch: nearest distance 12.7797')"
    },
    {
      "pdb_id": "5ehv",
      "error": "ValueError('Ligand coordinate mismatch: nearest distance 22.4805')"
    },
    {
      "pdb_id": "4few",
      "error": "ValueError('Ligand coordinate mismatch: nearest distance 11.5903')"
    }
  ]
}
