3cj2 6 0.0
3p7i 6 0.0
6u6w 11 0.0
1nki 11 0.0
3l3l 8 0.0
6pia 6 0.0
5mek 41 0.0
6d18 16 0.0
6mjf 11 0.0
1if8 6 0.0
1flr 20 0.0
5g1z 19 0.0
1px4 6 0.0
5l7h 24 0.0
1wn6 25 0.0
2yb0 15 0.0
2wed 12 0.0
3ag9 FAILED ValueError('Ligand coordinate mismatch: nearest distance 13.5084')
4r4i 19 0.0
4k18 16 0.0
2iuz 32 0.0
3vd9 9 0.0
4lch 13 0.0
4ufi 6 0.0
3ps1 17 0.0
3c79 8 0.0
4g8n 15 0.0
5nw1 18 0.0
2bpy 17 0.0
4ieh 19 0.0
6fv4 17 0.0
4q3t 28 0.0
3lpk 23 0.0
4qij 48 0.0
2o4j 13 0.0
3hmp 7 0.0
5owl 3 0.0
5tuz 7 0.0
3b24 13 0.0
3kwa 7 0.0
4r0a 10 0.0
4zx4 17 0.0
2vw1 18 0.0
2j4g 10 0.0
1oe8 13 0.0
6i65 14 0.0
4zb6 FAILED ValueError('Ligand coordinate mismatch: nearest distance 3.4144')
6nv9 19 0.0
6g2b 16 0.0
2x8z 10 0.0
4b7p 11 0.0
5nw7 21 0.0
4cwr 26 0.0
2ha2 9 0.0
2pqb 46 0.0
3k5v 10 0.0
1rjk 14 0.0
1i5r 26 0.0
4ibb 12 0.0
6rnt 21 0.0
5otc 15 0.0
2x2r 14 0.0
1h6h 33 0.0
6udi 20 0.0
3b67 16 0.0
6r9x 7 0.0
6oqb 20 0.0
3oy0 7 0.0
5jy3 13 0.0
4ogj 12 0.0
4erf 17 0.0
3zps 19 0.0
3e92 FAILED ValueError('Ligand coordinate mismatch: nearest distance 12.3113')
4r3w FAILED ValueError('Ligand coordinate mismatch: nearest distance 30.0158')
3c39 28 0.0
1r0p 12 0.0
5o5a 13 0.0
6quv 11 0.0
6g3a 8 0.0
1zs0 15 0.0
5mes 21 0.0
5jfu 16 0.0
2nsj 17 0.0
2gz2 17 0.0
2uyq 3 0.0
5ef7 9 0.0
5cqt 12 0.0
3n7a 11 0.0
6mlg FAILED ValueError('Ligand coordinate mismatch: nearest distance 19.5435')
4m0y 6 0.0
6f05 21 0.0
3hu3 20 0.0
1pdz FAILED ValueError('Ligand coordinate mismatch: nearest distance 31.2845')
3iww 34 0.0
2nmz 20 0.0
1bn3 9 0.0
1g54 10 0.0
6g24 5 0.0
5l7e 15 0.0
3ljz 15 0.0
1r9l 6 0.0
5j6a 11 0.0
3jup 14 0.0
5kz0 9 0.0
3nx7 9 0.0
5wex 8 0.0
1bai 27 0.0
4bup 27 0.0
3f37 1 0.0
