3cj2 6 0.0
6mjf 11 0.0
2wed 12 0.0
3ps1 17 0.0
3lpk 23 0.0
4r0a 10 0.0
6g2b 16 0.0
1rjk 14 0.0
3b67 16 0.0
3e92 FAILED ValueError('Ligand coordinate mismatch: nearest distance 12.3113')
5mes 21 0.0
6mlg FAILED ValueError('Ligand coordinate mismatch: nearest distance 19.5435')
1g54 10 0.0
3nx7 9 0.0
4wk1 35 0.0
2oxx 1 0.0
4ruy 7 0.0
5dqe 7 0.0
2ces 7 0.0
3i4y 5 0.0
5g1a 6 0.0
5yz2 23 0.0
2jke 6 0.0
6d16 18 0.0
4g8m 12 0.0
3m6r 13 0.0
4lov FAILED ValueError('Ligand coordinate mismatch: nearest distance 2.6915')
1lgw 4 0.0
6jay 29 0.0
5eij 8 0.0
6hoq 11 0.0
2r43 18 0.0
4o04 11 0.0
1bxr 31 0.0
6d3q 16 0.0
3cd5 19 0.0
1laf 17 0.0
2i6b 21 0.0
5yqx 10 0.0
2uy0 23 0.0
5l4j FAILED ValueError('Ligand coordinate mismatch: nearest distance 24.9908')
1fzq 26 0.0
3gbb 15 0.0
3uxk 10 0.0
1qy2 7 0.0
5my8 14 0.0
3eko 6 0.0
4c6u 6 0.0
5mnr 15 0.0
2hzl 11 0.0
5l4m FAILED ValueError('Ligand coordinate mismatch: nearest distance 27.2578')
1fkb 14 0.0
6ftf 10 0.0
3ebl 13 0.0
4b7r 15 0.0
5c1w 11 0.0
4m0f 16 0.0
3hk1 17 0.0
5cqu 4 0.0
6ftp 26 0.0
4l19 12 0.0
1zc9 14 0.0
5yfs 42 0.0
6om8 29 0.0
1lf2 15 0.0
5ldm 25 0.0
2qe4 17 0.0
6dak 18 0.0
3bex 14 0.0
6ghh 12 0.0
2erz FAILED ValueError('Ligand coordinate mismatch: nearest distance 18.2618')
6pl1 FAILED ValueError('Ligand coordinate mismatch: nearest distance 18.5404')
4g0y 26 0.0
1hi5 36 0.0
6h33 8 0.0
4a6c 19 0.0
3g0i 8 0.0
4whs FAILED ValueError('Ligand coordinate mismatch: nearest distance 65.7801')
2f7o 6 0.0
5c2o 25 0.0
6f1n 14 0.0
3e93 FAILED ValueError('Ligand coordinate mismatch: nearest distance 15.8080')
4riu 9 0.0
4cp7 20 0.0
6ios 8 0.0
3o9e 18 0.0
4ygf 3 0.0
5o1h 6 0.0
4ykj 7 0.0
5fh7 11 0.0
4owm 6 0.0
5ie1 10 0.0
3el9 19 0.0
4avi 12 0.0
3pww 32 0.0
3ivx 23 0.0
3ikg 31 0.0
5egu 6 0.0
2qtg 8 0.0
1i9p 9 0.0
5vsj 17 0.0
2xhm 26 0.0
2qdt 5 0.0
6nxz 5 0.0
5j64 13 0.0
4rn4 12 0.0
5ta2 17 0.0
4dko 12 0.0
3b26 14 0.0
2ogy 21 0.0
3nzk 11 0.0
2yfa FAILED ValueError('Ligand coordinate mismatch: nearest distance 45.5862')
2ax9 10 0.0
4dy6 33 0.0
5sz7 9 0.0
3mz6 9 0.0
5g4o 6 0.0
4kni 14 0.0
5h1v 5 0.0
4en4 FAILED ValueError('Ligand coordinate mismatch: nearest distance 10.2053')
3td4 10 0.0
2xys 10 0.0
3a6t 21 0.0
1xow 12 0.0
3ryv 9 0.0
3rdq 14 0.0
3v5t 13 0.0
6d55 FAILED ValueError('Ligand coordinate mismatch: nearest distance 29.9932')
5nap 20 0.0
3rz5 11 0.0
5ive 22 0.0
1bnu 14 0.0
3ipu 19 0.0
4pf5 6 0.0
4jpx 14 0.0
4deu 10 0.0
6k3l 11 0.0
5wuk 30 0.0
2aqu 21 0.0
5j2x 11 0.0
6jaw 13 0.0
1g4o 9 0.0
2ca8 13 0.0
5fho 17 0.0
3ibl 13 0.0
2i0a 21 0.0
3rlb 24 0.0
4de5 9 0.0
2hah 17 0.0
3ldp 12 0.0
5o9p 29 0.0
4zei 10 0.0
4mc9 17 0.0
1p1o 15 0.0
3u5l 11 0.0
3t70 25 0.0
3x00 18 0.0
3fql 10 0.0
1amw 20 0.0
1rd4 15 0.0
2za0 6 0.0
2gzl 27 0.0
2wn9 19 0.0
3djq 15 0.0
3su1 17 0.0
5mrp 13 0.0
3be9 FAILED ValueError('Ligand coordinate mismatch: nearest distance 14.5482')
3m1k 9 0.0
6ibk 10 0.0
1bnn 10 0.0
4bf1 FAILED ValueError('Ligand coordinate mismatch: nearest distance 19.9968')
5om2 18 0.0
1dhj 15 0.0
2pwd 13 0.0
3fcq 16 0.0
6r1b 8 0.0
3iog 6 0.0
5c2a 14 0.0
4jia FAILED ValueError('Ligand coordinate mismatch: nearest distance 32.6797')
2wc3 11 0.0
2pq9 47 0.0
1g45 7 0.0
5v82 7 0.0
4r73 20 0.0
6poi 19 0.0
3ueu 7 0.0
1xjd FAILED ValueError('Ligand coordinate mismatch: nearest distance 19.1095')
4ayu 6 0.0
1ctu 19 0.0
5fso 6 0.0
1o5r 17 0.0
2fzc 11 0.0
3pck 6 0.0
4cpy 15 0.0
4az5 7 0.0
2vpo 7 0.0
2pyn 21 0.0
6cvf 21 0.0
4rhx 22 0.0
4k9y 17 0.0
3ozp 14 0.0
4ibf 8 0.0
1hii 21 0.0
1d4j 19 0.0
3ime 6 0.0
3ddg 9 0.0
1ppk 16 0.0
6dil FAILED ValueError('Ligand coordinate mismatch: nearest distance 18.3472')
4o3c 11 0.0
6f92 FAILED ValueError('Ligand coordinate mismatch: nearest distance 31.0604')
4ddh 25 0.0
3po1 FAILED ValueError('Ligand coordinate mismatch: nearest distance 8.6002')
5dus 23 0.0
4lxd 12 0.0
3gdt 32 0.0
2aoc 31 0.0
4zw6 20 0.0
4wiv 20 0.0
3tsk 21 0.0
6hhr 13 0.0
1a99 4 0.0
5umx 25 0.0
4alx 8 0.0
5fe9 16 0.0
2uyn FAILED ValueError('Ligand coordinate mismatch: nearest distance 20.1544')
2qmg 18 0.0
3rlp 13 0.0
3mof 19 0.0
6h1u 12 0.0
3f8f 13 0.0
4crl 8 0.0
2pqc 35 0.0
3dx4 6 0.0
4cjp 9 0.0
5lsg 16 0.0
5n2z 12 0.0
4km0 11 0.0
2q64 21 0.0
4exs 4 0.0
6ugp 8 0.0
6upj 6 0.0
2wf5 34 0.0
6gwr 12 0.0
3wtn FAILED ValueError('Ligand coordinate mismatch: nearest distance 17.6735')
3hkw 14 0.0
3qqs 14 0.0
3f1a 10 0.0
3zj6 12 0.0
6i0z 19 0.0
3kr8 12 0.0
5orj 9 0.0
5iwg 9 0.0
3ip8 9 0.0
6fmj 14 0.0
3g5k 14 0.0
1gyy 16 0.0
2bak 26 0.0
5kva 18 0.0
5anv 7 0.0
6hr2 32 0.0
4dsy 14 0.0
6hgf 15 0.0
1ecq 24 0.0
6fag 13 0.0
4qf9 18 0.0
2wuf 9 0.0
3eb1 12 0.0
2h15 10 0.0
5en3 FAILED ValueError('Ligand coordinate mismatch: nearest distance 25.6327')
3nex 13 0.0
2i4z 15 0.0
5l9i 12 0.0
5n25 7 0.0
6nu5 9 0.0
1bn4 7 0.0
1q54 43 0.0
1os0 32 0.0
4zx3 10 0.0
6ep4 5 0.0
2avq 29 0.0
1q8u FAILED ValueError('Ligand coordinate mismatch: nearest distance 34.1748')
4rqv FAILED ValueError('Ligand coordinate mismatch: nearest distance 15.7235')
5nvx 16 0.0
5cks 25 0.0
2xjg 12 0.0
4r5b 16 0.0
6i8t 10 0.0
5h9r 22 0.0
3f17 13 0.0
4kyh 14 0.0
5vr8 38 0.0
5cy9 10 0.0
4fp1 7 0.0
4h85 9 0.0
3dc3 5 0.0
4xu0 38 0.0
4bi7 18 0.0
6fh3 11 0.0
2ya8 15 0.0
4gqq FAILED ValueError('Ligand coordinate mismatch: nearest distance 16.0845')
6cze 31 0.0
1i9n 6 0.0
3g31 5 0.0
4ytc FAILED ValueError('Ligand coordinate mismatch: nearest distance 30.9518')
2c92 29 0.0
1a9m 20 0.0
3ewc 11 0.0
4gny 11 0.0
5o9o 21 0.0
4afg 11 0.0
2p53 19 0.0
3tza 16 0.0
1lgt 13 0.0
3uex 15 0.0
1bm7 12 0.0
1g46 7 0.0
4gr0 19 0.0
4ozj 28 0.0
5elw 13 0.0
5acy 15 0.0
4oc3 33 0.0
2f94 19 0.0
2q2a 22 0.0
5bw4 7 0.0
6f28 13 0.0
2ayr 24 0.0
4kp5 8 0.0
2qi0 21 0.0
6nco 16 0.0
1qji 13 0.0
5b5f 11 0.0
3lp4 10 0.0
4ghi 11 0.0
2j7g 11 0.0
5ouh 16 0.0
5ivy 14 0.0
6t1j 7 0.0
6fnf 11 0.0
3ok9 20 0.0
1uou 8 0.0
3r24 14 0.0
6qgh 18 0.0
5ld8 FAILED ValueError('Ligand coordinate mismatch: nearest distance 15.9286')
2aod 30 0.0
5ey4 33 0.0
3d78 8 0.0
4nue 24 0.0
3fas 13 0.0
4e70 8 0.0
5i3x 25 0.0
2usn 15 0.0
6hh3 44 0.0
6jtc 4 0.0
1ec3 25 0.0
5yas 3 0.0
3o56 20 0.0
5mwh 21 0.0
3nq3 7 0.0
3p5l 7 0.0
3kdc 20 0.0
5ito 21 0.0
1j01 13 0.0
5ka9 22 0.0
2pu2 24 0.0
1k6v 21 0.0
6css 6 0.0
4xmb 26 0.0
3pju 45 0.0
3gk1 2 0.0
5jss 9 0.0
5ny1 9 0.0
1h46 FAILED ValueError('Ligand coordinate mismatch: nearest distance 20.0386')
6ud2 20 0.0
4q9y 4 0.0
2wca 18 0.0
2vot 14 0.0
3rux 26 0.0
3cd0 25 0.0
5l2s 8 0.0
3dcc 6 0.0
3t0b FAILED ValueError('Ligand coordinate mismatch: nearest distance 2.3609')
1lbk 15 0.0
5zym 8 0.0
3usx 7 0.0
5j8z 9 0.0
6eyt 30 0.0
1hxb 27 0.0
5om7 28 0.0
2i19 9 0.0
1sqo 7 0.0
4n6z FAILED ValueError('Ligand coordinate mismatch: nearest distance 33.2005')
1yfz 13 0.0
4b6r 17 0.0
5mme 10 0.0
4r59 15 0.0
3dp4 11 0.0
5j27 14 0.0
4yrd 4 0.0
1g74 7 0.0
6bm6 22 0.0
1ajp 7 0.0
2cex 17 0.0
5mwy 12 0.0
4xtw 26 0.0
2aj8 19 0.0
6jaq 7 0.0
4g4p 9 0.0
3rsx 11 0.0
6gfz 12 0.0
1pbq 16 0.0
4ovh 10 0.0
3ga5 19 0.0
3t8v 15 0.0
6b97 14 0.0
4rlw 13 0.0
4k7o 8 0.0
4j7e 14 0.0
3b3c 6 0.0
4w9h FAILED ValueError('Ligand coordinate mismatch: nearest distance 31.7599')
1koj 20 0.0
1ai4 8 0.0
3b3w 7 0.0
4b74 13 0.0
3slz 34 0.0
5wcm 12 0.0
2j7e 7 0.0
1m0o 26 0.0
6rfn 17 0.0
3dsz 32 0.0
5g2b 16 0.0
2ha6 10 0.0
5nea 7 0.0
3ibu 17 0.0
5tmn 17 0.0
2o4n 18 0.0
5z7j 18 0.0
4euo 8 0.0
4djw 20 0.0
1u71 16 0.0
6orr 30 0.0
3ioc 10 0.0
3d9z 4 0.0
2ole 6 0.0
3udd 13 0.0
5fnu 30 0.0
4wrb 20 0.0
4x5r 15 0.0
2amt 25 0.0
4ibj 21 0.0
2vo5 17 0.0
5vja 7 0.0
5fyx 5 0.0
2rkf 18 0.0
5n6s 12 0.0
4c9x 14 0.0
5h1t 4 0.0
{
  "success": 425,
  "failures": [
    {
      "pdb_id": "3e92",
      "error": "ValueError('Ligand coordinate mismatch: nearest distance 12.3113')"
    },
    {
      "pdb_id": "6mlg",
      "error": "ValueError('Ligand coordinate mismatch: nearest distance 19.5435')"
    },
    {
      "pdb_id": "4lov",
      "error": "ValueError('Ligand coordinate mismatch: nearest distance 2.6915')"
    },
    {
      "pdb_id": "5l4j",
      "error": "ValueError('Ligand coordinate mismatch: nearest distance 24.9908')"
    },
    {
      "pdb_id": "5l4m",
      "error": "ValueError('Ligand coordinate mismatch: nearest distance 27.2578')"
    },
    {
      "pdb_id": "2erz",
      "error": "ValueError('Ligand coordinate mismatch: nearest distance 18.2618')"
    },
    {
      "pdb_id": "6pl1",
      "error": "ValueError('Ligand coordinate mismatch: nearest distance 18.5404')"
    },
    {
      "pdb_id": "4whs",
      "error": "ValueError('Ligand coordinate mismatch: nearest distance 65.7801')"
    },
    {
      "pdb_id": "3e93",
      "error": "ValueError('Ligand coordinate mismatch: nearest distance 15.8080')"
    },
    {
      "pdb_id": "2yfa",
      "error": "ValueError('Ligand coordinate mismatch: nearest distance 45.5862')"
    },
    {
      "pdb_id": "4en4",
      "error": "ValueError('Ligand coordinate mismatch: nearest distance 10.2053')"
    },
    {
      "pdb_id": "6d55",
      "error": "ValueError('Ligand coordinate mismatch: nearest distance 29.9932')"
    },
    {
      "pdb_id": "3be9",
      "error": "ValueError('Ligand coordinate mismatch: nearest distance 14.5482')"
    },
    {
      "pdb_id": "4bf1",
      "error": "ValueError('Ligand coordinate mismatch: nearest distance 19.9968')"
    },
    {
      "pdb_id": "4jia",
      "error": "ValueError('Ligand coordinate mismatch: nearest distance 32.6797')"
    },
    {
      "pdb_id": "1xjd",
      "error": "ValueError('Ligand coordinate mismatch: nearest distance 19.1095')"
    },
    {
      "pdb_id": "6dil",
      "error": "ValueError('Ligand coordinate mismatch: nearest distance 18.3472')"
    },
    {
      "pdb_id": "6f92",
      "error": "ValueError('Ligand coordinate mismatch: nearest distance 31.0604')"
    },
    {
      "pdb_id": "3po1",
      "error": "ValueError('Ligand coordinate mismatch: nearest distance 8.6002')"
    },
    {
      "pdb_id": "2uyn",
      "error": "ValueError('Ligand coordinate mismatch: nearest distance 20.1544')"
    },
    {
      "pdb_id": "3wtn",
      "error": "ValueError('Ligand coordinate mismatch: nearest distance 17.6735')"
    },
    {
      "pdb_id": "5en3",
      "error": "ValueError('Ligand coordinate mismatch: nearest distance 25.6327')"
    },
    {
      "pdb_id": "1q8u",
      "error": "ValueError('Ligand coordinate mismatch: nearest distance 34.1748')"
    },
    {
      "pdb_id": "4rqv",
      "error": "ValueError('Ligand coordinate mismatch: nearest distance 15.7235')"
    },
    {
      "pdb_id": "4gqq",
      "error": "ValueError('Ligand coordinate mismatch: nearest distance 16.0845')"
    },
    {
      "pdb_id": "4ytc",
      "error": "ValueError('Ligand coordinate mismatch: nearest distance 30.9518')"
    },
    {
      "pdb_id": "5ld8",
      "error": "ValueError('Ligand coordinate mismatch: nearest distance 15.9286')"
    },
    {
      "pdb_id": "1h46",
      "error": "ValueError('Ligand coordinate mismatch: nearest distance 20.0386')"
    },
    {
      "pdb_id": "3t0b",
      "error": "ValueError('Ligand coordinate mismatch: nearest distance 2.3609')"
    },
    {
      "pdb_id": "4n6z",
      "error": "ValueError('Ligand coordinate mismatch: nearest distance 33.2005')"
    },
    {
      "pdb_id": "4w9h",
      "error": "ValueError('Ligand coordinate mismatch: nearest distance 31.7599')"
    }
  ]
}
