conditioned {'epoch': 1, 'loss': 1.1961700629309713, 'auprc_micro': 0.39928804957551467, 'auprc_macro': 0.4938814439878802, 'auroc_micro': 0.9345053722086896, 'positive_rate': 0.03161346912384033, 'ap_enrichment': 12.630314826965332, 'pair_auprc_micro': 0.046224926669827894, 'pair_auprc_macro': 0.09148911969064256, 'pair_positive_rate': 0.0020534154027700424, 'pair_ap_enrichment': 22.511240005493164}
conditioned {'epoch': 2, 'loss': 0.9246528623420994, 'auprc_micro': 0.4352530985437366, 'auprc_macro': 0.5314692878962676, 'auroc_micro': 0.9413215841024367, 'positive_rate': 0.03161346912384033, 'ap_enrichment': 13.767963409423828, 'pair_auprc_micro': 0.05661761027111538, 'pair_auprc_macro': 0.11026009621151425, 'pair_positive_rate': 0.0020534154027700424, 'pair_ap_enrichment': 27.57240867614746}
conditioned {'epoch': 3, 'loss': 0.8165242327397263, 'auprc_micro': 0.4606072362656588, 'auprc_macro': 0.5417464136782104, 'auroc_micro': 0.946043064735291, 'positive_rate': 0.03161346912384033, 'ap_enrichment': 14.569968223571777, 'pair_auprc_micro': 0.06463932136130142, 'pair_auprc_macro': 0.11494823996561812, 'pair_positive_rate': 0.0020534154027700424, 'pair_ap_enrichment': 31.478931427001953}
conditioned {'epoch': 4, 'loss': 0.7517556541441638, 'auprc_micro': 0.4834817621593358, 'auprc_macro': 0.5605440936961412, 'auroc_micro': 0.9513485294186198, 'positive_rate': 0.03161346912384033, 'ap_enrichment': 15.293537139892578, 'pair_auprc_micro': 0.06676070599867664, 'pair_auprc_macro': 0.1238684043481017, 'pair_positive_rate': 0.0020534154027700424, 'pair_ap_enrichment': 32.51203155517578}
conditioned {'epoch': 5, 'loss': 0.6939815874759209, 'auprc_micro': 0.4916491340712242, 'auprc_macro': 0.5753715862583045, 'auroc_micro': 0.9554972193464619, 'positive_rate': 0.03161346912384033, 'ap_enrichment': 15.551887512207031, 'pair_auprc_micro': 0.06188366343707904, 'pair_auprc_macro': 0.12152895603636932, 'pair_positive_rate': 0.0020534154027700424, 'pair_ap_enrichment': 30.13694190979004}
conditioned {'epoch': 6, 'loss': 0.6483198421004516, 'auprc_micro': 0.49965521996558915, 'auprc_macro': 0.5832120204206714, 'auroc_micro': 0.9560080219168439, 'positive_rate': 0.03161346912384033, 'ap_enrichment': 15.805137634277344, 'pair_auprc_micro': 0.06863941405945442, 'pair_auprc_macro': 0.12915296145727218, 'pair_positive_rate': 0.0020534154027700424, 'pair_ap_enrichment': 33.42694854736328}
conditioned {'epoch': 7, 'loss': 0.6039713816408298, 'auprc_micro': 0.5158766794972236, 'auprc_macro': 0.5955129747639096, 'auroc_micro': 0.9585576988161405, 'positive_rate': 0.03161346912384033, 'ap_enrichment': 16.318254470825195, 'pair_auprc_micro': 0.07608750699370898, 'pair_auprc_macro': 0.14065974525215555, 'pair_positive_rate': 0.0020534154027700424, 'pair_ap_enrichment': 37.05412292480469}
conditioned {'epoch': 8, 'loss': 0.5617343867578829, 'auprc_micro': 0.5127518693016158, 'auprc_macro': 0.5971673183878744, 'auroc_micro': 0.9593555063920726, 'positive_rate': 0.03161346912384033, 'ap_enrichment': 16.219411849975586, 'pair_auprc_micro': 0.08215638499039933, 'pair_auprc_macro': 0.13802648572551673, 'pair_positive_rate': 0.0020534154027700424, 'pair_ap_enrichment': 40.00962448120117}
conditioned {'epoch': 9, 'loss': 0.5269291297384553, 'auprc_micro': 0.5479469872293807, 'auprc_macro': 0.6223484297287567, 'auroc_micro': 0.9606488646179987, 'positive_rate': 0.03161346912384033, 'ap_enrichment': 17.332706451416016, 'pair_auprc_micro': 0.08320940432751212, 'pair_auprc_macro': 0.1474697081375095, 'pair_positive_rate': 0.0020534154027700424, 'pair_ap_enrichment': 40.52244186401367}
conditioned {'epoch': 10, 'loss': 0.4945176480653367, 'auprc_micro': 0.5380198817683053, 'auprc_macro': 0.6121987912956223, 'auroc_micro': 0.9615886895703332, 'positive_rate': 0.03161346912384033, 'ap_enrichment': 17.018692016601562, 'pair_auprc_micro': 0.0893632439027223, 'pair_auprc_macro': 0.15070568502053672, 'pair_positive_rate': 0.0020534154027700424, 'pair_ap_enrichment': 43.51932144165039}
conditioned {'epoch': 11, 'loss': 0.46183019939076536, 'auprc_micro': 0.541462377870298, 'auprc_macro': 0.6201642498419666, 'auroc_micro': 0.960781680374839, 'positive_rate': 0.03161346912384033, 'ap_enrichment': 17.12758445739746, 'pair_auprc_micro': 0.0862875270154588, 'pair_auprc_macro': 0.1523454597268898, 'pair_positive_rate': 0.0020534154027700424, 'pair_ap_enrichment': 42.02146911621094}
conditioned {'epoch': 12, 'loss': 0.437677968317504, 'auprc_micro': 0.542719983066047, 'auprc_macro': 0.618414588617105, 'auroc_micro': 0.9623211747006739, 'positive_rate': 0.03161346912384033, 'ap_enrichment': 17.1673641204834, 'pair_auprc_micro': 0.09594443710023519, 'pair_auprc_macro': 0.1568221536731304, 'pair_positive_rate': 0.0020534154027700424, 'pair_ap_enrichment': 46.72431945800781}
conditioned {'epoch': 13, 'loss': 0.41075068468910925, 'auprc_micro': 0.5403348525041408, 'auprc_macro': 0.6163760849871227, 'auroc_micro': 0.96249735576235, 'positive_rate': 0.03161346912384033, 'ap_enrichment': 17.0919189453125, 'pair_auprc_micro': 0.1009792200018563, 'pair_auprc_macro': 0.16547719539260725, 'pair_positive_rate': 0.0020534154027700424, 'pair_ap_enrichment': 49.17622375488281}
conditioned {'epoch': 14, 'loss': 0.38768643891950044, 'auprc_micro': 0.5629549597066998, 'auprc_macro': 0.6341098588339643, 'auroc_micro': 0.963318245399662, 'positive_rate': 0.03161346912384033, 'ap_enrichment': 17.80743980407715, 'pair_auprc_micro': 0.1013903091099103, 'pair_auprc_macro': 0.16511374966109993, 'pair_positive_rate': 0.0020534154027700424, 'pair_ap_enrichment': 49.37642288208008}
conditioned {'epoch': 15, 'loss': 0.36358442483489906, 'auprc_micro': 0.5735912176918028, 'auprc_macro': 0.6429426241978053, 'auroc_micro': 0.9630731070889377, 'positive_rate': 0.03161346912384033, 'ap_enrichment': 18.143888473510742, 'pair_auprc_micro': 0.1013146136766655, 'pair_auprc_macro': 0.16703580826646336, 'pair_positive_rate': 0.0020534154027700424, 'pair_ap_enrichment': 49.339561462402344}
FINAL {
  "split_ids": {
    "train": [
      "1lgw",
      "6ftw",
      "6i64",
      "4io5",
      "3zns",
      "6bs3",
      "1e3g",
      "3dp4",
      "3ip5",
      "3b24",
      "4cfl",
      "5wex",
      "3m1k",
      "3hkq",
      "4rfd",
      "4mo8",
      "1k4h",
      "1pro",
      "6pve",
      "4fzj",
      "2yix",
      "5lvd",
      "3rlp",
      "5oh3",
      "6g2c",
      "6h1d",
      "4f39",
      "2wvz",
      "4i74",
      "2e7f",
      "6ced",
      "6h34",
      "4m8x",
      "1bxq",
      "4mc6",
      "4eu0",
      "456c",
      "4auj",
      "5nkd",
      "4azg",
      "4h81",
      "6arn",
      "1qf0",
      "5f60",
      "3uxk",
      "1bcd",
      "1bnq",
      "1gfy",
      "1sdu",
      "1qbq",
      "4cpy",
      "4cpt",
      "10gs",
      "3d6p",
      "1ikt",
      "2i4v",
      "4ibc",
      "1g7v",
      "3n35",
      "5g1a",
      "5vh0",
      "3b7i",
      "6j7e",
      "6i62",
      "4rfc",
      "6ma5",
      "5llc",
      "6ooy",
      "3o9d",
      "5hz8",
      "3tb6",
      "5mks",
      "4tpw",
      "6jdi",
      "4w9d",
      "1pxn",
      "3iue",
      "3g31",
      "2ya6",
      "5n2z",
      "6md0",
      "2wzm",
      "1u1w",
      "1siv",
      "4mq6",
      "4uc5",
      "3k99",
      "4ih7",
      "4kn0",
      "4lj5",
      "2j4g",
      "2j7h",
      "2qrk",
      "4gfo",
      "6q3y",
      "4qb3",
      "5ime",
      "1amw",
      "1d4i",
      "4pzv",
      "4tkb",
      "5os4",
      "2gvv",
      "4agp",
      "4re2",
      "3t85",
      "2reg",
      "5yz2",
      "2q55",
      "4xu1",
      "5c28",
      "2boj",
      "2vnp",
      "2drc",
      "3ga5",
      "5mjn",
      "2wc3",
      "5g4o",
      "1swr",
      "2qnq",
      "2bet",
      "3a1d",
      "3hs4",
      "4zo5",
      "4muf",
      "4b1j",
      "5sz3",
      "6j1l",
      "5g4n",
      "5ouh",
      "4gih",
      "3b1m",
      "1v48",
      "1cnw",
      "3sue",
      "5wgp",
      "3wgg",
      "6ge7",
      "5cap",
      "5a6x",
      "4ieh",
      "3po6",
      "3jdw",
      "4bf6",
      "2qi4",
      "6q60",
      "1k6t",
      "4xar",
      "5nk8",
      "4yx4",
      "3wmc",
      "4azi",
      "3su5",
      "6h37",
      "6g2o",
      "2qi3",
      "4zji",
      "4bks",
      "1qbr",
      "5dlx",
      "4bi7",
      "4fm8",
      "4r75",
      "3pww",
      "3bqc",
      "5nze",
      "3k8c",
      "5c2h",
      "4wrb",
      "1ua4",
      "4igt",
      "2o4k",
      "1ydk",
      "3mhm",
      "2iwx",
      "3qgy",
      "2vyt",
      "6otg",
      "4eo8",
      "4gii",
      "6ueg",
      "4g8y",
      "5tmp",
      "1sgu",
      "6cjs",
      "1dgm",
      "3k97",
      "2brb",
      "3gkz",
      "2r5p",
      "6g27",
      "2al5",
      "3rv8",
      "1aid",
      "4pvx",
      "3bxh",
      "5neb",
      "3dln",
      "5ia5",
      "2wor",
      "3kgq",
      "4ygf",
      "3iss",
      "5chk",
      "5f1h",
      "6czb",
      "5ngz",
      "1yfz",
      "2ygf",
      "5u8c",
      "5kat",
      "1td7",
      "5l9i",
      "4xu3",
      "1d3d",
      "4u6z",
      "3wtm",
      "4elh",
      "5cas",
      "5c2a",
      "6std",
      "4ruy",
      "4da5",
      "3f16",
      "1r9l",
      "4ca5",
      "4u0w",
      "3ibn",
      "5th4",
      "1sh9",
      "4oag",
      "4tkj",
      "4bj8",
      "1qin",
      "4h7q",
      "3mxd",
      "1pa9",
      "6ql2",
      "5j86",
      "2x7t",
      "2v00",
      "4avj",
      "5nk7",
      "2d0k",
      "5n1z",
      "1v7a",
      "6n0j",
      "5ivc",
      "2yz3",
      "4mmp",
      "1ajq",
      "3pn4",
      "5hcy",
      "4n7m",
      "6r11",
      "1drj",
      "1r0p",
      "6nu5",
      "1lst",
      "2uyq",
      "2e27",
      "1zs0",
      "3ps1",
      "5cc2",
      "5kqx",
      "3czv",
      "5tuo",
      "4cs9",
      "4a6s",
      "1w5v",
      "2xog",
      "6h38",
      "3sxf",
      "4dzy",
      "3mi3",
      "6qe0",
      "4pnu",
      "1ebw",
      "2wzs",
      "4e70",
      "3prs",
      "4jpy",
      "6gjm",
      "2rke",
      "3fas",
      "4q9o",
      "5ii2",
      "2ceq",
      "3wjw",
      "3r6u",
      "3iod",
      "3b7u",
      "2jdu",
      "5o07",
      "1ndz",
      "6dpz",
      "1usn",
      "3ts4",
      "1m2q",
      "5e7n",
      "5n24",
      "5jxn",
      "5tbm",
      "3arw",
      "3n4b",
      "1ydb",
      "5e2k",
      "3vhk",
      "5nxp",
      "4zv2",
      "6g2l",
      "5var",
      "1vso",
      "2fxu",
      "5nkc",
      "1qkt",
      "4lzr",
      "4hbm",
      "2br1",
      "4pmm",
      "3dsz",
      "2vzr",
      "2xm2",
      "6rtw",
      "4jss",
      "6qau",
      "5ey4",
      "2rcb",
      "5j6a",
      "2fqo",
      "4ymg",
      "6pia",
      "3dbu",
      "6s57",
      "2jiw",
      "3iob",
      "6qlo",
      "1fl3",
      "4pop",
      "6ugn",
      "3npc",
      "4jsa",
      "4bqh",
      "3o5n",
      "3fvn",
      "2csn",
      "5u49",
      "3ttm",
      "6q54",
      "3h1x",
      "5n0f",
      "5ftg",
      "4w52",
      "3f1a",
      "2ypi",
      "6r1b",
      "1h6h",
      "2p3a",
      "6hrq",
      "2bqv",
      "6haz",
      "5i3x",
      "5his",
      "4i7k",
      "2pym",
      "3djp",
      "5tt3",
      "6dys",
      "3ms9",
      "1hvk",
      "2yel",
      "2wca",
      "1g7g",
      "4x50",
      "6dgq",
      "2f6t",
      "5fhm",
      "6f28",
      "5edc",
      "1z6s",
      "3m3z",
      "5dx4",
      "4q7v",
      "3ml2",
      "6r18",
      "1zfq",
      "6stl",
      "3ryy",
      "1hk4",
      "4flp",
      "4a4w",
      "5ivv",
      "3djk",
      "6cwn",
      "1zhy",
      "6dd0",
      "4nbn",
      "5t9u",
      "5wa8",
      "2ra6",
      "6g34",
      "1ajp",
      "4bi6",
      "3nyx",
      "5kz0",
      "2rin",
      "2xnb",
      "6rih",
      "4agm",
      "6qgh",
      "1nja",
      "6m8q",
      "4zx0",
      "4cwn",
      "1bn1",
      "3aaq",
      "5fut",
      "1ec3",
      "2v25",
      "6hay",
      "6d1i",
      "6f1j",
      "2xjg",
      "2jdm",
      "2gj5",
      "1o0h",
      "6gxg",
      "3fh7",
      "4phu",
      "3eb1",
      "1d4j",
      "6o0o",
      "3m3x",
      "6hlx",
      "2vxn",
      "1fki",
      "4cwr",
      "1njc",
      "1e2l",
      "5gj9",
      "5ljq",
      "1jao",
      "5mo8",
      "2gz2",
      "2xxr",
      "4rhx",
      "4a6c",
      "5ewa",
      "5evd",
      "5d0r",
      "5dh5",
      "1bnw",
      "3bgc",
      "5lvr",
      "3i4y",
      "4nyf",
      "5lwd",
      "4w9i",
      "2p53",
      "1g85",
      "4gj2",
      "1lrh",
      "5ia0",
      "3bxg",
      "6eeo",
      "2r58",
      "6hm1",
      "3q2j",
      "6gjr",
      "5dyo",
      "6f05",
      "3u9q",
      "1bnt",
      "4c1y",
      "6uh0",
      "3o9i",
      "1b8y",
      "3gbb",
      "1ctu",
      "4bcs",
      "3fat",
      "1ai5",
      "3e5u",
      "3v2q",
      "4y5d",
      "5l7e",
      "4j22",
      "5u0d",
      "4fl2",
      "2ovv",
      "4erf",
      "4tim",
      "2ews",
      "5ma7",
      "5anv",
      "5e74",
      "4ury",
      "3fqe",
      "2ihq",
      "1kzk",
      "6np4",
      "4w97",
      "6gon",
      "4km0",
      "1hvj",
      "6g9x",
      "6bhv",
      "2fmb",
      "1dhi",
      "1tsy",
      "6gfz",
      "3kiv",
      "3p5o",
      "3r4p",
      "4ufi",
      "4ruz",
      "4io2",
      "4r5b",
      "4uyf",
      "5j64",
      "1c88",
      "2fqt",
      "1cnx",
      "1rmz",
      "4egk",
      "4ykj",
      "3axz",
      "5dit",
      "4cps",
      "6mh7",
      "1w4p",
      "5os2",
      "3fuz",
      "5v0n",
      "4rfr",
      "4iwz",
      "5oei",
      "3cj2",
      "2p09",
      "6hly",
      "1g45",
      "5d47",
      "5dey",
      "6jbe",
      "4lm2",
      "3hmo",
      "5wa5",
      "3ao5",
      "4y4j",
      "1fkb",
      "4f0c",
      "2d3z",
      "5e28",
      "5l9g",
      "3el9",
      "2rkd",
      "3w07",
      "6rfw",
      "5uc4",
      "2pqc",
      "1f4f",
      "5mpz",
      "4nbl",
      "2e91",
      "2yb0",
      "5mge",
      "5f62",
      "5d2r",
      "6dh8",
      "6css",
      "3h30",
      "5fdi",
      "1xap",
      "5wbo",
      "2qrl",
      "4dko",
      "2ydw",
      "1kpm",
      "1kv5",
      "2o4l",
      "1syh",
      "4dld",
      "1fkf",
      "5ef7",
      "2cbu",
      "5zyg",
      "4wn5",
      "3mzc",
      "2am4",
      "3dc3",
      "3bl1",
      "6ep4",
      "4aqh",
      "1add",
      "3el4",
      "6dh7",
      "4crl",
      "3uil",
      "5zhl",
      "1z9y",
      "6qlq",
      "1uj5",
      "5umx",
      "3rtf",
      "3t2w",
      "5mrp",
      "5owl",
      "4g8m",
      "5c3p",
      "4o07",
      "3vw1",
      "3c52",
      "1xow",
      "1ws1",
      "5vsf",
      "3st5",
      "3coz",
      "3ivx",
      "5ose",
      "6bbx",
      "5evz",
      "6gwr",
      "5d45",
      "5lud",
      "2v8w",
      "4cjr",
      "5kab",
      "1nki",
      "5vja",
      "6fnj",
      "4k7o",
      "2bt9",
      "3rsx",
      "5osl",
      "2pog",
      "1zpa",
      "5n25",
      "5egu",
      "5f08",
      "5vd0",
      "4rlw",
      "4psb",
      "5umy",
      "5ogb",
      "5tuz",
      "3wz6",
      "1xff",
      "4aia",
      "4att",
      "3gi4",
      "5aan",
      "2wos",
      "1dzk",
      "6fs0",
      "5nxg",
      "4knn",
      "5ih9",
      "1izi",
      "6pvv",
      "4q99",
      "5e1s",
      "1ws4",
      "4ufk",
      "4pvy",
      "6hni",
      "2xxt",
      "2vvn",
      "5f1x",
      "4qyy",
      "1qf2",
      "1x8r",
      "7upj",
      "6mm2",
      "5cep",
      "5cqu",
      "4ozj",
      "6ma4",
      "4f9w",
      "5eei",
      "4u71",
      "5upj",
      "6fsy",
      "5yj8",
      "3cyx",
      "6qgf",
      "5txy",
      "4og4",
      "3lpi",
      "2f9k",
      "1j36",
      "5hi7",
      "2b4l",
      "4j7d",
      "5eqp",
      "1yqj",
      "5k8s",
      "5zg3",
      "4ago",
      "2wr8",
      "4qer",
      "6dh2",
      "4ymh",
      "3zsq",
      "5fl4",
      "4fl1",
      "2fqx",
      "2xye",
      "4tkh",
      "4nkt",
      "4gr3",
      "5a7b",
      "5n34",
      "2h4n",
      "4gj3",
      "1q54",
      "2bpv",
      "3qaa",
      "2yfe",
      "4zow",
      "4llk",
      "2weh",
      "1os5",
      "1l8g",
      "1oxr",
      "6t1l",
      "6jon",
      "1mai",
      "1if8",
      "4z0q",
      "5mg2",
      "3ehy",
      "2qnp",
      "4ndu",
      "4bkt",
      "6nv9",
      "6gjw",
      "5ad1",
      "4avi",
      "4d8z",
      "3p2e",
      "3r16",
      "4qj0",
      "5g5f",
      "6qmj",
      "5f1v",
      "4bqg",
      "6c85",
      "5i3v",
      "2pyn",
      "4llp",
      "6g2f",
      "3vha",
      "3cj5",
      "1g54",
      "5exw",
      "4btk",
      "3tk2",
      "4km2",
      "4ih6",
      "5khm",
      "5t9w",
      "5aut",
      "5epn",
      "6bs4",
      "3gs6",
      "1x8j",
      "1gyx",
      "6b1k",
      "1pxo",
      "4ggz",
      "1ajn",
      "1if7",
      "4zb8",
      "4k6i",
      "5j8z",
      "4p5z",
      "4m2v",
      "2qhy",
      "3jy0",
      "3jrs",
      "1u71",
      "2zkj",
      "5nk4",
      "3zsx",
      "6h1u",
      "4qf9",
      "3m5e",
      "3b66",
      "5mes",
      "4cwt",
      "2i4z",
      "4etz",
      "2wf5",
      "3o8p",
      "6nzv",
      "5os5",
      "1ax0",
      "6eog",
      "2qi6",
      "4y3j",
      "4x48",
      "5oku",
      "3m8u",
      "4efs",
      "5o9p",
      "1syi",
      "1ai7",
      "6fmj",
      "6i0z",
      "3gdt",
      "4w9l",
      "5f61",
      "2f1g",
      "3d1x",
      "6pi6",
      "4dkp",
      "2j7b",
      "3s71",
      "6t1i",
      "4i7m",
      "5j20",
      "3kdm",
      "5uez",
      "3rux",
      "5n1r",
      "5mrm",
      "1g7f",
      "6jdl",
      "6ugz",
      "1gpk",
      "4m0y",
      "2d3u",
      "6hd6",
      "4rrf",
      "2rfh",
      "5mrb",
      "6aro",
      "5o9o",
      "5lli",
      "4u5n",
      "3kgt",
      "5u0e",
      "6gzd",
      "4mhy",
      "4fai",
      "2vw5",
      "4r4i",
      "6no9",
      "5sz7",
      "3veh",
      "4zzd",
      "1eby",
      "6o5t",
      "1fkg",
      "5nxw",
      "3nes",
      "4xmb",
      "2yge",
      "4tu4",
      "4mrw",
      "5fnt",
      "5w1e",
      "5zg0",
      "1uwf",
      "6f9g",
      "1oe8",
      "5nz4",
      "4io3",
      "5jox",
      "2haw",
      "3td4",
      "4poh",
      "1w96",
      "1bnu",
      "3eeb",
      "7std",
      "3u6h",
      "5eu1",
      "1ndw",
      "5cxa",
      "5ota",
      "3zi0",
      "5n3v",
      "6fcj",
      "2f7i",
      "3nb5",
      "5d3x",
      "2q89",
      "6oqb",
      "2zz2",
      "5njz",
      "5g5v",
      "2bvd",
      "5llh",
      "1bp0",
      "1s39",
      "2iuz",
      "1kav",
      "5fso",
      "3oim",
      "5m9w",
      "3mna",
      "3su0",
      "4tte",
      "1ajx",
      "5yum",
      "3r17",
      "3pb7",
      "3mhc",
      "4ufl",
      "2ctc",
      "3hkw",
      "5ueu",
      "4qpl",
      "3gst",
      "3neo",
      "2c80",
      "2zb1",
      "2wec",
      "3l3l",
      "1ii5",
      "1o0m",
      "4b7p",
      "5xpi",
      "4j21",
      "4kp8",
      "3d9z",
      "5i9y",
      "1k6p",
      "4re4",
      "5h1u",
      "5avf",
      "2qmg",
      "6rfn",
      "4m8e",
      "6i65",
      "6ftf",
      "6ugp",
      "3el5",
      "4lvt",
      "5o9r",
      "4zbf",
      "5g1z",
      "2j7e",
      "5fho",
      "2bpy",
      "3ekx",
      "4u54",
      "2i80",
      "3fv2",
      "4ibi",
      "5edb",
      "6d1j",
      "5e73",
      "4agl",
      "1c70",
      "6abx",
      "2qbq",
      "5j8m",
      "3v7x",
      "1qy2",
      "5ka7",
      "4mc9",
      "5llg",
      "5sz4",
      "1vyg",
      "5kad",
      "4o2p",
      "4ahr",
      "3hfb",
      "2qnn",
      "1zge",
      "2pq9",
      "1qf1",
      "2nmz",
      "4ddk",
      "5oa6",
      "5ucj",
      "5vih",
      "6dzx",
      "3zt3",
      "6h2z",
      "2qi7",
      "3hcm",
      "3d8z",
      "5ive",
      "3jup",
      "2p4y",
      "1moq",
      "3lka",
      "2yaz",
      "3v2n",
      "5ikb",
      "6d1b",
      "4asd",
      "1hp5",
      "1n0s",
      "3daz",
      "4ceb",
      "2sim",
      "4d3h",
      "2arm",
      "5oh4",
      "4zyf",
      "6g37",
      "4isu",
      "5mnr",
      "2std",
      "4z1e",
      "4ht2",
      "2jdp",
      "2ihj",
      "3juo",
      "6upj",
      "1g2k",
      "5fns",
      "2pbw",
      "1hsh",
      "5win",
      "5o5a",
      "4lch",
      "6i8m",
      "6f90",
      "1m83",
      "5k9w",
      "2i19",
      "1xq0",
      "3o5x",
      "2doo",
      "4uof",
      "6oqd",
      "4poj",
      "3hek",
      "5z99",
      "5dbm",
      "6mjf",
      "6qlt",
      "6qlr",
      "4jxs",
      "5fnu",
      "3p8z",
      "6nwk",
      "6np2",
      "3su3",
      "4ca6",
      "4kz3",
      "6ekq",
      "6hr2",
      "1pfu",
      "1cny",
      "3mhi",
      "5ia3",
      "5we9",
      "2v2c",
      "4g8v",
      "4lj8",
      "6s4n",
      "1d4h",
      "6elp",
      "6ndl",
      "6py0",
      "1q7a",
      "3gvb",
      "6maj",
      "2xyf",
      "1gpn",
      "5vcw",
      "4knm",
      "3b25",
      "3r88",
      "4f9u",
      "3bl0",
      "3usx",
      "1qji",
      "5xg5",
      "2o4j",
      "3w9k",
      "5h1t",
      "5oq8",
      "3tfp",
      "2pou",
      "2j47",
      "5nea",
      "5os7",
      "4dq2",
      "1hii",
      "5om3",
      "3hk1",
      "4m8y",
      "5g4m",
      "5sz1",
      "4ly9",
      "4ahs",
      "2xjx",
      "4ea2",
      "5amd",
      "1met",
      "6exs",
      "6jtc",
      "3rz0",
      "3qgw",
      "6np3",
      "1ui0",
      "1d4k",
      "5hz6",
      "6ei5",
      "5o1d",
      "4qxo",
      "6iez",
      "6prf",
      "6d1a",
      "1dl7",
      "4up5",
      "5lsg",
      "1wdn",
      "2j27",
      "1d4l",
      "5er4",
      "6eyt",
      "6guk",
      "5eis",
      "4nh8",
      "4z1j",
      "1rql",
      "2qdt",
      "3k5v",
      "5kej",
      "1nf8",
      "2q1q",
      "3nex",
      "4kfq",
      "2bak",
      "3r1v",
      "5vd2",
      "4cwf",
      "2cen",
      "2vpn",
      "2weq",
      "3v2p",
      "5sz0",
      "2wq5",
      "5j9x",
      "3kwa",
      "3qxv",
      "3vx3",
      "3jya",
      "4z07",
      "1g4o",
      "2rkg",
      "6b4u",
      "1hos",
      "6u6w",
      "2yxj",
      "3uug",
      "2baj",
      "2r43",
      "4rra",
      "187l",
      "4q09",
      "1oba",
      "5lvq",
      "5a5q",
      "3h78",
      "3re4",
      "5vl2",
      "3ip8",
      "6ghh",
      "6g24",
      "3zpu",
      "6guh",
      "3cm2",
      "3qqa",
      "3ryv",
      "2ax9",
      "1e4h",
      "6ex1",
      "6qpl",
      "5aoj",
      "5ka9",
      "5ufs",
      "3u5j",
      "3pe1",
      "4mr3",
      "5ant",
      "4gue",
      "5c2o",
      "6nu1",
      "6e5t",
      "5cj6",
      "4rlt",
      "6dgr",
      "6jaw",
      "5vp9",
      "3djq",
      "5kh3",
      "1d7j",
      "5l8y",
      "4det",
      "2q64",
      "5js3",
      "4rn4",
      "5wuk",
      "5vd1",
      "4k7n",
      "2vt3",
      "4hdf",
      "2wej",
      "2vpo",
      "2xb7",
      "1ele",
      "4rpo",
      "1bxo",
      "6mh1",
      "1z4o",
      "5g2g",
      "6u5y",
      "1om1",
      "4u73",
      "5d6j",
      "2fu8",
      "5afv",
      "5zkc",
      "4cwp",
      "5nw0",
      "4deu",
      "4bt5",
      "5een",
      "5j6n",
      "3rz1",
      "1elb",
      "2ca8",
      "6hoq",
      "5i2f",
      "5ave",
      "1q91",
      "2zcq",
      "3ibi",
      "5j8u",
      "2hl4",
      "5z7j",
      "6gxq",
      "6faa",
      "2v57",
      "5uxf",
      "4cpw",
      "5yft",
      "6n8x",
      "5dqc",
      "5jt9",
      "2i0a",
      "5jvi",
      "3bft",
      "3udd",
      "4kp5",
      "4y3y",
      "4b34",
      "1qhc",
      "4cst",
      "6dsp",
      "1pot",
      "4mo4",
      "1n4k",
      "4ek9",
      "2q8h",
      "4dmw",
      "5vo1",
      "6olx",
      "4cj4",
      "6ssy",
      "2j78",
      "6r9x",
      "6bm6",
      "4g8n",
      "6dgl",
      "1uml",
      "6ggf",
      "2qi0",
      "6cpa",
      "5tya",
      "6s56",
      "4r5a",
      "1bgq",
      "4efk",
      "3gk1",
      "6hgj",
      "5ndf",
      "4bc5",
      "1i5r",
      "6n9l",
      "6ift",
      "5oh9",
      "1msm",
      "4q6d",
      "5ioz",
      "2vw1",
      "5ahw",
      "6f3b",
      "5y8y",
      "3oil",
      "6hax",
      "2wuf",
      "5vij",
      "3wvm",
      "3sut",
      "4cgi",
      "2qtn",
      "1o0n",
      "6cze",
      "3ni5",
      "1hi4",
      "4q19",
      "5flt",
      "3p58",
      "5l7h",
      "2cc7",
      "2hu6",
      "6gnm",
      "5k1f",
      "1i9p",
      "4kxn",
      "4msc",
      "2q63",
      "3s9e",
      "5igm",
      "4ql1",
      "3own",
      "3ug2",
      "2qbu",
      "2yay",
      "2wer",
      "2hnx",
      "4w9p",
      "2uy0",
      "1q5k",
      "3pgu",
      "3hll",
      "5nau",
      "6odz",
      "5ork",
      "3zt2",
      "2c3i",
      "5nki",
      "3s77",
      "5ect",
      "1hms",
      "4agn",
      "2qi5",
      "6udu",
      "1flr",
      "4w9o",
      "4xt2",
      "6gnw",
      "4mjp",
      "5eh5",
      "1txr",
      "3su2",
      "3buh",
      "4l19",
      "4riu",
      "3nee",
      "5ny3",
      "6qgg",
      "3gi5",
      "3ocz",
      "4o09",
      "1hvl",
      "1h0a",
      "2i4u",
      "6gji",
      "1f4x",
      "1d7i",
      "4ykk",
      "4do4",
      "4kcx",
      "5tfx",
      "1f4g",
      "4y59",
      "2fxv",
      "2jkp",
      "3rdq",
      "5fl6",
      "5o1f",
      "1g52",
      "3b65",
      "1p1q",
      "5oh2",
      "6cvv",
      "3qxt",
      "4u6c",
      "4k55",
      "4q93",
      "6e6m",
      "3buf",
      "3n9s",
      "6cfc",
      "4u5s",
      "3fj7",
      "6dpt",
      "1sdt",
      "1gx8",
      "3sus",
      "6om8",
      "5acy",
      "1pbq",
      "3p4v",
      "1ro6",
      "1w4o",
      "2cgf",
      "1oif",
      "5h8g",
      "5hbs",
      "3s5y",
      "4o05",
      "4xaq",
      "2qtg",
      "4xoc",
      "3gnw",
      "4ibe",
      "6gga",
      "4ibj",
      "5sz5",
      "5vcz",
      "1qy1",
      "2q38",
      "5om7",
      "4oiv",
      "2oi2",
      "5fdc",
      "4xo8",
      "3hp9",
      "4ih3",
      "3o84",
      "6d16",
      "1k6c",
      "3b3s",
      "6bdy",
      "4o3f",
      "3vhc",
      "4xu0",
      "6g7a",
      "1rjk",
      "4mpn",
      "1bn4",
      "2xyd",
      "4k0y",
      "6fhq",
      "2za0",
      "3ryz",
      "2xxx",
      "3mxe",
      "3ai8",
      "5fls",
      "3cyz",
      "4yxi",
      "3b3c",
      "6h29",
      "4ovh",
      "2xdk",
      "5a81",
      "3th9",
      "3ljz",
      "4ymb",
      "4wiv",
      "3ioc",
      "5cp5",
      "1my4",
      "1s19",
      "4mhz",
      "6h77",
      "6j0g",
      "4gah",
      "1m0b",
      "5l9o",
      "2cex",
      "4ddm",
      "5mme",
      "6gl8",
      "5kva",
      "4nue",
      "6r1a",
      "1ai4",
      "1f3e",
      "3ozj",
      "2x91",
      "1yq7",
      "1e2k",
      "2o4r",
      "6b98",
      "3i7e",
      "3oaf",
      "3uew",
      "2hoc",
      "1kyv",
      "5ewy",
      "2qm9",
      "1lbk",
      "4css",
      "1y20",
      "4iue",
      "2yi0",
      "3b7r",
      "3pb9",
      "5lif",
      "5oht",
      "5nwe",
      "5j27",
      "2fqy",
      "1hi5",
      "3u5l",
      "5y13",
      "4xmr",
      "5caq",
      "4i8n",
      "1ppm",
      "4owv",
      "1hmt",
      "3oku",
      "4do5",
      "2psu",
      "4av5",
      "2ovy",
      "2v95",
      "6htg",
      "2qhz",
      "4mmm",
      "2zcs",
      "2vvs",
      "5u0f",
      "5cbs",
      "4cg9",
      "4qge",
      "5aol",
      "4mre",
      "5l7g",
      "6got",
      "1g74",
      "2xm1",
      "3suw",
      "5i9x",
      "1oar",
      "1adl",
      "5t19",
      "5anu",
      "4jym",
      "3zlr",
      "5cs6",
      "1c86",
      "2f35",
      "3w9r",
      "4i8z",
      "3sw8",
      "3pe2",
      "1bwa",
      "6g29",
      "3rz8",
      "4ufm",
      "3ppr",
      "3qox",
      "4h85",
      "3lpk",
      "4je7",
      "3aho",
      "1zoh",
      "5ti0",
      "2gzl",
      "5bwc",
      "1lf2",
      "4r4o",
      "4kz6",
      "6r9u",
      "5orh",
      "4nbk",
      "4nh7",
      "1zdp",
      "3ekr",
      "4yha",
      "6iiu",
      "3gi6",
      "3n3j",
      "1jmg",
      "5orj",
      "2oxn",
      "3ozs",
      "2i4w",
      "5ev8",
      "5my8",
      "4cp5",
      "4lm3",
      "2r59",
      "2yek",
      "4r74",
      "5sz2",
      "2pwr",
      "6faf",
      "3lxe",
      "4zme",
      "6u8b",
      "4pqa",
      "2vo4",
      "6d1d",
      "4ca8",
      "1igb",
      "3arq",
      "1i37",
      "1hn4",
      "5nw1",
      "5hwu",
      "1g48",
      "5v82",
      "3v5t",
      "1pb9",
      "2vrj",
      "5n6s",
      "3acl",
      "2oxx",
      "1ie9",
      "4xit",
      "5fsc",
      "5mgj",
      "3c39",
      "4i7l",
      "2qe4",
      "5nvx",
      "5h1v",
      "6iou",
      "3aid",
      "1xt8",
      "4kqp",
      "4av4",
      "3kgu",
      "4djo",
      "4lm4",
      "3su1",
      "4k18",
      "6equ",
      "3zj6",
      "5lle",
      "4r59",
      "6r1w",
      "6d17",
      "3gcu",
      "4std",
      "6d1k",
      "5nka",
      "4und",
      "5yas",
      "4n7u",
      "5tcy",
      "3nxq",
      "3rf5",
      "3qx9",
      "2g5u",
      "1mrs",
      "1g35",
      "5f0f",
      "2pow",
      "1hi3",
      "4msn",
      "5edl",
      "4rdn",
      "4a95",
      "3f8e",
      "3v5p",
      "6dak",
      "4x5r",
      "4jkw",
      "5j6m",
      "1cgl",
      "3s0b",
      "6r1d",
      "5nya",
      "3hky",
      "3t01",
      "5kr2",
      "4elf",
      "4b33",
      "1drk",
      "5f25",
      "4u70",
      "3gba",
      "3bxf",
      "5hvt",
      "6f1n",
      "3gvu",
      "2tmn",
      "4dv8",
      "5mmg",
      "3e3c",
      "6u8o",
      "4cg8",
      "6en5",
      "3i6o",
      "6ce6",
      "4c52",
      "1mrw",
      "1elc",
      "6udt",
      "6czc",
      "2pqz",
      "5j2x",
      "2avs",
      "4ewn",
      "4f1l",
      "2rio",
      "1b55",
      "1nc1",
      "1bv9",
      "4kyh",
      "1kv1",
      "1rpj",
      "6n0k",
      "2cbj",
      "6pvz",
      "1n46",
      "1ogx",
      "4keq",
      "2gsu",
      "1a28",
      "3ok9",
      "4exs",
      "4yrd",
      "2pwc",
      "2amt",
      "4kzu",
      "6qln",
      "6hgf",
      "5o9y",
      "4der",
      "5cqt",
      "1g53",
      "5hjq",
      "3m6r",
      "4qdk",
      "1mrn",
      "2bfr",
      "2q54",
      "4euo",
      "1ec2",
      "1bnn",
      "5ceq",
      "5nzn",
      "3rz5",
      "1xk5",
      "3t84",
      "6qe5",
      "4v01",
      "4u69",
      "4qjw",
      "2gss",
      "1fkw",
      "5i3a",
      "6oe0",
      "5k0m",
      "966c",
      "2v3u",
      "1izh",
      "2usn",
      "6ayi",
      "2aqu",
      "3bfu",
      "3bex",
      "5vcy",
      "5nlk",
      "5cau",
      "1ctt",
      "2h21",
      "4qtl",
      "5aml",
      "4ibk",
      "1iy7",
      "3sug",
      "2yi7",
      "5fyx",
      "1ppk",
      "4b32",
      "4c5d",
      "6jay",
      "6ppy",
      "5kbe",
      "4ts1",
      "3wtl",
      "4c9x",
      "6b59",
      "3tt4",
      "2vj8",
      "3c4h",
      "5i3y",
      "1nje",
      "3ipu",
      "5kby",
      "1iih",
      "6i12",
      "5btx",
      "1d4y",
      "5ivy",
      "5ufr",
      "1li2",
      "6dpy",
      "3sr4",
      "2jgs",
      "3zhx",
      "3d78",
      "4zei",
      "3rt8",
      "1fv0",
      "3sk2",
      "1z1h",
      "3pju",
      "4o3c",
      "2pvu",
      "3lvw",
      "4q9y",
      "3qdd",
      "3djo",
      "2ans",
      "5mwp",
      "6g5l",
      "2vk2",
      "5eij",
      "3ryj",
      "4hj2",
      "6dar",
      "3nx7",
      "5f74",
      "5uf0",
      "4cjp",
      "5jss",
      "2v59",
      "4zzz",
      "1mes",
      "3ip9",
      "4x5q",
      "1azm",
      "2x8z",
      "4f5y",
      "6t1j",
      "4x5p",
      "5g2b",
      "2hhn",
      "4q7p",
      "2a5s",
      "3uev",
      "4xip",
      "4rlu",
      "3gx0",
      "2pwd",
      "3k2f",
      "4wk1",
      "6gjn",
      "2xmy",
      "2r38",
      "5twj",
      "5mwy",
      "3o99",
      "1sr7",
      "2e2p",
      "6pvw",
      "1g46",
      "3q6z",
      "1hbv",
      "6gfs",
      "2fxs",
      "3g30",
      "3b4p",
      "3zps",
      "6gzm",
      "3mss",
      "4unp",
      "1iiq",
      "1b6l",
      "6p3v",
      "1dud",
      "3o9a",
      "5u0g",
      "6r0v",
      "4db7",
      "6np5",
      "4djp",
      "3p7i",
      "6hh5",
      "3g0w",
      "4jpx",
      "3oy0",
      "5vc4",
      "5ta2",
      "1ork",
      "6jav",
      "3n2p",
      "4pp5",
      "6f9v",
      "3gqz",
      "4omk",
      "3gjw",
      "4p5d",
      "2i4j",
      "4uye",
      "6udv",
      "5wp5",
      "1pzi",
      "5eq1",
      "2qg2",
      "2rkf",
      "4hw3",
      "6d1g",
      "2isw",
      "4kn1",
      "4ck3",
      "4ai5",
      "3o4k",
      "1hxw",
      "6d18",
      "6cwh",
      "6fni",
      "4m8h",
      "5ayt",
      "6k3l",
      "4kz4",
      "1srg",
      "5j0d",
      "3n0n",
      "3dd0",
      "6kjd",
      "4tmk",
      "3rlb",
      "6q3z",
      "3suv",
      "6el5",
      "4fht",
      "3ueu",
      "6hhr",
      "4q83",
      "1p19",
      "2o4z",
      "2i4x",
      "1cbx",
      "5amg",
      "1w5x",
      "4lxd",
      "5zym",
      "3ta0",
      "6ibk",
      "4uin",
      "2nn1",
      "4daf",
      "6ggb",
      "3ru1",
      "1hpx",
      "4heg",
      "5fe6",
      "5ny1",
      "2vw2",
      "3s0d",
      "5otr",
      "4csd",
      "3tao",
      "3vhd",
      "5ia1",
      "4mnp",
      "2j7d",
      "4tun",
      "6if0",
      "5fh7",
      "5flq",
      "3iog",
      "6ne5",
      "3uo4",
      "5nxi",
      "5jfu",
      "1nw7",
      "2fvd",
      "4xty",
      "2w67",
      "4dew",
      "2i6b",
      "4o0b",
      "5jy3",
      "4qem",
      "4rpn",
      "4ibd",
      "3k5x",
      "4xu2",
      "3nq3",
      "5dus",
      "2o4n",
      "4p6c",
      "1zp8",
      "5f63",
      "6udi",
      "1bzc",
      "3qlm",
      "2p3i",
      "6i13",
      "5nbw",
      "5oot",
      "4rux",
      "6d19",
      "3n2u",
      "1jmf",
      "4m13",
      "4v24",
      "6qi7",
      "4zec",
      "2vuk",
      "1kel",
      "4i7j",
      "4p6x",
      "5nw7",
      "188l",
      "4ysl",
      "4ghi",
      "2afx",
      "3s78",
      "5mro",
      "6nw3",
      "1s38",
      "4g0p",
      "5fh8",
      "3t1m",
      "2pov",
      "1xgi",
      "3rz7",
      "3tf6",
      "6s5k",
      "3wtj",
      "4q8x",
      "1sw2",
      "5gsa",
      "2uxi",
      "5msb",
      "5t9z",
      "4zek",
      "2qw1",
      "5mlj",
      "3ivg",
      "1dif",
      "6gvz",
      "1swg",
      "5llo",
      "3g1v",
      "6i63",
      "4kow",
      "5zg1",
      "4llx",
      "4ufh",
      "5d1r",
      "4w9j",
      "6oe1",
      "5u28",
      "3pd8",
      "4q7s",
      "2c92",
      "4loo",
      "3n3g",
      "6i14",
      "2pyy",
      "1lyx",
      "6p9e",
      "2hzl",
      "3ime",
      "5std",
      "5dq8",
      "2a5c",
      "5orv",
      "2x97",
      "5fol",
      "3da9",
      "1o5r",
      "4nra",
      "3mam",
      "3n2v",
      "3d6o",
      "3nhi",
      "4q87",
      "6gjj",
      "1aaq",
      "2oym",
      "1p1n",
      "5ehq",
      "2qpq",
      "3ebl",
      "2p15",
      "1qan",
      "6csq",
      "6nxz",
      "2yk1",
      "1w4q",
      "1m2p",
      "6poi",
      "3ohi",
      "4m2u",
      "4zzx",
      "3bxe",
      "4ibg",
      "5ewk",
      "5x74",
      "1r1j",
      "6g3a",
      "5f8y",
      "2j7g",
      "2nmx",
      "1k6v",
      "1os0",
      "4u6w",
      "4g0y",
      "1n4h",
      "4r4t",
      "3gcs",
      "1jaq",
      "2v77",
      "4r73",
      "4q81",
      "3mho",
      "5gja",
      "1br6",
      "1x39",
      "5j6l",
      "5oh7",
      "3nq9",
      "6ckr",
      "1km3",
      "1hvs",
      "3kdc",
      "2cej",
      "5n3y",
      "1bzj",
      "5y12",
      "4avh",
      "3c56",
      "3o9p",
      "2wkz",
      "1wcq",
      "3mdz",
      "5aba",
      "3kmy",
      "4rrg",
      "3arx",
      "6g2r",
      "2vfk",
      "5cks",
      "2ayr",
      "2weg",
      "2bal",
      "3d0b",
      "6ma3",
      "3ppq",
      "3jrx",
      "6jaq",
      "3znr",
      "3t64",
      "6fv4",
      "4jx9",
      "6quv",
      "5byi",
      "5el9",
      "5t8o",
      "4br3",
      "3ppp",
      "3f15",
      "5n9r",
      "3o75",
      "1tpw",
      "1d3p",
      "4mr6",
      "4u5o",
      "4qy3",
      "3ehx",
      "5eqe",
      "5yqx",
      "3ekw",
      "6hsh",
      "2wc4",
      "4z1k",
      "1bn3",
      "6f9u",
      "3lk8",
      "3up2",
      "3hb4",
      "4a4q",
      "3a5y",
      "4tln",
      "5n18",
      "3str",
      "5os8",
      "1f57",
      "3tz0",
      "5mwh",
      "5fsy",
      "6oja",
      "3f17",
      "3lir",
      "1rnt",
      "3f8f",
      "3s2v",
      "5j82",
      "4l4v",
      "5lz7",
      "4rr6",
      "5nk6",
      "3iw6",
      "4zx1",
      "2r3w",
      "4l2l",
      "6i8t",
      "4ovg",
      "4azc",
      "4kyk",
      "1xhy",
      "4u43",
      "5nvw",
      "1bv7",
      "3uu1",
      "6dai",
      "1nvr",
      "4buq",
      "5c8n",
      "3wha",
      "1hih",
      "5fl5",
      "6h36",
      "5kax",
      "3p5l",
      "1wvj",
      "3eqr",
      "5j7w",
      "1pb8",
      "2xbp",
      "4f9y",
      "4cp7",
      "5nkh",
      "3qt6",
      "1ela",
      "5hu9",
      "5wqc",
      "3qps",
      "6k04",
      "5ljt",
      "5l9l",
      "2q88",
      "4bqs",
      "3gv9",
      "5tbe",
      "3b27",
      "5fe7",
      "1zvx",
      "4qf8",
      "2ccb",
      "6dl2",
      "2nn7",
      "1dhj",
      "2xii",
      "5oa2",
      "1ft7",
      "1hfs",
      "6d1h",
      "3bra",
      "3wzn",
      "1jqy",
      "6i66",
      "6i5g",
      "4q8y",
      "6pid",
      "3gbe",
      "4j3l",
      "6rnt",
      "5n0e",
      "3u90",
      "3su6",
      "4nwc",
      "3a1e",
      "3suf",
      "6nv7",
      "3hku",
      "5vm0",
      "2uxz",
      "4p6w",
      "2fqw",
      "4kao",
      "1qxl",
      "1ex8",
      "5fe9",
      "5j7q",
      "1enu",
      "6orr",
      "5znc",
      "4q0k",
      "4gid",
      "3twp",
      "4duh",
      "1fao",
      "6fnf",
      "4l4z",
      "3k4q",
      "6mnv",
      "4tmn",
      "3b68",
      "5l2s",
      "5dw2",
      "5ct2",
      "4io6",
      "4e9u",
      "3ovn",
      "3zm9",
      "1amk",
      "4r4c",
      "4d7b",
      "5h8e",
      "1df8",
      "6eq8",
      "4e3g",
      "4itp",
      "2yhw",
      "1mfi",
      "4ibf",
      "4pv5",
      "3t70",
      "4gr8",
      "4ibb",
      "1mtr",
      "2nnd",
      "4des",
      "3d1y"
    ],
    "val": [
      "2jg0",
      "6mnc",
      "5d21",
      "3ryx",
      "3tvc",
      "3jvs",
      "3dcc",
      "3mof",
      "1ppl",
      "4luz",
      "3kdd",
      "5nkb",
      "4rsk",
      "4zwx",
      "3kyq",
      "3fjg",
      "3hf8",
      "4mul",
      "4qjx",
      "2p7a",
      "6d15",
      "4k4j",
      "4xas",
      "5mek",
      "4m2r",
      "3roc",
      "5ji8",
      "5eyr",
      "6eol",
      "2f34",
      "4o0a",
      "2bfq",
      "3fvk",
      "5ew0",
      "6eqp",
      "4zbi",
      "2r3t",
      "3b3x",
      "4jsz",
      "1xkk",
      "1ajv",
      "2j77",
      "3f18",
      "4ufj",
      "4dff",
      "2wl0",
      "5h5f",
      "5nw2",
      "4i8w",
      "4o04",
      "1ohr",
      "5lz4",
      "6hke",
      "6oqc",
      "1ebz",
      "2j75",
      "2xib",
      "6h33",
      "3qkd",
      "3dd8",
      "6fo5",
      "3tsk",
      "6e5l",
      "5nzf",
      "4yyt",
      "3mhl",
      "1r1h",
      "2qg0",
      "4qf7",
      "4ybk",
      "4m14",
      "6b4d",
      "4pp3",
      "3s0e",
      "6hh3",
      "5zni",
      "5zdb",
      "3mz6",
      "3pbb",
      "184l",
      "5e2s",
      "4gny",
      "3p3g",
      "5fsn",
      "5mod",
      "2qpu",
      "6fgg",
      "4iuo",
      "2web",
      "2ces",
      "5eng",
      "3o9e",
      "4g90",
      "3su4",
      "3q71",
      "4xoe",
      "3ozt",
      "2c94",
      "3r4m",
      "5nap",
      "3t3u",
      "1o0f",
      "4knj",
      "4b6r",
      "2x7u",
      "5cu4",
      "1a4r",
      "4l50",
      "1hvi",
      "3gm0",
      "2w5g",
      "5ha1",
      "4djr",
      "2aac",
      "4yc0",
      "5ldm",
      "4l51",
      "6qlu",
      "3vje",
      "4kz7",
      "5jsj",
      "1ydd",
      "1gyy",
      "5hz9",
      "6ios",
      "3hl8",
      "6csp",
      "1f4e",
      "3t82",
      "6g2m",
      "4fxp",
      "4y0a",
      "5oqu",
      "3zk6",
      "3ljg",
      "6qge",
      "3lgs",
      "3suu",
      "4fm7",
      "2weo",
      "1e3v",
      "3cfn",
      "3pn1",
      "3wz8",
      "4owm",
      "3bgb",
      "4q90",
      "1h2k",
      "4de5",
      "1yda",
      "2p7g",
      "6jof",
      "3fur",
      "6dpx",
      "4hu1",
      "3ta1",
      "2rk8",
      "1ec0",
      "4hzm",
      "2r5a",
      "2psv",
      "3dk1",
      "2oax",
      "5n2t",
      "6fng",
      "5f1r",
      "3zsy",
      "1x8d",
      "5vkc",
      "3fzy",
      "2zjw",
      "4agq",
      "1hee",
      "4b9k",
      "3pyy",
      "1hmr",
      "2cet",
      "4kif",
      "2j79",
      "4bt3",
      "1gaf",
      "5drr",
      "2j7f",
      "6fz4",
      "6i18",
      "1bma",
      "5f2p",
      "4k7i",
      "5eh8",
      "4m12",
      "6i67",
      "3hmp",
      "5od1",
      "2dri",
      "3tfn",
      "1afl",
      "1hvh",
      "3kr8",
      "6g9i",
      "5o4f",
      "1szd",
      "1jak",
      "3g3r",
      "6i61",
      "4xir",
      "3ibl",
      "5o1h",
      "2y8c",
      "3v51",
      "2zmm",
      "5l8a",
      "3m40",
      "3k02",
      "6r8l",
      "6ma2",
      "1xpz",
      "2a8g",
      "6qmk",
      "2f94",
      "1x8t",
      "5vc3",
      "3oyq",
      "5ep7",
      "5voj",
      "1b6k",
      "5b5f",
      "5tpx",
      "5dh4",
      "6h5x",
      "2p3b",
      "3ml5",
      "4bt4",
      "3f19",
      "1nvq",
      "3wto",
      "2e9u",
      "6fag",
      "4xk9",
      "5csp",
      "1okl",
      "1w5y",
      "5f9b",
      "5n31",
      "4ocq",
      "1bm7",
      "1ogz",
      "6dq4",
      "3ozr",
      "5otc",
      "6hai",
      "2e1w",
      "4f6w",
      "3ikg",
      "3e6y",
      "3r4n",
      "5wa9",
      "2ya8",
      "3hl5",
      "3rf4",
      "4zzy",
      "5fhn",
      "5u4d",
      "4io7",
      "5n17",
      "1hdq",
      "5hva",
      "3fcq",
      "5fsx",
      "2b9a",
      "4gg7",
      "3dgo",
      "5yfs",
      "1njs",
      "1nq7",
      "2vmd",
      "4xtw",
      "1lah",
      "2p2a",
      "5c1w",
      "4wt2",
      "5ia4",
      "1j01",
      "1lee",
      "3r24",
      "1m2x",
      "5dex",
      "5hvs",
      "1li3",
      "3b26",
      "3ocp",
      "2w4x",
      "2ogy",
      "4tjz",
      "5uv2",
      "5eqy",
      "6dh1"
    ],
    "test": [
      "4jfm",
      "3mmf",
      "4nxu",
      "3ikd",
      "4ef6",
      "1a99",
      "4cwq",
      "2pwg",
      "1lke",
      "4g4p",
      "4rj8",
      "4rww",
      "4gql",
      "1tq4",
      "1c87",
      "5d3c",
      "5tcj",
      "1j37",
      "1vyf",
      "5eek",
      "4m2w",
      "1p1o",
      "3g0i",
      "4pee",
      "6gnp",
      "2v2h",
      "6ud2",
      "2hah",
      "4mrg",
      "6qls",
      "2we3",
      "3fv1",
      "3uex",
      "4g95",
      "1m2r",
      "1w3j",
      "5ov8",
      "5tmn",
      "5xo7",
      "1kdk",
      "4q08",
      "3zyu",
      "4kni",
      "5ufp",
      "1uz4",
      "1u1b",
      "2w66",
      "4gr0",
      "4qew",
      "3ewc",
      "4qev",
      "5h9r",
      "5g17",
      "6gf9",
      "2e92",
      "6hgi",
      "3ahn",
      "4rvr",
      "3lea",
      "3dzt",
      "6hgg",
      "3t60",
      "1ftm",
      "1njd",
      "3cow",
      "1lnm",
      "5nxo",
      "6euc",
      "1o1s",
      "6s4t",
      "5ix0",
      "3cz1",
      "5elw",
      "5iwg",
      "3ubd",
      "1msn",
      "3bug",
      "3fql",
      "2bes",
      "4n8q",
      "4zba",
      "4lm1",
      "4cga",
      "6sbt",
      "5wmg",
      "4fnn",
      "3qqs",
      "2xn3",
      "6cvf",
      "6gxe",
      "5czm",
      "3a2o",
      "4jfs",
      "5ldp",
      "5aqz",
      "3igp",
      "2py4",
      "5edd",
      "4qp2",
      "5ula",
      "2cgr",
      "2cbv",
      "5c5t",
      "1nvs",
      "6h2t",
      "1rd4",
      "6qlp",
      "6nwl",
      "3eko",
      "1lhu",
      "3eax",
      "3pwd",
      "4b0b",
      "1zc9",
      "1det",
      "4tqn",
      "3slz",
      "5ka1",
      "186l",
      "5bw4",
      "5d0c",
      "2pqb",
      "4cig",
      "6st0",
      "5llp",
      "6ior",
      "5oha",
      "3ouj",
      "5nk3",
      "1xk9",
      "4xtv",
      "2ri9",
      "4w9k",
      "3i73",
      "6g2s",
      "6g5u",
      "1afk",
      "4nnr",
      "2p3c",
      "4kzq",
      "3o56",
      "8cpa",
      "6r8w",
      "5op4",
      "3ioe",
      "5cs3",
      "6as8",
      "2a5b",
      "6g38",
      "6ajr",
      "1bnv",
      "3g5k",
      "5b5g",
      "4q6e",
      "5jq5",
      "4ddh",
      "4djq",
      "1mrx",
      "5jsg",
      "4jal",
      "2pk6",
      "5nkg",
      "2o0u",
      "1yet",
      "1i9n",
      "1sv3",
      "4ucc",
      "4y2q",
      "2gst",
      "3b50",
      "4az6",
      "5ia2",
      "4k9y",
      "5ie1",
      "6ixd",
      "3i51",
      "5cy9",
      "5f5z",
      "6ic2",
      "3fhb",
      "6ugr",
      "3ies",
      "2i4d",
      "4ogj",
      "5orw",
      "4w9c",
      "5ty9",
      "3a9i",
      "3r5t",
      "6g2b",
      "5fnr",
      "3a1c",
      "1ndy",
      "3ip6",
      "4g5f",
      "3rdo",
      "1g1d",
      "3coy",
      "1l83",
      "3spf",
      "6bm5",
      "3b5r",
      "5evk",
      "6cjr",
      "5om2",
      "3iw5",
      "4cws",
      "4pcs",
      "3f6g",
      "6gw4",
      "5cbr",
      "2qi1",
      "5o87",
      "5lom",
      "1o7o",
      "5sym",
      "6b97",
      "6e4a",
      "3iof",
      "5wcm",
      "2zcr",
      "4a6b",
      "4bup",
      "2pu2",
      "4bb9",
      "5o9q",
      "4nl1",
      "6r8o",
      "6r13",
      "1wm1",
      "3d8w",
      "1q65",
      "3n9r",
      "3cft",
      "1hxb",
      "1nw5",
      "2wed",
      "5hcv",
      "5n0d",
      "5nvv",
      "3nzk",
      "5ehr",
      "1pxp",
      "4cwo",
      "2c97",
      "5cp9",
      "4omj",
      "6gxb",
      "1hpo",
      "3ibu",
      "3vbd",
      "4aq4",
      "1uz1",
      "1x1z",
      "3tza",
      "6o5u",
      "3ao2",
      "2oiq",
      "3ldp",
      "3uod",
      "4jfk",
      "2p7z",
      "6nfh",
      "1atr",
      "3ldq",
      "5j1r",
      "4mrz",
      "3b67",
      "4ipj",
      "5dqe",
      "6e1y",
      "5sz6",
      "6ftp",
      "2xhm",
      "5f2r",
      "1eld",
      "5km9",
      "4xiq",
      "3b3w",
      "1trd",
      "1fkh",
      "1fzq",
      "4j7e",
      "5j3l",
      "5dqf",
      "6i11",
      "5z66",
      "1x38",
      "6hgr",
      "2h15",
      "3bkk",
      "3f7i",
      "3kek",
      "6i17",
      "1ec1",
      "1z9g",
      "5ohy"
    ]
  },
  "conditioned_test": {
    "auprc_micro": 0.546006085272214,
    "auprc_macro": 0.6185074909869198,
    "auroc_micro": 0.9626431303849472,
    "positive_rate": 0.027127759531140327,
    "ap_enrichment": 20.127208709716797
  },
  "conditioned_test_mismatched": {
    "auprc_micro": 0.4194721911431295,
    "auprc_macro": 0.5261299653657617,
    "auroc_micro": 0.9416536586050561,
    "positive_rate": 0.027127759531140327,
    "ap_enrichment": 15.462839126586914,
    "mean_abs_map_change": 0.039525357452245106
  },
  "conditioned_test_atom_shuffle": {
    "auprc_micro": 0.5077617339043398,
    "auprc_macro": 0.5968743308755244,
    "auroc_micro": 0.959478694041296,
    "positive_rate": 0.027127759531140327,
    "ap_enrichment": 18.717422485351562,
    "mean_abs_map_change": 0.018663413048116646
  },
  "conditioned_history": [
    {
      "epoch": 1,
      "loss": 1.1961700629309713,
      "auprc_micro": 0.39928804957551467,
      "auprc_macro": 0.4938814439878802,
      "auroc_micro": 0.9345053722086896,
      "positive_rate": 0.03161346912384033,
      "ap_enrichment": 12.630314826965332,
      "pair_auprc_micro": 0.046224926669827894,
      "pair_auprc_macro": 0.09148911969064256,
      "pair_positive_rate": 0.0020534154027700424,
      "pair_ap_enrichment": 22.511240005493164,
      "selection_value": 0.09148911969064256
    },
    {
      "epoch": 2,
      "loss": 0.9246528623420994,
      "auprc_micro": 0.4352530985437366,
      "auprc_macro": 0.5314692878962676,
      "auroc_micro": 0.9413215841024367,
      "positive_rate": 0.03161346912384033,
      "ap_enrichment": 13.767963409423828,
      "pair_auprc_micro": 0.05661761027111538,
      "pair_auprc_macro": 0.11026009621151425,
      "pair_positive_rate": 0.0020534154027700424,
      "pair_ap_enrichment": 27.57240867614746,
      "selection_value": 0.11026009621151425
    },
    {
      "epoch": 3,
      "loss": 0.8165242327397263,
      "auprc_micro": 0.4606072362656588,
      "auprc_macro": 0.5417464136782104,
      "auroc_micro": 0.946043064735291,
      "positive_rate": 0.03161346912384033,
      "ap_enrichment": 14.569968223571777,
      "pair_auprc_micro": 0.06463932136130142,
      "pair_auprc_macro": 0.11494823996561812,
      "pair_positive_rate": 0.0020534154027700424,
      "pair_ap_enrichment": 31.478931427001953,
      "selection_value": 0.11494823996561812
    },
    {
      "epoch": 4,
      "loss": 0.7517556541441638,
      "auprc_micro": 0.4834817621593358,
      "auprc_macro": 0.5605440936961412,
      "auroc_micro": 0.9513485294186198,
      "positive_rate": 0.03161346912384033,
      "ap_enrichment": 15.293537139892578,
      "pair_auprc_micro": 0.06676070599867664,
      "pair_auprc_macro": 0.1238684043481017,
      "pair_positive_rate": 0.0020534154027700424,
      "pair_ap_enrichment": 32.51203155517578,
      "selection_value": 0.1238684043481017
    },
    {
      "epoch": 5,
      "loss": 0.6939815874759209,
      "auprc_micro": 0.4916491340712242,
      "auprc_macro": 0.5753715862583045,
      "auroc_micro": 0.9554972193464619,
      "positive_rate": 0.03161346912384033,
      "ap_enrichment": 15.551887512207031,
      "pair_auprc_micro": 0.06188366343707904,
      "pair_auprc_macro": 0.12152895603636932,
      "pair_positive_rate": 0.0020534154027700424,
      "pair_ap_enrichment": 30.13694190979004,
      "selection_value": 0.12152895603636932
    },
    {
      "epoch": 6,
      "loss": 0.6483198421004516,
      "auprc_micro": 0.49965521996558915,
      "auprc_macro": 0.5832120204206714,
      "auroc_micro": 0.9560080219168439,
      "positive_rate": 0.03161346912384033,
      "ap_enrichment": 15.805137634277344,
      "pair_auprc_micro": 0.06863941405945442,
      "pair_auprc_macro": 0.12915296145727218,
      "pair_positive_rate": 0.0020534154027700424,
      "pair_ap_enrichment": 33.42694854736328,
      "selection_value": 0.12915296145727218
    },
    {
      "epoch": 7,
      "loss": 0.6039713816408298,
      "auprc_micro": 0.5158766794972236,
      "auprc_macro": 0.5955129747639096,
      "auroc_micro": 0.9585576988161405,
      "positive_rate": 0.03161346912384033,
      "ap_enrichment": 16.318254470825195,
      "pair_auprc_micro": 0.07608750699370898,
      "pair_auprc_macro": 0.14065974525215555,
      "pair_positive_rate": 0.0020534154027700424,
      "pair_ap_enrichment": 37.05412292480469,
      "selection_value": 0.14065974525215555
    },
    {
      "epoch": 8,
      "loss": 0.5617343867578829,
      "auprc_micro": 0.5127518693016158,
      "auprc_macro": 0.5971673183878744,
      "auroc_micro": 0.9593555063920726,
      "positive_rate": 0.03161346912384033,
      "ap_enrichment": 16.219411849975586,
      "pair_auprc_micro": 0.08215638499039933,
      "pair_auprc_macro": 0.13802648572551673,
      "pair_positive_rate": 0.0020534154027700424,
      "pair_ap_enrichment": 40.00962448120117,
      "selection_value": 0.13802648572551673
    },
    {
      "epoch": 9,
      "loss": 0.5269291297384553,
      "auprc_micro": 0.5479469872293807,
      "auprc_macro": 0.6223484297287567,
      "auroc_micro": 0.9606488646179987,
      "positive_rate": 0.03161346912384033,
      "ap_enrichment": 17.332706451416016,
      "pair_auprc_micro": 0.08320940432751212,
      "pair_auprc_macro": 0.1474697081375095,
      "pair_positive_rate": 0.0020534154027700424,
      "pair_ap_enrichment": 40.52244186401367,
      "selection_value": 0.1474697081375095
    },
    {
      "epoch": 10,
      "loss": 0.4945176480653367,
      "auprc_micro": 0.5380198817683053,
      "auprc_macro": 0.6121987912956223,
      "auroc_micro": 0.9615886895703332,
      "positive_rate": 0.03161346912384033,
      "ap_enrichment": 17.018692016601562,
      "pair_auprc_micro": 0.0893632439027223,
      "pair_auprc_macro": 0.15070568502053672,
      "pair_positive_rate": 0.0020534154027700424,
      "pair_ap_enrichment": 43.51932144165039,
      "selection_value": 0.15070568502053672
    },
    {
      "epoch": 11,
      "loss": 0.46183019939076536,
      "auprc_micro": 0.541462377870298,
      "auprc_macro": 0.6201642498419666,
      "auroc_micro": 0.960781680374839,
      "positive_rate": 0.03161346912384033,
      "ap_enrichment": 17.12758445739746,
      "pair_auprc_micro": 0.0862875270154588,
      "pair_auprc_macro": 0.1523454597268898,
      "pair_positive_rate": 0.0020534154027700424,
      "pair_ap_enrichment": 42.02146911621094,
      "selection_value": 0.1523454597268898
    },
    {
      "epoch": 12,
      "loss": 0.437677968317504,
      "auprc_micro": 0.542719983066047,
      "auprc_macro": 0.618414588617105,
      "auroc_micro": 0.9623211747006739,
      "positive_rate": 0.03161346912384033,
      "ap_enrichment": 17.1673641204834,
      "pair_auprc_micro": 0.09594443710023519,
      "pair_auprc_macro": 0.1568221536731304,
      "pair_positive_rate": 0.0020534154027700424,
      "pair_ap_enrichment": 46.72431945800781,
      "selection_value": 0.1568221536731304
    },
    {
      "epoch": 13,
      "loss": 0.41075068468910925,
      "auprc_micro": 0.5403348525041408,
      "auprc_macro": 0.6163760849871227,
      "auroc_micro": 0.96249735576235,
      "positive_rate": 0.03161346912384033,
      "ap_enrichment": 17.0919189453125,
      "pair_auprc_micro": 0.1009792200018563,
      "pair_auprc_macro": 0.16547719539260725,
      "pair_positive_rate": 0.0020534154027700424,
      "pair_ap_enrichment": 49.17622375488281,
      "selection_value": 0.16547719539260725
    },
    {
      "epoch": 14,
      "loss": 0.38768643891950044,
      "auprc_micro": 0.5629549597066998,
      "auprc_macro": 0.6341098588339643,
      "auroc_micro": 0.963318245399662,
      "positive_rate": 0.03161346912384033,
      "ap_enrichment": 17.80743980407715,
      "pair_auprc_micro": 0.1013903091099103,
      "pair_auprc_macro": 0.16511374966109993,
      "pair_positive_rate": 0.0020534154027700424,
      "pair_ap_enrichment": 49.37642288208008,
      "selection_value": 0.16511374966109993
    },
    {
      "epoch": 15,
      "loss": 0.36358442483489906,
      "auprc_micro": 0.5735912176918028,
      "auprc_macro": 0.6429426241978053,
      "auroc_micro": 0.9630731070889377,
      "positive_rate": 0.03161346912384033,
      "ap_enrichment": 18.143888473510742,
      "pair_auprc_micro": 0.1013146136766655,
      "pair_auprc_macro": 0.16703580826646336,
      "pair_positive_rate": 0.0020534154027700424,
      "pair_ap_enrichment": 49.339561462402344,
      "selection_value": 0.16703580826646336
    }
  ],
  "conditioned_pair_test": {
    "pair_auprc_micro": 0.0945483808303424,
    "pair_auprc_macro": 0.16329357271901937,
    "pair_positive_rate": 0.0018754277843981981,
    "pair_ap_enrichment": 50.414302825927734
  }
}
