{
  "guardrail": "outer test indices and metrics were not accessed",
  "inner_drug_cold_folds": [
    10,
    10,
    9,
    9,
    9
  ],
  "inner": {
    "R0_mse": 0.23277363047359095,
    "R1_best": {
      "gamma": 1.0,
      "k_drug": 8,
      "min_drug_similarity": 0.2,
      "tau": 0.1,
      "beta": 0.0,
      "clip": 1.0,
      "scale": 1.0,
      "inner_mse": 0.21263521124190074,
      "inner_gain": 0.020138419231690213
    },
    "R2_best": {
      "eta": 1.0,
      "k_protein": 32,
      "min_protein_similarity": 0.4,
      "same_weight": 0.75,
      "inner_mse": 0.2120955030186843,
      "inner_gain_vs_r1": 0.0005397082232164452
    },
    "R2_best_active": {
      "eta": 1.0,
      "k_protein": 32,
      "min_protein_similarity": 0.4,
      "same_weight": 0.75,
      "inner_mse": 0.2120955030186843,
      "inner_gain_vs_r1": 0.0005397082232164452
    }
  },
  "outer_validation": {
    "R0": {
      "mse": 0.6772050433650999,
      "rmse": 0.8229246887565714,
      "mae": 0.6021016838478133,
      "ci": 0.8128497684419509,
      "rm2": 0.41909545503091805,
      "pearson": 0.6771946891579009,
      "spearman": 0.6224163910414163,
      "r2": 0.39727780632271104,
      "bias": 0.22815897854667522
    },
    "R1": {
      "mse": 0.6136161010173478,
      "rmse": 0.7833365183733921,
      "mae": 0.5612365567697641,
      "ci": 0.8194639728576335,
      "rm2": 0.4574993381460329,
      "pearson": 0.6984403890683037,
      "spearman": 0.634089337216542,
      "r2": 0.4538728763106836,
      "bias": 0.17215474764791555
    },
    "R2": {
      "mse": 0.6108651148310291,
      "rmse": 0.7815786043841202,
      "mae": 0.5615525457081915,
      "ci": 0.8200547379999837,
      "rm2": 0.4614836683375833,
      "pearson": 0.6985920064386333,
      "spearman": 0.6350666360153038,
      "r2": 0.45632129344112127,
      "bias": 0.16947641773789876
    },
    "R2_active": {
      "mse": 0.6108651148310291,
      "rmse": 0.7815786043841202,
      "mae": 0.5615525457081915,
      "ci": 0.8200547379999837,
      "rm2": 0.4614836683375833,
      "pearson": 0.6985920064386333,
      "spearman": 0.6350666360153038,
      "r2": 0.45632129344112127,
      "bias": 0.16947641773789876
    },
    "R1_bootstrap": {
      "drugs_improved": 5,
      "drugs_worsened": 1,
      "drug_improvements": [
        0.0500101172850114,
        0.03738873873774143,
        0.004968473940107851,
        0.27838002737121814,
        -0.0023122697417012833,
        0.07668750884188757,
        0.0
      ],
      "macro_improvement": 0.06358894234775216,
      "bootstrap_95_ci": [
        0.011874035856579365,
        0.14061325695561763
      ],
      "bootstrap_probability_positive": 0.99955
    },
    "R2_bootstrap": {
      "drugs_improved": 4,
      "drugs_worsened": 2,
      "drug_improvements": [
        0.0550754775058982,
        0.04483993588659052,
        -0.009320419678417177,
        0.30246840552050736,
        -0.00210705923659386,
        0.0734231597405105,
        0.0
      ],
      "macro_improvement": 0.0663399285340708,
      "bootstrap_95_ci": [
        0.009978156445806187,
        0.15030865226294304
      ],
      "bootstrap_probability_positive": 0.99745
    },
    "R2_active_bootstrap": {
      "drugs_improved": 4,
      "drugs_worsened": 2,
      "drug_improvements": [
        0.0550754775058982,
        0.04483993588659052,
        -0.009320419678417177,
        0.30246840552050736,
        -0.00210705923659386,
        0.0734231597405105,
        0.0
      ],
      "macro_improvement": 0.0663399285340708,
      "bootstrap_95_ci": [
        0.009978156445806187,
        0.15030865226294304
      ],
      "bootstrap_probability_positive": 0.99745
    },
    "R1_correction_abs_mean": 0.11728577320247663,
    "R2_correction_abs_mean": 0.10411048822165166,
    "R2_active_correction_abs_mean": 0.10411048822165166,
    "R1_alpha_mean": 0.35242007894377503,
    "R2_alpha_mean": 0.35242007894377503,
    "R2_active_alpha_mean": 0.35242007894377503,
    "R3_shuffled_KLIFS": {
      "mse_mean": 0.6113137462928331,
      "mse_std": 0.0006166948095536295,
      "mse_min": 0.6103595760855806,
      "mse_max": 0.6124937444872363,
      "real_R2_active_better_than_fraction_of_shuffles": 0.75
    }
  }
}
