{
  "guardrail": "outer test indices and metrics were not accessed",
  "inner_drug_cold_folds": [
    10,
    10,
    10,
    9,
    9
  ],
  "inner": {
    "R0_mse": 0.24471224879655792,
    "R1_best": {
      "gamma": 2.0,
      "k_drug": 4,
      "min_drug_similarity": 0.0,
      "tau": 0.05,
      "beta": 0.5,
      "clip": 1.0,
      "scale": 0.75,
      "inner_mse": 0.2314375729165541,
      "inner_gain": 0.013274675880003833
    },
    "R2_best": {
      "eta": 1.0,
      "k_protein": 4,
      "min_protein_similarity": 0.2,
      "same_weight": 1.0,
      "inner_mse": 0.2314375729165541,
      "inner_gain_vs_r1": 0.0
    },
    "R2_best_active": {
      "eta": 1.0,
      "k_protein": 16,
      "min_protein_similarity": 0.2,
      "same_weight": 0.95,
      "inner_mse": 0.231562076869611,
      "inner_gain_vs_r1": -0.0001245039530569092
    }
  },
  "outer_validation": {
    "R0": {
      "mse": 0.474335458223545,
      "rmse": 0.6887201595884536,
      "mae": 0.42543228749852835,
      "ci": 0.7955535024161378,
      "rm2": 0.31521320857998386,
      "pearson": 0.5621980167952451,
      "spearman": 0.5256717335054248,
      "r2": 0.3158396749726746,
      "bias": -0.01241966640864485
    },
    "R1": {
      "mse": 0.45667178684049803,
      "rmse": 0.6757749528064043,
      "mae": 0.41178623955540444,
      "ci": 0.7973338826946431,
      "rm2": 0.3412196996476841,
      "pearson": 0.5848459027947374,
      "spearman": 0.5281989424234129,
      "r2": 0.34131696735106976,
      "bias": -0.022025291721544195
    },
    "R2": {
      "mse": 0.45667178684049803,
      "rmse": 0.6757749528064043,
      "mae": 0.41178623955540444,
      "ci": 0.7973338826946431,
      "rm2": 0.3412196996476841,
      "pearson": 0.5848459027947374,
      "spearman": 0.5281989424234129,
      "r2": 0.34131696735106976,
      "bias": -0.022025291721544195
    },
    "R2_active": {
      "mse": 0.4573816804308754,
      "rmse": 0.6762999929253847,
      "mae": 0.41212176687952257,
      "ci": 0.7972530349258038,
      "rm2": 0.3402194951887501,
      "pearson": 0.583963596738364,
      "spearman": 0.528122047049482,
      "r2": 0.3402930484744453,
      "bias": -0.021928050674708346
    },
    "R1_bootstrap": {
      "drugs_improved": 5,
      "drugs_worsened": 2,
      "drug_improvements": [
        0.05447116416168645,
        -0.0023826215180121537,
        0.02576059497628023,
        -5.417505702610607e-05,
        0.0024169198170932724,
        0.0017409157035571962,
        0.041692901597750076
      ],
      "macro_improvement": 0.017663671383046996,
      "bootstrap_95_ci": [
        0.0033417707142006014,
        0.034495242850488765
      ],
      "bootstrap_probability_positive": 0.9941
    },
    "R2_bootstrap": {
      "drugs_improved": 5,
      "drugs_worsened": 2,
      "drug_improvements": [
        0.05447116416168645,
        -0.0023826215180121537,
        0.02576059497628023,
        -5.417505702610607e-05,
        0.0024169198170932724,
        0.0017409157035571962,
        0.041692901597750076
      ],
      "macro_improvement": 0.017663671383046996,
      "bootstrap_95_ci": [
        0.0033417707142006014,
        0.034495242850488765
      ],
      "bootstrap_probability_positive": 0.9941
    },
    "R2_active_bootstrap": {
      "drugs_improved": 5,
      "drugs_worsened": 2,
      "drug_improvements": [
        0.0527520720606489,
        -0.0031812524061011643,
        0.025497737758668777,
        -9.353216444659268e-05,
        0.002097912487793965,
        0.0018836313919637366,
        0.03971987542015958
      ],
      "macro_improvement": 0.0169537777926696,
      "bootstrap_95_ci": [
        0.0029932212772743765,
        0.033251159724693335
      ],
      "bootstrap_probability_positive": 0.99075
    },
    "R1_correction_abs_mean": 0.062228949682082854,
    "R2_correction_abs_mean": 0.062228949682082854,
    "R2_active_correction_abs_mean": 0.05978367671482992,
    "R1_alpha_mean": 0.3683391050112557,
    "R2_alpha_mean": 0.3683391050112557,
    "R2_active_alpha_mean": 0.3678153111967875,
    "R3_shuffled_KLIFS": {
      "mse_mean": 0.4572275480159032,
      "mse_std": 6.612236956958373e-05,
      "mse_min": 0.4571214443160915,
      "mse_max": 0.45734172394705386,
      "real_R2_active_better_than_fraction_of_shuffles": 0.0
    }
  }
}
