{
  "guardrail": "outer test indices and metrics were not accessed",
  "inner_drug_cold_folds": [
    10,
    10,
    9,
    9,
    9
  ],
  "inner": {
    "R0_mse": 0.2435885668267087,
    "R1_best": {
      "gamma": 2.0,
      "k_drug": 8,
      "min_drug_similarity": 0.0,
      "tau": 0.05,
      "beta": 0.0,
      "clip": 1.0,
      "scale": 1.0,
      "inner_mse": 0.2261617300053559,
      "inner_gain": 0.01742683682135282
    },
    "R2_best": {
      "eta": 1.0,
      "k_protein": 4,
      "min_protein_similarity": 0.2,
      "same_weight": 1.0,
      "inner_mse": 0.2261617300053559,
      "inner_gain_vs_r1": 0.0
    },
    "R2_best_active": {
      "eta": 1.0,
      "k_protein": 16,
      "min_protein_similarity": 0.2,
      "same_weight": 0.95,
      "inner_mse": 0.22623834675331578,
      "inner_gain_vs_r1": -7.661674795989004e-05
    }
  },
  "outer_validation": {
    "R0": {
      "mse": 0.7725180673946208,
      "rmse": 0.8789300696839429,
      "mae": 0.5480098186497852,
      "ci": 0.7202047436778344,
      "rm2": 0.2521435481443014,
      "pearson": 0.5132802529072892,
      "spearman": 0.38611474287132985,
      "r2": 0.2598052968807474,
      "bias": 0.005046710554984746
    },
    "R1": {
      "mse": 0.7399211297932111,
      "rmse": 0.8601866831061796,
      "mae": 0.5280222335544453,
      "ci": 0.7309425089337662,
      "rm2": 0.28243372204101447,
      "pearson": 0.5417793616870871,
      "spearman": 0.4043852838099932,
      "r2": 0.2910383276263532,
      "bias": 0.0012052454795821728
    },
    "R2": {
      "mse": 0.7399211297932111,
      "rmse": 0.8601866831061796,
      "mae": 0.5280222335544453,
      "ci": 0.7309425089337662,
      "rm2": 0.28243372204101447,
      "pearson": 0.5417793616870871,
      "spearman": 0.4043852838099932,
      "r2": 0.2910383276263532,
      "bias": 0.0012052454795821728
    },
    "R2_active": {
      "mse": 0.7399552055881572,
      "rmse": 0.86020649008721,
      "mae": 0.5283614211142826,
      "ci": 0.7311780499383237,
      "rm2": 0.28254046277008593,
      "pearson": 0.5416615541796298,
      "spearman": 0.40479926427068036,
      "r2": 0.2910056776159674,
      "bias": 0.0016638215568422685
    },
    "R1_bootstrap": {
      "drugs_improved": 6,
      "drugs_worsened": 1,
      "drug_improvements": [
        0.020738148434806532,
        0.04088868487666901,
        0.03610989568980068,
        -0.055262314788805784,
        0.11780243186526072,
        0.06572317239339637,
        0.0021785447387402297
      ],
      "macro_improvement": 0.03259693760140968,
      "bootstrap_95_ci": [
        -0.003880218641210304,
        0.06927692485149327
      ],
      "bootstrap_probability_positive": 0.96065
    },
    "R2_bootstrap": {
      "drugs_improved": 6,
      "drugs_worsened": 1,
      "drug_improvements": [
        0.020738148434806532,
        0.04088868487666901,
        0.03610989568980068,
        -0.055262314788805784,
        0.11780243186526072,
        0.06572317239339637,
        0.0021785447387402297
      ],
      "macro_improvement": 0.03259693760140968,
      "bootstrap_95_ci": [
        -0.003880218641210304,
        0.06927692485149327
      ],
      "bootstrap_probability_positive": 0.96065
    },
    "R2_active_bootstrap": {
      "drugs_improved": 6,
      "drugs_worsened": 1,
      "drug_improvements": [
        0.02041517998886988,
        0.04090120976617912,
        0.03611427054481604,
        -0.05448727938407257,
        0.11595046288096213,
        0.06460507073035714,
        0.004441118118134624
      ],
      "macro_improvement": 0.03256286180646377,
      "bootstrap_95_ci": [
        -0.0033068131441885856,
        0.06843253675711611
      ],
      "bootstrap_probability_positive": 0.9627
    },
    "R1_correction_abs_mean": 0.08469809265553126,
    "R2_correction_abs_mean": 0.08469809265553126,
    "R2_active_correction_abs_mean": 0.081556979431806,
    "R1_alpha_mean": 0.5911658144275181,
    "R2_alpha_mean": 0.5911658144275181,
    "R2_active_alpha_mean": 0.5911658144275181,
    "R3_shuffled_KLIFS": {
      "mse_mean": 0.7405117363536754,
      "mse_std": 4.863425731539983e-05,
      "mse_min": 0.7404084991819736,
      "mse_max": 0.7405893173594467,
      "real_R2_active_better_than_fraction_of_shuffles": 1.0
    }
  }
}
