{
  "guardrail": "outer test indices and metrics were not accessed",
  "inner_drug_cold_folds": [
    10,
    10,
    9,
    9,
    9
  ],
  "inner": {
    "R0_mse": 0.22519017455101556,
    "R1_best": {
      "gamma": 2.0,
      "k_drug": 8,
      "min_drug_similarity": 0.0,
      "tau": 0.05,
      "beta": 0.0,
      "clip": 1.0,
      "scale": 1.0,
      "inner_mse": 0.2095299688527839,
      "inner_gain": 0.01566020569823165
    },
    "R2_best": {
      "eta": 1.0,
      "k_protein": 4,
      "min_protein_similarity": 0.2,
      "same_weight": 1.0,
      "inner_mse": 0.2095299688527839,
      "inner_gain_vs_r1": 0.0
    },
    "R2_best_active": {
      "eta": 1.0,
      "k_protein": 32,
      "min_protein_similarity": 0.2,
      "same_weight": 0.95,
      "inner_mse": 0.20955945519083544,
      "inner_gain_vs_r1": -2.948633805152645e-05
    }
  },
  "outer_validation": {
    "R0": {
      "mse": 0.48946522331543174,
      "rmse": 0.6996179123746273,
      "mae": 0.43143844866490627,
      "ci": 0.7885673040341443,
      "rm2": 0.3410286628645448,
      "pearson": 0.5995077554937404,
      "spearman": 0.5319537584721248,
      "r2": 0.355235673026028,
      "bias": -0.015189340211687045
    },
    "R1": {
      "mse": 0.46135756446112697,
      "rmse": 0.6792330707946478,
      "mae": 0.39779136735891746,
      "ci": 0.7976434972957164,
      "rm2": 0.3792909896766588,
      "pearson": 0.6341095895959363,
      "spearman": 0.5460318527381329,
      "r2": 0.39226142047597645,
      "bias": -0.061119373187202945
    },
    "R2": {
      "mse": 0.46135756446112697,
      "rmse": 0.6792330707946478,
      "mae": 0.39779136735891746,
      "ci": 0.7976434972957164,
      "rm2": 0.3792909896766588,
      "pearson": 0.6341095895959363,
      "spearman": 0.5460318527381329,
      "r2": 0.39226142047597645,
      "bias": -0.061119373187202945
    },
    "R2_active": {
      "mse": 0.4619461293682046,
      "rmse": 0.6796661896609281,
      "mae": 0.3982354745650545,
      "ci": 0.7978157991424827,
      "rm2": 0.3783351638122301,
      "pearson": 0.6335845933191663,
      "spearman": 0.546396429059895,
      "r2": 0.3914861137981661,
      "bias": -0.06097472396088842
    },
    "R1_bootstrap": {
      "drugs_improved": 5,
      "drugs_worsened": 2,
      "drug_improvements": [
        0.07823220404470034,
        0.00874034666726682,
        -0.004780483020644294,
        0.016642474287707886,
        0.037619116273160086,
        -0.0011966557559281164,
        0.06149660948387115
      ],
      "macro_improvement": 0.02810765885430484,
      "bootstrap_95_ci": [
        0.0071350032194182345,
        0.0509142935818277
      ],
      "bootstrap_probability_positive": 0.9985
    },
    "R2_bootstrap": {
      "drugs_improved": 5,
      "drugs_worsened": 2,
      "drug_improvements": [
        0.07823220404470034,
        0.00874034666726682,
        -0.004780483020644294,
        0.016642474287707886,
        0.037619116273160086,
        -0.0011966557559281164,
        0.06149660948387115
      ],
      "macro_improvement": 0.02810765885430484,
      "bootstrap_95_ci": [
        0.0071350032194182345,
        0.0509142935818277
      ],
      "bootstrap_probability_positive": 0.9985
    },
    "R2_active_bootstrap": {
      "drugs_improved": 5,
      "drugs_worsened": 2,
      "drug_improvements": [
        0.07720487689667486,
        0.008933252644029398,
        -0.005190333140854325,
        0.015872514983423878,
        0.03598197648630565,
        -0.0008078219682011898,
        0.06063919172921129
      ],
      "macro_improvement": 0.02751909394722708,
      "bootstrap_95_ci": [
        0.006970204842235412,
        0.05018289092952124
      ],
      "bootstrap_probability_positive": 0.99845
    },
    "R1_correction_abs_mean": 0.0891909608582307,
    "R2_correction_abs_mean": 0.0891909608582307,
    "R2_active_correction_abs_mean": 0.08645439127602535,
    "R1_alpha_mean": 0.5714915500631874,
    "R2_alpha_mean": 0.5714915500631874,
    "R2_active_alpha_mean": 0.5714915500631874,
    "R3_shuffled_KLIFS": {
      "mse_mean": 0.46217497303344884,
      "mse_std": 5.2556092354464425e-05,
      "mse_min": 0.4620307483287158,
      "mse_max": 0.4622599369963049,
      "real_R2_active_better_than_fraction_of_shuffles": 1.0
    }
  }
}
