{
  "guardrail": "outer test indices and metrics were not accessed",
  "inner_drug_cold_folds": [
    10,
    10,
    9,
    9,
    9
  ],
  "inner": {
    "R0_mse": 0.2251901749729144,
    "R1_best": {
      "gamma": 2.0,
      "k_drug": 8,
      "min_drug_similarity": 0.0,
      "tau": 0.05,
      "beta": 0.0,
      "clip": 1.0,
      "scale": 1.0,
      "inner_mse": 0.20952996935402907,
      "inner_gain": 0.015660205618885342
    },
    "R2_best": {
      "eta": 1.0,
      "k_protein": 32,
      "min_protein_similarity": 0.2,
      "same_weight": 0.75,
      "inner_mse": 0.21019256326133118,
      "inner_gain_vs_r1": -0.0006625939073021114
    }
  },
  "outer_validation": {
    "R0": {
      "mse": 0.489465227896035,
      "rmse": 0.6996179156482737,
      "mae": 0.4314384503601903,
      "ci": 0.7885622123720057,
      "rm2": 0.34102865867767085,
      "pearson": 0.5995077496596151,
      "spearman": 0.5319472626673567,
      "r2": 0.3552356669920761,
      "bias": -0.01518933974933686
    },
    "R1": {
      "mse": 0.46135756681924095,
      "rmse": 0.6792330725305129,
      "mae": 0.3977913683777977,
      "ci": 0.7976434972957164,
      "rm2": 0.3792909879394144,
      "pearson": 0.6341095864752679,
      "spearman": 0.546031752246353,
      "r2": 0.39226141736967246,
      "bias": -0.06111937253669459
    },
    "R2": {
      "mse": 0.4654588026405611,
      "rmse": 0.6822454123265037,
      "mae": 0.4006583734054409,
      "ci": 0.7974284254869869,
      "rm2": 0.37358863560345545,
      "pearson": 0.6300336106056261,
      "spearman": 0.546232080352758,
      "r2": 0.3868589282281898,
      "bias": -0.060308449633957845
    },
    "R1_bootstrap": {
      "drugs_improved": 5,
      "drugs_worsened": 2,
      "drug_improvements": [
        0.07823220661021874,
        0.008740345637564555,
        -0.004780480153861137,
        0.016642472439574084,
        0.037619122462745735,
        -0.0011966535346404138,
        0.06149661407595691
      ],
      "macro_improvement": 0.02810766107679407,
      "bootstrap_95_ci": [
        0.0071350030691599365,
        0.0509142963361774
      ],
      "bootstrap_probability_positive": 0.9985
    },
    "R2_bootstrap": {
      "drugs_improved": 6,
      "drugs_worsened": 1,
      "drug_improvements": [
        0.06937641838861913,
        0.009602487965809457,
        -0.00767406961398638,
        0.012288952564842474,
        0.02889283268509165,
        0.00032204263324914293,
        0.055236312164691936
      ],
      "macro_improvement": 0.024006425255473914,
      "bootstrap_95_ci": [
        0.005250413816259395,
        0.044601872511148395
      ],
      "bootstrap_probability_positive": 0.99665
    },
    "R1_correction_abs_mean": 0.08919096167270146,
    "R2_correction_abs_mean": 0.07563645953907804,
    "R1_alpha_mean": 0.5714915500631874,
    "R2_alpha_mean": 0.5714915500631874,
    "R3_shuffled_KLIFS": {
      "mse_mean": 0.466549831375937,
      "mse_std": 0.0002614658935140744,
      "mse_min": 0.465845478523404,
      "mse_max": 0.46701562154716714,
      "real_R2_better_than_fraction_of_shuffles": 1.0
    }
  }
}
