{
  "guardrail": "outer test indices and metrics were not accessed",
  "inner_drug_cold_folds": [
    10,
    10,
    10,
    9,
    9
  ],
  "inner": {
    "R0_mse": 0.45689746857478764,
    "R1_best": {
      "gamma": 2.0,
      "k_drug": 4,
      "min_drug_similarity": 0.0,
      "tau": 0.05,
      "beta": 0.0,
      "clip": 1.0,
      "scale": 1.0,
      "inner_mse": 0.37332305618712935,
      "inner_gain": 0.08357441238765828
    },
    "R2_best": {
      "eta": 1.0,
      "k_protein": 32,
      "min_protein_similarity": 0.2,
      "same_weight": 0.9,
      "inner_mse": 0.3728826241039122,
      "inner_gain_vs_r1": 0.000440432083217146
    },
    "R2_best_active": {
      "eta": 1.0,
      "k_protein": 32,
      "min_protein_similarity": 0.2,
      "same_weight": 0.9,
      "inner_mse": 0.3728826241039122,
      "inner_gain_vs_r1": 0.000440432083217146
    }
  },
  "outer_validation": {
    "R0": {
      "mse": 0.7334100130850374,
      "rmse": 0.8563936087366821,
      "mae": 0.5281326393196486,
      "ci": 0.5577003615193201,
      "rm2": 0.01523592931674337,
      "pearson": 0.1404000376293154,
      "spearman": 0.10068940303383248,
      "r2": -0.2410073799932173,
      "bias": 0.052394899307872375
    },
    "R1": {
      "mse": 0.6692296481222448,
      "rmse": 0.8180645745430154,
      "mae": 0.5110901953117575,
      "ci": 0.6378355791351706,
      "rm2": 0.07800284869614284,
      "pearson": 0.2871849297598156,
      "spearman": 0.24064535354291014,
      "r2": -0.13240740842417797,
      "bias": 0.10685403130378507
    },
    "R2": {
      "mse": 0.6700819449752121,
      "rmse": 0.8185853315172537,
      "mae": 0.5120372842392495,
      "ci": 0.637198225268792,
      "rm2": 0.07654792840499883,
      "pearson": 0.28485059799624435,
      "spearman": 0.23952175156405806,
      "r2": -0.13384958492246213,
      "bias": 0.10965479692334143
    },
    "R2_active": {
      "mse": 0.6700819449752121,
      "rmse": 0.8185853315172537,
      "mae": 0.5120372842392495,
      "ci": 0.637198225268792,
      "rm2": 0.07654792840499883,
      "pearson": 0.28485059799624435,
      "spearman": 0.23952175156405806,
      "r2": -0.13384958492246213,
      "bias": 0.10965479692334143
    },
    "R1_bootstrap": {
      "drugs_improved": 6,
      "drugs_worsened": 1,
      "drug_improvements": [
        0.04799830742712646,
        0.024297001502777835,
        0.02734798471947099,
        0.007839275256128245,
        0.16473950200738427,
        0.24256695446582163,
        -0.06552647063916053
      ],
      "macro_improvement": 0.0641803649627927,
      "bootstrap_95_ci": [
        -0.001193318626040081,
        0.14172623700774636
      ],
      "bootstrap_probability_positive": 0.9732
    },
    "R2_bootstrap": {
      "drugs_improved": 6,
      "drugs_worsened": 1,
      "drug_improvements": [
        0.049345770775370314,
        0.021016931661081782,
        0.028550861864001808,
        0.007756877284908791,
        0.16220704001228126,
        0.24009624869043605,
        -0.0656772535193029
      ],
      "macro_improvement": 0.0633280681098253,
      "bootstrap_95_ci": [
        -0.0016001519992973345,
        0.14020133576914903
      ],
      "bootstrap_probability_positive": 0.9718
    },
    "R2_active_bootstrap": {
      "drugs_improved": 6,
      "drugs_worsened": 1,
      "drug_improvements": [
        0.049345770775370314,
        0.021016931661081782,
        0.028550861864001808,
        0.007756877284908791,
        0.16220704001228126,
        0.24009624869043605,
        -0.0656772535193029
      ],
      "macro_improvement": 0.0633280681098253,
      "bootstrap_95_ci": [
        -0.0016001519992973345,
        0.14020133576914903
      ],
      "bootstrap_probability_positive": 0.9718
    },
    "R1_correction_abs_mean": 0.13531291993218453,
    "R2_correction_abs_mean": 0.12834191688884497,
    "R2_active_correction_abs_mean": 0.12834191688884497,
    "R1_alpha_mean": 0.5398653538484606,
    "R2_alpha_mean": 0.5398653538484606,
    "R2_active_alpha_mean": 0.5398653538484606,
    "R3_shuffled_KLIFS": {
      "mse_mean": 0.6716201028597506,
      "mse_std": 0.00023032817763031575,
      "mse_min": 0.6711885900443335,
      "mse_max": 0.671979201334054,
      "real_R2_active_better_than_fraction_of_shuffles": 1.0
    }
  }
}
