You are using the default legacy behaviour of the <class 'transformers.models.t5.tokenization_t5.T5Tokenizer'>. This is expected, and simply means that the `legacy` (previous) behavior will be used so nothing changes for you. If you want to use the new behaviour, set `legacy=False`. This should only be set if you understand what it means, and thoroughly read the reason why this was added as explained in https://github.com/huggingface/transformers/pull/24565
/data1/ztx/.conda/envs/dtbind/lib/python3.9/site-packages/torch/_utils.py:831: UserWarning: TypedStorage is deprecated. It will be removed in the future and UntypedStorage will be the only storage class. This should only matter to you if you are using storages directly.  To access UntypedStorage directly, use tensor.untyped_storage() instead of tensor.storage()
  return self.fget.__get__(instance, owner)()
[1/379] 11ca046dbc length=961 ids=1 chunks=2
[2/379] cd6a78b82f length=1167 ids=15 chunks=2
[3/379] e92517847a length=1167 ids=1 chunks=2
[4/379] 7c2a7bcf3a length=509 ids=1 chunks=1
[5/379] 5435d9cbb7 length=505 ids=1 chunks=1
[6/379] 6283e1d55a length=513 ids=1 chunks=1
[7/379] 3f5bc742b8 length=512 ids=1 chunks=1
[8/379] 41225f390d length=503 ids=1 chunks=1
[9/379] fc46c522dd length=647 ids=1 chunks=1
[10/379] 75ba1d9bc7 length=544 ids=1 chunks=1
[11/379] 51db38ca00 length=480 ids=1 chunks=1
[12/379] 31df09ee54 length=481 ids=1 chunks=1
[13/379] 7807e89634 length=479 ids=1 chunks=1
[14/379] 74716bef5c length=1620 ids=1 chunks=2
[15/379] 2898de6836 length=559 ids=1 chunks=1
[16/379] 30d7099d81 length=552 ids=1 chunks=1
[17/379] db526b2423 length=765 ids=1 chunks=1
[18/379] 3e47834d60 length=661 ids=1 chunks=1
[19/379] acb6bfceb0 length=1374 ids=1 chunks=2
[20/379] 1d62a832e1 length=1288 ids=1 chunks=2
[21/379] 5809e33f83 length=403 ids=1 chunks=1
[22/379] 0f99982b54 length=344 ids=1 chunks=1
[23/379] 652e9b375d length=309 ids=1 chunks=1
[24/379] b378c692fe length=894 ids=1 chunks=1
[25/379] 04770a360e length=1161 ids=1 chunks=2
[26/379] 3fe69d02c7 length=599 ids=1 chunks=1
[27/379] 2d43213963 length=532 ids=1 chunks=1
[28/379] ce1def7aae length=502 ids=1 chunks=1
[29/379] 8cf7ac731c length=1038 ids=1 chunks=2
[30/379] 20a66d0cd8 length=675 ids=1 chunks=1
[31/379] 1a1d669b06 length=766 ids=2 chunks=1
[32/379] 72ae3fbfaa length=451 ids=1 chunks=1
[33/379] 03dae8d185 length=778 ids=1 chunks=1
[34/379] cf90d0333d length=736 ids=1 chunks=1
[35/379] bd6a787d17 length=483 ids=1 chunks=1
[36/379] ff095c6531 length=370 ids=1 chunks=1
[37/379] 24f0eb7493 length=385 ids=1 chunks=1
[38/379] aa8c66ada2 length=476 ids=1 chunks=1
[39/379] d9fed01487 length=478 ids=1 chunks=1
[40/379] 0d1841c359 length=666 ids=1 chunks=1
[41/379] 4cd6d2c5f2 length=499 ids=1 chunks=1
[42/379] 5507a65734 length=558 ids=1 chunks=1
[43/379] dfea0feeb9 length=473 ids=1 chunks=1
[44/379] 2d4d469c8e length=505 ids=1 chunks=1
[45/379] dac286728e length=588 ids=1 chunks=1
[46/379] 3e12dee9f2 length=926 ids=1 chunks=2
[47/379] e392ad4c72 length=542 ids=1 chunks=1
[48/379] 900f3b5886 length=475 ids=1 chunks=1
[49/379] 4fcfaeedb0 length=324 ids=1 chunks=1
[50/379] dc5838d47c length=502 ids=1 chunks=1
[51/379] fe22d91e18 length=298 ids=1 chunks=1
[52/379] 9c4ba426b4 length=305 ids=1 chunks=1
[53/379] 94f997e8d7 length=303 ids=2 chunks=1
[54/379] eaac9e9e76 length=292 ids=1 chunks=1
[55/379] 2a5c317329 length=346 ids=1 chunks=1
[56/379] 94598ef6b3 length=464 ids=1 chunks=1
[57/379] 2709b18243 length=372 ids=1 chunks=1
[58/379] f0788b1b2c length=357 ids=1 chunks=1
[59/379] 0bcb9f8ad7 length=493 ids=1 chunks=1
[60/379] 5b4f4efcb9 length=592 ids=1 chunks=1
[61/379] c2cc40d337 length=1030 ids=1 chunks=2
[62/379] a43bba7251 length=476 ids=1 chunks=1
[63/379] e81f5dcd44 length=543 ids=1 chunks=1
[64/379] 1a318e559e length=2027 ids=1 chunks=3
[65/379] f3b618f7f5 length=484 ids=1 chunks=1
[66/379] c1d8460d51 length=499 ids=1 chunks=1
[67/379] aed507009f length=638 ids=1 chunks=1
[68/379] fb1c78adff length=481 ids=1 chunks=1
[69/379] 52b1cbc0ca length=972 ids=1 chunks=2
[70/379] 7c626d67b7 length=450 ids=1 chunks=1
[71/379] ca3117b7ef length=337 ids=1 chunks=1
[72/379] 9349c99a3c length=337 ids=1 chunks=1
[73/379] 7f1f4116d6 length=415 ids=1 chunks=1
[74/379] 2546fc8eb8 length=416 ids=1 chunks=1
[75/379] 020c11b842 length=422 ids=1 chunks=1
[76/379] 01e988a935 length=415 ids=1 chunks=1
[77/379] 38c6292eba length=447 ids=1 chunks=1
[78/379] f76d4444f8 length=391 ids=1 chunks=1
[79/379] eb840b9a76 length=350 ids=1 chunks=1
[80/379] a04a1363e0 length=507 ids=1 chunks=1
[81/379] 12bb6deb5f length=1430 ids=1 chunks=2
[82/379] 13b123fd9e length=370 ids=1 chunks=1
[83/379] ceb79f61e9 length=454 ids=1 chunks=1
[84/379] 8cd938d461 length=740 ids=1 chunks=1
[85/379] 3084fcf25d length=766 ids=1 chunks=1
[86/379] c4fd525d2e length=648 ids=1 chunks=1
[87/379] 8668509c1c length=913 ids=1 chunks=2
[88/379] 39060bb69c length=855 ids=1 chunks=1
[89/379] b43db80f7a length=859 ids=1 chunks=1
[90/379] 16bd82a74c length=629 ids=1 chunks=1
[91/379] 8f2c7bcd0d length=1551 ids=1 chunks=2
[92/379] 50a1e4437a length=414 ids=1 chunks=1
[93/379] 7209896025 length=372 ids=1 chunks=1
[94/379] ca8783b805 length=763 ids=1 chunks=1
[95/379] 5bda1d18e5 length=629 ids=1 chunks=1
[96/379] ccfc4c4c3d length=601 ids=1 chunks=1
[97/379] dbb4583267 length=1210 ids=12 chunks=2
[98/379] 98784d985d length=630 ids=1 chunks=1
[99/379] 6aa120b03b length=976 ids=1 chunks=2
[100/379] 29416c9490 length=976 ids=1 chunks=2
[101/379] e057b1fe7d length=983 ids=1 chunks=2
[102/379] 6db6f571bc length=986 ids=1 chunks=2
[103/379] e684a128da length=1017 ids=1 chunks=2
[104/379] 4f492192d1 length=547 ids=1 chunks=1
[105/379] 534c81103e length=998 ids=1 chunks=2
[106/379] 68cf89e2fc length=1005 ids=1 chunks=2
[107/379] 30af96ec58 length=984 ids=1 chunks=2
[108/379] bb0857cf61 length=482 ids=1 chunks=1
[109/379] ca6c22ceca length=998 ids=1 chunks=2
[110/379] 12ed045d25 length=935 ids=1 chunks=2
[111/379] aeca0a294d length=1021 ids=1 chunks=2
[112/379] a5f256fc65 length=1255 ids=1 chunks=2
[113/379] 17edac2fa0 length=1342 ids=1 chunks=2
[114/379] 1d456f9470 length=1308 ids=1 chunks=2
[115/379] ea70f94ced length=379 ids=1 chunks=1
[116/379] 1670aefbe2 length=360 ids=1 chunks=1
[117/379] 420762f293 length=721 ids=1 chunks=1
[118/379] b8a547ab8a length=587 ids=1 chunks=1
[119/379] 47d59ba657 length=816 ids=1 chunks=1
[120/379] dbab3d6158 length=544 ids=1 chunks=1
[121/379] 22c28aa52b length=977 ids=1 chunks=2
[122/379] e08a297f1b length=1074 ids=1 chunks=2
[123/379] f230056fbc length=822 ids=1 chunks=1
[124/379] 79b3c7fd58 length=822 ids=1 chunks=1
[125/379] ef0ddbb0ba length=822 ids=1 chunks=1
[126/379] c81b4e9e80 length=821 ids=1 chunks=1
[127/379] 32941f1180 length=480 ids=2 chunks=1
[128/379] defa1995fb length=802 ids=1 chunks=1
[129/379] c160dfbcae length=529 ids=1 chunks=1
[130/379] cabcd0382e length=1338 ids=1 chunks=2
[131/379] 68d60cea30 length=993 ids=7 chunks=2
[132/379] e269bc198c length=1363 ids=1 chunks=2
[133/379] 266e943682 length=505 ids=1 chunks=1
[134/379] a25f82cd1b length=537 ids=1 chunks=1
[135/379] 1553956e21 length=1311 ids=1 chunks=2
[136/379] d6b21b1330 length=1649 ids=1 chunks=2
[137/379] 874e067cd3 length=563 ids=1 chunks=1
[138/379] 8cfa67cb15 length=578 ids=1 chunks=1
[139/379] 7ff901d16f length=553 ids=1 chunks=1
[140/379] 67ced0ee45 length=483 ids=1 chunks=1
[141/379] 2ca842f3e7 length=420 ids=1 chunks=1
[142/379] bd65d9ee0f length=526 ids=1 chunks=1
[143/379] e0a2015a17 length=1210 ids=1 chunks=2
[144/379] 6c90b63472 length=1198 ids=1 chunks=2
[145/379] ee92eb3a5f length=1215 ids=1 chunks=2
[146/379] f400da208a length=616 ids=1 chunks=1
[147/379] fa0f51b852 length=833 ids=1 chunks=1
[148/379] ba2cffdae8 length=714 ids=1 chunks=1
[149/379] 8c250a7cb4 length=632 ids=1 chunks=1
[150/379] e11a8ca0d0 length=1367 ids=1 chunks=2
[151/379] 66a19d6e61 length=745 ids=1 chunks=1
[152/379] 22705f5590 length=756 ids=1 chunks=1
[153/379] 0485206622 length=716 ids=1 chunks=1
[154/379] 90397a156f length=1382 ids=1 chunks=2
[155/379] ea702ed472 length=1297 ids=1 chunks=2
[156/379] 920d53f2ba length=712 ids=1 chunks=1
[157/379] a0818bc319 length=596 ids=1 chunks=1
[158/379] d1e98792da length=460 ids=1 chunks=1
[159/379] 33e035b87b length=620 ids=1 chunks=1
[160/379] 1c6644344a length=1154 ids=2 chunks=2
[161/379] 21017319c2 length=1132 ids=1 chunks=2
[162/379] 18a68eca96 length=1124 ids=1 chunks=2
[163/379] e21eccad4a length=427 ids=1 chunks=1
[164/379] 91879df6c5 length=424 ids=1 chunks=1
[165/379] 808152c23d length=464 ids=1 chunks=1
[166/379] 7b430dd488 length=976 ids=8 chunks=2
[167/379] 41fa1f6aca length=1130 ids=1 chunks=2
[168/379] c69f49119b length=1088 ids=1 chunks=2
[169/379] 01b6c32eee length=509 ids=1 chunks=1
[170/379] d71276014f length=647 ids=1 chunks=1
[171/379] bf25d3f0fd length=638 ids=1 chunks=1
[172/379] 07709ab07a length=433 ids=1 chunks=1
[173/379] 9283e9c316 length=968 ids=1 chunks=2
[174/379] f6fea4a0ec length=2527 ids=2 chunks=4
[175/379] f8ee24a43b length=864 ids=1 chunks=1
[176/379] fac030ccab length=582 ids=1 chunks=1
[177/379] 4b73868ce0 length=966 ids=1 chunks=2
[178/379] 52167ce29e length=623 ids=1 chunks=1
[179/379] 38d1f3c132 length=1512 ids=1 chunks=2
[180/379] be5291d8ec length=1313 ids=1 chunks=2
[181/379] 7e89c129d9 length=619 ids=1 chunks=1
[182/379] 3032044b7f length=626 ids=1 chunks=1
[183/379] 8aae9e0b61 length=1608 ids=1 chunks=2
[184/379] 0f00e3194c length=820 ids=1 chunks=1
[185/379] b334e4cd83 length=894 ids=1 chunks=1
[186/379] 1e78044e6a length=1273 ids=1 chunks=2
[187/379] c63e8666c2 length=846 ids=1 chunks=1
[188/379] df15bebcba length=400 ids=1 chunks=1
[189/379] 528542a10f length=473 ids=1 chunks=1
[190/379] 176199afb7 length=795 ids=1 chunks=1
[191/379] e4bd168771 length=788 ids=1 chunks=1
[192/379] 10093b04df length=753 ids=1 chunks=1
[193/379] 77dd8ddd63 length=752 ids=1 chunks=1
[194/379] 8ea18cfc19 length=1570 ids=1 chunks=2
[195/379] 9467381947 length=393 ids=1 chunks=1
[196/379] 679986c39e length=400 ids=1 chunks=1
[197/379] e2092aa1b6 length=347 ids=1 chunks=1
[198/379] 80a46db33a length=399 ids=1 chunks=1
[199/379] 673349c5c8 length=448 ids=1 chunks=1
[200/379] de9ec681ea length=334 ids=1 chunks=1
[201/379] aad72692f5 length=651 ids=1 chunks=1
[202/379] aa54247704 length=999 ids=1 chunks=2
[203/379] cc24e8701a length=1390 ids=3 chunks=2
[204/379] 025f53bb7b length=1332 ids=1 chunks=2
[205/379] 074cc29440 length=419 ids=1 chunks=1
[206/379] c4b68f41bd length=465 ids=1 chunks=1
[207/379] 00faf52e87 length=465 ids=1 chunks=1
[208/379] 174b4410f1 length=819 ids=1 chunks=1
[209/379] 6d5dc04636 length=1104 ids=1 chunks=2
[210/379] 2217216aa2 length=954 ids=1 chunks=2
[211/379] 1a32a0b33e length=847 ids=1 chunks=1
[212/379] 5882afba17 length=1732 ids=1 chunks=3
[213/379] 2c8cd04b05 length=1711 ids=1 chunks=3
[214/379] ce82b81a83 length=487 ids=1 chunks=1
[215/379] d0d8424eae length=1400 ids=1 chunks=2
[216/379] a4780e73fe length=491 ids=1 chunks=1
[217/379] 371e6f722d length=443 ids=1 chunks=1
[218/379] a8e0cdc8a5 length=416 ids=1 chunks=1
[219/379] 14c12f3038 length=2549 ids=1 chunks=4
[220/379] 744d5ccf2c length=869 ids=1 chunks=1
[221/379] 02cd9fe282 length=1914 ids=1 chunks=3
[222/379] 6131006c80 length=596 ids=1 chunks=1
[223/379] a0211a13e6 length=388 ids=1 chunks=1
[224/379] 967065e528 length=1616 ids=1 chunks=2
[225/379] 60697d1117 length=1341 ids=1 chunks=2
[226/379] fe6c53c334 length=465 ids=1 chunks=1
[227/379] e95b3a9a7c length=464 ids=1 chunks=1
[228/379] cab46bc57a length=1258 ids=1 chunks=2
[229/379] bb4e53ed19 length=645 ids=1 chunks=1
[230/379] 09e2570634 length=445 ids=1 chunks=1
[231/379] 77613817c2 length=506 ids=1 chunks=1
[232/379] 3041fb64e0 length=451 ids=1 chunks=1
[233/379] c03814bfe1 length=708 ids=1 chunks=1
[234/379] c2d6700440 length=313 ids=1 chunks=1
[235/379] 2e6f3ed3b3 length=302 ids=1 chunks=1
[236/379] 86474905e2 length=979 ids=1 chunks=2
[237/379] 17398e582c length=436 ids=1 chunks=1
[238/379] df971a35c6 length=527 ids=1 chunks=1
[239/379] 841f0c04e7 length=527 ids=1 chunks=1
[240/379] 539a4d890a length=360 ids=1 chunks=1
[241/379] c6506b4a93 length=364 ids=1 chunks=1
[242/379] d2eed47a9a length=365 ids=1 chunks=1
[243/379] ed5a02452f length=367 ids=1 chunks=1
[244/379] d2c9df3d75 length=545 ids=1 chunks=1
[245/379] d6ded8ee98 length=524 ids=1 chunks=1
[246/379] ccb87238f4 length=559 ids=1 chunks=1
[247/379] 261a58d7e6 length=591 ids=1 chunks=1
[248/379] 921eaccadd length=681 ids=1 chunks=1
[249/379] 4a46219543 length=719 ids=1 chunks=1
[250/379] b6c2adde00 length=448 ids=1 chunks=1
[251/379] c35bb5e9e4 length=523 ids=1 chunks=1
[252/379] 2f643f82b4 length=436 ids=1 chunks=1
[253/379] 96a4d83a02 length=1089 ids=1 chunks=2
[254/379] b3b23e6767 length=777 ids=1 chunks=1
[255/379] 7a35c5b400 length=556 ids=1 chunks=1
[256/379] 0c6c94d926 length=524 ids=1 chunks=1
[257/379] e609bdeadf length=288 ids=1 chunks=1
[258/379] f418bc4037 length=435 ids=1 chunks=1
[259/379] ec0e3ef756 length=469 ids=1 chunks=1
[260/379] c03468fb00 length=387 ids=1 chunks=1
[261/379] 0d371734a1 length=406 ids=1 chunks=1
[262/379] c4a41123ce length=1634 ids=1 chunks=2
[263/379] 871a28c2e8 length=1445 ids=1 chunks=2
[264/379] e6968a5ed4 length=1069 ids=10 chunks=2
[265/379] 549e89f067 length=1070 ids=1 chunks=2
[266/379] f3c1cbb6ec length=1044 ids=1 chunks=2
[267/379] 8caecf83df length=1102 ids=1 chunks=2
[268/379] 3a90716138 length=816 ids=1 chunks=1
[269/379] 35409fcf5a length=404 ids=1 chunks=1
[270/379] 0eea428f86 length=311 ids=1 chunks=1
[271/379] 35bb7bd3d3 length=326 ids=1 chunks=1
[272/379] f1f605a668 length=562 ids=1 chunks=1
[273/379] e5c7d27d60 length=668 ids=1 chunks=1
[274/379] acc0c2a72c length=416 ids=1 chunks=1
[275/379] 7c1523d7d6 length=421 ids=1 chunks=1
[276/379] 9cafdd1d4f length=351 ids=1 chunks=1
[277/379] dad718e88c length=351 ids=1 chunks=1
[278/379] 2cab22d839 length=499 ids=1 chunks=1
[279/379] a7001577aa length=942 ids=1 chunks=2
[280/379] a9dd7027d2 length=984 ids=1 chunks=2
[281/379] 5f53bbc1e3 length=626 ids=1 chunks=1
[282/379] 03bfae282c length=603 ids=1 chunks=1
[283/379] d3fb27d137 length=685 ids=1 chunks=1
[284/379] 87fcff83bb length=646 ids=1 chunks=1
[285/379] 4793c5b0a3 length=970 ids=1 chunks=2
[286/379] a27be17730 length=676 ids=1 chunks=1
[287/379] c13770c67c length=737 ids=1 chunks=1
[288/379] 6b12ced222 length=683 ids=1 chunks=1
[289/379] c49843bfec length=596 ids=1 chunks=1
[290/379] b660eba59b length=706 ids=1 chunks=1
[291/379] 477a2267d8 length=912 ids=1 chunks=2
[292/379] 42ab77c39f length=878 ids=1 chunks=1
[293/379] 1384ba2a36 length=890 ids=1 chunks=1
[294/379] 302cee0ea5 length=671 ids=1 chunks=1
[295/379] 5d78401928 length=762 ids=1 chunks=1
[296/379] 2f89df522b length=513 ids=1 chunks=1
[297/379] 9275face74 length=358 ids=1 chunks=1
[298/379] d985b6fdf8 length=1007 ids=1 chunks=2
[299/379] 87744367b8 length=1009 ids=1 chunks=2
[300/379] db47f05a0d length=1263 ids=1 chunks=2
[301/379] cccfc1d98e length=648 ids=1 chunks=1
[302/379] 40a9dcc921 length=458 ids=4 chunks=1
[303/379] 3c7a72220a length=568 ids=1 chunks=1
[304/379] 2a0f0de1b3 length=552 ids=1 chunks=1
[305/379] d58a362e7e length=519 ids=1 chunks=1
[306/379] a5738db82a length=671 ids=1 chunks=1
[307/379] d9fc79386f length=540 ids=1 chunks=1
[308/379] 2556f0612e length=784 ids=1 chunks=1
[309/379] 122a2d335a length=929 ids=1 chunks=2
[310/379] ea604ed720 length=1354 ids=1 chunks=2
[311/379] 023afb2666 length=703 ids=1 chunks=1
[312/379] cf559ca22e length=2347 ids=1 chunks=3
[313/379] a2963df65d length=772 ids=2 chunks=1
[314/379] 45851e9da0 length=802 ids=2 chunks=1
[315/379] 8dda7af515 length=735 ids=2 chunks=1
[316/379] 49fe047bcb length=740 ids=1 chunks=1
[317/379] 9bb9c74e2a length=733 ids=2 chunks=1
[318/379] 92423b4891 length=745 ids=2 chunks=1
[319/379] 5108f141bd length=525 ids=1 chunks=1
[320/379] d4450542c1 length=424 ids=1 chunks=1
[321/379] 40aac23a59 length=359 ids=1 chunks=1
[322/379] 0297752cbb length=496 ids=1 chunks=1
[323/379] 36d163943c length=783 ids=1 chunks=1
[324/379] c3baf5e4c9 length=926 ids=1 chunks=2
[325/379] da80bd451c length=1235 ids=1 chunks=2
[326/379] 8366447793 length=628 ids=1 chunks=1
[327/379] eb6eb28a97 length=765 ids=1 chunks=1
[328/379] bfb0c69149 length=536 ids=1 chunks=1
[329/379] 58956edc77 length=488 ids=1 chunks=1
[330/379] 76ae1a18d7 length=655 ids=1 chunks=1
[331/379] 41b7f83599 length=688 ids=1 chunks=1
[332/379] 64d713cf95 length=567 ids=1 chunks=1
[333/379] e380a75240 length=305 ids=1 chunks=1
[334/379] 2be1095d98 length=514 ids=1 chunks=1
[335/379] fcf2e5d457 length=534 ids=1 chunks=1
[336/379] 278a94be80 length=1315 ids=1 chunks=2
[337/379] dffd510804 length=545 ids=1 chunks=1
[338/379] 52dacce1dd length=635 ids=1 chunks=1
[339/379] ee8f636b23 length=606 ids=1 chunks=1
[340/379] 3d64f6b210 length=1001 ids=1 chunks=2
[341/379] d910f06f36 length=1235 ids=1 chunks=2
[342/379] 59e4adea35 length=898 ids=1 chunks=1
[343/379] 90bedea8f8 length=729 ids=1 chunks=1
[344/379] 21ea1d5dff length=631 ids=1 chunks=1
[345/379] 7dc5c11913 length=244 ids=1 chunks=1
[346/379] 639fec5897 length=503 ids=1 chunks=1
[347/379] 1b068d99d6 length=567 ids=1 chunks=1
[348/379] cc60094ef6 length=1138 ids=1 chunks=2
[349/379] 2a47797950 length=1157 ids=1 chunks=2
[350/379] 8337c49698 length=766 ids=1 chunks=1
[351/379] 4823d960eb length=772 ids=1 chunks=1
[352/379] 69d3c72ad0 length=1360 ids=1 chunks=2
[353/379] db890973ad length=666 ids=1 chunks=1
[354/379] 9c460ab6f0 length=1038 ids=1 chunks=2
[355/379] 762742da35 length=835 ids=1 chunks=1
[356/379] a0bb1360af length=790 ids=1 chunks=1
[357/379] 8a4527a70e length=477 ids=1 chunks=1
[358/379] 3394a44c77 length=839 ids=1 chunks=1
[359/379] d23797c07d length=2022 ids=1 chunks=3
[360/379] 84750c804b length=367 ids=1 chunks=1
[361/379] 6d5bab5d8d length=857 ids=1 chunks=1
[362/379] f47fba94a5 length=527 ids=1 chunks=1
[363/379] 3f6b27ef15 length=1187 ids=2 chunks=2
[364/379] e07546cf80 length=890 ids=1 chunks=1
[365/379] 80662fd4ba length=1050 ids=1 chunks=2
[366/379] 9c48b4cb53 length=1036 ids=1 chunks=2
[367/379] 069dcf65f4 length=472 ids=1 chunks=1
[368/379] fc7e217443 length=1356 ids=1 chunks=2
[369/379] 54e5269067 length=508 ids=1 chunks=1
[370/379] 7ab5b525fe length=646 ids=1 chunks=1
[371/379] 934f5eb326 length=567 ids=1 chunks=1
[372/379] 583697c388 length=396 ids=1 chunks=1
[373/379] 94a868d72b length=414 ids=1 chunks=1
[374/379] 03de8b44a3 length=486 ids=1 chunks=1
[375/379] 346cb787e5 length=543 ids=1 chunks=1
[376/379] 7628ba197a length=426 ids=1 chunks=1
[377/379] c47ebf8bc6 length=1328 ids=1 chunks=2
[378/379] 734e24fcb3 length=800 ids=1 chunks=1
[379/379] 396befcebe length=619 ids=1 chunks=1
{
  "purpose": "PDBbind-compatible 1024d per-residue ProtT5 inputs without truncating Davis proteins.",
  "input": "data/raw/davis/proteins.csv",
  "output": "experiments/pdbbind_to_davis_transfer/data/davis_prott5_1024",
  "model": "/data1/ztx/DTBind/tools/prot_t5_xl_uniref50",
  "normalization": "uppercase; U/Z/O/B and non-standard residues -> X; one token per residue",
  "chunk_size": 900,
  "overlap": 128,
  "overlap_merge": "linear edge weights followed by weighted mean",
  "protein_ids": 442,
  "unique_sequences": 379,
  "success_ids": 442,
  "failures": [],
  "all_lengths_exact": true,
  "max_sequence_length": 2549
}
