{"epoch": 1, "train": {"loss": 0.2338458995215643, "mse": 0.2240523223676339, "align": 0.043397506988575335, "reconstruct": 0.3743238793285242}, "val": {"mse": 0.49605950713157654, "rmse": 0.7043149204237948, "mae": 0.4299393594264984, "ci": 0.783859553220904, "rm2": 0.33473930884769537, "pearson": 0.5928894890893662, "spearman": 0.5228880010075945, "r2": 0.3465490937232971, "bias": -0.031670112162828445}, "val_delta_abs_mean": 0.4416559934616089, "val_gate_mean": 0.6717016696929932}
{"epoch": 2, "train": {"loss": 0.22731517600613793, "mse": 0.22260430156668146, "align": 0.0017316660167645982, "reconstruct": 0.2124075406300295}, "val": {"mse": 0.49310094118118286, "rmse": 0.7022114647178461, "mae": 0.4241556227207184, "ci": 0.7885247377386666, "rm2": 0.3386580126454952, "pearson": 0.5972062601151672, "spearman": 0.5315519121137235, "r2": 0.3504464030265808, "bias": -0.03995903581380844}, "val_delta_abs_mean": 0.43272367119789124, "val_gate_mean": 0.6297516226768494}
{"epoch": 3, "train": {"loss": 0.22608909417021616, "mse": 0.22210691830381296, "align": 0.0014575720866284014, "reconstruct": 0.1721442108381193}, "val": {"mse": 0.4958025813102722, "rmse": 0.7041325026657073, "mae": 0.4172237813472748, "ci": 0.7878400110142836, "rm2": 0.33787045328407245, "pearson": 0.598053341103037, "spearman": 0.5304491765325499, "r2": 0.3468875288963318, "bias": -0.0649658739566803}, "val_delta_abs_mean": 0.697354793548584, "val_gate_mean": 0.7128204703330994}
{"epoch": 4, "train": {"loss": 0.2253842612643656, "mse": 0.22179983307583173, "align": 0.0014145012320528317, "reconstruct": 0.15040304754447625}, "val": {"mse": 0.4973871409893036, "rmse": 0.7052567908140294, "mae": 0.4298505187034607, "ci": 0.7814915229935389, "rm2": 0.3352200197772261, "pearson": 0.5905819685711835, "spearman": 0.5183612977190944, "r2": 0.3448002338409424, "bias": -0.033402614295482635}, "val_delta_abs_mean": 0.5596930384635925, "val_gate_mean": 0.7294571399688721}
{"epoch": 5, "train": {"loss": 0.22476946816667506, "mse": 0.22140797061422993, "align": 0.001180787850610673, "reconstruct": 0.14006620611953496}, "val": {"mse": 0.4874562621116638, "rmse": 0.6981806801334908, "mae": 0.4091271460056305, "ci": 0.7908933789654883, "rm2": 0.34834778071005335, "pearson": 0.6108006376614199, "spearman": 0.5363097727678572, "r2": 0.357882022857666, "bias": -0.07780635356903076}, "val_delta_abs_mean": 0.7059424519538879, "val_gate_mean": 0.7452587485313416}
{"epoch": 6, "train": {"loss": 0.22416689239361293, "mse": 0.22100049116257536, "align": 0.0010155103968003951, "reconstruct": 0.12838506462975807}, "val": {"mse": 0.4860394299030304, "rmse": 0.6971652816248314, "mae": 0.42335206270217896, "ci": 0.7884009085154587, "rm2": 0.34678379570205486, "pearson": 0.6046521202755896, "spearman": 0.5305676442633315, "r2": 0.35974836349487305, "bias": -0.03626116365194321}, "val_delta_abs_mean": 0.45029670000076294, "val_gate_mean": 0.6328065395355225}
{"epoch": 7, "train": {"loss": 0.2237084054803153, "mse": 0.22075556414303174, "align": 0.0008482078368801279, "reconstruct": 0.11858155679227046}, "val": {"mse": 0.4912720024585724, "rmse": 0.7009079843021996, "mae": 0.4159816801548004, "ci": 0.7893785076460472, "rm2": 0.3431372456571443, "pearson": 0.6018339626100222, "spearman": 0.5328005494962382, "r2": 0.3528555631637573, "bias": -0.05972724407911301}, "val_delta_abs_mean": 0.5986368656158447, "val_gate_mean": 0.6313802599906921}
{"epoch": 8, "train": {"loss": 0.22323691352442965, "mse": 0.22042883347848663, "align": 0.0006871829710486902, "reconstruct": 0.11129846567395815}, "val": {"mse": 0.48718395829200745, "rmse": 0.6979856433280038, "mae": 0.4087200164794922, "ci": 0.7924383929247892, "rm2": 0.348857647344182, "pearson": 0.6106928421028792, "spearman": 0.53857097967951, "r2": 0.3582407236099243, "bias": -0.07706931233406067}, "val_delta_abs_mean": 0.725704550743103, "val_gate_mean": 0.7074500918388367}
{"epoch": 9, "train": {"loss": 0.22277527663806893, "mse": 0.2199700296232144, "align": 0.0005804427528307896, "reconstruct": 0.10564659253412667}, "val": {"mse": 0.48951277136802673, "rmse": 0.6996518929925272, "mae": 0.40406858921051025, "ci": 0.7974803604407994, "rm2": 0.34644496078422354, "pearson": 0.6126634903566938, "spearman": 0.5485923261435368, "r2": 0.3551729917526245, "bias": -0.0893661230802536}, "val_delta_abs_mean": 0.6365968585014343, "val_gate_mean": 0.6645365953445435}
{"epoch": 10, "train": {"loss": 0.22255096818182643, "mse": 0.2199691325738844, "align": 0.0005287212082335932, "reconstruct": 0.09922535577327188}, "val": {"mse": 0.4931069314479828, "rmse": 0.7022157299918471, "mae": 0.40929245948791504, "ci": 0.7911163937671538, "rm2": 0.3430419170182387, "pearson": 0.6051194305681618, "spearman": 0.5362706748343342, "r2": 0.3504384756088257, "bias": -0.08237913250923157}, "val_delta_abs_mean": 0.6936546564102173, "val_gate_mean": 0.668334424495697}
{"epoch": 11, "train": {"loss": 0.2222478976576324, "mse": 0.21963288481728777, "align": 0.00044961164784268487, "reconstruct": 0.09651556096471078}, "val": {"mse": 0.4876028001308441, "rmse": 0.6982856150106803, "mae": 0.4105058014392853, "ci": 0.7944913510990251, "rm2": 0.34776667208179124, "pearson": 0.6062495467179548, "spearman": 0.5424182554172275, "r2": 0.3576889634132385, "bias": -0.061860520392656326}, "val_delta_abs_mean": 0.6846000552177429, "val_gate_mean": 0.6875962018966675}
{"epoch": 12, "train": {"loss": 0.22182834376794858, "mse": 0.21934892532785186, "align": 0.00039858460323039565, "reconstruct": 0.08918394543868212}, "val": {"mse": 0.4932669699192047, "rmse": 0.7023296732441288, "mae": 0.4108286201953888, "ci": 0.7910563121539197, "rm2": 0.34364826654193575, "pearson": 0.6010242041270241, "spearman": 0.5362264907147035, "r2": 0.3502276539802551, "bias": -0.0718601644039154}, "val_delta_abs_mean": 0.7558366656303406, "val_gate_mean": 0.6359627842903137}
{"epoch": 13, "train": {"loss": 0.2215658539904889, "mse": 0.21916949077816616, "align": 0.0003436666612872102, "reconstruct": 0.08406443534614584}, "val": {"mse": 0.49419716000556946, "rmse": 0.7029915789008923, "mae": 0.4067685008049011, "ci": 0.7934074380629851, "rm2": 0.34257388922388005, "pearson": 0.6028027579309321, "spearman": 0.541507048406959, "r2": 0.3490023612976074, "bias": -0.08105646073818207}, "val_delta_abs_mean": 0.7891733050346375, "val_gate_mean": 0.7058572173118591}
{"epoch": 14, "train": {"loss": 0.2213488399503297, "mse": 0.21904949463356604, "align": 0.0003139734141943922, "reconstruct": 0.08076274341406808}, "val": {"mse": 0.49498888850212097, "rmse": 0.7035544673315073, "mae": 0.40671980381011963, "ci": 0.7922145634571816, "rm2": 0.34256066949874503, "pearson": 0.6021915426709572, "spearman": 0.5391873886581124, "r2": 0.34795939922332764, "bias": -0.08375637233257294}, "val_delta_abs_mean": 0.7870815992355347, "val_gate_mean": 0.7059762477874756}
{"epoch": 15, "train": {"loss": 0.22110002368037276, "mse": 0.21879164811431404, "align": 0.00026707227115074707, "reconstruct": 0.07817798261723023}, "val": {"mse": 0.4927787482738495, "rmse": 0.7019820142096587, "mae": 0.41877827048301697, "ci": 0.7858114928183124, "rm2": 0.3421689382722283, "pearson": 0.5993972684435858, "spearman": 0.5260980311652759, "r2": 0.3508707880973816, "bias": -0.058552831411361694}, "val_delta_abs_mean": 0.6513032913208008, "val_gate_mean": 0.64699786901474}
{"epoch": 16, "train": {"loss": 0.22071483765987088, "mse": 0.218493729007764, "align": 0.00023275385396914612, "reconstruct": 0.07320950944502062}, "val": {"mse": 0.49330559372901917, "rmse": 0.7023571696288287, "mae": 0.41294270753860474, "ci": 0.7904956183192301, "rm2": 0.3416254928662093, "pearson": 0.6032013999831665, "spearman": 0.5351967102175037, "r2": 0.3501768112182617, "bias": -0.07476833462715149}, "val_delta_abs_mean": 0.6612109541893005, "val_gate_mean": 0.6387019157409668}
{"epoch": 17, "train": {"loss": 0.22045194583654382, "mse": 0.2183156295272353, "align": 0.00020612876270874824, "reconstruct": 0.06770712367905521}, "val": {"mse": 0.49162137508392334, "rmse": 0.7011571686033905, "mae": 0.41204696893692017, "ci": 0.7939184372752032, "rm2": 0.34304979104147737, "pearson": 0.6036519831569347, "spearman": 0.5410376379930908, "r2": 0.35239535570144653, "bias": -0.06884238123893738}, "val_delta_abs_mean": 0.7254660129547119, "val_gate_mean": 0.6059080362319946}
{"epoch": 18, "train": {"loss": 0.22048569976841623, "mse": 0.21834051834557988, "align": 0.00019429615903453876, "reconstruct": 0.06691369321977333}, "val": {"mse": 0.4896187484264374, "rmse": 0.6997276244557145, "mae": 0.4164426028728485, "ci": 0.7906972481399139, "rm2": 0.3470361561527177, "pearson": 0.6004442753011024, "spearman": 0.534811074494265, "r2": 0.35503339767456055, "bias": -0.048293258994817734}, "val_delta_abs_mean": 0.7532719373703003, "val_gate_mean": 0.6038535833358765}
{"epoch": 19, "train": {"loss": 0.22008332971074968, "mse": 0.21802569403448221, "align": 0.0001673667093689958, "reconstruct": 0.06083770855777794}, "val": {"mse": 0.4910236895084381, "rmse": 0.7007308252877407, "mae": 0.4167954623699188, "ci": 0.7919811616647535, "rm2": 0.3448462727938048, "pearson": 0.5994847507818449, "spearman": 0.5368055102144869, "r2": 0.35318267345428467, "bias": -0.05063926428556442}, "val_delta_abs_mean": 0.7946704626083374, "val_gate_mean": 0.6134122014045715}
{"epoch": 20, "train": {"loss": 0.21985024488372798, "mse": 0.21762935899874467, "align": 0.00015532501028260517, "reconstruct": 0.06262354866850878}, "val": {"mse": 0.4894482493400574, "rmse": 0.699605781379812, "mae": 0.4085688591003418, "ci": 0.7944495994694896, "rm2": 0.3474700357936422, "pearson": 0.6055820706809373, "spearman": 0.542413893700432, "r2": 0.3552579879760742, "bias": -0.07146455347537994}, "val_delta_abs_mean": 0.8490393161773682, "val_gate_mean": 0.6462502479553223}
{"epoch": 21, "train": {"loss": 0.2196071018518033, "mse": 0.21749135373852257, "align": 0.0001433050769050461, "reconstruct": 0.057705153104395196}, "val": {"mse": 0.4914606809616089, "rmse": 0.7010425671538133, "mae": 0.4134994149208069, "ci": 0.788975451671165, "rm2": 0.3439438226129347, "pearson": 0.602908545606869, "spearman": 0.5325027291404926, "r2": 0.3526070713996887, "bias": -0.06728954613208771}, "val_delta_abs_mean": 0.7649264931678772, "val_gate_mean": 0.6296587586402893}
{"epoch": 22, "train": {"loss": 0.21898847364324617, "mse": 0.21687284444229338, "align": 0.00010130157412860166, "reconstruct": 0.05582922989868551}, "val": {"mse": 0.48878246545791626, "rmse": 0.6991297915680008, "mae": 0.41324228048324585, "ci": 0.7905267792915176, "rm2": 0.34657838158470994, "pearson": 0.6050670871878279, "spearman": 0.5351468182517883, "r2": 0.3561350107192993, "bias": -0.06287279725074768}, "val_delta_abs_mean": 0.7446447610855103, "val_gate_mean": 0.5780040621757507}
{"epoch": 23, "train": {"loss": 0.21906179626947236, "mse": 0.2170279278907944, "align": 0.00010164124084021665, "reconstruct": 0.05276752933623117}, "val": {"mse": 0.4919109344482422, "rmse": 0.70136362498225, "mae": 0.41236865520477295, "ci": 0.7908275946906591, "rm2": 0.3436527427416908, "pearson": 0.6031021677579426, "spearman": 0.5359614784014616, "r2": 0.3520139455795288, "bias": -0.07033213973045349}, "val_delta_abs_mean": 0.7418712973594666, "val_gate_mean": 0.7194169759750366}
{"epoch": 24, "train": {"loss": 0.21889289429577527, "mse": 0.21691243908707603, "align": 9.284349886643665e-05, "reconstruct": 0.05013902091286783}, "val": {"mse": 0.4966896176338196, "rmse": 0.7047621000265406, "mae": 0.415129691362381, "ci": 0.7909451102528153, "rm2": 0.33883956636628965, "pearson": 0.5960386655434027, "spearman": 0.5356378665269251, "r2": 0.34571903944015503, "bias": -0.0659613162279129}, "val_delta_abs_mean": 0.7803831100463867, "val_gate_mean": 0.6773896813392639}
{"epoch": 25, "train": {"loss": 0.21869345835296278, "mse": 0.21671872751564406, "align": 8.090704756957385e-05, "reconstruct": 0.047155889911558994}, "val": {"mse": 0.49861860275268555, "rmse": 0.7061293102206462, "mae": 0.40760430693626404, "ci": 0.7897888956144088, "rm2": 0.33942467486992345, "pearson": 0.6024830494511331, "spearman": 0.5353211669435873, "r2": 0.34317803382873535, "bias": -0.09696339815855026}, "val_delta_abs_mean": 0.87123703956604, "val_gate_mean": 0.7220858931541443}
{"epoch": 26, "train": {"loss": 0.21869213417885427, "mse": 0.21668289160090345, "align": 7.777511528369907e-05, "reconstruct": 0.048156835702594464}, "val": {"mse": 0.4922582805156708, "rmse": 0.7016112032427011, "mae": 0.4054434299468994, "ci": 0.7937082534621266, "rm2": 0.3462874260875689, "pearson": 0.6043235668184715, "spearman": 0.5422133070208545, "r2": 0.3515564203262329, "bias": -0.08201320469379425}, "val_delta_abs_mean": 0.8383522629737854, "val_gate_mean": 0.7336462140083313}
{
  "guardrail": "validation only; test indices and metrics were not accessed",
  "condition": "real",
  "seed": 43,
  "best_epoch": 6,
  "epoch0_max_abs_difference": 1.9073486328125e-06,
  "baseline": {
    "mse": 0.48946526646614075,
    "rmse": 0.6996179432133947,
    "mae": 0.43143847584724426,
    "ci": 0.7885622123720057,
    "rm2": 0.3410284448121984,
    "pearson": 0.5995077496596147,
    "spearman": 0.5319472626673567,
    "r2": 0.35523557662963867,
    "bias": -0.015189344994723797
  },
  "best": {
    "mse": 0.4860394299030304,
    "rmse": 0.6971652816248314,
    "mae": 0.42335206270217896,
    "ci": 0.7884064075105682,
    "rm2": 0.3467837465858248,
    "pearson": 0.6046521217883871,
    "spearman": 0.5305725227289757,
    "r2": 0.35974836349487305,
    "bias": -0.03626115247607231
  },
  "relative_mse_gain": 0.00699914130341532,
  "delta_abs_mean": 0.45029670000076294,
  "atom_gate_mean": 0.6328065395355225,
  "drug_bootstrap": {
    "drugs": 7,
    "improved": 4,
    "worsened": 3,
    "improvements": [
      -0.0019544612150639296,
      0.0074421619065105915,
      -0.017341064289212227,
      0.006172620691359043,
      0.025706367567181587,
      0.06913146376609802,
      -0.06517653912305832
    ],
    "mean": 0.003425792757687824,
    "ci95": [
      -0.024794438200271024,
      0.031963904787387164
    ],
    "probability_positive": 0.60475
  },
  "args": {
    "project": "/data1/ztx/MyModel-MDTA",
    "checkpoint": "outputs/Refine_experiment/davis/cold_start/drug_cold_5fold_seed42/baseline/fold_1/best_model.pt",
    "global_cache": "experiments/pdbbind_to_davis_transfer/data/global_predictions/fold1_with_features.pt",
    "drug_cache": "experiments/brics_hierarchical/data/fold1_drug_encoder_inputs_chem.pt",
    "split": "data/splits/davis_drug_cold_5fold_seed42/fold_1/split.json",
    "condition": "real",
    "seed": 43,
    "device": "cuda:0",
    "batch_size": 128,
    "epochs": 100,
    "patience": 20,
    "lr": 0.0003,
    "weight_decay": 1e-05,
    "lambda_align": 0.05,
    "lambda_reconstruct": 0.02,
    "lambda_delta": 0.001,
    "output_dir": "experiments/brics_hierarchical/outputs/chem_real_seed43"
  },
  "history": [
    {
      "epoch": 1,
      "train": {
        "loss": 0.2338458995215643,
        "mse": 0.2240523223676339,
        "align": 0.043397506988575335,
        "reconstruct": 0.3743238793285242
      },
      "val": {
        "mse": 0.49605950713157654,
        "rmse": 0.7043149204237948,
        "mae": 0.4299393594264984,
        "ci": 0.783859553220904,
        "rm2": 0.33473930884769537,
        "pearson": 0.5928894890893662,
        "spearman": 0.5228880010075945,
        "r2": 0.3465490937232971,
        "bias": -0.031670112162828445
      },
      "val_delta_abs_mean": 0.4416559934616089,
      "val_gate_mean": 0.6717016696929932
    },
    {
      "epoch": 2,
      "train": {
        "loss": 0.22731517600613793,
        "mse": 0.22260430156668146,
        "align": 0.0017316660167645982,
        "reconstruct": 0.2124075406300295
      },
      "val": {
        "mse": 0.49310094118118286,
        "rmse": 0.7022114647178461,
        "mae": 0.4241556227207184,
        "ci": 0.7885247377386666,
        "rm2": 0.3386580126454952,
        "pearson": 0.5972062601151672,
        "spearman": 0.5315519121137235,
        "r2": 0.3504464030265808,
        "bias": -0.03995903581380844
      },
      "val_delta_abs_mean": 0.43272367119789124,
      "val_gate_mean": 0.6297516226768494
    },
    {
      "epoch": 3,
      "train": {
        "loss": 0.22608909417021616,
        "mse": 0.22210691830381296,
        "align": 0.0014575720866284014,
        "reconstruct": 0.1721442108381193
      },
      "val": {
        "mse": 0.4958025813102722,
        "rmse": 0.7041325026657073,
        "mae": 0.4172237813472748,
        "ci": 0.7878400110142836,
        "rm2": 0.33787045328407245,
        "pearson": 0.598053341103037,
        "spearman": 0.5304491765325499,
        "r2": 0.3468875288963318,
        "bias": -0.0649658739566803
      },
      "val_delta_abs_mean": 0.697354793548584,
      "val_gate_mean": 0.7128204703330994
    },
    {
      "epoch": 4,
      "train": {
        "loss": 0.2253842612643656,
        "mse": 0.22179983307583173,
        "align": 0.0014145012320528317,
        "reconstruct": 0.15040304754447625
      },
      "val": {
        "mse": 0.4973871409893036,
        "rmse": 0.7052567908140294,
        "mae": 0.4298505187034607,
        "ci": 0.7814915229935389,
        "rm2": 0.3352200197772261,
        "pearson": 0.5905819685711835,
        "spearman": 0.5183612977190944,
        "r2": 0.3448002338409424,
        "bias": -0.033402614295482635
      },
      "val_delta_abs_mean": 0.5596930384635925,
      "val_gate_mean": 0.7294571399688721
    },
    {
      "epoch": 5,
      "train": {
        "loss": 0.22476946816667506,
        "mse": 0.22140797061422993,
        "align": 0.001180787850610673,
        "reconstruct": 0.14006620611953496
      },
      "val": {
        "mse": 0.4874562621116638,
        "rmse": 0.6981806801334908,
        "mae": 0.4091271460056305,
        "ci": 0.7908933789654883,
        "rm2": 0.34834778071005335,
        "pearson": 0.6108006376614199,
        "spearman": 0.5363097727678572,
        "r2": 0.357882022857666,
        "bias": -0.07780635356903076
      },
      "val_delta_abs_mean": 0.7059424519538879,
      "val_gate_mean": 0.7452587485313416
    },
    {
      "epoch": 6,
      "train": {
        "loss": 0.22416689239361293,
        "mse": 0.22100049116257536,
        "align": 0.0010155103968003951,
        "reconstruct": 0.12838506462975807
      },
      "val": {
        "mse": 0.4860394299030304,
        "rmse": 0.6971652816248314,
        "mae": 0.42335206270217896,
        "ci": 0.7884009085154587,
        "rm2": 0.34678379570205486,
        "pearson": 0.6046521202755896,
        "spearman": 0.5305676442633315,
        "r2": 0.35974836349487305,
        "bias": -0.03626116365194321
      },
      "val_delta_abs_mean": 0.45029670000076294,
      "val_gate_mean": 0.6328065395355225
    },
    {
      "epoch": 7,
      "train": {
        "loss": 0.2237084054803153,
        "mse": 0.22075556414303174,
        "align": 0.0008482078368801279,
        "reconstruct": 0.11858155679227046
      },
      "val": {
        "mse": 0.4912720024585724,
        "rmse": 0.7009079843021996,
        "mae": 0.4159816801548004,
        "ci": 0.7893785076460472,
        "rm2": 0.3431372456571443,
        "pearson": 0.6018339626100222,
        "spearman": 0.5328005494962382,
        "r2": 0.3528555631637573,
        "bias": -0.05972724407911301
      },
      "val_delta_abs_mean": 0.5986368656158447,
      "val_gate_mean": 0.6313802599906921
    },
    {
      "epoch": 8,
      "train": {
        "loss": 0.22323691352442965,
        "mse": 0.22042883347848663,
        "align": 0.0006871829710486902,
        "reconstruct": 0.11129846567395815
      },
      "val": {
        "mse": 0.48718395829200745,
        "rmse": 0.6979856433280038,
        "mae": 0.4087200164794922,
        "ci": 0.7924383929247892,
        "rm2": 0.348857647344182,
        "pearson": 0.6106928421028792,
        "spearman": 0.53857097967951,
        "r2": 0.3582407236099243,
        "bias": -0.07706931233406067
      },
      "val_delta_abs_mean": 0.725704550743103,
      "val_gate_mean": 0.7074500918388367
    },
    {
      "epoch": 9,
      "train": {
        "loss": 0.22277527663806893,
        "mse": 0.2199700296232144,
        "align": 0.0005804427528307896,
        "reconstruct": 0.10564659253412667
      },
      "val": {
        "mse": 0.48951277136802673,
        "rmse": 0.6996518929925272,
        "mae": 0.40406858921051025,
        "ci": 0.7974803604407994,
        "rm2": 0.34644496078422354,
        "pearson": 0.6126634903566938,
        "spearman": 0.5485923261435368,
        "r2": 0.3551729917526245,
        "bias": -0.0893661230802536
      },
      "val_delta_abs_mean": 0.6365968585014343,
      "val_gate_mean": 0.6645365953445435
    },
    {
      "epoch": 10,
      "train": {
        "loss": 0.22255096818182643,
        "mse": 0.2199691325738844,
        "align": 0.0005287212082335932,
        "reconstruct": 0.09922535577327188
      },
      "val": {
        "mse": 0.4931069314479828,
        "rmse": 0.7022157299918471,
        "mae": 0.40929245948791504,
        "ci": 0.7911163937671538,
        "rm2": 0.3430419170182387,
        "pearson": 0.6051194305681618,
        "spearman": 0.5362706748343342,
        "r2": 0.3504384756088257,
        "bias": -0.08237913250923157
      },
      "val_delta_abs_mean": 0.6936546564102173,
      "val_gate_mean": 0.668334424495697
    },
    {
      "epoch": 11,
      "train": {
        "loss": 0.2222478976576324,
        "mse": 0.21963288481728777,
        "align": 0.00044961164784268487,
        "reconstruct": 0.09651556096471078
      },
      "val": {
        "mse": 0.4876028001308441,
        "rmse": 0.6982856150106803,
        "mae": 0.4105058014392853,
        "ci": 0.7944913510990251,
        "rm2": 0.34776667208179124,
        "pearson": 0.6062495467179548,
        "spearman": 0.5424182554172275,
        "r2": 0.3576889634132385,
        "bias": -0.061860520392656326
      },
      "val_delta_abs_mean": 0.6846000552177429,
      "val_gate_mean": 0.6875962018966675
    },
    {
      "epoch": 12,
      "train": {
        "loss": 0.22182834376794858,
        "mse": 0.21934892532785186,
        "align": 0.00039858460323039565,
        "reconstruct": 0.08918394543868212
      },
      "val": {
        "mse": 0.4932669699192047,
        "rmse": 0.7023296732441288,
        "mae": 0.4108286201953888,
        "ci": 0.7910563121539197,
        "rm2": 0.34364826654193575,
        "pearson": 0.6010242041270241,
        "spearman": 0.5362264907147035,
        "r2": 0.3502276539802551,
        "bias": -0.0718601644039154
      },
      "val_delta_abs_mean": 0.7558366656303406,
      "val_gate_mean": 0.6359627842903137
    },
    {
      "epoch": 13,
      "train": {
        "loss": 0.2215658539904889,
        "mse": 0.21916949077816616,
        "align": 0.0003436666612872102,
        "reconstruct": 0.08406443534614584
      },
      "val": {
        "mse": 0.49419716000556946,
        "rmse": 0.7029915789008923,
        "mae": 0.4067685008049011,
        "ci": 0.7934074380629851,
        "rm2": 0.34257388922388005,
        "pearson": 0.6028027579309321,
        "spearman": 0.541507048406959,
        "r2": 0.3490023612976074,
        "bias": -0.08105646073818207
      },
      "val_delta_abs_mean": 0.7891733050346375,
      "val_gate_mean": 0.7058572173118591
    },
    {
      "epoch": 14,
      "train": {
        "loss": 0.2213488399503297,
        "mse": 0.21904949463356604,
        "align": 0.0003139734141943922,
        "reconstruct": 0.08076274341406808
      },
      "val": {
        "mse": 0.49498888850212097,
        "rmse": 0.7035544673315073,
        "mae": 0.40671980381011963,
        "ci": 0.7922145634571816,
        "rm2": 0.34256066949874503,
        "pearson": 0.6021915426709572,
        "spearman": 0.5391873886581124,
        "r2": 0.34795939922332764,
        "bias": -0.08375637233257294
      },
      "val_delta_abs_mean": 0.7870815992355347,
      "val_gate_mean": 0.7059762477874756
    },
    {
      "epoch": 15,
      "train": {
        "loss": 0.22110002368037276,
        "mse": 0.21879164811431404,
        "align": 0.00026707227115074707,
        "reconstruct": 0.07817798261723023
      },
      "val": {
        "mse": 0.4927787482738495,
        "rmse": 0.7019820142096587,
        "mae": 0.41877827048301697,
        "ci": 0.7858114928183124,
        "rm2": 0.3421689382722283,
        "pearson": 0.5993972684435858,
        "spearman": 0.5260980311652759,
        "r2": 0.3508707880973816,
        "bias": -0.058552831411361694
      },
      "val_delta_abs_mean": 0.6513032913208008,
      "val_gate_mean": 0.64699786901474
    },
    {
      "epoch": 16,
      "train": {
        "loss": 0.22071483765987088,
        "mse": 0.218493729007764,
        "align": 0.00023275385396914612,
        "reconstruct": 0.07320950944502062
      },
      "val": {
        "mse": 0.49330559372901917,
        "rmse": 0.7023571696288287,
        "mae": 0.41294270753860474,
        "ci": 0.7904956183192301,
        "rm2": 0.3416254928662093,
        "pearson": 0.6032013999831665,
        "spearman": 0.5351967102175037,
        "r2": 0.3501768112182617,
        "bias": -0.07476833462715149
      },
      "val_delta_abs_mean": 0.6612109541893005,
      "val_gate_mean": 0.6387019157409668
    },
    {
      "epoch": 17,
      "train": {
        "loss": 0.22045194583654382,
        "mse": 0.2183156295272353,
        "align": 0.00020612876270874824,
        "reconstruct": 0.06770712367905521
      },
      "val": {
        "mse": 0.49162137508392334,
        "rmse": 0.7011571686033905,
        "mae": 0.41204696893692017,
        "ci": 0.7939184372752032,
        "rm2": 0.34304979104147737,
        "pearson": 0.6036519831569347,
        "spearman": 0.5410376379930908,
        "r2": 0.35239535570144653,
        "bias": -0.06884238123893738
      },
      "val_delta_abs_mean": 0.7254660129547119,
      "val_gate_mean": 0.6059080362319946
    },
    {
      "epoch": 18,
      "train": {
        "loss": 0.22048569976841623,
        "mse": 0.21834051834557988,
        "align": 0.00019429615903453876,
        "reconstruct": 0.06691369321977333
      },
      "val": {
        "mse": 0.4896187484264374,
        "rmse": 0.6997276244557145,
        "mae": 0.4164426028728485,
        "ci": 0.7906972481399139,
        "rm2": 0.3470361561527177,
        "pearson": 0.6004442753011024,
        "spearman": 0.534811074494265,
        "r2": 0.35503339767456055,
        "bias": -0.048293258994817734
      },
      "val_delta_abs_mean": 0.7532719373703003,
      "val_gate_mean": 0.6038535833358765
    },
    {
      "epoch": 19,
      "train": {
        "loss": 0.22008332971074968,
        "mse": 0.21802569403448221,
        "align": 0.0001673667093689958,
        "reconstruct": 0.06083770855777794
      },
      "val": {
        "mse": 0.4910236895084381,
        "rmse": 0.7007308252877407,
        "mae": 0.4167954623699188,
        "ci": 0.7919811616647535,
        "rm2": 0.3448462727938048,
        "pearson": 0.5994847507818449,
        "spearman": 0.5368055102144869,
        "r2": 0.35318267345428467,
        "bias": -0.05063926428556442
      },
      "val_delta_abs_mean": 0.7946704626083374,
      "val_gate_mean": 0.6134122014045715
    },
    {
      "epoch": 20,
      "train": {
        "loss": 0.21985024488372798,
        "mse": 0.21762935899874467,
        "align": 0.00015532501028260517,
        "reconstruct": 0.06262354866850878
      },
      "val": {
        "mse": 0.4894482493400574,
        "rmse": 0.699605781379812,
        "mae": 0.4085688591003418,
        "ci": 0.7944495994694896,
        "rm2": 0.3474700357936422,
        "pearson": 0.6055820706809373,
        "spearman": 0.542413893700432,
        "r2": 0.3552579879760742,
        "bias": -0.07146455347537994
      },
      "val_delta_abs_mean": 0.8490393161773682,
      "val_gate_mean": 0.6462502479553223
    },
    {
      "epoch": 21,
      "train": {
        "loss": 0.2196071018518033,
        "mse": 0.21749135373852257,
        "align": 0.0001433050769050461,
        "reconstruct": 0.057705153104395196
      },
      "val": {
        "mse": 0.4914606809616089,
        "rmse": 0.7010425671538133,
        "mae": 0.4134994149208069,
        "ci": 0.788975451671165,
        "rm2": 0.3439438226129347,
        "pearson": 0.602908545606869,
        "spearman": 0.5325027291404926,
        "r2": 0.3526070713996887,
        "bias": -0.06728954613208771
      },
      "val_delta_abs_mean": 0.7649264931678772,
      "val_gate_mean": 0.6296587586402893
    },
    {
      "epoch": 22,
      "train": {
        "loss": 0.21898847364324617,
        "mse": 0.21687284444229338,
        "align": 0.00010130157412860166,
        "reconstruct": 0.05582922989868551
      },
      "val": {
        "mse": 0.48878246545791626,
        "rmse": 0.6991297915680008,
        "mae": 0.41324228048324585,
        "ci": 0.7905267792915176,
        "rm2": 0.34657838158470994,
        "pearson": 0.6050670871878279,
        "spearman": 0.5351468182517883,
        "r2": 0.3561350107192993,
        "bias": -0.06287279725074768
      },
      "val_delta_abs_mean": 0.7446447610855103,
      "val_gate_mean": 0.5780040621757507
    },
    {
      "epoch": 23,
      "train": {
        "loss": 0.21906179626947236,
        "mse": 0.2170279278907944,
        "align": 0.00010164124084021665,
        "reconstruct": 0.05276752933623117
      },
      "val": {
        "mse": 0.4919109344482422,
        "rmse": 0.70136362498225,
        "mae": 0.41236865520477295,
        "ci": 0.7908275946906591,
        "rm2": 0.3436527427416908,
        "pearson": 0.6031021677579426,
        "spearman": 0.5359614784014616,
        "r2": 0.3520139455795288,
        "bias": -0.07033213973045349
      },
      "val_delta_abs_mean": 0.7418712973594666,
      "val_gate_mean": 0.7194169759750366
    },
    {
      "epoch": 24,
      "train": {
        "loss": 0.21889289429577527,
        "mse": 0.21691243908707603,
        "align": 9.284349886643665e-05,
        "reconstruct": 0.05013902091286783
      },
      "val": {
        "mse": 0.4966896176338196,
        "rmse": 0.7047621000265406,
        "mae": 0.415129691362381,
        "ci": 0.7909451102528153,
        "rm2": 0.33883956636628965,
        "pearson": 0.5960386655434027,
        "spearman": 0.5356378665269251,
        "r2": 0.34571903944015503,
        "bias": -0.0659613162279129
      },
      "val_delta_abs_mean": 0.7803831100463867,
      "val_gate_mean": 0.6773896813392639
    },
    {
      "epoch": 25,
      "train": {
        "loss": 0.21869345835296278,
        "mse": 0.21671872751564406,
        "align": 8.090704756957385e-05,
        "reconstruct": 0.047155889911558994
      },
      "val": {
        "mse": 0.49861860275268555,
        "rmse": 0.7061293102206462,
        "mae": 0.40760430693626404,
        "ci": 0.7897888956144088,
        "rm2": 0.33942467486992345,
        "pearson": 0.6024830494511331,
        "spearman": 0.5353211669435873,
        "r2": 0.34317803382873535,
        "bias": -0.09696339815855026
      },
      "val_delta_abs_mean": 0.87123703956604,
      "val_gate_mean": 0.7220858931541443
    },
    {
      "epoch": 26,
      "train": {
        "loss": 0.21869213417885427,
        "mse": 0.21668289160090345,
        "align": 7.777511528369907e-05,
        "reconstruct": 0.048156835702594464
      },
      "val": {
        "mse": 0.4922582805156708,
        "rmse": 0.7016112032427011,
        "mae": 0.4054434299468994,
        "ci": 0.7937082534621266,
        "rm2": 0.3462874260875689,
        "pearson": 0.6043235668184715,
        "spearman": 0.5422133070208545,
        "r2": 0.3515564203262329,
        "bias": -0.08201320469379425
      },
      "val_delta_abs_mean": 0.8383522629737854,
      "val_gate_mean": 0.7336462140083313
    }
  ]
}
