{"epoch": 1, "train": {"loss": 0.2339530328423706, "mse": 0.22376302449882485, "align": 0.04563570963104937, "reconstruct": 0.3861756380918201}, "val": {"mse": 0.4940229058265686, "rmse": 0.7028676303732934, "mae": 0.42445749044418335, "ci": 0.7878872616389286, "rm2": 0.33732185028185285, "pearson": 0.5966794955834652, "spearman": 0.5303231336039868, "r2": 0.34923189878463745, "bias": -0.0420769639313221}, "val_delta_abs_mean": 0.42678067088127136, "val_gate_mean": 0.7572388052940369}
{"epoch": 2, "train": {"loss": 0.2291765899510497, "mse": 0.22252086574887592, "align": 0.0014824503893754453, "reconstruct": 0.3104417328656873}, "val": {"mse": 0.4932663142681122, "rmse": 0.70232920647522, "mae": 0.42021825909614563, "ci": 0.7895453104977038, "rm2": 0.33871781718567134, "pearson": 0.5992112767773949, "spearman": 0.5336710079364893, "r2": 0.350228488445282, "bias": -0.05215542018413544}, "val_delta_abs_mean": 0.4290079176425934, "val_gate_mean": 0.7532661557197571}
{"epoch": 3, "train": {"loss": 0.22879339002422136, "mse": 0.22202246282452326, "align": 0.0014422398404504908, "reconstruct": 0.3157729564966797}, "val": {"mse": 0.4908440113067627, "rmse": 0.7006026058378335, "mae": 0.42018795013427734, "ci": 0.7873149588145633, "rm2": 0.34207180419090294, "pearson": 0.6018843240312098, "spearman": 0.5286740314304893, "r2": 0.35341936349868774, "bias": -0.05352761596441269}, "val_delta_abs_mean": 0.6199969053268433, "val_gate_mean": 0.7702446579933167}
{"epoch": 4, "train": {"loss": 0.2278511654985494, "mse": 0.22123490945702626, "align": 0.0008803262820289284, "reconstruct": 0.3059985772057861}, "val": {"mse": 0.4906446039676666, "rmse": 0.7004602800785114, "mae": 0.41540077328681946, "ci": 0.7899791201119025, "rm2": 0.3429418359819168, "pearson": 0.603946020273469, "spearman": 0.5340339260008344, "r2": 0.3536820411682129, "bias": -0.06277087330818176}, "val_delta_abs_mean": 0.5216581225395203, "val_gate_mean": 0.6333473920822144}
{"epoch": 5, "train": {"loss": 0.22772291572385245, "mse": 0.22099121592496326, "align": 0.0007124706676700203, "reconstruct": 0.3097377500985554}, "val": {"mse": 0.49200528860092163, "rmse": 0.7014308865461526, "mae": 0.4126862585544586, "ci": 0.7892090571300785, "rm2": 0.34284498264052676, "pearson": 0.6039563030240481, "spearman": 0.5329697925872414, "r2": 0.35188961029052734, "bias": -0.0718654915690422}, "val_delta_abs_mean": 0.6505154371261597, "val_gate_mean": 0.7538659572601318}
{"epoch": 6, "train": {"loss": 0.227578161543093, "mse": 0.22079798547654864, "align": 0.0006925541259469616, "reconstruct": 0.3138481036145636}, "val": {"mse": 0.4913662374019623, "rmse": 0.7009752045557406, "mae": 0.42236560583114624, "ci": 0.786478704224939, "rm2": 0.34125879559266237, "pearson": 0.5996713067686065, "spearman": 0.5275616444312967, "r2": 0.35273146629333496, "bias": -0.04485080763697624}, "val_delta_abs_mean": 0.43045854568481445, "val_gate_mean": 0.4559619128704071}
{"epoch": 7, "train": {"loss": 0.22727954724293029, "mse": 0.22054884072902103, "align": 0.0005126353222354952, "reconstruct": 0.3077018874016581}, "val": {"mse": 0.49485307931900024, "rmse": 0.7034579442432932, "mae": 0.41600197553634644, "ci": 0.788246936652391, "rm2": 0.33867780923406915, "pearson": 0.5994383651255912, "spearman": 0.531332706292307, "r2": 0.34813833236694336, "bias": -0.06529566645622253}, "val_delta_abs_mean": 0.49774402379989624, "val_gate_mean": 0.46887895464897156}
{"epoch": 8, "train": {"loss": 0.22746789031346884, "mse": 0.22079194940305988, "align": 0.0005079011916196115, "reconstruct": 0.31002837934530286}, "val": {"mse": 0.4839906096458435, "rmse": 0.6956943363617699, "mae": 0.4166422188282013, "ci": 0.7910259658475743, "rm2": 0.349053271740029, "pearson": 0.6101679776482283, "spearman": 0.535670861770971, "r2": 0.36244726181030273, "bias": -0.053321029990911484}, "val_delta_abs_mean": 0.5202503204345703, "val_gate_mean": 0.729176938533783}
{"epoch": 9, "train": {"loss": 0.22709000583039082, "mse": 0.2202716236872199, "align": 0.0003062625345417587, "reconstruct": 0.31264317002105474}, "val": {"mse": 0.4877150058746338, "rmse": 0.6983659541204982, "mae": 0.4133073389530182, "ci": 0.7890941892322344, "rm2": 0.34738748833991, "pearson": 0.6074197244139742, "spearman": 0.5322614749659782, "r2": 0.35754114389419556, "bias": -0.06621968001127243}, "val_delta_abs_mean": 0.7241196632385254, "val_gate_mean": 0.6331894993782043}
{"epoch": 10, "train": {"loss": 0.22711785781070198, "mse": 0.22027522234849203, "align": 0.0004071517595258268, "reconstruct": 0.3114662567678815}, "val": {"mse": 0.4905679225921631, "rmse": 0.7004055415201703, "mae": 0.4152369499206543, "ci": 0.7893131307041891, "rm2": 0.343672184078056, "pearson": 0.6032909649248909, "spearman": 0.5329534905512455, "r2": 0.3537830710411072, "bias": -0.06167122349143028}, "val_delta_abs_mean": 0.608555018901825, "val_gate_mean": 0.45642855763435364}
{"epoch": 11, "train": {"loss": 0.22662875320089212, "mse": 0.21983069652061873, "align": 0.0002853369545268636, "reconstruct": 0.30794762318111585}, "val": {"mse": 0.4897644817829132, "rmse": 0.699831752482633, "mae": 0.41933101415634155, "ci": 0.7868840005311621, "rm2": 0.34317773825883685, "pearson": 0.6031541837431563, "spearman": 0.5282143767865128, "r2": 0.354841411113739, "bias": -0.0533287338912487}, "val_delta_abs_mean": 0.5206263661384583, "val_gate_mean": 0.35846608877182007}
{"epoch": 12, "train": {"loss": 0.2265116436200926, "mse": 0.21973160697487787, "align": 0.0002121409472848105, "reconstruct": 0.3072003236665778}, "val": {"mse": 0.48785191774368286, "rmse": 0.6984639702545027, "mae": 0.40829142928123474, "ci": 0.7926359494157623, "rm2": 0.3480706367846222, "pearson": 0.612092753232132, "spearman": 0.5389134497611469, "r2": 0.35736083984375, "bias": -0.0829441249370575}, "val_delta_abs_mean": 0.8325897455215454, "val_gate_mean": 0.6847590208053589}
{"epoch": 13, "train": {"loss": 0.22686877886025797, "mse": 0.21992324214187292, "align": 0.00016040571089186612, "reconstruct": 0.3137250096308803}, "val": {"mse": 0.4962543249130249, "rmse": 0.7044532098819799, "mae": 0.4176866114139557, "ci": 0.7852972349423257, "rm2": 0.33687017896657756, "pearson": 0.5997991015750703, "spearman": 0.5259272568027297, "r2": 0.34629249572753906, "bias": -0.07115644216537476}, "val_delta_abs_mean": 0.6203632950782776, "val_gate_mean": 0.45240065455436707}
{"epoch": 14, "train": {"loss": 0.22626526470998948, "mse": 0.2194227708525661, "align": 0.00015371282141764353, "reconstruct": 0.30603152638027065}, "val": {"mse": 0.4906963109970093, "rmse": 0.7004971884290537, "mae": 0.4105290174484253, "ci": 0.7931722032721872, "rm2": 0.3434611014834608, "pearson": 0.608076830460376, "spearman": 0.5398911601835396, "r2": 0.3536139726638794, "bias": -0.07737795263528824}, "val_delta_abs_mean": 0.6740517616271973, "val_gate_mean": 0.5524886250495911}
{"epoch": 15, "train": {"loss": 0.22636286102079664, "mse": 0.21954401206399818, "align": 0.00016491408181440684, "reconstruct": 0.30970406348372237}, "val": {"mse": 0.4942989945411682, "rmse": 0.7030640045836284, "mae": 0.4122637212276459, "ci": 0.7900025417577395, "rm2": 0.34094815648325016, "pearson": 0.6016183029726885, "spearman": 0.53447839470285, "r2": 0.348868191242218, "bias": -0.07446984946727753}, "val_delta_abs_mean": 0.7326922416687012, "val_gate_mean": 0.6436709761619568}
{"epoch": 16, "train": {"loss": 0.2259697432271025, "mse": 0.21900127778053743, "align": 0.00014113572491504143, "reconstruct": 0.31135418966356593}, "val": {"mse": 0.4939477741718292, "rmse": 0.7028141818232108, "mae": 0.41773560643196106, "ci": 0.7873583397759831, "rm2": 0.34003022355207024, "pearson": 0.5995717904725822, "spearman": 0.528915769880568, "r2": 0.3493308424949646, "bias": -0.06278941035270691}, "val_delta_abs_mean": 0.7362805604934692, "val_gate_mean": 0.4441920816898346}
{"epoch": 17, "train": {"loss": 0.2261565577422068, "mse": 0.21928699502956883, "align": 0.00013012811792611822, "reconstruct": 0.3076077640383698}, "val": {"mse": 0.48914995789527893, "rmse": 0.6993925635115653, "mae": 0.40822964906692505, "ci": 0.7929457261402676, "rm2": 0.3473272586766476, "pearson": 0.6072511488428782, "spearman": 0.5398588037018033, "r2": 0.35565096139907837, "bias": -0.07491172105073929}, "val_delta_abs_mean": 0.8326550722122192, "val_gate_mean": 0.4215116500854492}
{"epoch": 18, "train": {"loss": 0.22571594384357677, "mse": 0.21876075170927745, "align": 0.00012077419983017395, "reconstruct": 0.3121202354184631}, "val": {"mse": 0.49123579263687134, "rmse": 0.7008821531733215, "mae": 0.42032161355018616, "ci": 0.7854532434702488, "rm2": 0.34408082398314693, "pearson": 0.5992500573931339, "spearman": 0.5250711031261021, "r2": 0.3529033064842224, "bias": -0.04938492923974991}, "val_delta_abs_mean": 0.7628734707832336, "val_gate_mean": 0.5286763310432434}
{"epoch": 19, "train": {"loss": 0.2257017822057666, "mse": 0.2186486468492326, "align": 0.00010488273044563044, "reconstruct": 0.31108039092188955}, "val": {"mse": 0.4845067262649536, "rmse": 0.6960651738630181, "mae": 0.41594216227531433, "ci": 0.7913286142450857, "rm2": 0.350628142930493, "pearson": 0.6072585300409198, "spearman": 0.5362260630590321, "r2": 0.36176735162734985, "bias": -0.04840990528464317}, "val_delta_abs_mean": 0.6599488854408264, "val_gate_mean": 0.46277913451194763}
{"epoch": 20, "train": {"loss": 0.22569605450755514, "mse": 0.21875916710771678, "align": 8.897132589829213e-05, "reconstruct": 0.3076725365470116}, "val": {"mse": 0.4936678111553192, "rmse": 0.7026149807364764, "mae": 0.414532870054245, "ci": 0.7895793228007889, "rm2": 0.3421097736839971, "pearson": 0.5991054315867012, "spearman": 0.5334691841884819, "r2": 0.34969961643218994, "bias": -0.06390596926212311}, "val_delta_abs_mean": 0.7397083044052124, "val_gate_mean": 0.5520304441452026}
{"epoch": 21, "train": {"loss": 0.22558798275933156, "mse": 0.2187991556469855, "align": 8.370963076694967e-05, "reconstruct": 0.3017848690205478}, "val": {"mse": 0.48694732785224915, "rmse": 0.6978161132076625, "mae": 0.4121909737586975, "ci": 0.792014562968382, "rm2": 0.3475442326822586, "pearson": 0.609662331538916, "spearman": 0.5374804148280101, "r2": 0.3585524559020996, "bias": -0.0691286027431488}, "val_delta_abs_mean": 0.7110380530357361, "val_gate_mean": 0.40992292761802673}
{"epoch": 22, "train": {"loss": 0.22541299322014813, "mse": 0.21843823387141498, "align": 6.994626583350202e-05, "reconstruct": 0.3076778183982337}, "val": {"mse": 0.4891825318336487, "rmse": 0.6994158504306638, "mae": 0.41390377283096313, "ci": 0.7905544779335509, "rm2": 0.3472775887550963, "pearson": 0.6033913117198434, "spearman": 0.5346322813150405, "r2": 0.3556080460548401, "bias": -0.06043004244565964}, "val_delta_abs_mean": 0.7921336889266968, "val_gate_mean": 0.5199862122535706}
{"epoch": 23, "train": {"loss": 0.2253644783101826, "mse": 0.2182665539680735, "align": 6.649033263751766e-05, "reconstruct": 0.31332325696646796}, "val": {"mse": 0.48164546489715576, "rmse": 0.6940068190566687, "mae": 0.4093422293663025, "ci": 0.7958198675841978, "rm2": 0.35614251858127294, "pearson": 0.6104531940404591, "spearman": 0.5443024242299871, "r2": 0.36553651094436646, "bias": -0.05403849482536316}, "val_delta_abs_mean": 0.9489135146141052, "val_gate_mean": 0.46924689412117004}
{"epoch": 24, "train": {"loss": 0.22553629567662847, "mse": 0.2184586344075017, "align": 8.345156968288361e-05, "reconstruct": 0.31128047533348363}, "val": {"mse": 0.48363080620765686, "rmse": 0.695435695235481, "mae": 0.41266700625419617, "ci": 0.7928642595460519, "rm2": 0.35254263992158963, "pearson": 0.6092373942434091, "spearman": 0.538493025410722, "r2": 0.36292117834091187, "bias": -0.05590313300490379}, "val_delta_abs_mean": 0.7651301622390747, "val_gate_mean": 0.42623940110206604}
{"epoch": 25, "train": {"loss": 0.22522738137809376, "mse": 0.21812989555505147, "align": 5.0689512581318904e-05, "reconstruct": 0.3097682223462778}, "val": {"mse": 0.48804548382759094, "rmse": 0.698602522059283, "mae": 0.41174986958503723, "ci": 0.7954575449064234, "rm2": 0.34742828493914507, "pearson": 0.604942483213455, "spearman": 0.5435776424087944, "r2": 0.3571058511734009, "bias": -0.05886324495077133}, "val_delta_abs_mean": 0.7474157810211182, "val_gate_mean": 0.5362336039543152}
{"epoch": 26, "train": {"loss": 0.22525930117169807, "mse": 0.21809082441200497, "align": 5.469044351802704e-05, "reconstruct": 0.31535349146307773}, "val": {"mse": 0.4858481287956238, "rmse": 0.6970280688721393, "mae": 0.41558337211608887, "ci": 0.7915341137289948, "rm2": 0.3510554830406389, "pearson": 0.6043604327329769, "spearman": 0.536276012739789, "r2": 0.3600003719329834, "bias": -0.04537181556224823}, "val_delta_abs_mean": 0.7931239008903503, "val_gate_mean": 0.4077109694480896}
{"epoch": 27, "train": {"loss": 0.22507632502327873, "mse": 0.2179565403506101, "align": 4.0092131533062215e-05, "reconstruct": 0.3083625088943558}, "val": {"mse": 0.49051418900489807, "rmse": 0.7003671815590006, "mae": 0.4158177375793457, "ci": 0.793171388606245, "rm2": 0.3443251583835996, "pearson": 0.6008566118683029, "spearman": 0.5396132112356741, "r2": 0.35385388135910034, "bias": -0.05208394676446915}, "val_delta_abs_mean": 0.6416424512863159, "val_gate_mean": 0.46627864241600037}
{"epoch": 28, "train": {"loss": 0.2256552041720309, "mse": 0.21854255039862125, "align": 4.4449404939324816e-05, "reconstruct": 0.3129544856516863}, "val": {"mse": 0.49301522970199585, "rmse": 0.7021504323875304, "mae": 0.4085741639137268, "ci": 0.7947353435487011, "rm2": 0.3436092433343556, "pearson": 0.6017725311516522, "spearman": 0.5433908764378368, "r2": 0.3505592346191406, "bias": -0.07280575484037399}, "val_delta_abs_mean": 0.728571355342865, "val_gate_mean": 0.49406200647354126}
{"epoch": 29, "train": {"loss": 0.2250637281666342, "mse": 0.21783310013119453, "align": 4.6326546693337115e-05, "reconstruct": 0.3164755128065087}, "val": {"mse": 0.48976999521255493, "rmse": 0.6998356915823563, "mae": 0.4163934290409088, "ci": 0.7884650634584036, "rm2": 0.3462143247684925, "pearson": 0.6018054345423728, "spearman": 0.5310343667046095, "r2": 0.3548341393470764, "bias": -0.05518585070967674}, "val_delta_abs_mean": 0.7291839718818665, "val_gate_mean": 0.592108428478241}
{"epoch": 30, "train": {"loss": 0.22503516096931983, "mse": 0.217880108016878, "align": 3.7262554954630904e-05, "reconstruct": 0.3132630838109036}, "val": {"mse": 0.49509498476982117, "rmse": 0.7036298634721392, "mae": 0.41356128454208374, "ci": 0.7901695482758817, "rm2": 0.3410855438906781, "pearson": 0.5986934902381499, "spearman": 0.5347437577613559, "r2": 0.3478196859359741, "bias": -0.07000080496072769}, "val_delta_abs_mean": 0.6897581219673157, "val_gate_mean": 0.6194061040878296}
{"epoch": 31, "train": {"loss": 0.22479525550911558, "mse": 0.2176402471640393, "align": 4.415460095158139e-05, "reconstruct": 0.31262802604280676}, "val": {"mse": 0.4856192171573639, "rmse": 0.6968638440594862, "mae": 0.402921587228775, "ci": 0.7973202785831656, "rm2": 0.3526237229851166, "pearson": 0.6143268297467922, "spearman": 0.5480230665917368, "r2": 0.3603019118309021, "bias": -0.08675999194383621}, "val_delta_abs_mean": 0.8800875544548035, "val_gate_mean": 0.47632232308387756}
{"epoch": 32, "train": {"loss": 0.22488461067297352, "mse": 0.2177598766126818, "align": 2.6194603068773264e-05, "reconstruct": 0.30858490009320255}, "val": {"mse": 0.4848490357398987, "rmse": 0.6963110194014588, "mae": 0.4138365387916565, "ci": 0.7898907288571785, "rm2": 0.35342419466465264, "pearson": 0.6067343473699663, "spearman": 0.533021720996331, "r2": 0.361316442489624, "bias": -0.055456679314374924}, "val_delta_abs_mean": 0.8332163095474243, "val_gate_mean": 0.520963191986084}
{"epoch": 33, "train": {"loss": 0.22489047475690688, "mse": 0.21759777567413482, "align": 3.6251359028594495e-05, "reconstruct": 0.314392745354252}, "val": {"mse": 0.4964173436164856, "rmse": 0.7045689062231497, "mae": 0.41371870040893555, "ci": 0.7892728047400523, "rm2": 0.33918189091368695, "pearson": 0.597843401827635, "spearman": 0.5335714160671889, "r2": 0.34607774019241333, "bias": -0.07153945416212082}, "val_delta_abs_mean": 0.6437094807624817, "val_gate_mean": 0.5080161690711975}
{"epoch": 34, "train": {"loss": 0.22471536732109035, "mse": 0.2175724652176288, "align": 3.503615190288015e-05, "reconstruct": 0.3127861198343073}, "val": {"mse": 0.49435099959373474, "rmse": 0.7031009881899859, "mae": 0.4157008230686188, "ci": 0.7905192436315527, "rm2": 0.3411758844652054, "pearson": 0.5976044109527445, "spearman": 0.534929062768129, "r2": 0.3487997055053711, "bias": -0.06050354614853859}, "val_delta_abs_mean": 0.6378470063209534, "val_gate_mean": 0.6509538888931274}
{"epoch": 35, "train": {"loss": 0.2247813743207135, "mse": 0.21752445077837587, "align": 2.650560652818328e-05, "reconstruct": 0.31298498008688913}, "val": {"mse": 0.4915727972984314, "rmse": 0.7011225265946256, "mae": 0.41628775000572205, "ci": 0.7872108852404527, "rm2": 0.34463323630700515, "pearson": 0.5998042947070984, "spearman": 0.5290566343966621, "r2": 0.3524593710899353, "bias": -0.056565992534160614}, "val_delta_abs_mean": 0.711073637008667, "val_gate_mean": 0.5607759952545166}
{"epoch": 36, "train": {"loss": 0.22449233104269783, "mse": 0.2172591427519173, "align": 2.3585196992964674e-05, "reconstruct": 0.31257578584541196}, "val": {"mse": 0.48738494515419006, "rmse": 0.698129604840097, "mae": 0.41141277551651, "ci": 0.7925520388237202, "rm2": 0.35004404164496256, "pearson": 0.6050795298860229, "spearman": 0.5385968613623782, "r2": 0.35797595977783203, "bias": -0.060411497950553894}, "val_delta_abs_mean": 0.8268575668334961, "val_gate_mean": 0.5353431701660156}
{"epoch": 37, "train": {"loss": 0.2244748742111358, "mse": 0.21723747501172908, "align": 2.633335731067843e-05, "reconstruct": 0.31112335202690955}, "val": {"mse": 0.490490198135376, "rmse": 0.7003500539982673, "mae": 0.4151858985424042, "ci": 0.7921842171508362, "rm2": 0.34502711326248575, "pearson": 0.6014007229630238, "spearman": 0.5377865504377035, "r2": 0.3538854718208313, "bias": -0.056333474814891815}, "val_delta_abs_mean": 0.6551123857498169, "val_gate_mean": 0.5729660391807556}
{"epoch": 38, "train": {"loss": 0.2242493741641068, "mse": 0.21703818540285283, "align": 2.0048863231085647e-05, "reconstruct": 0.3110421252936983}, "val": {"mse": 0.48905593156814575, "rmse": 0.6993253402874414, "mae": 0.4136788547039032, "ci": 0.7902622165268021, "rm2": 0.3474789036596317, "pearson": 0.6037388089792476, "spearman": 0.5341872500514409, "r2": 0.35577481985092163, "bias": -0.06146199628710747}, "val_delta_abs_mean": 0.8248306512832642, "val_gate_mean": 0.47199538350105286}
{"epoch": 39, "train": {"loss": 0.22456398282224846, "mse": 0.21730673479338955, "align": 2.2283879604469977e-05, "reconstruct": 0.3118510853168858}, "val": {"mse": 0.505309522151947, "rmse": 0.7108512658439506, "mae": 0.42382705211639404, "ci": 0.780976043118639, "rm2": 0.32789872812986326, "pearson": 0.5847202841919443, "spearman": 0.518239091873303, "r2": 0.3343641757965088, "bias": -0.05813077464699745}, "val_delta_abs_mean": 0.6193175911903381, "val_gate_mean": 0.5544179081916809}
{"epoch": 40, "train": {"loss": 0.22435553255273527, "mse": 0.2170715548777369, "align": 2.0054463898583557e-05, "reconstruct": 0.312645086909759}, "val": {"mse": 0.4974895119667053, "rmse": 0.7053293641744297, "mae": 0.41361528635025024, "ci": 0.7883913361906384, "rm2": 0.3393045230652609, "pearson": 0.5950152155101087, "spearman": 0.5322383638252841, "r2": 0.34466540813446045, "bias": -0.06844592094421387}, "val_delta_abs_mean": 0.793816864490509, "val_gate_mean": 0.5601542592048645}
{"epoch": 41, "train": {"loss": 0.22416203714138944, "mse": 0.21697414053482603, "align": 2.3253632886377395e-05, "reconstruct": 0.31063496774700733}, "val": {"mse": 0.49449771642684937, "rmse": 0.70320531598307, "mae": 0.41046372056007385, "ci": 0.7904575326864343, "rm2": 0.3426561186560891, "pearson": 0.6026462983214349, "spearman": 0.5359465014292525, "r2": 0.3486064076423645, "bias": -0.08249446004629135}, "val_delta_abs_mean": 0.7657626271247864, "val_gate_mean": 0.5598422288894653}
{"epoch": 42, "train": {"loss": 0.22416781838020325, "mse": 0.21688254052043088, "align": 2.140447725468815e-05, "reconstruct": 0.31132252084413553}, "val": {"mse": 0.48787394165992737, "rmse": 0.698479736041016, "mae": 0.4105883538722992, "ci": 0.7924701648965333, "rm2": 0.3476667319676769, "pearson": 0.611566610642548, "spearman": 0.5387676524547489, "r2": 0.3573318123817444, "bias": -0.08072523772716522}, "val_delta_abs_mean": 0.7618601322174072, "val_gate_mean": 0.45161277055740356}
{"epoch": 43, "train": {"loss": 0.2241894479873631, "mse": 0.21697214495559577, "align": 1.9123473433221605e-05, "reconstruct": 0.3105500648670595}, "val": {"mse": 0.5001664161682129, "rmse": 0.7072244453977908, "mae": 0.41421279311180115, "ci": 0.7866542647354738, "rm2": 0.33664799414088686, "pearson": 0.597212106952464, "spearman": 0.5293061001563535, "r2": 0.34113913774490356, "bias": -0.08645973354578018}, "val_delta_abs_mean": 0.760529637336731, "val_gate_mean": 0.5686483383178711}
{
  "guardrail": "validation only; test indices and metrics were not accessed",
  "condition": "no_fragment_edges",
  "seed": 42,
  "best_epoch": 23,
  "epoch0_max_abs_difference": 1.9073486328125e-06,
  "baseline": {
    "mse": 0.48946526646614075,
    "rmse": 0.6996179432133947,
    "mae": 0.43143847584724426,
    "ci": 0.7885622123720057,
    "rm2": 0.3410284448121984,
    "pearson": 0.5995077496596147,
    "spearman": 0.5319472626673567,
    "r2": 0.35523557662963867,
    "bias": -0.015189344994723797
  },
  "best": {
    "mse": 0.48164546489715576,
    "rmse": 0.6940068190566687,
    "mae": 0.4093422293663025,
    "ci": 0.7958147759220593,
    "rm2": 0.35614251858127294,
    "pearson": 0.6104531931112197,
    "spearman": 0.5443026905390431,
    "r2": 0.36553651094436646,
    "bias": -0.05403849482536316
  },
  "relative_mse_gain": 0.015976213440930497,
  "delta_abs_mean": 0.9489135146141052,
  "atom_gate_mean": 0.46924689412117004,
  "drug_bootstrap": {
    "drugs": 7,
    "improved": 4,
    "worsened": 3,
    "improvements": [
      -0.02072749473154545,
      0.02218499779701233,
      -0.0272043589502573,
      0.01315584871917963,
      0.06524672359228134,
      0.06002303585410118,
      -0.05794023722410202
    ],
    "mean": 0.00781978786523853,
    "ci95": [
      -0.022604017917598997,
      0.03851194679737091
    ],
    "probability_positive": 0.69915
  },
  "args": {
    "project": "/data1/ztx/MyModel-MDTA",
    "checkpoint": "outputs/Refine_experiment/davis/cold_start/drug_cold_5fold_seed42/baseline/fold_1/best_model.pt",
    "global_cache": "experiments/pdbbind_to_davis_transfer/data/global_predictions/fold1_with_features.pt",
    "drug_cache": "experiments/brics_hierarchical/data/fold1_drug_encoder_inputs_chem.pt",
    "split": "data/splits/davis_drug_cold_5fold_seed42/fold_1/split.json",
    "condition": "no_fragment_edges",
    "seed": 42,
    "device": "cuda:1",
    "batch_size": 128,
    "epochs": 100,
    "patience": 20,
    "lr": 0.0003,
    "weight_decay": 1e-05,
    "lambda_align": 0.05,
    "lambda_reconstruct": 0.02,
    "lambda_delta": 0.001,
    "output_dir": "experiments/brics_hierarchical/outputs/chem_no_fragment_edges_seed42"
  },
  "history": [
    {
      "epoch": 1,
      "train": {
        "loss": 0.2339530328423706,
        "mse": 0.22376302449882485,
        "align": 0.04563570963104937,
        "reconstruct": 0.3861756380918201
      },
      "val": {
        "mse": 0.4940229058265686,
        "rmse": 0.7028676303732934,
        "mae": 0.42445749044418335,
        "ci": 0.7878872616389286,
        "rm2": 0.33732185028185285,
        "pearson": 0.5966794955834652,
        "spearman": 0.5303231336039868,
        "r2": 0.34923189878463745,
        "bias": -0.0420769639313221
      },
      "val_delta_abs_mean": 0.42678067088127136,
      "val_gate_mean": 0.7572388052940369
    },
    {
      "epoch": 2,
      "train": {
        "loss": 0.2291765899510497,
        "mse": 0.22252086574887592,
        "align": 0.0014824503893754453,
        "reconstruct": 0.3104417328656873
      },
      "val": {
        "mse": 0.4932663142681122,
        "rmse": 0.70232920647522,
        "mae": 0.42021825909614563,
        "ci": 0.7895453104977038,
        "rm2": 0.33871781718567134,
        "pearson": 0.5992112767773949,
        "spearman": 0.5336710079364893,
        "r2": 0.350228488445282,
        "bias": -0.05215542018413544
      },
      "val_delta_abs_mean": 0.4290079176425934,
      "val_gate_mean": 0.7532661557197571
    },
    {
      "epoch": 3,
      "train": {
        "loss": 0.22879339002422136,
        "mse": 0.22202246282452326,
        "align": 0.0014422398404504908,
        "reconstruct": 0.3157729564966797
      },
      "val": {
        "mse": 0.4908440113067627,
        "rmse": 0.7006026058378335,
        "mae": 0.42018795013427734,
        "ci": 0.7873149588145633,
        "rm2": 0.34207180419090294,
        "pearson": 0.6018843240312098,
        "spearman": 0.5286740314304893,
        "r2": 0.35341936349868774,
        "bias": -0.05352761596441269
      },
      "val_delta_abs_mean": 0.6199969053268433,
      "val_gate_mean": 0.7702446579933167
    },
    {
      "epoch": 4,
      "train": {
        "loss": 0.2278511654985494,
        "mse": 0.22123490945702626,
        "align": 0.0008803262820289284,
        "reconstruct": 0.3059985772057861
      },
      "val": {
        "mse": 0.4906446039676666,
        "rmse": 0.7004602800785114,
        "mae": 0.41540077328681946,
        "ci": 0.7899791201119025,
        "rm2": 0.3429418359819168,
        "pearson": 0.603946020273469,
        "spearman": 0.5340339260008344,
        "r2": 0.3536820411682129,
        "bias": -0.06277087330818176
      },
      "val_delta_abs_mean": 0.5216581225395203,
      "val_gate_mean": 0.6333473920822144
    },
    {
      "epoch": 5,
      "train": {
        "loss": 0.22772291572385245,
        "mse": 0.22099121592496326,
        "align": 0.0007124706676700203,
        "reconstruct": 0.3097377500985554
      },
      "val": {
        "mse": 0.49200528860092163,
        "rmse": 0.7014308865461526,
        "mae": 0.4126862585544586,
        "ci": 0.7892090571300785,
        "rm2": 0.34284498264052676,
        "pearson": 0.6039563030240481,
        "spearman": 0.5329697925872414,
        "r2": 0.35188961029052734,
        "bias": -0.0718654915690422
      },
      "val_delta_abs_mean": 0.6505154371261597,
      "val_gate_mean": 0.7538659572601318
    },
    {
      "epoch": 6,
      "train": {
        "loss": 0.227578161543093,
        "mse": 0.22079798547654864,
        "align": 0.0006925541259469616,
        "reconstruct": 0.3138481036145636
      },
      "val": {
        "mse": 0.4913662374019623,
        "rmse": 0.7009752045557406,
        "mae": 0.42236560583114624,
        "ci": 0.786478704224939,
        "rm2": 0.34125879559266237,
        "pearson": 0.5996713067686065,
        "spearman": 0.5275616444312967,
        "r2": 0.35273146629333496,
        "bias": -0.04485080763697624
      },
      "val_delta_abs_mean": 0.43045854568481445,
      "val_gate_mean": 0.4559619128704071
    },
    {
      "epoch": 7,
      "train": {
        "loss": 0.22727954724293029,
        "mse": 0.22054884072902103,
        "align": 0.0005126353222354952,
        "reconstruct": 0.3077018874016581
      },
      "val": {
        "mse": 0.49485307931900024,
        "rmse": 0.7034579442432932,
        "mae": 0.41600197553634644,
        "ci": 0.788246936652391,
        "rm2": 0.33867780923406915,
        "pearson": 0.5994383651255912,
        "spearman": 0.531332706292307,
        "r2": 0.34813833236694336,
        "bias": -0.06529566645622253
      },
      "val_delta_abs_mean": 0.49774402379989624,
      "val_gate_mean": 0.46887895464897156
    },
    {
      "epoch": 8,
      "train": {
        "loss": 0.22746789031346884,
        "mse": 0.22079194940305988,
        "align": 0.0005079011916196115,
        "reconstruct": 0.31002837934530286
      },
      "val": {
        "mse": 0.4839906096458435,
        "rmse": 0.6956943363617699,
        "mae": 0.4166422188282013,
        "ci": 0.7910259658475743,
        "rm2": 0.349053271740029,
        "pearson": 0.6101679776482283,
        "spearman": 0.535670861770971,
        "r2": 0.36244726181030273,
        "bias": -0.053321029990911484
      },
      "val_delta_abs_mean": 0.5202503204345703,
      "val_gate_mean": 0.729176938533783
    },
    {
      "epoch": 9,
      "train": {
        "loss": 0.22709000583039082,
        "mse": 0.2202716236872199,
        "align": 0.0003062625345417587,
        "reconstruct": 0.31264317002105474
      },
      "val": {
        "mse": 0.4877150058746338,
        "rmse": 0.6983659541204982,
        "mae": 0.4133073389530182,
        "ci": 0.7890941892322344,
        "rm2": 0.34738748833991,
        "pearson": 0.6074197244139742,
        "spearman": 0.5322614749659782,
        "r2": 0.35754114389419556,
        "bias": -0.06621968001127243
      },
      "val_delta_abs_mean": 0.7241196632385254,
      "val_gate_mean": 0.6331894993782043
    },
    {
      "epoch": 10,
      "train": {
        "loss": 0.22711785781070198,
        "mse": 0.22027522234849203,
        "align": 0.0004071517595258268,
        "reconstruct": 0.3114662567678815
      },
      "val": {
        "mse": 0.4905679225921631,
        "rmse": 0.7004055415201703,
        "mae": 0.4152369499206543,
        "ci": 0.7893131307041891,
        "rm2": 0.343672184078056,
        "pearson": 0.6032909649248909,
        "spearman": 0.5329534905512455,
        "r2": 0.3537830710411072,
        "bias": -0.06167122349143028
      },
      "val_delta_abs_mean": 0.608555018901825,
      "val_gate_mean": 0.45642855763435364
    },
    {
      "epoch": 11,
      "train": {
        "loss": 0.22662875320089212,
        "mse": 0.21983069652061873,
        "align": 0.0002853369545268636,
        "reconstruct": 0.30794762318111585
      },
      "val": {
        "mse": 0.4897644817829132,
        "rmse": 0.699831752482633,
        "mae": 0.41933101415634155,
        "ci": 0.7868840005311621,
        "rm2": 0.34317773825883685,
        "pearson": 0.6031541837431563,
        "spearman": 0.5282143767865128,
        "r2": 0.354841411113739,
        "bias": -0.0533287338912487
      },
      "val_delta_abs_mean": 0.5206263661384583,
      "val_gate_mean": 0.35846608877182007
    },
    {
      "epoch": 12,
      "train": {
        "loss": 0.2265116436200926,
        "mse": 0.21973160697487787,
        "align": 0.0002121409472848105,
        "reconstruct": 0.3072003236665778
      },
      "val": {
        "mse": 0.48785191774368286,
        "rmse": 0.6984639702545027,
        "mae": 0.40829142928123474,
        "ci": 0.7926359494157623,
        "rm2": 0.3480706367846222,
        "pearson": 0.612092753232132,
        "spearman": 0.5389134497611469,
        "r2": 0.35736083984375,
        "bias": -0.0829441249370575
      },
      "val_delta_abs_mean": 0.8325897455215454,
      "val_gate_mean": 0.6847590208053589
    },
    {
      "epoch": 13,
      "train": {
        "loss": 0.22686877886025797,
        "mse": 0.21992324214187292,
        "align": 0.00016040571089186612,
        "reconstruct": 0.3137250096308803
      },
      "val": {
        "mse": 0.4962543249130249,
        "rmse": 0.7044532098819799,
        "mae": 0.4176866114139557,
        "ci": 0.7852972349423257,
        "rm2": 0.33687017896657756,
        "pearson": 0.5997991015750703,
        "spearman": 0.5259272568027297,
        "r2": 0.34629249572753906,
        "bias": -0.07115644216537476
      },
      "val_delta_abs_mean": 0.6203632950782776,
      "val_gate_mean": 0.45240065455436707
    },
    {
      "epoch": 14,
      "train": {
        "loss": 0.22626526470998948,
        "mse": 0.2194227708525661,
        "align": 0.00015371282141764353,
        "reconstruct": 0.30603152638027065
      },
      "val": {
        "mse": 0.4906963109970093,
        "rmse": 0.7004971884290537,
        "mae": 0.4105290174484253,
        "ci": 0.7931722032721872,
        "rm2": 0.3434611014834608,
        "pearson": 0.608076830460376,
        "spearman": 0.5398911601835396,
        "r2": 0.3536139726638794,
        "bias": -0.07737795263528824
      },
      "val_delta_abs_mean": 0.6740517616271973,
      "val_gate_mean": 0.5524886250495911
    },
    {
      "epoch": 15,
      "train": {
        "loss": 0.22636286102079664,
        "mse": 0.21954401206399818,
        "align": 0.00016491408181440684,
        "reconstruct": 0.30970406348372237
      },
      "val": {
        "mse": 0.4942989945411682,
        "rmse": 0.7030640045836284,
        "mae": 0.4122637212276459,
        "ci": 0.7900025417577395,
        "rm2": 0.34094815648325016,
        "pearson": 0.6016183029726885,
        "spearman": 0.53447839470285,
        "r2": 0.348868191242218,
        "bias": -0.07446984946727753
      },
      "val_delta_abs_mean": 0.7326922416687012,
      "val_gate_mean": 0.6436709761619568
    },
    {
      "epoch": 16,
      "train": {
        "loss": 0.2259697432271025,
        "mse": 0.21900127778053743,
        "align": 0.00014113572491504143,
        "reconstruct": 0.31135418966356593
      },
      "val": {
        "mse": 0.4939477741718292,
        "rmse": 0.7028141818232108,
        "mae": 0.41773560643196106,
        "ci": 0.7873583397759831,
        "rm2": 0.34003022355207024,
        "pearson": 0.5995717904725822,
        "spearman": 0.528915769880568,
        "r2": 0.3493308424949646,
        "bias": -0.06278941035270691
      },
      "val_delta_abs_mean": 0.7362805604934692,
      "val_gate_mean": 0.4441920816898346
    },
    {
      "epoch": 17,
      "train": {
        "loss": 0.2261565577422068,
        "mse": 0.21928699502956883,
        "align": 0.00013012811792611822,
        "reconstruct": 0.3076077640383698
      },
      "val": {
        "mse": 0.48914995789527893,
        "rmse": 0.6993925635115653,
        "mae": 0.40822964906692505,
        "ci": 0.7929457261402676,
        "rm2": 0.3473272586766476,
        "pearson": 0.6072511488428782,
        "spearman": 0.5398588037018033,
        "r2": 0.35565096139907837,
        "bias": -0.07491172105073929
      },
      "val_delta_abs_mean": 0.8326550722122192,
      "val_gate_mean": 0.4215116500854492
    },
    {
      "epoch": 18,
      "train": {
        "loss": 0.22571594384357677,
        "mse": 0.21876075170927745,
        "align": 0.00012077419983017395,
        "reconstruct": 0.3121202354184631
      },
      "val": {
        "mse": 0.49123579263687134,
        "rmse": 0.7008821531733215,
        "mae": 0.42032161355018616,
        "ci": 0.7854532434702488,
        "rm2": 0.34408082398314693,
        "pearson": 0.5992500573931339,
        "spearman": 0.5250711031261021,
        "r2": 0.3529033064842224,
        "bias": -0.04938492923974991
      },
      "val_delta_abs_mean": 0.7628734707832336,
      "val_gate_mean": 0.5286763310432434
    },
    {
      "epoch": 19,
      "train": {
        "loss": 0.2257017822057666,
        "mse": 0.2186486468492326,
        "align": 0.00010488273044563044,
        "reconstruct": 0.31108039092188955
      },
      "val": {
        "mse": 0.4845067262649536,
        "rmse": 0.6960651738630181,
        "mae": 0.41594216227531433,
        "ci": 0.7913286142450857,
        "rm2": 0.350628142930493,
        "pearson": 0.6072585300409198,
        "spearman": 0.5362260630590321,
        "r2": 0.36176735162734985,
        "bias": -0.04840990528464317
      },
      "val_delta_abs_mean": 0.6599488854408264,
      "val_gate_mean": 0.46277913451194763
    },
    {
      "epoch": 20,
      "train": {
        "loss": 0.22569605450755514,
        "mse": 0.21875916710771678,
        "align": 8.897132589829213e-05,
        "reconstruct": 0.3076725365470116
      },
      "val": {
        "mse": 0.4936678111553192,
        "rmse": 0.7026149807364764,
        "mae": 0.414532870054245,
        "ci": 0.7895793228007889,
        "rm2": 0.3421097736839971,
        "pearson": 0.5991054315867012,
        "spearman": 0.5334691841884819,
        "r2": 0.34969961643218994,
        "bias": -0.06390596926212311
      },
      "val_delta_abs_mean": 0.7397083044052124,
      "val_gate_mean": 0.5520304441452026
    },
    {
      "epoch": 21,
      "train": {
        "loss": 0.22558798275933156,
        "mse": 0.2187991556469855,
        "align": 8.370963076694967e-05,
        "reconstruct": 0.3017848690205478
      },
      "val": {
        "mse": 0.48694732785224915,
        "rmse": 0.6978161132076625,
        "mae": 0.4121909737586975,
        "ci": 0.792014562968382,
        "rm2": 0.3475442326822586,
        "pearson": 0.609662331538916,
        "spearman": 0.5374804148280101,
        "r2": 0.3585524559020996,
        "bias": -0.0691286027431488
      },
      "val_delta_abs_mean": 0.7110380530357361,
      "val_gate_mean": 0.40992292761802673
    },
    {
      "epoch": 22,
      "train": {
        "loss": 0.22541299322014813,
        "mse": 0.21843823387141498,
        "align": 6.994626583350202e-05,
        "reconstruct": 0.3076778183982337
      },
      "val": {
        "mse": 0.4891825318336487,
        "rmse": 0.6994158504306638,
        "mae": 0.41390377283096313,
        "ci": 0.7905544779335509,
        "rm2": 0.3472775887550963,
        "pearson": 0.6033913117198434,
        "spearman": 0.5346322813150405,
        "r2": 0.3556080460548401,
        "bias": -0.06043004244565964
      },
      "val_delta_abs_mean": 0.7921336889266968,
      "val_gate_mean": 0.5199862122535706
    },
    {
      "epoch": 23,
      "train": {
        "loss": 0.2253644783101826,
        "mse": 0.2182665539680735,
        "align": 6.649033263751766e-05,
        "reconstruct": 0.31332325696646796
      },
      "val": {
        "mse": 0.48164546489715576,
        "rmse": 0.6940068190566687,
        "mae": 0.4093422293663025,
        "ci": 0.7958198675841978,
        "rm2": 0.35614251858127294,
        "pearson": 0.6104531940404591,
        "spearman": 0.5443024242299871,
        "r2": 0.36553651094436646,
        "bias": -0.05403849482536316
      },
      "val_delta_abs_mean": 0.9489135146141052,
      "val_gate_mean": 0.46924689412117004
    },
    {
      "epoch": 24,
      "train": {
        "loss": 0.22553629567662847,
        "mse": 0.2184586344075017,
        "align": 8.345156968288361e-05,
        "reconstruct": 0.31128047533348363
      },
      "val": {
        "mse": 0.48363080620765686,
        "rmse": 0.695435695235481,
        "mae": 0.41266700625419617,
        "ci": 0.7928642595460519,
        "rm2": 0.35254263992158963,
        "pearson": 0.6092373942434091,
        "spearman": 0.538493025410722,
        "r2": 0.36292117834091187,
        "bias": -0.05590313300490379
      },
      "val_delta_abs_mean": 0.7651301622390747,
      "val_gate_mean": 0.42623940110206604
    },
    {
      "epoch": 25,
      "train": {
        "loss": 0.22522738137809376,
        "mse": 0.21812989555505147,
        "align": 5.0689512581318904e-05,
        "reconstruct": 0.3097682223462778
      },
      "val": {
        "mse": 0.48804548382759094,
        "rmse": 0.698602522059283,
        "mae": 0.41174986958503723,
        "ci": 0.7954575449064234,
        "rm2": 0.34742828493914507,
        "pearson": 0.604942483213455,
        "spearman": 0.5435776424087944,
        "r2": 0.3571058511734009,
        "bias": -0.05886324495077133
      },
      "val_delta_abs_mean": 0.7474157810211182,
      "val_gate_mean": 0.5362336039543152
    },
    {
      "epoch": 26,
      "train": {
        "loss": 0.22525930117169807,
        "mse": 0.21809082441200497,
        "align": 5.469044351802704e-05,
        "reconstruct": 0.31535349146307773
      },
      "val": {
        "mse": 0.4858481287956238,
        "rmse": 0.6970280688721393,
        "mae": 0.41558337211608887,
        "ci": 0.7915341137289948,
        "rm2": 0.3510554830406389,
        "pearson": 0.6043604327329769,
        "spearman": 0.536276012739789,
        "r2": 0.3600003719329834,
        "bias": -0.04537181556224823
      },
      "val_delta_abs_mean": 0.7931239008903503,
      "val_gate_mean": 0.4077109694480896
    },
    {
      "epoch": 27,
      "train": {
        "loss": 0.22507632502327873,
        "mse": 0.2179565403506101,
        "align": 4.0092131533062215e-05,
        "reconstruct": 0.3083625088943558
      },
      "val": {
        "mse": 0.49051418900489807,
        "rmse": 0.7003671815590006,
        "mae": 0.4158177375793457,
        "ci": 0.793171388606245,
        "rm2": 0.3443251583835996,
        "pearson": 0.6008566118683029,
        "spearman": 0.5396132112356741,
        "r2": 0.35385388135910034,
        "bias": -0.05208394676446915
      },
      "val_delta_abs_mean": 0.6416424512863159,
      "val_gate_mean": 0.46627864241600037
    },
    {
      "epoch": 28,
      "train": {
        "loss": 0.2256552041720309,
        "mse": 0.21854255039862125,
        "align": 4.4449404939324816e-05,
        "reconstruct": 0.3129544856516863
      },
      "val": {
        "mse": 0.49301522970199585,
        "rmse": 0.7021504323875304,
        "mae": 0.4085741639137268,
        "ci": 0.7947353435487011,
        "rm2": 0.3436092433343556,
        "pearson": 0.6017725311516522,
        "spearman": 0.5433908764378368,
        "r2": 0.3505592346191406,
        "bias": -0.07280575484037399
      },
      "val_delta_abs_mean": 0.728571355342865,
      "val_gate_mean": 0.49406200647354126
    },
    {
      "epoch": 29,
      "train": {
        "loss": 0.2250637281666342,
        "mse": 0.21783310013119453,
        "align": 4.6326546693337115e-05,
        "reconstruct": 0.3164755128065087
      },
      "val": {
        "mse": 0.48976999521255493,
        "rmse": 0.6998356915823563,
        "mae": 0.4163934290409088,
        "ci": 0.7884650634584036,
        "rm2": 0.3462143247684925,
        "pearson": 0.6018054345423728,
        "spearman": 0.5310343667046095,
        "r2": 0.3548341393470764,
        "bias": -0.05518585070967674
      },
      "val_delta_abs_mean": 0.7291839718818665,
      "val_gate_mean": 0.592108428478241
    },
    {
      "epoch": 30,
      "train": {
        "loss": 0.22503516096931983,
        "mse": 0.217880108016878,
        "align": 3.7262554954630904e-05,
        "reconstruct": 0.3132630838109036
      },
      "val": {
        "mse": 0.49509498476982117,
        "rmse": 0.7036298634721392,
        "mae": 0.41356128454208374,
        "ci": 0.7901695482758817,
        "rm2": 0.3410855438906781,
        "pearson": 0.5986934902381499,
        "spearman": 0.5347437577613559,
        "r2": 0.3478196859359741,
        "bias": -0.07000080496072769
      },
      "val_delta_abs_mean": 0.6897581219673157,
      "val_gate_mean": 0.6194061040878296
    },
    {
      "epoch": 31,
      "train": {
        "loss": 0.22479525550911558,
        "mse": 0.2176402471640393,
        "align": 4.415460095158139e-05,
        "reconstruct": 0.31262802604280676
      },
      "val": {
        "mse": 0.4856192171573639,
        "rmse": 0.6968638440594862,
        "mae": 0.402921587228775,
        "ci": 0.7973202785831656,
        "rm2": 0.3526237229851166,
        "pearson": 0.6143268297467922,
        "spearman": 0.5480230665917368,
        "r2": 0.3603019118309021,
        "bias": -0.08675999194383621
      },
      "val_delta_abs_mean": 0.8800875544548035,
      "val_gate_mean": 0.47632232308387756
    },
    {
      "epoch": 32,
      "train": {
        "loss": 0.22488461067297352,
        "mse": 0.2177598766126818,
        "align": 2.6194603068773264e-05,
        "reconstruct": 0.30858490009320255
      },
      "val": {
        "mse": 0.4848490357398987,
        "rmse": 0.6963110194014588,
        "mae": 0.4138365387916565,
        "ci": 0.7898907288571785,
        "rm2": 0.35342419466465264,
        "pearson": 0.6067343473699663,
        "spearman": 0.533021720996331,
        "r2": 0.361316442489624,
        "bias": -0.055456679314374924
      },
      "val_delta_abs_mean": 0.8332163095474243,
      "val_gate_mean": 0.520963191986084
    },
    {
      "epoch": 33,
      "train": {
        "loss": 0.22489047475690688,
        "mse": 0.21759777567413482,
        "align": 3.6251359028594495e-05,
        "reconstruct": 0.314392745354252
      },
      "val": {
        "mse": 0.4964173436164856,
        "rmse": 0.7045689062231497,
        "mae": 0.41371870040893555,
        "ci": 0.7892728047400523,
        "rm2": 0.33918189091368695,
        "pearson": 0.597843401827635,
        "spearman": 0.5335714160671889,
        "r2": 0.34607774019241333,
        "bias": -0.07153945416212082
      },
      "val_delta_abs_mean": 0.6437094807624817,
      "val_gate_mean": 0.5080161690711975
    },
    {
      "epoch": 34,
      "train": {
        "loss": 0.22471536732109035,
        "mse": 0.2175724652176288,
        "align": 3.503615190288015e-05,
        "reconstruct": 0.3127861198343073
      },
      "val": {
        "mse": 0.49435099959373474,
        "rmse": 0.7031009881899859,
        "mae": 0.4157008230686188,
        "ci": 0.7905192436315527,
        "rm2": 0.3411758844652054,
        "pearson": 0.5976044109527445,
        "spearman": 0.534929062768129,
        "r2": 0.3487997055053711,
        "bias": -0.06050354614853859
      },
      "val_delta_abs_mean": 0.6378470063209534,
      "val_gate_mean": 0.6509538888931274
    },
    {
      "epoch": 35,
      "train": {
        "loss": 0.2247813743207135,
        "mse": 0.21752445077837587,
        "align": 2.650560652818328e-05,
        "reconstruct": 0.31298498008688913
      },
      "val": {
        "mse": 0.4915727972984314,
        "rmse": 0.7011225265946256,
        "mae": 0.41628775000572205,
        "ci": 0.7872108852404527,
        "rm2": 0.34463323630700515,
        "pearson": 0.5998042947070984,
        "spearman": 0.5290566343966621,
        "r2": 0.3524593710899353,
        "bias": -0.056565992534160614
      },
      "val_delta_abs_mean": 0.711073637008667,
      "val_gate_mean": 0.5607759952545166
    },
    {
      "epoch": 36,
      "train": {
        "loss": 0.22449233104269783,
        "mse": 0.2172591427519173,
        "align": 2.3585196992964674e-05,
        "reconstruct": 0.31257578584541196
      },
      "val": {
        "mse": 0.48738494515419006,
        "rmse": 0.698129604840097,
        "mae": 0.41141277551651,
        "ci": 0.7925520388237202,
        "rm2": 0.35004404164496256,
        "pearson": 0.6050795298860229,
        "spearman": 0.5385968613623782,
        "r2": 0.35797595977783203,
        "bias": -0.060411497950553894
      },
      "val_delta_abs_mean": 0.8268575668334961,
      "val_gate_mean": 0.5353431701660156
    },
    {
      "epoch": 37,
      "train": {
        "loss": 0.2244748742111358,
        "mse": 0.21723747501172908,
        "align": 2.633335731067843e-05,
        "reconstruct": 0.31112335202690955
      },
      "val": {
        "mse": 0.490490198135376,
        "rmse": 0.7003500539982673,
        "mae": 0.4151858985424042,
        "ci": 0.7921842171508362,
        "rm2": 0.34502711326248575,
        "pearson": 0.6014007229630238,
        "spearman": 0.5377865504377035,
        "r2": 0.3538854718208313,
        "bias": -0.056333474814891815
      },
      "val_delta_abs_mean": 0.6551123857498169,
      "val_gate_mean": 0.5729660391807556
    },
    {
      "epoch": 38,
      "train": {
        "loss": 0.2242493741641068,
        "mse": 0.21703818540285283,
        "align": 2.0048863231085647e-05,
        "reconstruct": 0.3110421252936983
      },
      "val": {
        "mse": 0.48905593156814575,
        "rmse": 0.6993253402874414,
        "mae": 0.4136788547039032,
        "ci": 0.7902622165268021,
        "rm2": 0.3474789036596317,
        "pearson": 0.6037388089792476,
        "spearman": 0.5341872500514409,
        "r2": 0.35577481985092163,
        "bias": -0.06146199628710747
      },
      "val_delta_abs_mean": 0.8248306512832642,
      "val_gate_mean": 0.47199538350105286
    },
    {
      "epoch": 39,
      "train": {
        "loss": 0.22456398282224846,
        "mse": 0.21730673479338955,
        "align": 2.2283879604469977e-05,
        "reconstruct": 0.3118510853168858
      },
      "val": {
        "mse": 0.505309522151947,
        "rmse": 0.7108512658439506,
        "mae": 0.42382705211639404,
        "ci": 0.780976043118639,
        "rm2": 0.32789872812986326,
        "pearson": 0.5847202841919443,
        "spearman": 0.518239091873303,
        "r2": 0.3343641757965088,
        "bias": -0.05813077464699745
      },
      "val_delta_abs_mean": 0.6193175911903381,
      "val_gate_mean": 0.5544179081916809
    },
    {
      "epoch": 40,
      "train": {
        "loss": 0.22435553255273527,
        "mse": 0.2170715548777369,
        "align": 2.0054463898583557e-05,
        "reconstruct": 0.312645086909759
      },
      "val": {
        "mse": 0.4974895119667053,
        "rmse": 0.7053293641744297,
        "mae": 0.41361528635025024,
        "ci": 0.7883913361906384,
        "rm2": 0.3393045230652609,
        "pearson": 0.5950152155101087,
        "spearman": 0.5322383638252841,
        "r2": 0.34466540813446045,
        "bias": -0.06844592094421387
      },
      "val_delta_abs_mean": 0.793816864490509,
      "val_gate_mean": 0.5601542592048645
    },
    {
      "epoch": 41,
      "train": {
        "loss": 0.22416203714138944,
        "mse": 0.21697414053482603,
        "align": 2.3253632886377395e-05,
        "reconstruct": 0.31063496774700733
      },
      "val": {
        "mse": 0.49449771642684937,
        "rmse": 0.70320531598307,
        "mae": 0.41046372056007385,
        "ci": 0.7904575326864343,
        "rm2": 0.3426561186560891,
        "pearson": 0.6026462983214349,
        "spearman": 0.5359465014292525,
        "r2": 0.3486064076423645,
        "bias": -0.08249446004629135
      },
      "val_delta_abs_mean": 0.7657626271247864,
      "val_gate_mean": 0.5598422288894653
    },
    {
      "epoch": 42,
      "train": {
        "loss": 0.22416781838020325,
        "mse": 0.21688254052043088,
        "align": 2.140447725468815e-05,
        "reconstruct": 0.31132252084413553
      },
      "val": {
        "mse": 0.48787394165992737,
        "rmse": 0.698479736041016,
        "mae": 0.4105883538722992,
        "ci": 0.7924701648965333,
        "rm2": 0.3476667319676769,
        "pearson": 0.611566610642548,
        "spearman": 0.5387676524547489,
        "r2": 0.3573318123817444,
        "bias": -0.08072523772716522
      },
      "val_delta_abs_mean": 0.7618601322174072,
      "val_gate_mean": 0.45161277055740356
    },
    {
      "epoch": 43,
      "train": {
        "loss": 0.2241894479873631,
        "mse": 0.21697214495559577,
        "align": 1.9123473433221605e-05,
        "reconstruct": 0.3105500648670595
      },
      "val": {
        "mse": 0.5001664161682129,
        "rmse": 0.7072244453977908,
        "mae": 0.41421279311180115,
        "ci": 0.7866542647354738,
        "rm2": 0.33664799414088686,
        "pearson": 0.597212106952464,
        "spearman": 0.5293061001563535,
        "r2": 0.34113913774490356,
        "bias": -0.08645973354578018
      },
      "val_delta_abs_mean": 0.760529637336731,
      "val_gate_mean": 0.5686483383178711
    }
  ]
}
