{"epoch": 1, "train": {"loss": 0.2336811696606811, "mse": 0.2239180513754196, "align": 0.04508789414630492, "reconstruct": 0.36586455670130247}, "val": {"mse": 0.494980126619339, "rmse": 0.7035482404351098, "mae": 0.43262580037117004, "ci": 0.7805709504789013, "rm2": 0.3358776181077828, "pearson": 0.5938541196283601, "spearman": 0.5160754043571946, "r2": 0.34797096252441406, "bias": -0.028977535665035248}, "val_delta_abs_mean": 0.7326434254646301, "val_gate_mean": 0.9098829030990601}
{"epoch": 2, "train": {"loss": 0.22722093004791066, "mse": 0.22246723087481016, "align": 0.0020425799343553146, "reconstruct": 0.21183331817735707}, "val": {"mse": 0.4942392110824585, "rmse": 0.7030214869280017, "mae": 0.42419394850730896, "ci": 0.7879059989555982, "rm2": 0.3378747322041522, "pearson": 0.5956825279586974, "spearman": 0.5303647795890613, "r2": 0.3489469289779663, "bias": -0.04046464338898659}, "val_delta_abs_mean": 0.46841180324554443, "val_gate_mean": 0.7612442374229431}
{"epoch": 3, "train": {"loss": 0.22615391494588097, "mse": 0.22210623689309297, "align": 0.0018110276186696901, "reconstruct": 0.1733881676663009}, "val": {"mse": 0.4940333366394043, "rmse": 0.7028750505170918, "mae": 0.42042550444602966, "ci": 0.7884033525132852, "rm2": 0.33828858043253585, "pearson": 0.5980445099043387, "spearman": 0.5312711800227162, "r2": 0.34921813011169434, "bias": -0.052251532673835754}, "val_delta_abs_mean": 0.4765480160713196, "val_gate_mean": 0.7214993834495544}
{"epoch": 4, "train": {"loss": 0.22496420742544526, "mse": 0.22126362608987604, "align": 0.0015088589023646278, "reconstruct": 0.1562664806283311}, "val": {"mse": 0.49568644165992737, "rmse": 0.7040500278104727, "mae": 0.41875213384628296, "ci": 0.784878496648057, "rm2": 0.3386378958704816, "pearson": 0.5969151403730094, "spearman": 0.5248433678526259, "r2": 0.3470405340194702, "bias": -0.061690229922533035}, "val_delta_abs_mean": 0.6242009401321411, "val_gate_mean": 0.8385482430458069}
{"epoch": 5, "train": {"loss": 0.2244849897382394, "mse": 0.2210177730277928, "align": 0.0014555868164136687, "reconstruct": 0.14444442333093538}, "val": {"mse": 0.4951440989971161, "rmse": 0.7036647632197566, "mae": 0.4224451184272766, "ci": 0.7836890843725076, "rm2": 0.33909002319921516, "pearson": 0.5946379530297904, "spearman": 0.5224261261179335, "r2": 0.34775495529174805, "bias": -0.04728027060627937}, "val_delta_abs_mean": 0.6335524320602417, "val_gate_mean": 0.8079628944396973}
{"epoch": 6, "train": {"loss": 0.22399341743616968, "mse": 0.22072568829323339, "align": 0.001007582514235773, "reconstruct": 0.13348389820485254}, "val": {"mse": 0.49933499097824097, "rmse": 0.7066363923392575, "mae": 0.4169616401195526, "ci": 0.7858730000969453, "rm2": 0.3354184201572484, "pearson": 0.5931800960778632, "spearman": 0.5275423385133483, "r2": 0.3422343134880066, "bias": -0.06586364656686783}, "val_delta_abs_mean": 0.5558929443359375, "val_gate_mean": 0.7240131497383118}
{"epoch": 7, "train": {"loss": 0.22358598756132542, "mse": 0.22062855928381678, "align": 0.0008839999296971163, "reconstruct": 0.12240507166258488}, "val": {"mse": 0.4994957745075226, "rmse": 0.7067501499876194, "mae": 0.41377970576286316, "ci": 0.7860514119382777, "rm2": 0.3364772439907138, "pearson": 0.59588028758243, "spearman": 0.5280226598537743, "r2": 0.34202253818511963, "bias": -0.07848460227251053}, "val_delta_abs_mean": 0.6659308075904846, "val_gate_mean": 0.7923237085342407}
{"epoch": 8, "train": {"loss": 0.22315167054021806, "mse": 0.22018484490501006, "align": 0.0007781653095740057, "reconstruct": 0.11728505382736275}, "val": {"mse": 0.4963725209236145, "rmse": 0.7045370969108827, "mae": 0.41684454679489136, "ci": 0.7877638397486918, "rm2": 0.3384740732966802, "pearson": 0.5953230686791642, "spearman": 0.5305634026356201, "r2": 0.34613674879074097, "bias": -0.05979866161942482}, "val_delta_abs_mean": 0.5754438042640686, "val_gate_mean": 0.7585102319717407}
{"epoch": 9, "train": {"loss": 0.22275733665138256, "mse": 0.21990297821530527, "align": 0.0006409262375938568, "reconstruct": 0.1094036042156607}, "val": {"mse": 0.4975092113018036, "rmse": 0.705343328671792, "mae": 0.41341131925582886, "ci": 0.7895198521870115, "rm2": 0.3373155315412708, "pearson": 0.5973728393966683, "spearman": 0.5345046555819594, "r2": 0.3446394205093384, "bias": -0.07277398556470871}, "val_delta_abs_mean": 0.5831853151321411, "val_gate_mean": 0.7319872379302979}
{"epoch": 10, "train": {"loss": 0.22262672273436948, "mse": 0.21988435691832073, "align": 0.0005762804124930761, "reconstruct": 0.10431172778428066}, "val": {"mse": 0.5002405643463135, "rmse": 0.7072768654114975, "mae": 0.41437599062919617, "ci": 0.7900353320619113, "rm2": 0.33429204511167215, "pearson": 0.5934499956567113, "spearman": 0.5353603043949552, "r2": 0.3410414457321167, "bias": -0.07046777009963989}, "val_delta_abs_mean": 0.5527666211128235, "val_gate_mean": 0.6375555992126465}
{"epoch": 11, "train": {"loss": 0.22228766971187872, "mse": 0.21963011157590706, "align": 0.0005037418696744226, "reconstruct": 0.09942100731033877}, "val": {"mse": 0.5003142356872559, "rmse": 0.7073289444715632, "mae": 0.406507670879364, "ci": 0.7918396134573038, "rm2": 0.3370699583348321, "pearson": 0.6003416219393333, "spearman": 0.5391016563952865, "r2": 0.34094446897506714, "bias": -0.09566069394350052}, "val_delta_abs_mean": 0.7233510613441467, "val_gate_mean": 0.7582009434700012}
{"epoch": 12, "train": {"loss": 0.2220284820041953, "mse": 0.21962565923030927, "align": 0.00046084811899330797, "reconstruct": 0.09140993942508135}, "val": {"mse": 0.501476526260376, "rmse": 0.7081500732615764, "mae": 0.4171389937400818, "ci": 0.7857332848878653, "rm2": 0.3333389689058711, "pearson": 0.5905790540585928, "spearman": 0.5267328236429493, "r2": 0.3394133448600769, "bias": -0.06626465171575546}, "val_delta_abs_mean": 0.6953511834144592, "val_gate_mean": 0.7036690711975098}
{"epoch": 13, "train": {"loss": 0.22153659469327075, "mse": 0.21907368630581117, "align": 0.00033242811857821957, "reconstruct": 0.08581223846546343}, "val": {"mse": 0.5013750195503235, "rmse": 0.708078399296521, "mae": 0.41652265191078186, "ci": 0.7848697389891788, "rm2": 0.3339170462972989, "pearson": 0.5910241109581623, "spearman": 0.5256619759151842, "r2": 0.3395470380783081, "bias": -0.06851908564567566}, "val_delta_abs_mean": 0.6976578831672668, "val_gate_mean": 0.7071394324302673}
{"epoch": 14, "train": {"loss": 0.22150941477584415, "mse": 0.21910984232150935, "align": 0.0003145463636271061, "reconstruct": 0.0854118731031751}, "val": {"mse": 0.5051543712615967, "rmse": 0.710742127118969, "mae": 0.4132007956504822, "ci": 0.7879216812749847, "rm2": 0.33051499783229255, "pearson": 0.5902087020473952, "spearman": 0.5319763800749417, "r2": 0.3345685601234436, "bias": -0.08226975053548813}, "val_delta_abs_mean": 0.6954989433288574, "val_gate_mean": 0.6925264596939087}
{"epoch": 15, "train": {"loss": 0.22096193220372767, "mse": 0.21863715550467291, "align": 0.00027946576790273896, "reconstruct": 0.07866679320275594}, "val": {"mse": 0.5015813708305359, "rmse": 0.7082240964769102, "mae": 0.41957950592041016, "ci": 0.7839269668276175, "rm2": 0.3329382796543101, "pearson": 0.5892201240603648, "spearman": 0.5238102051832189, "r2": 0.3392752408981323, "bias": -0.060507480055093765}, "val_delta_abs_mean": 0.63070148229599, "val_gate_mean": 0.6684173941612244}
{"epoch": 16, "train": {"loss": 0.22089563802500092, "mse": 0.21866506856439477, "align": 0.00024082864502620064, "reconstruct": 0.07487719789752777}, "val": {"mse": 0.5093501806259155, "rmse": 0.7136877332740948, "mae": 0.416419118642807, "ci": 0.7827762511843206, "rm2": 0.3270264940078185, "pearson": 0.5831691551622213, "spearman": 0.5220574016897581, "r2": 0.3290415406227112, "bias": -0.07826785743236542}, "val_delta_abs_mean": 0.7378238439559937, "val_gate_mean": 0.767751157283783}
{"epoch": 17, "train": {"loss": 0.22037379835720894, "mse": 0.21814159693468452, "align": 0.00023632901940823657, "reconstruct": 0.07005420291249924}, "val": {"mse": 0.49810338020324707, "rmse": 0.7057643942586272, "mae": 0.42592576146125793, "ci": 0.7799021097403904, "rm2": 0.33479149196041996, "pearson": 0.5911874296803974, "spearman": 0.5161847766713857, "r2": 0.3438567519187927, "bias": -0.04454445838928223}, "val_delta_abs_mean": 0.6248795390129089, "val_gate_mean": 0.6784290075302124}
{"epoch": 18, "train": {"loss": 0.22020527105296073, "mse": 0.21796454767973347, "align": 0.0002110503894412576, "reconstruct": 0.06936485217289722}, "val": {"mse": 0.5008676052093506, "rmse": 0.7077200048107659, "mae": 0.4282294511795044, "ci": 0.7796915185943428, "rm2": 0.33195132410515954, "pearson": 0.5875420516728053, "spearman": 0.5157516244182837, "r2": 0.3402155041694641, "bias": -0.04283500462770462}, "val_delta_abs_mean": 0.5898910760879517, "val_gate_mean": 0.5886062979698181}
{"epoch": 19, "train": {"loss": 0.22035783163459327, "mse": 0.21815749969147988, "align": 0.00021184775004593943, "reconstruct": 0.06856209212126695}, "val": {"mse": 0.4987815022468567, "rmse": 0.7062446475881121, "mae": 0.41830891370773315, "ci": 0.7866550794014161, "rm2": 0.3340286413150387, "pearson": 0.5958774709551643, "spearman": 0.5284796875523818, "r2": 0.34296345710754395, "bias": -0.06812684237957001}, "val_delta_abs_mean": 0.7073490619659424, "val_gate_mean": 0.6903560757637024}
{"epoch": 20, "train": {"loss": 0.21990094784852732, "mse": 0.21776551456679574, "align": 0.0001705483475789145, "reconstruct": 0.06208983937690299}, "val": {"mse": 0.49683678150177, "rmse": 0.704866499063312, "mae": 0.4156716763973236, "ci": 0.7790693174810204, "rm2": 0.3393634993831281, "pearson": 0.599818703590361, "spearman": 0.5155395011446255, "r2": 0.34552520513534546, "bias": -0.08075089752674103}, "val_delta_abs_mean": 0.8183330297470093, "val_gate_mean": 0.8399438858032227}
{
  "guardrail": "validation only; test indices and metrics were not accessed",
  "condition": "real",
  "seed": 44,
  "best_epoch": 0,
  "epoch0_max_abs_difference": 1.9073486328125e-06,
  "baseline": {
    "mse": 0.48946526646614075,
    "rmse": 0.6996179432133947,
    "mae": 0.43143847584724426,
    "ci": 0.7885622123720057,
    "rm2": 0.3410284448121984,
    "pearson": 0.5995077496596147,
    "spearman": 0.5319472626673567,
    "r2": 0.35523557662963867,
    "bias": -0.015189344994723797
  },
  "best": {
    "mse": 0.48946526646614075,
    "rmse": 0.6996179432133947,
    "mae": 0.43143847584724426,
    "ci": 0.7885683223665719,
    "rm2": 0.34102838978785627,
    "pearson": 0.5995077184676597,
    "spearman": 0.5319483491333816,
    "r2": 0.35523557662963867,
    "bias": -0.01518935989588499
  },
  "relative_mse_gain": 0.0,
  "delta_abs_mean": 0.0,
  "atom_gate_mean": 0.5150517821311951,
  "drug_bootstrap": {
    "drugs": 7,
    "improved": 4,
    "worsened": 3,
    "improvements": [
      -3.506460544144829e-08,
      -1.7684622832803143e-07,
      3.676248283568384e-08,
      2.1462932764393372e-08,
      -8.558738784358866e-08,
      1.33754491926652e-08,
      1.896928658595698e-08
    ],
    "mean": -2.9561152890624143e-08,
    "ci95": [
      -8.805032804458182e-08,
      1.674669765718164e-08
    ],
    "probability_positive": 0.1315
  },
  "args": {
    "project": "/data1/ztx/MyModel-MDTA",
    "checkpoint": "outputs/Refine_experiment/davis/cold_start/drug_cold_5fold_seed42/baseline/fold_1/best_model.pt",
    "global_cache": "experiments/pdbbind_to_davis_transfer/data/global_predictions/fold1_with_features.pt",
    "drug_cache": "experiments/brics_hierarchical/data/fold1_drug_encoder_inputs_chem.pt",
    "split": "data/splits/davis_drug_cold_5fold_seed42/fold_1/split.json",
    "condition": "real",
    "seed": 44,
    "device": "cuda:1",
    "batch_size": 128,
    "epochs": 100,
    "patience": 20,
    "lr": 0.0003,
    "weight_decay": 1e-05,
    "lambda_align": 0.05,
    "lambda_reconstruct": 0.02,
    "lambda_delta": 0.001,
    "output_dir": "experiments/brics_hierarchical/outputs/chem_real_seed44"
  },
  "history": [
    {
      "epoch": 1,
      "train": {
        "loss": 0.2336811696606811,
        "mse": 0.2239180513754196,
        "align": 0.04508789414630492,
        "reconstruct": 0.36586455670130247
      },
      "val": {
        "mse": 0.494980126619339,
        "rmse": 0.7035482404351098,
        "mae": 0.43262580037117004,
        "ci": 0.7805709504789013,
        "rm2": 0.3358776181077828,
        "pearson": 0.5938541196283601,
        "spearman": 0.5160754043571946,
        "r2": 0.34797096252441406,
        "bias": -0.028977535665035248
      },
      "val_delta_abs_mean": 0.7326434254646301,
      "val_gate_mean": 0.9098829030990601
    },
    {
      "epoch": 2,
      "train": {
        "loss": 0.22722093004791066,
        "mse": 0.22246723087481016,
        "align": 0.0020425799343553146,
        "reconstruct": 0.21183331817735707
      },
      "val": {
        "mse": 0.4942392110824585,
        "rmse": 0.7030214869280017,
        "mae": 0.42419394850730896,
        "ci": 0.7879059989555982,
        "rm2": 0.3378747322041522,
        "pearson": 0.5956825279586974,
        "spearman": 0.5303647795890613,
        "r2": 0.3489469289779663,
        "bias": -0.04046464338898659
      },
      "val_delta_abs_mean": 0.46841180324554443,
      "val_gate_mean": 0.7612442374229431
    },
    {
      "epoch": 3,
      "train": {
        "loss": 0.22615391494588097,
        "mse": 0.22210623689309297,
        "align": 0.0018110276186696901,
        "reconstruct": 0.1733881676663009
      },
      "val": {
        "mse": 0.4940333366394043,
        "rmse": 0.7028750505170918,
        "mae": 0.42042550444602966,
        "ci": 0.7884033525132852,
        "rm2": 0.33828858043253585,
        "pearson": 0.5980445099043387,
        "spearman": 0.5312711800227162,
        "r2": 0.34921813011169434,
        "bias": -0.052251532673835754
      },
      "val_delta_abs_mean": 0.4765480160713196,
      "val_gate_mean": 0.7214993834495544
    },
    {
      "epoch": 4,
      "train": {
        "loss": 0.22496420742544526,
        "mse": 0.22126362608987604,
        "align": 0.0015088589023646278,
        "reconstruct": 0.1562664806283311
      },
      "val": {
        "mse": 0.49568644165992737,
        "rmse": 0.7040500278104727,
        "mae": 0.41875213384628296,
        "ci": 0.784878496648057,
        "rm2": 0.3386378958704816,
        "pearson": 0.5969151403730094,
        "spearman": 0.5248433678526259,
        "r2": 0.3470405340194702,
        "bias": -0.061690229922533035
      },
      "val_delta_abs_mean": 0.6242009401321411,
      "val_gate_mean": 0.8385482430458069
    },
    {
      "epoch": 5,
      "train": {
        "loss": 0.2244849897382394,
        "mse": 0.2210177730277928,
        "align": 0.0014555868164136687,
        "reconstruct": 0.14444442333093538
      },
      "val": {
        "mse": 0.4951440989971161,
        "rmse": 0.7036647632197566,
        "mae": 0.4224451184272766,
        "ci": 0.7836890843725076,
        "rm2": 0.33909002319921516,
        "pearson": 0.5946379530297904,
        "spearman": 0.5224261261179335,
        "r2": 0.34775495529174805,
        "bias": -0.04728027060627937
      },
      "val_delta_abs_mean": 0.6335524320602417,
      "val_gate_mean": 0.8079628944396973
    },
    {
      "epoch": 6,
      "train": {
        "loss": 0.22399341743616968,
        "mse": 0.22072568829323339,
        "align": 0.001007582514235773,
        "reconstruct": 0.13348389820485254
      },
      "val": {
        "mse": 0.49933499097824097,
        "rmse": 0.7066363923392575,
        "mae": 0.4169616401195526,
        "ci": 0.7858730000969453,
        "rm2": 0.3354184201572484,
        "pearson": 0.5931800960778632,
        "spearman": 0.5275423385133483,
        "r2": 0.3422343134880066,
        "bias": -0.06586364656686783
      },
      "val_delta_abs_mean": 0.5558929443359375,
      "val_gate_mean": 0.7240131497383118
    },
    {
      "epoch": 7,
      "train": {
        "loss": 0.22358598756132542,
        "mse": 0.22062855928381678,
        "align": 0.0008839999296971163,
        "reconstruct": 0.12240507166258488
      },
      "val": {
        "mse": 0.4994957745075226,
        "rmse": 0.7067501499876194,
        "mae": 0.41377970576286316,
        "ci": 0.7860514119382777,
        "rm2": 0.3364772439907138,
        "pearson": 0.59588028758243,
        "spearman": 0.5280226598537743,
        "r2": 0.34202253818511963,
        "bias": -0.07848460227251053
      },
      "val_delta_abs_mean": 0.6659308075904846,
      "val_gate_mean": 0.7923237085342407
    },
    {
      "epoch": 8,
      "train": {
        "loss": 0.22315167054021806,
        "mse": 0.22018484490501006,
        "align": 0.0007781653095740057,
        "reconstruct": 0.11728505382736275
      },
      "val": {
        "mse": 0.4963725209236145,
        "rmse": 0.7045370969108827,
        "mae": 0.41684454679489136,
        "ci": 0.7877638397486918,
        "rm2": 0.3384740732966802,
        "pearson": 0.5953230686791642,
        "spearman": 0.5305634026356201,
        "r2": 0.34613674879074097,
        "bias": -0.05979866161942482
      },
      "val_delta_abs_mean": 0.5754438042640686,
      "val_gate_mean": 0.7585102319717407
    },
    {
      "epoch": 9,
      "train": {
        "loss": 0.22275733665138256,
        "mse": 0.21990297821530527,
        "align": 0.0006409262375938568,
        "reconstruct": 0.1094036042156607
      },
      "val": {
        "mse": 0.4975092113018036,
        "rmse": 0.705343328671792,
        "mae": 0.41341131925582886,
        "ci": 0.7895198521870115,
        "rm2": 0.3373155315412708,
        "pearson": 0.5973728393966683,
        "spearman": 0.5345046555819594,
        "r2": 0.3446394205093384,
        "bias": -0.07277398556470871
      },
      "val_delta_abs_mean": 0.5831853151321411,
      "val_gate_mean": 0.7319872379302979
    },
    {
      "epoch": 10,
      "train": {
        "loss": 0.22262672273436948,
        "mse": 0.21988435691832073,
        "align": 0.0005762804124930761,
        "reconstruct": 0.10431172778428066
      },
      "val": {
        "mse": 0.5002405643463135,
        "rmse": 0.7072768654114975,
        "mae": 0.41437599062919617,
        "ci": 0.7900353320619113,
        "rm2": 0.33429204511167215,
        "pearson": 0.5934499956567113,
        "spearman": 0.5353603043949552,
        "r2": 0.3410414457321167,
        "bias": -0.07046777009963989
      },
      "val_delta_abs_mean": 0.5527666211128235,
      "val_gate_mean": 0.6375555992126465
    },
    {
      "epoch": 11,
      "train": {
        "loss": 0.22228766971187872,
        "mse": 0.21963011157590706,
        "align": 0.0005037418696744226,
        "reconstruct": 0.09942100731033877
      },
      "val": {
        "mse": 0.5003142356872559,
        "rmse": 0.7073289444715632,
        "mae": 0.406507670879364,
        "ci": 0.7918396134573038,
        "rm2": 0.3370699583348321,
        "pearson": 0.6003416219393333,
        "spearman": 0.5391016563952865,
        "r2": 0.34094446897506714,
        "bias": -0.09566069394350052
      },
      "val_delta_abs_mean": 0.7233510613441467,
      "val_gate_mean": 0.7582009434700012
    },
    {
      "epoch": 12,
      "train": {
        "loss": 0.2220284820041953,
        "mse": 0.21962565923030927,
        "align": 0.00046084811899330797,
        "reconstruct": 0.09140993942508135
      },
      "val": {
        "mse": 0.501476526260376,
        "rmse": 0.7081500732615764,
        "mae": 0.4171389937400818,
        "ci": 0.7857332848878653,
        "rm2": 0.3333389689058711,
        "pearson": 0.5905790540585928,
        "spearman": 0.5267328236429493,
        "r2": 0.3394133448600769,
        "bias": -0.06626465171575546
      },
      "val_delta_abs_mean": 0.6953511834144592,
      "val_gate_mean": 0.7036690711975098
    },
    {
      "epoch": 13,
      "train": {
        "loss": 0.22153659469327075,
        "mse": 0.21907368630581117,
        "align": 0.00033242811857821957,
        "reconstruct": 0.08581223846546343
      },
      "val": {
        "mse": 0.5013750195503235,
        "rmse": 0.708078399296521,
        "mae": 0.41652265191078186,
        "ci": 0.7848697389891788,
        "rm2": 0.3339170462972989,
        "pearson": 0.5910241109581623,
        "spearman": 0.5256619759151842,
        "r2": 0.3395470380783081,
        "bias": -0.06851908564567566
      },
      "val_delta_abs_mean": 0.6976578831672668,
      "val_gate_mean": 0.7071394324302673
    },
    {
      "epoch": 14,
      "train": {
        "loss": 0.22150941477584415,
        "mse": 0.21910984232150935,
        "align": 0.0003145463636271061,
        "reconstruct": 0.0854118731031751
      },
      "val": {
        "mse": 0.5051543712615967,
        "rmse": 0.710742127118969,
        "mae": 0.4132007956504822,
        "ci": 0.7879216812749847,
        "rm2": 0.33051499783229255,
        "pearson": 0.5902087020473952,
        "spearman": 0.5319763800749417,
        "r2": 0.3345685601234436,
        "bias": -0.08226975053548813
      },
      "val_delta_abs_mean": 0.6954989433288574,
      "val_gate_mean": 0.6925264596939087
    },
    {
      "epoch": 15,
      "train": {
        "loss": 0.22096193220372767,
        "mse": 0.21863715550467291,
        "align": 0.00027946576790273896,
        "reconstruct": 0.07866679320275594
      },
      "val": {
        "mse": 0.5015813708305359,
        "rmse": 0.7082240964769102,
        "mae": 0.41957950592041016,
        "ci": 0.7839269668276175,
        "rm2": 0.3329382796543101,
        "pearson": 0.5892201240603648,
        "spearman": 0.5238102051832189,
        "r2": 0.3392752408981323,
        "bias": -0.060507480055093765
      },
      "val_delta_abs_mean": 0.63070148229599,
      "val_gate_mean": 0.6684173941612244
    },
    {
      "epoch": 16,
      "train": {
        "loss": 0.22089563802500092,
        "mse": 0.21866506856439477,
        "align": 0.00024082864502620064,
        "reconstruct": 0.07487719789752777
      },
      "val": {
        "mse": 0.5093501806259155,
        "rmse": 0.7136877332740948,
        "mae": 0.416419118642807,
        "ci": 0.7827762511843206,
        "rm2": 0.3270264940078185,
        "pearson": 0.5831691551622213,
        "spearman": 0.5220574016897581,
        "r2": 0.3290415406227112,
        "bias": -0.07826785743236542
      },
      "val_delta_abs_mean": 0.7378238439559937,
      "val_gate_mean": 0.767751157283783
    },
    {
      "epoch": 17,
      "train": {
        "loss": 0.22037379835720894,
        "mse": 0.21814159693468452,
        "align": 0.00023632901940823657,
        "reconstruct": 0.07005420291249924
      },
      "val": {
        "mse": 0.49810338020324707,
        "rmse": 0.7057643942586272,
        "mae": 0.42592576146125793,
        "ci": 0.7799021097403904,
        "rm2": 0.33479149196041996,
        "pearson": 0.5911874296803974,
        "spearman": 0.5161847766713857,
        "r2": 0.3438567519187927,
        "bias": -0.04454445838928223
      },
      "val_delta_abs_mean": 0.6248795390129089,
      "val_gate_mean": 0.6784290075302124
    },
    {
      "epoch": 18,
      "train": {
        "loss": 0.22020527105296073,
        "mse": 0.21796454767973347,
        "align": 0.0002110503894412576,
        "reconstruct": 0.06936485217289722
      },
      "val": {
        "mse": 0.5008676052093506,
        "rmse": 0.7077200048107659,
        "mae": 0.4282294511795044,
        "ci": 0.7796915185943428,
        "rm2": 0.33195132410515954,
        "pearson": 0.5875420516728053,
        "spearman": 0.5157516244182837,
        "r2": 0.3402155041694641,
        "bias": -0.04283500462770462
      },
      "val_delta_abs_mean": 0.5898910760879517,
      "val_gate_mean": 0.5886062979698181
    },
    {
      "epoch": 19,
      "train": {
        "loss": 0.22035783163459327,
        "mse": 0.21815749969147988,
        "align": 0.00021184775004593943,
        "reconstruct": 0.06856209212126695
      },
      "val": {
        "mse": 0.4987815022468567,
        "rmse": 0.7062446475881121,
        "mae": 0.41830891370773315,
        "ci": 0.7866550794014161,
        "rm2": 0.3340286413150387,
        "pearson": 0.5958774709551643,
        "spearman": 0.5284796875523818,
        "r2": 0.34296345710754395,
        "bias": -0.06812684237957001
      },
      "val_delta_abs_mean": 0.7073490619659424,
      "val_gate_mean": 0.6903560757637024
    },
    {
      "epoch": 20,
      "train": {
        "loss": 0.21990094784852732,
        "mse": 0.21776551456679574,
        "align": 0.0001705483475789145,
        "reconstruct": 0.06208983937690299
      },
      "val": {
        "mse": 0.49683678150177,
        "rmse": 0.704866499063312,
        "mae": 0.4156716763973236,
        "ci": 0.7790693174810204,
        "rm2": 0.3393634993831281,
        "pearson": 0.599818703590361,
        "spearman": 0.5155395011446255,
        "r2": 0.34552520513534546,
        "bias": -0.08075089752674103
      },
      "val_delta_abs_mean": 0.8183330297470093,
      "val_gate_mean": 0.8399438858032227
    }
  ]
}
