{"epoch": 1, "train": {"loss": 0.23357308055956968, "mse": 0.22372937253597003, "align": 0.04527507441053265, "reconstruct": 0.3697735486354683}, "val": {"mse": 0.4944990277290344, "rmse": 0.7032062483575031, "mae": 0.4256535768508911, "ci": 0.7874302340453785, "rm2": 0.3369921573173677, "pearson": 0.5953845210771931, "spearman": 0.5293700879269451, "r2": 0.348604679107666, "bias": -0.03837504982948303}, "val_delta_abs_mean": 0.43010297417640686, "val_gate_mean": 0.7419829964637756}
{"epoch": 2, "train": {"loss": 0.22736460952312573, "mse": 0.2225471714241989, "align": 0.0020677409445664487, "reconstruct": 0.21559723463693825}, "val": {"mse": 0.4923397898674011, "rmse": 0.7016692881033066, "mae": 0.42303723096847534, "ci": 0.7900084480858202, "rm2": 0.33940465915441176, "pearson": 0.5983846305753837, "spearman": 0.5342639613186504, "r2": 0.35144901275634766, "bias": -0.041339535266160965}, "val_delta_abs_mean": 0.39557409286499023, "val_gate_mean": 0.687289834022522}
{"epoch": 3, "train": {"loss": 0.22615967154405317, "mse": 0.22210417444441768, "align": 0.002067000382534404, "reconstruct": 0.1799957512391822}, "val": {"mse": 0.4942370057106018, "rmse": 0.7030199184309089, "mae": 0.42630207538604736, "ci": 0.7845471312760846, "rm2": 0.3379873016932635, "pearson": 0.5956621298324548, "spearman": 0.5234807963938996, "r2": 0.3489498496055603, "bias": -0.040699101984500885}, "val_delta_abs_mean": 0.6359885931015015, "val_gate_mean": 0.780099093914032}
{"epoch": 4, "train": {"loss": 0.22491131840133685, "mse": 0.22124097596406017, "align": 0.0014042944573938324, "reconstruct": 0.1585722368809857}, "val": {"mse": 0.4930204451084137, "rmse": 0.7021541462587925, "mae": 0.41476839780807495, "ci": 0.7909974525395989, "rm2": 0.34106576804326094, "pearson": 0.6014537187140662, "spearman": 0.5359264727613124, "r2": 0.35055238008499146, "bias": -0.06576556712388992}, "val_delta_abs_mean": 0.5734084248542786, "val_gate_mean": 0.7436516880989075}
{"epoch": 5, "train": {"loss": 0.22426154355812522, "mse": 0.22087635846810885, "align": 0.0011056646571256227, "reconstruct": 0.14345525035996334}, "val": {"mse": 0.49443119764328003, "rmse": 0.7031580175488864, "mae": 0.41609540581703186, "ci": 0.7885723956962828, "rm2": 0.3401001200380255, "pearson": 0.5985848906403199, "spearman": 0.5316129328276789, "r2": 0.3486940264701843, "bias": -0.06266707926988602}, "val_delta_abs_mean": 0.5780792236328125, "val_gate_mean": 0.7590703964233398}
{"epoch": 6, "train": {"loss": 0.22396340572571197, "mse": 0.2207849071748197, "align": 0.0010757105141846568, "reconstruct": 0.1337458072358437}, "val": {"mse": 0.4920206069946289, "rmse": 0.7014418058503705, "mae": 0.4246518313884735, "ci": 0.7871597649525823, "rm2": 0.33984453499848183, "pearson": 0.5981773498134784, "spearman": 0.5289480899677442, "r2": 0.35186946392059326, "bias": -0.03809448331594467}, "val_delta_abs_mean": 0.35387784242630005, "val_gate_mean": 0.43250101804733276}
{"epoch": 7, "train": {"loss": 0.22342463131358123, "mse": 0.22043219973644576, "align": 0.0007789239245773084, "reconstruct": 0.12199314965287197}, "val": {"mse": 0.4938937723636627, "rmse": 0.7027757625044155, "mae": 0.4157259464263916, "ci": 0.7899876741042952, "rm2": 0.3393616247845351, "pearson": 0.6001821263936455, "spearman": 0.5346798602393866, "r2": 0.3494020104408264, "bias": -0.06291438639163971}, "val_delta_abs_mean": 0.44774705171585083, "val_gate_mean": 0.5565246343612671}
{"epoch": 8, "train": {"loss": 0.22320220051196124, "mse": 0.22034286146210078, "align": 0.0007334615505497988, "reconstruct": 0.11644843261166396}, "val": {"mse": 0.4920004904270172, "rmse": 0.7014274662622053, "mae": 0.4288017749786377, "ci": 0.7827045605814108, "rm2": 0.3405230373113307, "pearson": 0.5967250814232502, "spearman": 0.5209783276933819, "r2": 0.3518959879875183, "bias": -0.029613729566335678}, "val_delta_abs_mean": 0.4171103537082672, "val_gate_mean": 0.5618515610694885}
{"epoch": 9, "train": {"loss": 0.22280231597788056, "mse": 0.22003266326792606, "align": 0.0006863759355204413, "reconstruct": 0.10986553488314134}, "val": {"mse": 0.4909227788448334, "rmse": 0.7006588177171778, "mae": 0.4134291112422943, "ci": 0.7902998948266269, "rm2": 0.3437359569729321, "pearson": 0.6045307217024583, "spearman": 0.534711690913403, "r2": 0.35331565141677856, "bias": -0.06885188072919846}, "val_delta_abs_mean": 0.6552953124046326, "val_gate_mean": 0.6736932396888733}
{"epoch": 10, "train": {"loss": 0.2228322550216859, "mse": 0.2201210729074143, "align": 0.0007073341956597223, "reconstruct": 0.10582302858341276}, "val": {"mse": 0.48986732959747314, "rmse": 0.6999052290113806, "mae": 0.41429826617240906, "ci": 0.7923671096548505, "rm2": 0.34471941353819946, "pearson": 0.6029312745896307, "spearman": 0.538499467688159, "r2": 0.35470592975616455, "bias": -0.05751654878258705}, "val_delta_abs_mean": 0.5945199728012085, "val_gate_mean": 0.5695959329605103}
{"epoch": 11, "train": {"loss": 0.2220615895861862, "mse": 0.21941511320005636, "align": 0.000488484182382578, "reconstruct": 0.09895745403020986}, "val": {"mse": 0.49313369393348694, "rmse": 0.7022347854766858, "mae": 0.41890981793403625, "ci": 0.7863059950452017, "rm2": 0.3401120045389105, "pearson": 0.5995884180168138, "spearman": 0.5277942908791415, "r2": 0.3504032492637634, "bias": -0.05681869015097618}, "val_delta_abs_mean": 0.4999908208847046, "val_gate_mean": 0.569028377532959}
{"epoch": 12, "train": {"loss": 0.22165428783378394, "mse": 0.21909336323895676, "align": 0.0004224054242071018, "reconstruct": 0.09305287572363635}, "val": {"mse": 0.49352577328681946, "rmse": 0.7025138954403817, "mae": 0.4103659987449646, "ci": 0.7901783059347599, "rm2": 0.342510147031902, "pearson": 0.6029817253583352, "spearman": 0.5349471686790946, "r2": 0.3498867154121399, "bias": -0.07749811559915543}, "val_delta_abs_mean": 0.75373375415802, "val_gate_mean": 0.6692933440208435}
{"epoch": 13, "train": {"loss": 0.22142522726066305, "mse": 0.21894007289565723, "align": 0.00037853235434990044, "reconstruct": 0.08721949688174262}, "val": {"mse": 0.49977928400039673, "rmse": 0.7069506941791603, "mae": 0.4155173599720001, "ci": 0.7854469298091971, "rm2": 0.3341555749720134, "pearson": 0.5966000314563562, "spearman": 0.5266750618129022, "r2": 0.3416491150856018, "bias": -0.07698588818311691}, "val_delta_abs_mean": 0.7050549983978271, "val_gate_mean": 0.717218816280365}
{"epoch": 14, "train": {"loss": 0.22142813040338627, "mse": 0.21894788784529506, "align": 0.00034994311588405243, "reconstruct": 0.08530719409270593}, "val": {"mse": 0.4947642385959625, "rmse": 0.7033947956844453, "mae": 0.4112510681152344, "ci": 0.7936127338804086, "rm2": 0.33993898276335127, "pearson": 0.6009254491620429, "spearman": 0.5413451752772169, "r2": 0.34825533628463745, "bias": -0.07283228635787964}, "val_delta_abs_mean": 0.6285886764526367, "val_gate_mean": 0.6741193532943726}
{"epoch": 15, "train": {"loss": 0.22115184687765888, "mse": 0.21875892705800065, "align": 0.00029106268447092983, "reconstruct": 0.08080913368700397}, "val": {"mse": 0.48964178562164307, "rmse": 0.6997440858068349, "mae": 0.41604679822921753, "ci": 0.7893941899654338, "rm2": 0.3460029200563255, "pearson": 0.6017820777807671, "spearman": 0.5326196741432998, "r2": 0.3550030589103699, "bias": -0.05346561223268509}, "val_delta_abs_mean": 0.6913275718688965, "val_gate_mean": 0.6324005722999573}
{"epoch": 16, "train": {"loss": 0.22053582979382502, "mse": 0.2180892451643611, "align": 0.00027232301743620226, "reconstruct": 0.07689749717832908}, "val": {"mse": 0.4916236102581024, "rmse": 0.701158762519661, "mae": 0.41707420349121094, "ci": 0.7898347205736552, "rm2": 0.3430487958301571, "pearson": 0.6001286372751494, "spearman": 0.5335294668221644, "r2": 0.35239243507385254, "bias": -0.05472454056143761}, "val_delta_abs_mean": 0.6349071264266968, "val_gate_mean": 0.6147154569625854}
{"epoch": 17, "train": {"loss": 0.22039857537452395, "mse": 0.2181294138158746, "align": 0.0002382521887790529, "reconstruct": 0.07396477627561401}, "val": {"mse": 0.4857889413833618, "rmse": 0.6969856105999332, "mae": 0.40774357318878174, "ci": 0.7928593715503989, "rm2": 0.35213915709937205, "pearson": 0.6088256166826356, "spearman": 0.5392430891315876, "r2": 0.3600783348083496, "bias": -0.0692007765173912}, "val_delta_abs_mean": 0.8753747940063477, "val_gate_mean": 0.673648476600647}
{"epoch": 18, "train": {"loss": 0.22027875035011332, "mse": 0.21795070802578972, "align": 0.0002243107845937711, "reconstruct": 0.07181033113713305}, "val": {"mse": 0.4871678948402405, "rmse": 0.6979741362258637, "mae": 0.41382917761802673, "ci": 0.7865088468647988, "rm2": 0.35016296845397255, "pearson": 0.6049611099856703, "spearman": 0.5271899554666102, "r2": 0.3582618832588196, "bias": -0.05840926989912987}, "val_delta_abs_mean": 1.011016607284546, "val_gate_mean": 0.6976115107536316}
{"epoch": 19, "train": {"loss": 0.2197331059704367, "mse": 0.21745605607963314, "align": 0.0001965607912326738, "reconstruct": 0.06628733949687882}, "val": {"mse": 0.49027541279792786, "rmse": 0.7001966957919238, "mae": 0.41391322016716003, "ci": 0.7898137429256447, "rm2": 0.345114983138466, "pearson": 0.6031784657821418, "spearman": 0.533820685616616, "r2": 0.3541684150695801, "bias": -0.06268364936113358}, "val_delta_abs_mean": 0.7014949917793274, "val_gate_mean": 0.662235677242279}
{"epoch": 20, "train": {"loss": 0.21982487885953372, "mse": 0.217595142536952, "align": 0.00016516459691716167, "reconstruct": 0.06396106030113075}, "val": {"mse": 0.4883740544319153, "rmse": 0.6988376452595518, "mae": 0.4144933223724365, "ci": 0.788970563675512, "rm2": 0.3480623445555789, "pearson": 0.6037571495370971, "spearman": 0.5320571947134439, "r2": 0.356673002243042, "bias": -0.057561956346035004}, "val_delta_abs_mean": 0.7480332851409912, "val_gate_mean": 0.649658203125}
{"epoch": 21, "train": {"loss": 0.2195969837553361, "mse": 0.21752145063823164, "align": 0.00015924638993496543, "reconstruct": 0.06023085608474442}, "val": {"mse": 0.48710235953330994, "rmse": 0.6979271878450574, "mae": 0.41458338499069214, "ci": 0.7913913435226319, "rm2": 0.3493764997823976, "pearson": 0.6043705130248664, "spearman": 0.53622232796839, "r2": 0.35834819078445435, "bias": -0.05308999866247177}, "val_delta_abs_mean": 0.7298338413238525, "val_gate_mean": 0.6633094549179077}
{"epoch": 22, "train": {"loss": 0.21938159259322565, "mse": 0.21717670047158075, "align": 0.00014290843373073977, "reconstruct": 0.05920789316848897}, "val": {"mse": 0.48746827244758606, "rmse": 0.6981892812465585, "mae": 0.41639605164527893, "ci": 0.7879758565601382, "rm2": 0.3485552642409509, "pearson": 0.6040148392695899, "spearman": 0.5303548497536373, "r2": 0.35786622762680054, "bias": -0.0524178072810173}, "val_delta_abs_mean": 0.701866090297699, "val_gate_mean": 0.6359671354293823}
{"epoch": 23, "train": {"loss": 0.2193512960320156, "mse": 0.21730913321110218, "align": 0.00012700840267006216, "reconstruct": 0.05700616809842825}, "val": {"mse": 0.48039427399635315, "rmse": 0.6931048073677986, "mae": 0.39882028102874756, "ci": 0.8008190651382447, "rm2": 0.3587250806860209, "pearson": 0.6198190834004158, "spearman": 0.5536791072648182, "r2": 0.3671846389770508, "bias": -0.0862584114074707}, "val_delta_abs_mean": 0.9803177714347839, "val_gate_mean": 0.7451849579811096}
{"epoch": 24, "train": {"loss": 0.21920219422264692, "mse": 0.21702695492114554, "align": 0.00011730769652196507, "reconstruct": 0.05776369378409682}, "val": {"mse": 0.48729994893074036, "rmse": 0.6980687279421277, "mae": 0.40945711731910706, "ci": 0.7920090639732724, "rm2": 0.3494015174751518, "pearson": 0.6095831172802886, "spearman": 0.5380706250258985, "r2": 0.3580878973007202, "bias": -0.07561414688825607}, "val_delta_abs_mean": 0.7841113805770874, "val_gate_mean": 0.6638152003288269}
{"epoch": 25, "train": {"loss": 0.2188600384317969, "mse": 0.2166856582933479, "align": 0.00010133609627580189, "reconstruct": 0.053811076197522525}, "val": {"mse": 0.49072304368019104, "rmse": 0.700516269390077, "mae": 0.4101576805114746, "ci": 0.7914392051467336, "rm2": 0.3448042274594632, "pearson": 0.607483503902405, "spearman": 0.5369866038398742, "r2": 0.35357874631881714, "bias": -0.07924707978963852}, "val_delta_abs_mean": 0.7618228197097778, "val_gate_mean": 0.7091819047927856}
{"epoch": 26, "train": {"loss": 0.21878314596105267, "mse": 0.21665835509094108, "align": 0.00010131645950922622, "reconstruct": 0.05328945483884327}, "val": {"mse": 0.4893335700035095, "rmse": 0.6995238166092056, "mae": 0.4122593104839325, "ci": 0.7897941909430328, "rm2": 0.3468183034663749, "pearson": 0.6044837860824229, "spearman": 0.5337171900881311, "r2": 0.35540908575057983, "bias": -0.0651039183139801}, "val_delta_abs_mean": 0.8014739155769348, "val_gate_mean": 0.6432571411132812}
{"epoch": 27, "train": {"loss": 0.2185016138595854, "mse": 0.21646628095226383, "align": 7.480508590026897e-05, "reconstruct": 0.04806183356889646}, "val": {"mse": 0.4834606647491455, "rmse": 0.6953133572348121, "mae": 0.4056977927684784, "ci": 0.798976901776542, "rm2": 0.3538147616061673, "pearson": 0.6127314463893127, "spearman": 0.5502791482674051, "r2": 0.3631453514099121, "bias": -0.07182903587818146}, "val_delta_abs_mean": 0.7960860133171082, "val_gate_mean": 0.6913043260574341}
{"epoch": 28, "train": {"loss": 0.21879923878906665, "mse": 0.21665789406232683, "align": 8.429129681229602e-05, "reconstruct": 0.051975091003850594}, "val": {"mse": 0.49330949783325195, "rmse": 0.7023599489102805, "mae": 0.40384969115257263, "ci": 0.7977459415379426, "rm2": 0.34546998081520797, "pearson": 0.6039925212975199, "spearman": 0.5493175790242759, "r2": 0.35017162561416626, "bias": -0.08535937964916229}, "val_delta_abs_mean": 0.8469659090042114, "val_gate_mean": 0.7412437200546265}
{"epoch": 29, "train": {"loss": 0.21863944394114251, "mse": 0.21667198087800235, "align": 7.08225637149269e-05, "reconstruct": 0.048993202051339876}, "val": {"mse": 0.49263355135917664, "rmse": 0.7018785873348585, "mae": 0.4155347943305969, "ci": 0.7864687245671477, "rm2": 0.34232371216211455, "pearson": 0.601615878405862, "spearman": 0.5283025633905378, "r2": 0.3510620594024658, "bias": -0.06678638607263565}, "val_delta_abs_mean": 0.7288228273391724, "val_gate_mean": 0.6910721659660339}
{"epoch": 30, "train": {"loss": 0.21794505584118878, "mse": 0.21590586790720492, "align": 6.577234542712998e-05, "reconstruct": 0.04558288526567169}, "val": {"mse": 0.4867474436759949, "rmse": 0.6976728772684193, "mae": 0.4107045531272888, "ci": 0.7887599725294644, "rm2": 0.34937679735815097, "pearson": 0.6097386195686497, "spearman": 0.5321890933171862, "r2": 0.3588157296180725, "bias": -0.07260558754205704}, "val_delta_abs_mean": 0.738219678401947, "val_gate_mean": 0.6954240202903748}
{"epoch": 31, "train": {"loss": 0.21822797300107005, "mse": 0.21621892267062182, "align": 6.01575672310884e-05, "reconstruct": 0.04607025322598397}, "val": {"mse": 0.48305362462997437, "rmse": 0.6950205929538882, "mae": 0.4064858555793762, "ci": 0.7936467461834937, "rm2": 0.3547385421775369, "pearson": 0.6133977608941028, "spearman": 0.5411226282839353, "r2": 0.3636815547943115, "bias": -0.07357173413038254}, "val_delta_abs_mean": 0.8498642444610596, "val_gate_mean": 0.6686080098152161}
{"epoch": 32, "train": {"loss": 0.21791834056756146, "mse": 0.2158145579669305, "align": 5.805744890231559e-05, "reconstruct": 0.04299200623560436}, "val": {"mse": 0.48570725321769714, "rmse": 0.6969270070945, "mae": 0.4179461896419525, "ci": 0.7880750421385958, "rm2": 0.34976994809185513, "pearson": 0.6059321480508029, "spearman": 0.5300315498824575, "r2": 0.36018598079681396, "bias": -0.04996895790100098}, "val_delta_abs_mean": 0.7270554304122925, "val_gate_mean": 0.6370683908462524}
{"epoch": 33, "train": {"loss": 0.21819655961023782, "mse": 0.21619598301726678, "align": 5.059517920734541e-05, "reconstruct": 0.043211462643437566}, "val": {"mse": 0.4857982099056244, "rmse": 0.6969922595736802, "mae": 0.4119470715522766, "ci": 0.7912880846144634, "rm2": 0.35033956085457124, "pearson": 0.6084434704272138, "spearman": 0.537012186303979, "r2": 0.36006611585617065, "bias": -0.06374385207891464}, "val_delta_abs_mean": 0.7461469173431396, "val_gate_mean": 0.6647876501083374}
{"epoch": 34, "train": {"loss": 0.21792783311508934, "mse": 0.215968973275453, "align": 4.5441010005896205e-05, "reconstruct": 0.04182535772450083}, "val": {"mse": 0.48210492730140686, "rmse": 0.6943377616847631, "mae": 0.4150508940219879, "ci": 0.7926634443913101, "rm2": 0.35347320113517045, "pearson": 0.6097144465838261, "spearman": 0.5380733804755982, "r2": 0.36493122577667236, "bias": -0.04734424874186516}, "val_delta_abs_mean": 0.7973160743713379, "val_gate_mean": 0.6145667433738708}
{"epoch": 35, "train": {"loss": 0.21777187729376485, "mse": 0.21576154238624293, "align": 4.023116695602004e-05, "reconstruct": 0.03968051546841897}, "val": {"mse": 0.48292258381843567, "rmse": 0.6949263153877796, "mae": 0.4119488000869751, "ci": 0.791659164951116, "rm2": 0.35384845327134645, "pearson": 0.6102139562614899, "spearman": 0.5366486679712049, "r2": 0.36385416984558105, "bias": -0.05797680467367172}, "val_delta_abs_mean": 0.7794695496559143, "val_gate_mean": 0.779651403427124}
{"epoch": 36, "train": {"loss": 0.21754997381493069, "mse": 0.2154696137731592, "align": 3.899975462025027e-05, "reconstruct": 0.040461663534405536}, "val": {"mse": 0.4859011471271515, "rmse": 0.6970660995394565, "mae": 0.41601428389549255, "ci": 0.7877167927905323, "rm2": 0.3498186194174894, "pearson": 0.6071423146257784, "spearman": 0.5298412132391375, "r2": 0.35993051528930664, "bias": -0.057713188230991364}, "val_delta_abs_mean": 0.7463971376419067, "val_gate_mean": 0.7121075987815857}
{"epoch": 37, "train": {"loss": 0.21747865115493303, "mse": 0.21541963415235624, "align": 3.240009674934585e-05, "reconstruct": 0.038244007714074796}, "val": {"mse": 0.48576977849006653, "rmse": 0.6969718634852246, "mae": 0.4183518588542938, "ci": 0.7853674998798368, "rm2": 0.34724618795632306, "pearson": 0.6080727193881168, "spearman": 0.5258527276522185, "r2": 0.3601036071777344, "bias": -0.053588978946208954}, "val_delta_abs_mean": 0.6567267775535583, "val_gate_mean": 0.696189284324646}
{"epoch": 38, "train": {"loss": 0.21730886402184757, "mse": 0.21535160012569743, "align": 2.9747480605648677e-05, "reconstruct": 0.0381214975897566}, "val": {"mse": 0.48794975876808167, "rmse": 0.6985340068801816, "mae": 0.4164865016937256, "ci": 0.7874626170165793, "rm2": 0.34698253664323503, "pearson": 0.6050407106885721, "spearman": 0.5287834437667139, "r2": 0.35723191499710083, "bias": -0.057407062500715256}, "val_delta_abs_mean": 0.7617173790931702, "val_gate_mean": 0.6564856767654419}
{"epoch": 39, "train": {"loss": 0.2176804554771445, "mse": 0.21565989184132253, "align": 2.714618287325663e-05, "reconstruct": 0.03794702958296602}, "val": {"mse": 0.4903826117515564, "rmse": 0.7002732407793092, "mae": 0.41457462310791016, "ci": 0.7923667023218794, "rm2": 0.3440806444995361, "pearson": 0.6031982225997012, "spearman": 0.5377583212302629, "r2": 0.3540272116661072, "bias": -0.060977138578891754}, "val_delta_abs_mean": 0.710893452167511, "val_gate_mean": 0.6906862854957581}
{"epoch": 40, "train": {"loss": 0.2171460729401874, "mse": 0.21507578447591677, "align": 2.5008030503319744e-05, "reconstruct": 0.03854615296180414}, "val": {"mse": 0.48699864745140076, "rmse": 0.6978528838167832, "mae": 0.4034622013568878, "ci": 0.7959589717938211, "rm2": 0.35127064890846743, "pearson": 0.6120416789356958, "spearman": 0.5456431913725683, "r2": 0.35848480463027954, "bias": -0.08519194275140762}, "val_delta_abs_mean": 0.8055364489555359, "val_gate_mean": 0.7177618741989136}
{"epoch": 41, "train": {"loss": 0.21730388542582535, "mse": 0.2153801220055206, "align": 2.3226834610542113e-05, "reconstruct": 0.03556944175843119}, "val": {"mse": 0.4862683117389679, "rmse": 0.697329414078431, "mae": 0.406725138425827, "ci": 0.7930054004205306, "rm2": 0.3505001663350056, "pearson": 0.6135629623510259, "spearman": 0.5403078030845859, "r2": 0.3594468832015991, "bias": -0.08362483978271484}, "val_delta_abs_mean": 0.8227860331535339, "val_gate_mean": 0.7556767463684082}
{"epoch": 42, "train": {"loss": 0.21718098276719858, "mse": 0.2151477563435136, "align": 2.5633451763493524e-05, "reconstruct": 0.03631493496445234}, "val": {"mse": 0.4900968670845032, "rmse": 0.7000691873554379, "mae": 0.4050040543079376, "ci": 0.7955964454495612, "rm2": 0.3470288990724139, "pearson": 0.6123737413413733, "spearman": 0.5460859214136, "r2": 0.354403555393219, "bias": -0.09304425120353699}, "val_delta_abs_mean": 0.7594688534736633, "val_gate_mean": 0.7227421402931213}
{"epoch": 43, "train": {"loss": 0.21706704522356718, "mse": 0.21517720838317034, "align": 1.9405056173101108e-05, "reconstruct": 0.03393276392677595}, "val": {"mse": 0.487861305475235, "rmse": 0.6984706904911866, "mae": 0.4143627882003784, "ci": 0.7886379763046264, "rm2": 0.3467594526546899, "pearson": 0.6079979401339954, "spearman": 0.5320573029100115, "r2": 0.3573484420776367, "bias": -0.06766936928033829}, "val_delta_abs_mean": 0.7104814052581787, "val_gate_mean": 0.6892374753952026}
{
  "guardrail": "validation only; test indices and metrics were not accessed",
  "condition": "random_assignment",
  "seed": 42,
  "best_epoch": 23,
  "epoch0_max_abs_difference": 1.9073486328125e-06,
  "baseline": {
    "mse": 0.48946526646614075,
    "rmse": 0.6996179432133947,
    "mae": 0.43143847584724426,
    "ci": 0.7885622123720057,
    "rm2": 0.3410284448121984,
    "pearson": 0.5995077496596147,
    "spearman": 0.5319472626673567,
    "r2": 0.35523557662963867,
    "bias": -0.015189344994723797
  },
  "best": {
    "mse": 0.48039427399635315,
    "rmse": 0.6931048073677986,
    "mae": 0.39882028102874756,
    "ci": 0.8008284337965795,
    "rm2": 0.3587251192539312,
    "pearson": 0.6198190789930741,
    "spearman": 0.5536824889004607,
    "r2": 0.3671846389770508,
    "bias": -0.08625839650630951
  },
  "relative_mse_gain": 0.018532453865988657,
  "delta_abs_mean": 0.9803177714347839,
  "atom_gate_mean": 0.7451849579811096,
  "drug_bootstrap": {
    "drugs": 7,
    "improved": 5,
    "worsened": 2,
    "improvements": [
      -0.019593480974435806,
      0.016415519639849663,
      0.023988081142306328,
      0.01250146608799696,
      0.05368640273809433,
      0.07647432386875153,
      -0.09997527301311493
    ],
    "mean": 0.009071005641349725,
    "ci95": [
      -0.032763335720769,
      0.04440427065959999
    ],
    "probability_positive": 0.69255
  },
  "args": {
    "project": "/data1/ztx/MyModel-MDTA",
    "checkpoint": "outputs/Refine_experiment/davis/cold_start/drug_cold_5fold_seed42/baseline/fold_1/best_model.pt",
    "global_cache": "experiments/pdbbind_to_davis_transfer/data/global_predictions/fold1_with_features.pt",
    "drug_cache": "experiments/brics_hierarchical/data/fold1_drug_encoder_inputs_chem.pt",
    "split": "data/splits/davis_drug_cold_5fold_seed42/fold_1/split.json",
    "condition": "random_assignment",
    "seed": 42,
    "device": "cuda:0",
    "batch_size": 128,
    "epochs": 100,
    "patience": 20,
    "lr": 0.0003,
    "weight_decay": 1e-05,
    "lambda_align": 0.05,
    "lambda_reconstruct": 0.02,
    "lambda_delta": 0.001,
    "output_dir": "experiments/brics_hierarchical/outputs/chem_random_assignment_seed42"
  },
  "history": [
    {
      "epoch": 1,
      "train": {
        "loss": 0.23357308055956968,
        "mse": 0.22372937253597003,
        "align": 0.04527507441053265,
        "reconstruct": 0.3697735486354683
      },
      "val": {
        "mse": 0.4944990277290344,
        "rmse": 0.7032062483575031,
        "mae": 0.4256535768508911,
        "ci": 0.7874302340453785,
        "rm2": 0.3369921573173677,
        "pearson": 0.5953845210771931,
        "spearman": 0.5293700879269451,
        "r2": 0.348604679107666,
        "bias": -0.03837504982948303
      },
      "val_delta_abs_mean": 0.43010297417640686,
      "val_gate_mean": 0.7419829964637756
    },
    {
      "epoch": 2,
      "train": {
        "loss": 0.22736460952312573,
        "mse": 0.2225471714241989,
        "align": 0.0020677409445664487,
        "reconstruct": 0.21559723463693825
      },
      "val": {
        "mse": 0.4923397898674011,
        "rmse": 0.7016692881033066,
        "mae": 0.42303723096847534,
        "ci": 0.7900084480858202,
        "rm2": 0.33940465915441176,
        "pearson": 0.5983846305753837,
        "spearman": 0.5342639613186504,
        "r2": 0.35144901275634766,
        "bias": -0.041339535266160965
      },
      "val_delta_abs_mean": 0.39557409286499023,
      "val_gate_mean": 0.687289834022522
    },
    {
      "epoch": 3,
      "train": {
        "loss": 0.22615967154405317,
        "mse": 0.22210417444441768,
        "align": 0.002067000382534404,
        "reconstruct": 0.1799957512391822
      },
      "val": {
        "mse": 0.4942370057106018,
        "rmse": 0.7030199184309089,
        "mae": 0.42630207538604736,
        "ci": 0.7845471312760846,
        "rm2": 0.3379873016932635,
        "pearson": 0.5956621298324548,
        "spearman": 0.5234807963938996,
        "r2": 0.3489498496055603,
        "bias": -0.040699101984500885
      },
      "val_delta_abs_mean": 0.6359885931015015,
      "val_gate_mean": 0.780099093914032
    },
    {
      "epoch": 4,
      "train": {
        "loss": 0.22491131840133685,
        "mse": 0.22124097596406017,
        "align": 0.0014042944573938324,
        "reconstruct": 0.1585722368809857
      },
      "val": {
        "mse": 0.4930204451084137,
        "rmse": 0.7021541462587925,
        "mae": 0.41476839780807495,
        "ci": 0.7909974525395989,
        "rm2": 0.34106576804326094,
        "pearson": 0.6014537187140662,
        "spearman": 0.5359264727613124,
        "r2": 0.35055238008499146,
        "bias": -0.06576556712388992
      },
      "val_delta_abs_mean": 0.5734084248542786,
      "val_gate_mean": 0.7436516880989075
    },
    {
      "epoch": 5,
      "train": {
        "loss": 0.22426154355812522,
        "mse": 0.22087635846810885,
        "align": 0.0011056646571256227,
        "reconstruct": 0.14345525035996334
      },
      "val": {
        "mse": 0.49443119764328003,
        "rmse": 0.7031580175488864,
        "mae": 0.41609540581703186,
        "ci": 0.7885723956962828,
        "rm2": 0.3401001200380255,
        "pearson": 0.5985848906403199,
        "spearman": 0.5316129328276789,
        "r2": 0.3486940264701843,
        "bias": -0.06266707926988602
      },
      "val_delta_abs_mean": 0.5780792236328125,
      "val_gate_mean": 0.7590703964233398
    },
    {
      "epoch": 6,
      "train": {
        "loss": 0.22396340572571197,
        "mse": 0.2207849071748197,
        "align": 0.0010757105141846568,
        "reconstruct": 0.1337458072358437
      },
      "val": {
        "mse": 0.4920206069946289,
        "rmse": 0.7014418058503705,
        "mae": 0.4246518313884735,
        "ci": 0.7871597649525823,
        "rm2": 0.33984453499848183,
        "pearson": 0.5981773498134784,
        "spearman": 0.5289480899677442,
        "r2": 0.35186946392059326,
        "bias": -0.03809448331594467
      },
      "val_delta_abs_mean": 0.35387784242630005,
      "val_gate_mean": 0.43250101804733276
    },
    {
      "epoch": 7,
      "train": {
        "loss": 0.22342463131358123,
        "mse": 0.22043219973644576,
        "align": 0.0007789239245773084,
        "reconstruct": 0.12199314965287197
      },
      "val": {
        "mse": 0.4938937723636627,
        "rmse": 0.7027757625044155,
        "mae": 0.4157259464263916,
        "ci": 0.7899876741042952,
        "rm2": 0.3393616247845351,
        "pearson": 0.6001821263936455,
        "spearman": 0.5346798602393866,
        "r2": 0.3494020104408264,
        "bias": -0.06291438639163971
      },
      "val_delta_abs_mean": 0.44774705171585083,
      "val_gate_mean": 0.5565246343612671
    },
    {
      "epoch": 8,
      "train": {
        "loss": 0.22320220051196124,
        "mse": 0.22034286146210078,
        "align": 0.0007334615505497988,
        "reconstruct": 0.11644843261166396
      },
      "val": {
        "mse": 0.4920004904270172,
        "rmse": 0.7014274662622053,
        "mae": 0.4288017749786377,
        "ci": 0.7827045605814108,
        "rm2": 0.3405230373113307,
        "pearson": 0.5967250814232502,
        "spearman": 0.5209783276933819,
        "r2": 0.3518959879875183,
        "bias": -0.029613729566335678
      },
      "val_delta_abs_mean": 0.4171103537082672,
      "val_gate_mean": 0.5618515610694885
    },
    {
      "epoch": 9,
      "train": {
        "loss": 0.22280231597788056,
        "mse": 0.22003266326792606,
        "align": 0.0006863759355204413,
        "reconstruct": 0.10986553488314134
      },
      "val": {
        "mse": 0.4909227788448334,
        "rmse": 0.7006588177171778,
        "mae": 0.4134291112422943,
        "ci": 0.7902998948266269,
        "rm2": 0.3437359569729321,
        "pearson": 0.6045307217024583,
        "spearman": 0.534711690913403,
        "r2": 0.35331565141677856,
        "bias": -0.06885188072919846
      },
      "val_delta_abs_mean": 0.6552953124046326,
      "val_gate_mean": 0.6736932396888733
    },
    {
      "epoch": 10,
      "train": {
        "loss": 0.2228322550216859,
        "mse": 0.2201210729074143,
        "align": 0.0007073341956597223,
        "reconstruct": 0.10582302858341276
      },
      "val": {
        "mse": 0.48986732959747314,
        "rmse": 0.6999052290113806,
        "mae": 0.41429826617240906,
        "ci": 0.7923671096548505,
        "rm2": 0.34471941353819946,
        "pearson": 0.6029312745896307,
        "spearman": 0.538499467688159,
        "r2": 0.35470592975616455,
        "bias": -0.05751654878258705
      },
      "val_delta_abs_mean": 0.5945199728012085,
      "val_gate_mean": 0.5695959329605103
    },
    {
      "epoch": 11,
      "train": {
        "loss": 0.2220615895861862,
        "mse": 0.21941511320005636,
        "align": 0.000488484182382578,
        "reconstruct": 0.09895745403020986
      },
      "val": {
        "mse": 0.49313369393348694,
        "rmse": 0.7022347854766858,
        "mae": 0.41890981793403625,
        "ci": 0.7863059950452017,
        "rm2": 0.3401120045389105,
        "pearson": 0.5995884180168138,
        "spearman": 0.5277942908791415,
        "r2": 0.3504032492637634,
        "bias": -0.05681869015097618
      },
      "val_delta_abs_mean": 0.4999908208847046,
      "val_gate_mean": 0.569028377532959
    },
    {
      "epoch": 12,
      "train": {
        "loss": 0.22165428783378394,
        "mse": 0.21909336323895676,
        "align": 0.0004224054242071018,
        "reconstruct": 0.09305287572363635
      },
      "val": {
        "mse": 0.49352577328681946,
        "rmse": 0.7025138954403817,
        "mae": 0.4103659987449646,
        "ci": 0.7901783059347599,
        "rm2": 0.342510147031902,
        "pearson": 0.6029817253583352,
        "spearman": 0.5349471686790946,
        "r2": 0.3498867154121399,
        "bias": -0.07749811559915543
      },
      "val_delta_abs_mean": 0.75373375415802,
      "val_gate_mean": 0.6692933440208435
    },
    {
      "epoch": 13,
      "train": {
        "loss": 0.22142522726066305,
        "mse": 0.21894007289565723,
        "align": 0.00037853235434990044,
        "reconstruct": 0.08721949688174262
      },
      "val": {
        "mse": 0.49977928400039673,
        "rmse": 0.7069506941791603,
        "mae": 0.4155173599720001,
        "ci": 0.7854469298091971,
        "rm2": 0.3341555749720134,
        "pearson": 0.5966000314563562,
        "spearman": 0.5266750618129022,
        "r2": 0.3416491150856018,
        "bias": -0.07698588818311691
      },
      "val_delta_abs_mean": 0.7050549983978271,
      "val_gate_mean": 0.717218816280365
    },
    {
      "epoch": 14,
      "train": {
        "loss": 0.22142813040338627,
        "mse": 0.21894788784529506,
        "align": 0.00034994311588405243,
        "reconstruct": 0.08530719409270593
      },
      "val": {
        "mse": 0.4947642385959625,
        "rmse": 0.7033947956844453,
        "mae": 0.4112510681152344,
        "ci": 0.7936127338804086,
        "rm2": 0.33993898276335127,
        "pearson": 0.6009254491620429,
        "spearman": 0.5413451752772169,
        "r2": 0.34825533628463745,
        "bias": -0.07283228635787964
      },
      "val_delta_abs_mean": 0.6285886764526367,
      "val_gate_mean": 0.6741193532943726
    },
    {
      "epoch": 15,
      "train": {
        "loss": 0.22115184687765888,
        "mse": 0.21875892705800065,
        "align": 0.00029106268447092983,
        "reconstruct": 0.08080913368700397
      },
      "val": {
        "mse": 0.48964178562164307,
        "rmse": 0.6997440858068349,
        "mae": 0.41604679822921753,
        "ci": 0.7893941899654338,
        "rm2": 0.3460029200563255,
        "pearson": 0.6017820777807671,
        "spearman": 0.5326196741432998,
        "r2": 0.3550030589103699,
        "bias": -0.05346561223268509
      },
      "val_delta_abs_mean": 0.6913275718688965,
      "val_gate_mean": 0.6324005722999573
    },
    {
      "epoch": 16,
      "train": {
        "loss": 0.22053582979382502,
        "mse": 0.2180892451643611,
        "align": 0.00027232301743620226,
        "reconstruct": 0.07689749717832908
      },
      "val": {
        "mse": 0.4916236102581024,
        "rmse": 0.701158762519661,
        "mae": 0.41707420349121094,
        "ci": 0.7898347205736552,
        "rm2": 0.3430487958301571,
        "pearson": 0.6001286372751494,
        "spearman": 0.5335294668221644,
        "r2": 0.35239243507385254,
        "bias": -0.05472454056143761
      },
      "val_delta_abs_mean": 0.6349071264266968,
      "val_gate_mean": 0.6147154569625854
    },
    {
      "epoch": 17,
      "train": {
        "loss": 0.22039857537452395,
        "mse": 0.2181294138158746,
        "align": 0.0002382521887790529,
        "reconstruct": 0.07396477627561401
      },
      "val": {
        "mse": 0.4857889413833618,
        "rmse": 0.6969856105999332,
        "mae": 0.40774357318878174,
        "ci": 0.7928593715503989,
        "rm2": 0.35213915709937205,
        "pearson": 0.6088256166826356,
        "spearman": 0.5392430891315876,
        "r2": 0.3600783348083496,
        "bias": -0.0692007765173912
      },
      "val_delta_abs_mean": 0.8753747940063477,
      "val_gate_mean": 0.673648476600647
    },
    {
      "epoch": 18,
      "train": {
        "loss": 0.22027875035011332,
        "mse": 0.21795070802578972,
        "align": 0.0002243107845937711,
        "reconstruct": 0.07181033113713305
      },
      "val": {
        "mse": 0.4871678948402405,
        "rmse": 0.6979741362258637,
        "mae": 0.41382917761802673,
        "ci": 0.7865088468647988,
        "rm2": 0.35016296845397255,
        "pearson": 0.6049611099856703,
        "spearman": 0.5271899554666102,
        "r2": 0.3582618832588196,
        "bias": -0.05840926989912987
      },
      "val_delta_abs_mean": 1.011016607284546,
      "val_gate_mean": 0.6976115107536316
    },
    {
      "epoch": 19,
      "train": {
        "loss": 0.2197331059704367,
        "mse": 0.21745605607963314,
        "align": 0.0001965607912326738,
        "reconstruct": 0.06628733949687882
      },
      "val": {
        "mse": 0.49027541279792786,
        "rmse": 0.7001966957919238,
        "mae": 0.41391322016716003,
        "ci": 0.7898137429256447,
        "rm2": 0.345114983138466,
        "pearson": 0.6031784657821418,
        "spearman": 0.533820685616616,
        "r2": 0.3541684150695801,
        "bias": -0.06268364936113358
      },
      "val_delta_abs_mean": 0.7014949917793274,
      "val_gate_mean": 0.662235677242279
    },
    {
      "epoch": 20,
      "train": {
        "loss": 0.21982487885953372,
        "mse": 0.217595142536952,
        "align": 0.00016516459691716167,
        "reconstruct": 0.06396106030113075
      },
      "val": {
        "mse": 0.4883740544319153,
        "rmse": 0.6988376452595518,
        "mae": 0.4144933223724365,
        "ci": 0.788970563675512,
        "rm2": 0.3480623445555789,
        "pearson": 0.6037571495370971,
        "spearman": 0.5320571947134439,
        "r2": 0.356673002243042,
        "bias": -0.057561956346035004
      },
      "val_delta_abs_mean": 0.7480332851409912,
      "val_gate_mean": 0.649658203125
    },
    {
      "epoch": 21,
      "train": {
        "loss": 0.2195969837553361,
        "mse": 0.21752145063823164,
        "align": 0.00015924638993496543,
        "reconstruct": 0.06023085608474442
      },
      "val": {
        "mse": 0.48710235953330994,
        "rmse": 0.6979271878450574,
        "mae": 0.41458338499069214,
        "ci": 0.7913913435226319,
        "rm2": 0.3493764997823976,
        "pearson": 0.6043705130248664,
        "spearman": 0.53622232796839,
        "r2": 0.35834819078445435,
        "bias": -0.05308999866247177
      },
      "val_delta_abs_mean": 0.7298338413238525,
      "val_gate_mean": 0.6633094549179077
    },
    {
      "epoch": 22,
      "train": {
        "loss": 0.21938159259322565,
        "mse": 0.21717670047158075,
        "align": 0.00014290843373073977,
        "reconstruct": 0.05920789316848897
      },
      "val": {
        "mse": 0.48746827244758606,
        "rmse": 0.6981892812465585,
        "mae": 0.41639605164527893,
        "ci": 0.7879758565601382,
        "rm2": 0.3485552642409509,
        "pearson": 0.6040148392695899,
        "spearman": 0.5303548497536373,
        "r2": 0.35786622762680054,
        "bias": -0.0524178072810173
      },
      "val_delta_abs_mean": 0.701866090297699,
      "val_gate_mean": 0.6359671354293823
    },
    {
      "epoch": 23,
      "train": {
        "loss": 0.2193512960320156,
        "mse": 0.21730913321110218,
        "align": 0.00012700840267006216,
        "reconstruct": 0.05700616809842825
      },
      "val": {
        "mse": 0.48039427399635315,
        "rmse": 0.6931048073677986,
        "mae": 0.39882028102874756,
        "ci": 0.8008190651382447,
        "rm2": 0.3587250806860209,
        "pearson": 0.6198190834004158,
        "spearman": 0.5536791072648182,
        "r2": 0.3671846389770508,
        "bias": -0.0862584114074707
      },
      "val_delta_abs_mean": 0.9803177714347839,
      "val_gate_mean": 0.7451849579811096
    },
    {
      "epoch": 24,
      "train": {
        "loss": 0.21920219422264692,
        "mse": 0.21702695492114554,
        "align": 0.00011730769652196507,
        "reconstruct": 0.05776369378409682
      },
      "val": {
        "mse": 0.48729994893074036,
        "rmse": 0.6980687279421277,
        "mae": 0.40945711731910706,
        "ci": 0.7920090639732724,
        "rm2": 0.3494015174751518,
        "pearson": 0.6095831172802886,
        "spearman": 0.5380706250258985,
        "r2": 0.3580878973007202,
        "bias": -0.07561414688825607
      },
      "val_delta_abs_mean": 0.7841113805770874,
      "val_gate_mean": 0.6638152003288269
    },
    {
      "epoch": 25,
      "train": {
        "loss": 0.2188600384317969,
        "mse": 0.2166856582933479,
        "align": 0.00010133609627580189,
        "reconstruct": 0.053811076197522525
      },
      "val": {
        "mse": 0.49072304368019104,
        "rmse": 0.700516269390077,
        "mae": 0.4101576805114746,
        "ci": 0.7914392051467336,
        "rm2": 0.3448042274594632,
        "pearson": 0.607483503902405,
        "spearman": 0.5369866038398742,
        "r2": 0.35357874631881714,
        "bias": -0.07924707978963852
      },
      "val_delta_abs_mean": 0.7618228197097778,
      "val_gate_mean": 0.7091819047927856
    },
    {
      "epoch": 26,
      "train": {
        "loss": 0.21878314596105267,
        "mse": 0.21665835509094108,
        "align": 0.00010131645950922622,
        "reconstruct": 0.05328945483884327
      },
      "val": {
        "mse": 0.4893335700035095,
        "rmse": 0.6995238166092056,
        "mae": 0.4122593104839325,
        "ci": 0.7897941909430328,
        "rm2": 0.3468183034663749,
        "pearson": 0.6044837860824229,
        "spearman": 0.5337171900881311,
        "r2": 0.35540908575057983,
        "bias": -0.0651039183139801
      },
      "val_delta_abs_mean": 0.8014739155769348,
      "val_gate_mean": 0.6432571411132812
    },
    {
      "epoch": 27,
      "train": {
        "loss": 0.2185016138595854,
        "mse": 0.21646628095226383,
        "align": 7.480508590026897e-05,
        "reconstruct": 0.04806183356889646
      },
      "val": {
        "mse": 0.4834606647491455,
        "rmse": 0.6953133572348121,
        "mae": 0.4056977927684784,
        "ci": 0.798976901776542,
        "rm2": 0.3538147616061673,
        "pearson": 0.6127314463893127,
        "spearman": 0.5502791482674051,
        "r2": 0.3631453514099121,
        "bias": -0.07182903587818146
      },
      "val_delta_abs_mean": 0.7960860133171082,
      "val_gate_mean": 0.6913043260574341
    },
    {
      "epoch": 28,
      "train": {
        "loss": 0.21879923878906665,
        "mse": 0.21665789406232683,
        "align": 8.429129681229602e-05,
        "reconstruct": 0.051975091003850594
      },
      "val": {
        "mse": 0.49330949783325195,
        "rmse": 0.7023599489102805,
        "mae": 0.40384969115257263,
        "ci": 0.7977459415379426,
        "rm2": 0.34546998081520797,
        "pearson": 0.6039925212975199,
        "spearman": 0.5493175790242759,
        "r2": 0.35017162561416626,
        "bias": -0.08535937964916229
      },
      "val_delta_abs_mean": 0.8469659090042114,
      "val_gate_mean": 0.7412437200546265
    },
    {
      "epoch": 29,
      "train": {
        "loss": 0.21863944394114251,
        "mse": 0.21667198087800235,
        "align": 7.08225637149269e-05,
        "reconstruct": 0.048993202051339876
      },
      "val": {
        "mse": 0.49263355135917664,
        "rmse": 0.7018785873348585,
        "mae": 0.4155347943305969,
        "ci": 0.7864687245671477,
        "rm2": 0.34232371216211455,
        "pearson": 0.601615878405862,
        "spearman": 0.5283025633905378,
        "r2": 0.3510620594024658,
        "bias": -0.06678638607263565
      },
      "val_delta_abs_mean": 0.7288228273391724,
      "val_gate_mean": 0.6910721659660339
    },
    {
      "epoch": 30,
      "train": {
        "loss": 0.21794505584118878,
        "mse": 0.21590586790720492,
        "align": 6.577234542712998e-05,
        "reconstruct": 0.04558288526567169
      },
      "val": {
        "mse": 0.4867474436759949,
        "rmse": 0.6976728772684193,
        "mae": 0.4107045531272888,
        "ci": 0.7887599725294644,
        "rm2": 0.34937679735815097,
        "pearson": 0.6097386195686497,
        "spearman": 0.5321890933171862,
        "r2": 0.3588157296180725,
        "bias": -0.07260558754205704
      },
      "val_delta_abs_mean": 0.738219678401947,
      "val_gate_mean": 0.6954240202903748
    },
    {
      "epoch": 31,
      "train": {
        "loss": 0.21822797300107005,
        "mse": 0.21621892267062182,
        "align": 6.01575672310884e-05,
        "reconstruct": 0.04607025322598397
      },
      "val": {
        "mse": 0.48305362462997437,
        "rmse": 0.6950205929538882,
        "mae": 0.4064858555793762,
        "ci": 0.7936467461834937,
        "rm2": 0.3547385421775369,
        "pearson": 0.6133977608941028,
        "spearman": 0.5411226282839353,
        "r2": 0.3636815547943115,
        "bias": -0.07357173413038254
      },
      "val_delta_abs_mean": 0.8498642444610596,
      "val_gate_mean": 0.6686080098152161
    },
    {
      "epoch": 32,
      "train": {
        "loss": 0.21791834056756146,
        "mse": 0.2158145579669305,
        "align": 5.805744890231559e-05,
        "reconstruct": 0.04299200623560436
      },
      "val": {
        "mse": 0.48570725321769714,
        "rmse": 0.6969270070945,
        "mae": 0.4179461896419525,
        "ci": 0.7880750421385958,
        "rm2": 0.34976994809185513,
        "pearson": 0.6059321480508029,
        "spearman": 0.5300315498824575,
        "r2": 0.36018598079681396,
        "bias": -0.04996895790100098
      },
      "val_delta_abs_mean": 0.7270554304122925,
      "val_gate_mean": 0.6370683908462524
    },
    {
      "epoch": 33,
      "train": {
        "loss": 0.21819655961023782,
        "mse": 0.21619598301726678,
        "align": 5.059517920734541e-05,
        "reconstruct": 0.043211462643437566
      },
      "val": {
        "mse": 0.4857982099056244,
        "rmse": 0.6969922595736802,
        "mae": 0.4119470715522766,
        "ci": 0.7912880846144634,
        "rm2": 0.35033956085457124,
        "pearson": 0.6084434704272138,
        "spearman": 0.537012186303979,
        "r2": 0.36006611585617065,
        "bias": -0.06374385207891464
      },
      "val_delta_abs_mean": 0.7461469173431396,
      "val_gate_mean": 0.6647876501083374
    },
    {
      "epoch": 34,
      "train": {
        "loss": 0.21792783311508934,
        "mse": 0.215968973275453,
        "align": 4.5441010005896205e-05,
        "reconstruct": 0.04182535772450083
      },
      "val": {
        "mse": 0.48210492730140686,
        "rmse": 0.6943377616847631,
        "mae": 0.4150508940219879,
        "ci": 0.7926634443913101,
        "rm2": 0.35347320113517045,
        "pearson": 0.6097144465838261,
        "spearman": 0.5380733804755982,
        "r2": 0.36493122577667236,
        "bias": -0.04734424874186516
      },
      "val_delta_abs_mean": 0.7973160743713379,
      "val_gate_mean": 0.6145667433738708
    },
    {
      "epoch": 35,
      "train": {
        "loss": 0.21777187729376485,
        "mse": 0.21576154238624293,
        "align": 4.023116695602004e-05,
        "reconstruct": 0.03968051546841897
      },
      "val": {
        "mse": 0.48292258381843567,
        "rmse": 0.6949263153877796,
        "mae": 0.4119488000869751,
        "ci": 0.791659164951116,
        "rm2": 0.35384845327134645,
        "pearson": 0.6102139562614899,
        "spearman": 0.5366486679712049,
        "r2": 0.36385416984558105,
        "bias": -0.05797680467367172
      },
      "val_delta_abs_mean": 0.7794695496559143,
      "val_gate_mean": 0.779651403427124
    },
    {
      "epoch": 36,
      "train": {
        "loss": 0.21754997381493069,
        "mse": 0.2154696137731592,
        "align": 3.899975462025027e-05,
        "reconstruct": 0.040461663534405536
      },
      "val": {
        "mse": 0.4859011471271515,
        "rmse": 0.6970660995394565,
        "mae": 0.41601428389549255,
        "ci": 0.7877167927905323,
        "rm2": 0.3498186194174894,
        "pearson": 0.6071423146257784,
        "spearman": 0.5298412132391375,
        "r2": 0.35993051528930664,
        "bias": -0.057713188230991364
      },
      "val_delta_abs_mean": 0.7463971376419067,
      "val_gate_mean": 0.7121075987815857
    },
    {
      "epoch": 37,
      "train": {
        "loss": 0.21747865115493303,
        "mse": 0.21541963415235624,
        "align": 3.240009674934585e-05,
        "reconstruct": 0.038244007714074796
      },
      "val": {
        "mse": 0.48576977849006653,
        "rmse": 0.6969718634852246,
        "mae": 0.4183518588542938,
        "ci": 0.7853674998798368,
        "rm2": 0.34724618795632306,
        "pearson": 0.6080727193881168,
        "spearman": 0.5258527276522185,
        "r2": 0.3601036071777344,
        "bias": -0.053588978946208954
      },
      "val_delta_abs_mean": 0.6567267775535583,
      "val_gate_mean": 0.696189284324646
    },
    {
      "epoch": 38,
      "train": {
        "loss": 0.21730886402184757,
        "mse": 0.21535160012569743,
        "align": 2.9747480605648677e-05,
        "reconstruct": 0.0381214975897566
      },
      "val": {
        "mse": 0.48794975876808167,
        "rmse": 0.6985340068801816,
        "mae": 0.4164865016937256,
        "ci": 0.7874626170165793,
        "rm2": 0.34698253664323503,
        "pearson": 0.6050407106885721,
        "spearman": 0.5287834437667139,
        "r2": 0.35723191499710083,
        "bias": -0.057407062500715256
      },
      "val_delta_abs_mean": 0.7617173790931702,
      "val_gate_mean": 0.6564856767654419
    },
    {
      "epoch": 39,
      "train": {
        "loss": 0.2176804554771445,
        "mse": 0.21565989184132253,
        "align": 2.714618287325663e-05,
        "reconstruct": 0.03794702958296602
      },
      "val": {
        "mse": 0.4903826117515564,
        "rmse": 0.7002732407793092,
        "mae": 0.41457462310791016,
        "ci": 0.7923667023218794,
        "rm2": 0.3440806444995361,
        "pearson": 0.6031982225997012,
        "spearman": 0.5377583212302629,
        "r2": 0.3540272116661072,
        "bias": -0.060977138578891754
      },
      "val_delta_abs_mean": 0.710893452167511,
      "val_gate_mean": 0.6906862854957581
    },
    {
      "epoch": 40,
      "train": {
        "loss": 0.2171460729401874,
        "mse": 0.21507578447591677,
        "align": 2.5008030503319744e-05,
        "reconstruct": 0.03854615296180414
      },
      "val": {
        "mse": 0.48699864745140076,
        "rmse": 0.6978528838167832,
        "mae": 0.4034622013568878,
        "ci": 0.7959589717938211,
        "rm2": 0.35127064890846743,
        "pearson": 0.6120416789356958,
        "spearman": 0.5456431913725683,
        "r2": 0.35848480463027954,
        "bias": -0.08519194275140762
      },
      "val_delta_abs_mean": 0.8055364489555359,
      "val_gate_mean": 0.7177618741989136
    },
    {
      "epoch": 41,
      "train": {
        "loss": 0.21730388542582535,
        "mse": 0.2153801220055206,
        "align": 2.3226834610542113e-05,
        "reconstruct": 0.03556944175843119
      },
      "val": {
        "mse": 0.4862683117389679,
        "rmse": 0.697329414078431,
        "mae": 0.406725138425827,
        "ci": 0.7930054004205306,
        "rm2": 0.3505001663350056,
        "pearson": 0.6135629623510259,
        "spearman": 0.5403078030845859,
        "r2": 0.3594468832015991,
        "bias": -0.08362483978271484
      },
      "val_delta_abs_mean": 0.8227860331535339,
      "val_gate_mean": 0.7556767463684082
    },
    {
      "epoch": 42,
      "train": {
        "loss": 0.21718098276719858,
        "mse": 0.2151477563435136,
        "align": 2.5633451763493524e-05,
        "reconstruct": 0.03631493496445234
      },
      "val": {
        "mse": 0.4900968670845032,
        "rmse": 0.7000691873554379,
        "mae": 0.4050040543079376,
        "ci": 0.7955964454495612,
        "rm2": 0.3470288990724139,
        "pearson": 0.6123737413413733,
        "spearman": 0.5460859214136,
        "r2": 0.354403555393219,
        "bias": -0.09304425120353699
      },
      "val_delta_abs_mean": 0.7594688534736633,
      "val_gate_mean": 0.7227421402931213
    },
    {
      "epoch": 43,
      "train": {
        "loss": 0.21706704522356718,
        "mse": 0.21517720838317034,
        "align": 1.9405056173101108e-05,
        "reconstruct": 0.03393276392677595
      },
      "val": {
        "mse": 0.487861305475235,
        "rmse": 0.6984706904911866,
        "mae": 0.4143627882003784,
        "ci": 0.7886379763046264,
        "rm2": 0.3467594526546899,
        "pearson": 0.6079979401339954,
        "spearman": 0.5320573029100115,
        "r2": 0.3573484420776367,
        "bias": -0.06766936928033829
      },
      "val_delta_abs_mean": 0.7104814052581787,
      "val_gate_mean": 0.6892374753952026
    }
  ]
}
