{"epoch": 1, "train": {"loss": 0.23432228817016568, "mse": 0.2240324353470522, "align": 0.04518845589291525, "reconstruct": 0.39448977794088985}, "val": {"mse": 0.4972357153892517, "rmse": 0.7051494277025627, "mae": 0.42880192399024963, "ci": 0.7840043600921224, "rm2": 0.3338730594806528, "pearson": 0.5917117686651786, "spearman": 0.5231820619102575, "r2": 0.3449997305870056, "bias": -0.034991372376680374}, "val_delta_abs_mean": 0.47273993492126465, "val_gate_mean": 0.6943982839584351}
{"epoch": 2, "train": {"loss": 0.22929418887941236, "mse": 0.22263645289997125, "align": 0.0010699554036897817, "reconstruct": 0.31065555773169745}, "val": {"mse": 0.49337929487228394, "rmse": 0.7024096346664701, "mae": 0.42532438039779663, "ci": 0.7879481579181049, "rm2": 0.33835291050013117, "pearson": 0.5963756544140371, "spearman": 0.530554460602112, "r2": 0.3500797152519226, "bias": -0.036725495010614395}, "val_delta_abs_mean": 0.4122724235057831, "val_gate_mean": 0.5995030403137207}
{"epoch": 3, "train": {"loss": 0.22894935056680527, "mse": 0.2221696013144491, "align": 0.000796029803451519, "reconstruct": 0.31463665530462864}, "val": {"mse": 0.4933362305164337, "rmse": 0.7023789792671999, "mae": 0.413833349943161, "ci": 0.7898890995252942, "rm2": 0.3407852051301066, "pearson": 0.6026518310748792, "spearman": 0.534421637029947, "r2": 0.350136399269104, "bias": -0.07118972390890121}, "val_delta_abs_mean": 0.7432138323783875, "val_gate_mean": 0.6973927617073059}
{"epoch": 4, "train": {"loss": 0.2285530184110216, "mse": 0.2218021974670505, "align": 0.0009812329115463172, "reconstruct": 0.3097732085700534}, "val": {"mse": 0.49397847056388855, "rmse": 0.7028360196830329, "mae": 0.4293828308582306, "ci": 0.7836017114502113, "rm2": 0.3386323183176777, "pearson": 0.5944687360637277, "spearman": 0.5216716231909968, "r2": 0.3492904305458069, "bias": -0.031218452379107475}, "val_delta_abs_mean": 0.6539902091026306, "val_gate_mean": 0.7301816344261169}
{"epoch": 5, "train": {"loss": 0.22821919205295027, "mse": 0.22151543024851703, "align": 0.0010061923780649703, "reconstruct": 0.30921738080825983}, "val": {"mse": 0.48723939061164856, "rmse": 0.6980253509806421, "mae": 0.4116917848587036, "ci": 0.7922381887695041, "rm2": 0.3472749023289703, "pearson": 0.6089341691184106, "spearman": 0.5381678177347979, "r2": 0.35816770792007446, "bias": -0.0679684579372406}, "val_delta_abs_mean": 0.6518221497535706, "val_gate_mean": 0.542855978012085}
{"epoch": 6, "train": {"loss": 0.22781085377824287, "mse": 0.2211026356830695, "align": 0.0005793863097088301, "reconstruct": 0.3084777761087549}, "val": {"mse": 0.48349422216415405, "rmse": 0.6953374879611728, "mae": 0.4125633239746094, "ci": 0.7947098852380087, "rm2": 0.3496034588992539, "pearson": 0.6126241832189815, "spearman": 0.5428071573224063, "r2": 0.36310112476348877, "bias": -0.060811735689640045}, "val_delta_abs_mean": 0.4473567306995392, "val_gate_mean": 0.4512905776500702}
{"epoch": 7, "train": {"loss": 0.2275989343844124, "mse": 0.22090049911675239, "align": 0.0004101844119465568, "reconstruct": 0.30881959800714703}, "val": {"mse": 0.4828033149242401, "rmse": 0.6948404960307366, "mae": 0.41734933853149414, "ci": 0.792854483554746, "rm2": 0.35045027946259893, "pearson": 0.6100219899783604, "spearman": 0.5384609466996091, "r2": 0.364011287689209, "bias": -0.04644174873828888}, "val_delta_abs_mean": 0.5109696984291077, "val_gate_mean": 0.43188467621803284}
{"epoch": 8, "train": {"loss": 0.22739481258159355, "mse": 0.22064925406726754, "align": 0.0004815891294698806, "reconstruct": 0.3109261856921956}, "val": {"mse": 0.48397037386894226, "rmse": 0.6956797926265663, "mae": 0.4070288836956024, "ci": 0.7923555006651748, "rm2": 0.3523058364980092, "pearson": 0.6156706500202106, "spearman": 0.5384216225471778, "r2": 0.36247390508651733, "bias": -0.08054237067699432}, "val_delta_abs_mean": 0.7695555686950684, "val_gate_mean": 0.4418715536594391}
{"epoch": 9, "train": {"loss": 0.227324511153964, "mse": 0.22052568116052165, "align": 0.00029130155064436013, "reconstruct": 0.3103980609780041}, "val": {"mse": 0.48451703786849976, "rmse": 0.6960725808911739, "mae": 0.40718039870262146, "ci": 0.7952176257864582, "rm2": 0.3500769357563063, "pearson": 0.6183755603253206, "spearman": 0.5439201403972636, "r2": 0.36175382137298584, "bias": -0.08475228399038315}, "val_delta_abs_mean": 0.6323651075363159, "val_gate_mean": 0.42916274070739746}
{"epoch": 10, "train": {"loss": 0.227189669345563, "mse": 0.22047682059870494, "align": 0.0002960134736954724, "reconstruct": 0.30870707743382725}, "val": {"mse": 0.4848182201385498, "rmse": 0.6962888912933696, "mae": 0.4082743525505066, "ci": 0.7944257704906814, "rm2": 0.3499844381171309, "pearson": 0.6162170701297361, "spearman": 0.5420753183695872, "r2": 0.36135703325271606, "bias": -0.08107372373342514}, "val_delta_abs_mean": 0.6116052269935608, "val_gate_mean": 0.4111044704914093}
{"epoch": 11, "train": {"loss": 0.2268998769825733, "mse": 0.2200743999944404, "align": 0.0002495268144770055, "reconstruct": 0.30940003670006777}, "val": {"mse": 0.49015989899635315, "rmse": 0.7001142042526727, "mae": 0.41083765029907227, "ci": 0.7918770880906429, "rm2": 0.345113857438761, "pearson": 0.60624227340092, "spearman": 0.5376496181309808, "r2": 0.35432058572769165, "bias": -0.0728726014494896}, "val_delta_abs_mean": 0.6467971205711365, "val_gate_mean": 0.334907203912735}
{"epoch": 12, "train": {"loss": 0.22670617336454824, "mse": 0.2198483486202278, "align": 0.00023165185377826655, "reconstruct": 0.31039767999776213}, "val": {"mse": 0.48517298698425293, "rmse": 0.6965436002033563, "mae": 0.41043123602867126, "ci": 0.7931257673134843, "rm2": 0.3506891733524314, "pearson": 0.6101406330806308, "spearman": 0.5393877573037232, "r2": 0.360889732837677, "bias": -0.06669099628925323}, "val_delta_abs_mean": 0.7213832139968872, "val_gate_mean": 0.4731539487838745}
{"epoch": 13, "train": {"loss": 0.22660359581016973, "mse": 0.21969967131606308, "align": 0.00021051494611793549, "reconstruct": 0.31142600063893405}, "val": {"mse": 0.4866936504840851, "rmse": 0.6976343243305084, "mae": 0.41170093417167664, "ci": 0.7921056018874181, "rm2": 0.34846991525221854, "pearson": 0.6085523788780741, "spearman": 0.5374777892264458, "r2": 0.3588865399360657, "bias": -0.06594196707010269}, "val_delta_abs_mean": 0.6786555647850037, "val_gate_mean": 0.36046671867370605}
{"epoch": 14, "train": {"loss": 0.22669996413732843, "mse": 0.219831450124574, "align": 0.00021701281644777648, "reconstruct": 0.31488090465201257}, "val": {"mse": 0.48638367652893066, "rmse": 0.6974121281774003, "mae": 0.40814778208732605, "ci": 0.7934231203823716, "rm2": 0.34969392501442415, "pearson": 0.6102910278431669, "spearman": 0.5403005333885857, "r2": 0.3592948913574219, "bias": -0.07284712046384811}, "val_delta_abs_mean": 0.7185531854629517, "val_gate_mean": 0.36730292439460754}
{"epoch": 15, "train": {"loss": 0.2262147869740825, "mse": 0.21940242299488882, "align": 0.00016916734118474004, "reconstruct": 0.3068489160105734}, "val": {"mse": 0.484607458114624, "rmse": 0.6961375281613713, "mae": 0.41668063402175903, "ci": 0.7898082439305351, "rm2": 0.34944362336736623, "pearson": 0.6083495113707075, "spearman": 0.5333294463593201, "r2": 0.36163467168807983, "bias": -0.051503442227840424}, "val_delta_abs_mean": 0.5919936895370483, "val_gate_mean": 0.41377925872802734}
{"epoch": 16, "train": {"loss": 0.2261499903297773, "mse": 0.2191558918087478, "align": 0.00017673175993926994, "reconstruct": 0.31382536380848985}, "val": {"mse": 0.4861006438732147, "rmse": 0.6972091822926708, "mae": 0.41670292615890503, "ci": 0.790930649932342, "rm2": 0.34731875619466407, "pearson": 0.607474449839316, "spearman": 0.5353330602273016, "r2": 0.3596677780151367, "bias": -0.053969524800777435}, "val_delta_abs_mean": 0.5540220737457275, "val_gate_mean": 0.30878373980522156}
{"epoch": 17, "train": {"loss": 0.2263191617710409, "mse": 0.21933111957570892, "align": 0.00011823150252451207, "reconstruct": 0.31462069722976493}, "val": {"mse": 0.48901382088661194, "rmse": 0.6992952315629014, "mae": 0.4129655957221985, "ci": 0.7920998992258229, "rm2": 0.34600879006776064, "pearson": 0.60513656392737, "spearman": 0.5373296820169707, "r2": 0.35583025217056274, "bias": -0.06342431157827377}, "val_delta_abs_mean": 0.6771425604820251, "val_gate_mean": 0.364398717880249}
{"epoch": 18, "train": {"loss": 0.2260534322943531, "mse": 0.21916332928429924, "align": 0.00012276182278432688, "reconstruct": 0.3076242384075533}, "val": {"mse": 0.4928553104400635, "rmse": 0.7020365449462467, "mae": 0.41660428047180176, "ci": 0.788223515006554, "rm2": 0.3411004012468974, "pearson": 0.6005044137828363, "spearman": 0.5307336665415273, "r2": 0.35076993703842163, "bias": -0.06108319014310837}, "val_delta_abs_mean": 0.5980254411697388, "val_gate_mean": 0.2295074313879013}
{"epoch": 19, "train": {"loss": 0.22595988972487505, "mse": 0.21904326531624696, "align": 0.00016013776830223512, "reconstruct": 0.30938393206388415}, "val": {"mse": 0.4862944185733795, "rmse": 0.6973481329819271, "mae": 0.4129411280155182, "ci": 0.7914683294541657, "rm2": 0.3486633974565367, "pearson": 0.6084999125480026, "spearman": 0.5361786314060009, "r2": 0.3594124913215637, "bias": -0.0634014755487442}, "val_delta_abs_mean": 0.7099234461784363, "val_gate_mean": 0.40658313035964966}
{"epoch": 20, "train": {"loss": 0.22587521982351372, "mse": 0.2188132151974238, "align": 0.0001090811652490835, "reconstruct": 0.31323377243063383}, "val": {"mse": 0.4839799404144287, "rmse": 0.6956866682741798, "mae": 0.4133015275001526, "ci": 0.7925950124521689, "rm2": 0.35063577607228874, "pearson": 0.6097969734239789, "spearman": 0.5382914240893377, "r2": 0.3624613285064697, "bias": -0.05627676099538803}, "val_delta_abs_mean": 0.684113621711731, "val_gate_mean": 0.32923048734664917}
{"epoch": 21, "train": {"loss": 0.2257386503239574, "mse": 0.21878787652525988, "align": 0.00010683184307234641, "reconstruct": 0.3095758753170852}, "val": {"mse": 0.4899791181087494, "rmse": 0.6999850842044775, "mae": 0.41398927569389343, "ci": 0.7899567167984932, "rm2": 0.34491127971080315, "pearson": 0.6037414689974818, "spearman": 0.5339075167605459, "r2": 0.35455870628356934, "bias": -0.06225861236453056}, "val_delta_abs_mean": 0.6488709449768066, "val_gate_mean": 0.3080645203590393}
{"epoch": 22, "train": {"loss": 0.22541255129391297, "mse": 0.21839115436633513, "align": 7.354996254185436e-05, "reconstruct": 0.3083198553038548}, "val": {"mse": 0.4869236350059509, "rmse": 0.6977991365758136, "mae": 0.41427886486053467, "ci": 0.7922750524033867, "rm2": 0.34762244194134395, "pearson": 0.6059568599713668, "spearman": 0.5377599309457831, "r2": 0.35858362913131714, "bias": -0.054879747331142426}, "val_delta_abs_mean": 0.6862747073173523, "val_gate_mean": 0.2726444602012634}
{"epoch": 23, "train": {"loss": 0.2253626444244036, "mse": 0.21827554565180918, "align": 6.912547538722802e-05, "reconstruct": 0.3111158557285688}, "val": {"mse": 0.4907763600349426, "rmse": 0.7005543234003646, "mae": 0.4237571358680725, "ci": 0.7852235076745605, "rm2": 0.3421284288482383, "pearson": 0.6000606643682579, "spearman": 0.5249291111349272, "r2": 0.35350853204727173, "bias": -0.04388248547911644}, "val_delta_abs_mean": 0.5984958410263062, "val_gate_mean": 0.3605194687843323}
{"epoch": 24, "train": {"loss": 0.22562567978205048, "mse": 0.2185400562889711, "align": 6.541832126666277e-05, "reconstruct": 0.3107906227261244}, "val": {"mse": 0.48506394028663635, "rmse": 0.696465318796734, "mae": 0.41743388772010803, "ci": 0.7895314611766872, "rm2": 0.3490881793379479, "pearson": 0.6073184561798222, "spearman": 0.5326602388266573, "r2": 0.3610333800315857, "bias": -0.04943110793828964}, "val_delta_abs_mean": 0.6401264667510986, "val_gate_mean": 0.27279698848724365}
{"epoch": 25, "train": {"loss": 0.2252940232422132, "mse": 0.21825274124940963, "align": 5.381397348493725e-05, "reconstruct": 0.31059287394781343}, "val": {"mse": 0.48770245909690857, "rmse": 0.6983569711092663, "mae": 0.4165133237838745, "ci": 0.7877167927905323, "rm2": 0.3465670135622173, "pearson": 0.6069182750661352, "spearman": 0.5293628747954089, "r2": 0.3575577139854431, "bias": -0.06213986128568649}, "val_delta_abs_mean": 0.7094281315803528, "val_gate_mean": 0.2648116648197174}
{"epoch": 26, "train": {"loss": 0.2252621289492916, "mse": 0.21823653921626973, "align": 5.2529831094210214e-05, "reconstruct": 0.3056904782490975}, "val": {"mse": 0.4850582480430603, "rmse": 0.6964612322613947, "mae": 0.4148971140384674, "ci": 0.7918104891498716, "rm2": 0.34880196888027437, "pearson": 0.6094982201674967, "spearman": 0.5370956532614267, "r2": 0.3610408306121826, "bias": -0.058417126536369324}, "val_delta_abs_mean": 0.6485676765441895, "val_gate_mean": 0.3134397864341736}
{"epoch": 27, "train": {"loss": 0.22498793490292007, "mse": 0.21793319417329246, "align": 4.705072562527218e-05, "reconstruct": 0.30626722362602227}, "val": {"mse": 0.4841603636741638, "rmse": 0.6958163289792528, "mae": 0.4143691658973694, "ci": 0.7905544779335509, "rm2": 0.35068272960599256, "pearson": 0.6092378116699, "spearman": 0.5347459372287221, "r2": 0.36222362518310547, "bias": -0.055380892008543015}, "val_delta_abs_mean": 0.6757175922393799, "val_gate_mean": 0.28737449645996094}
{
  "guardrail": "validation only; test indices and metrics were not accessed",
  "condition": "no_fragment_edges",
  "seed": 43,
  "best_epoch": 7,
  "epoch0_max_abs_difference": 1.9073486328125e-06,
  "baseline": {
    "mse": 0.48946526646614075,
    "rmse": 0.6996179432133947,
    "mae": 0.43143847584724426,
    "ci": 0.7885622123720057,
    "rm2": 0.3410284448121984,
    "pearson": 0.5995077496596147,
    "spearman": 0.5319472626673567,
    "r2": 0.35523557662963867,
    "bias": -0.015189344994723797
  },
  "best": {
    "mse": 0.4828033149242401,
    "rmse": 0.6948404960307366,
    "mae": 0.41734933853149414,
    "ci": 0.7928550945542026,
    "rm2": 0.35045027946259893,
    "pearson": 0.6100219860130079,
    "spearman": 0.5384615281879115,
    "r2": 0.364011287689209,
    "bias": -0.046441737562417984
  },
  "relative_mse_gain": 0.01361067270411001,
  "delta_abs_mean": 0.5109696984291077,
  "atom_gate_mean": 0.43188467621803284,
  "drug_bootstrap": {
    "drugs": 7,
    "improved": 4,
    "worsened": 3,
    "improvements": [
      -0.0023645719047635794,
      0.02702268399298191,
      -0.004638723563402891,
      0.007378236390650272,
      0.03560694307088852,
      0.05126179754734039,
      -0.06763291358947754
    ],
    "mean": 0.006661921706316727,
    "ci95": [
      -0.02193373627960682,
      0.030788091144391468
    ],
    "probability_positive": 0.70385
  },
  "args": {
    "project": "/data1/ztx/MyModel-MDTA",
    "checkpoint": "outputs/Refine_experiment/davis/cold_start/drug_cold_5fold_seed42/baseline/fold_1/best_model.pt",
    "global_cache": "experiments/pdbbind_to_davis_transfer/data/global_predictions/fold1_with_features.pt",
    "drug_cache": "experiments/brics_hierarchical/data/fold1_drug_encoder_inputs_chem.pt",
    "split": "data/splits/davis_drug_cold_5fold_seed42/fold_1/split.json",
    "condition": "no_fragment_edges",
    "seed": 43,
    "device": "cuda:1",
    "batch_size": 128,
    "epochs": 100,
    "patience": 20,
    "lr": 0.0003,
    "weight_decay": 1e-05,
    "lambda_align": 0.05,
    "lambda_reconstruct": 0.02,
    "lambda_delta": 0.001,
    "output_dir": "experiments/brics_hierarchical/outputs/chem_no_fragment_edges_seed43"
  },
  "history": [
    {
      "epoch": 1,
      "train": {
        "loss": 0.23432228817016568,
        "mse": 0.2240324353470522,
        "align": 0.04518845589291525,
        "reconstruct": 0.39448977794088985
      },
      "val": {
        "mse": 0.4972357153892517,
        "rmse": 0.7051494277025627,
        "mae": 0.42880192399024963,
        "ci": 0.7840043600921224,
        "rm2": 0.3338730594806528,
        "pearson": 0.5917117686651786,
        "spearman": 0.5231820619102575,
        "r2": 0.3449997305870056,
        "bias": -0.034991372376680374
      },
      "val_delta_abs_mean": 0.47273993492126465,
      "val_gate_mean": 0.6943982839584351
    },
    {
      "epoch": 2,
      "train": {
        "loss": 0.22929418887941236,
        "mse": 0.22263645289997125,
        "align": 0.0010699554036897817,
        "reconstruct": 0.31065555773169745
      },
      "val": {
        "mse": 0.49337929487228394,
        "rmse": 0.7024096346664701,
        "mae": 0.42532438039779663,
        "ci": 0.7879481579181049,
        "rm2": 0.33835291050013117,
        "pearson": 0.5963756544140371,
        "spearman": 0.530554460602112,
        "r2": 0.3500797152519226,
        "bias": -0.036725495010614395
      },
      "val_delta_abs_mean": 0.4122724235057831,
      "val_gate_mean": 0.5995030403137207
    },
    {
      "epoch": 3,
      "train": {
        "loss": 0.22894935056680527,
        "mse": 0.2221696013144491,
        "align": 0.000796029803451519,
        "reconstruct": 0.31463665530462864
      },
      "val": {
        "mse": 0.4933362305164337,
        "rmse": 0.7023789792671999,
        "mae": 0.413833349943161,
        "ci": 0.7898890995252942,
        "rm2": 0.3407852051301066,
        "pearson": 0.6026518310748792,
        "spearman": 0.534421637029947,
        "r2": 0.350136399269104,
        "bias": -0.07118972390890121
      },
      "val_delta_abs_mean": 0.7432138323783875,
      "val_gate_mean": 0.6973927617073059
    },
    {
      "epoch": 4,
      "train": {
        "loss": 0.2285530184110216,
        "mse": 0.2218021974670505,
        "align": 0.0009812329115463172,
        "reconstruct": 0.3097732085700534
      },
      "val": {
        "mse": 0.49397847056388855,
        "rmse": 0.7028360196830329,
        "mae": 0.4293828308582306,
        "ci": 0.7836017114502113,
        "rm2": 0.3386323183176777,
        "pearson": 0.5944687360637277,
        "spearman": 0.5216716231909968,
        "r2": 0.3492904305458069,
        "bias": -0.031218452379107475
      },
      "val_delta_abs_mean": 0.6539902091026306,
      "val_gate_mean": 0.7301816344261169
    },
    {
      "epoch": 5,
      "train": {
        "loss": 0.22821919205295027,
        "mse": 0.22151543024851703,
        "align": 0.0010061923780649703,
        "reconstruct": 0.30921738080825983
      },
      "val": {
        "mse": 0.48723939061164856,
        "rmse": 0.6980253509806421,
        "mae": 0.4116917848587036,
        "ci": 0.7922381887695041,
        "rm2": 0.3472749023289703,
        "pearson": 0.6089341691184106,
        "spearman": 0.5381678177347979,
        "r2": 0.35816770792007446,
        "bias": -0.0679684579372406
      },
      "val_delta_abs_mean": 0.6518221497535706,
      "val_gate_mean": 0.542855978012085
    },
    {
      "epoch": 6,
      "train": {
        "loss": 0.22781085377824287,
        "mse": 0.2211026356830695,
        "align": 0.0005793863097088301,
        "reconstruct": 0.3084777761087549
      },
      "val": {
        "mse": 0.48349422216415405,
        "rmse": 0.6953374879611728,
        "mae": 0.4125633239746094,
        "ci": 0.7947098852380087,
        "rm2": 0.3496034588992539,
        "pearson": 0.6126241832189815,
        "spearman": 0.5428071573224063,
        "r2": 0.36310112476348877,
        "bias": -0.060811735689640045
      },
      "val_delta_abs_mean": 0.4473567306995392,
      "val_gate_mean": 0.4512905776500702
    },
    {
      "epoch": 7,
      "train": {
        "loss": 0.2275989343844124,
        "mse": 0.22090049911675239,
        "align": 0.0004101844119465568,
        "reconstruct": 0.30881959800714703
      },
      "val": {
        "mse": 0.4828033149242401,
        "rmse": 0.6948404960307366,
        "mae": 0.41734933853149414,
        "ci": 0.792854483554746,
        "rm2": 0.35045027946259893,
        "pearson": 0.6100219899783604,
        "spearman": 0.5384609466996091,
        "r2": 0.364011287689209,
        "bias": -0.04644174873828888
      },
      "val_delta_abs_mean": 0.5109696984291077,
      "val_gate_mean": 0.43188467621803284
    },
    {
      "epoch": 8,
      "train": {
        "loss": 0.22739481258159355,
        "mse": 0.22064925406726754,
        "align": 0.0004815891294698806,
        "reconstruct": 0.3109261856921956
      },
      "val": {
        "mse": 0.48397037386894226,
        "rmse": 0.6956797926265663,
        "mae": 0.4070288836956024,
        "ci": 0.7923555006651748,
        "rm2": 0.3523058364980092,
        "pearson": 0.6156706500202106,
        "spearman": 0.5384216225471778,
        "r2": 0.36247390508651733,
        "bias": -0.08054237067699432
      },
      "val_delta_abs_mean": 0.7695555686950684,
      "val_gate_mean": 0.4418715536594391
    },
    {
      "epoch": 9,
      "train": {
        "loss": 0.227324511153964,
        "mse": 0.22052568116052165,
        "align": 0.00029130155064436013,
        "reconstruct": 0.3103980609780041
      },
      "val": {
        "mse": 0.48451703786849976,
        "rmse": 0.6960725808911739,
        "mae": 0.40718039870262146,
        "ci": 0.7952176257864582,
        "rm2": 0.3500769357563063,
        "pearson": 0.6183755603253206,
        "spearman": 0.5439201403972636,
        "r2": 0.36175382137298584,
        "bias": -0.08475228399038315
      },
      "val_delta_abs_mean": 0.6323651075363159,
      "val_gate_mean": 0.42916274070739746
    },
    {
      "epoch": 10,
      "train": {
        "loss": 0.227189669345563,
        "mse": 0.22047682059870494,
        "align": 0.0002960134736954724,
        "reconstruct": 0.30870707743382725
      },
      "val": {
        "mse": 0.4848182201385498,
        "rmse": 0.6962888912933696,
        "mae": 0.4082743525505066,
        "ci": 0.7944257704906814,
        "rm2": 0.3499844381171309,
        "pearson": 0.6162170701297361,
        "spearman": 0.5420753183695872,
        "r2": 0.36135703325271606,
        "bias": -0.08107372373342514
      },
      "val_delta_abs_mean": 0.6116052269935608,
      "val_gate_mean": 0.4111044704914093
    },
    {
      "epoch": 11,
      "train": {
        "loss": 0.2268998769825733,
        "mse": 0.2200743999944404,
        "align": 0.0002495268144770055,
        "reconstruct": 0.30940003670006777
      },
      "val": {
        "mse": 0.49015989899635315,
        "rmse": 0.7001142042526727,
        "mae": 0.41083765029907227,
        "ci": 0.7918770880906429,
        "rm2": 0.345113857438761,
        "pearson": 0.60624227340092,
        "spearman": 0.5376496181309808,
        "r2": 0.35432058572769165,
        "bias": -0.0728726014494896
      },
      "val_delta_abs_mean": 0.6467971205711365,
      "val_gate_mean": 0.334907203912735
    },
    {
      "epoch": 12,
      "train": {
        "loss": 0.22670617336454824,
        "mse": 0.2198483486202278,
        "align": 0.00023165185377826655,
        "reconstruct": 0.31039767999776213
      },
      "val": {
        "mse": 0.48517298698425293,
        "rmse": 0.6965436002033563,
        "mae": 0.41043123602867126,
        "ci": 0.7931257673134843,
        "rm2": 0.3506891733524314,
        "pearson": 0.6101406330806308,
        "spearman": 0.5393877573037232,
        "r2": 0.360889732837677,
        "bias": -0.06669099628925323
      },
      "val_delta_abs_mean": 0.7213832139968872,
      "val_gate_mean": 0.4731539487838745
    },
    {
      "epoch": 13,
      "train": {
        "loss": 0.22660359581016973,
        "mse": 0.21969967131606308,
        "align": 0.00021051494611793549,
        "reconstruct": 0.31142600063893405
      },
      "val": {
        "mse": 0.4866936504840851,
        "rmse": 0.6976343243305084,
        "mae": 0.41170093417167664,
        "ci": 0.7921056018874181,
        "rm2": 0.34846991525221854,
        "pearson": 0.6085523788780741,
        "spearman": 0.5374777892264458,
        "r2": 0.3588865399360657,
        "bias": -0.06594196707010269
      },
      "val_delta_abs_mean": 0.6786555647850037,
      "val_gate_mean": 0.36046671867370605
    },
    {
      "epoch": 14,
      "train": {
        "loss": 0.22669996413732843,
        "mse": 0.219831450124574,
        "align": 0.00021701281644777648,
        "reconstruct": 0.31488090465201257
      },
      "val": {
        "mse": 0.48638367652893066,
        "rmse": 0.6974121281774003,
        "mae": 0.40814778208732605,
        "ci": 0.7934231203823716,
        "rm2": 0.34969392501442415,
        "pearson": 0.6102910278431669,
        "spearman": 0.5403005333885857,
        "r2": 0.3592948913574219,
        "bias": -0.07284712046384811
      },
      "val_delta_abs_mean": 0.7185531854629517,
      "val_gate_mean": 0.36730292439460754
    },
    {
      "epoch": 15,
      "train": {
        "loss": 0.2262147869740825,
        "mse": 0.21940242299488882,
        "align": 0.00016916734118474004,
        "reconstruct": 0.3068489160105734
      },
      "val": {
        "mse": 0.484607458114624,
        "rmse": 0.6961375281613713,
        "mae": 0.41668063402175903,
        "ci": 0.7898082439305351,
        "rm2": 0.34944362336736623,
        "pearson": 0.6083495113707075,
        "spearman": 0.5333294463593201,
        "r2": 0.36163467168807983,
        "bias": -0.051503442227840424
      },
      "val_delta_abs_mean": 0.5919936895370483,
      "val_gate_mean": 0.41377925872802734
    },
    {
      "epoch": 16,
      "train": {
        "loss": 0.2261499903297773,
        "mse": 0.2191558918087478,
        "align": 0.00017673175993926994,
        "reconstruct": 0.31382536380848985
      },
      "val": {
        "mse": 0.4861006438732147,
        "rmse": 0.6972091822926708,
        "mae": 0.41670292615890503,
        "ci": 0.790930649932342,
        "rm2": 0.34731875619466407,
        "pearson": 0.607474449839316,
        "spearman": 0.5353330602273016,
        "r2": 0.3596677780151367,
        "bias": -0.053969524800777435
      },
      "val_delta_abs_mean": 0.5540220737457275,
      "val_gate_mean": 0.30878373980522156
    },
    {
      "epoch": 17,
      "train": {
        "loss": 0.2263191617710409,
        "mse": 0.21933111957570892,
        "align": 0.00011823150252451207,
        "reconstruct": 0.31462069722976493
      },
      "val": {
        "mse": 0.48901382088661194,
        "rmse": 0.6992952315629014,
        "mae": 0.4129655957221985,
        "ci": 0.7920998992258229,
        "rm2": 0.34600879006776064,
        "pearson": 0.60513656392737,
        "spearman": 0.5373296820169707,
        "r2": 0.35583025217056274,
        "bias": -0.06342431157827377
      },
      "val_delta_abs_mean": 0.6771425604820251,
      "val_gate_mean": 0.364398717880249
    },
    {
      "epoch": 18,
      "train": {
        "loss": 0.2260534322943531,
        "mse": 0.21916332928429924,
        "align": 0.00012276182278432688,
        "reconstruct": 0.3076242384075533
      },
      "val": {
        "mse": 0.4928553104400635,
        "rmse": 0.7020365449462467,
        "mae": 0.41660428047180176,
        "ci": 0.788223515006554,
        "rm2": 0.3411004012468974,
        "pearson": 0.6005044137828363,
        "spearman": 0.5307336665415273,
        "r2": 0.35076993703842163,
        "bias": -0.06108319014310837
      },
      "val_delta_abs_mean": 0.5980254411697388,
      "val_gate_mean": 0.2295074313879013
    },
    {
      "epoch": 19,
      "train": {
        "loss": 0.22595988972487505,
        "mse": 0.21904326531624696,
        "align": 0.00016013776830223512,
        "reconstruct": 0.30938393206388415
      },
      "val": {
        "mse": 0.4862944185733795,
        "rmse": 0.6973481329819271,
        "mae": 0.4129411280155182,
        "ci": 0.7914683294541657,
        "rm2": 0.3486633974565367,
        "pearson": 0.6084999125480026,
        "spearman": 0.5361786314060009,
        "r2": 0.3594124913215637,
        "bias": -0.0634014755487442
      },
      "val_delta_abs_mean": 0.7099234461784363,
      "val_gate_mean": 0.40658313035964966
    },
    {
      "epoch": 20,
      "train": {
        "loss": 0.22587521982351372,
        "mse": 0.2188132151974238,
        "align": 0.0001090811652490835,
        "reconstruct": 0.31323377243063383
      },
      "val": {
        "mse": 0.4839799404144287,
        "rmse": 0.6956866682741798,
        "mae": 0.4133015275001526,
        "ci": 0.7925950124521689,
        "rm2": 0.35063577607228874,
        "pearson": 0.6097969734239789,
        "spearman": 0.5382914240893377,
        "r2": 0.3624613285064697,
        "bias": -0.05627676099538803
      },
      "val_delta_abs_mean": 0.684113621711731,
      "val_gate_mean": 0.32923048734664917
    },
    {
      "epoch": 21,
      "train": {
        "loss": 0.2257386503239574,
        "mse": 0.21878787652525988,
        "align": 0.00010683184307234641,
        "reconstruct": 0.3095758753170852
      },
      "val": {
        "mse": 0.4899791181087494,
        "rmse": 0.6999850842044775,
        "mae": 0.41398927569389343,
        "ci": 0.7899567167984932,
        "rm2": 0.34491127971080315,
        "pearson": 0.6037414689974818,
        "spearman": 0.5339075167605459,
        "r2": 0.35455870628356934,
        "bias": -0.06225861236453056
      },
      "val_delta_abs_mean": 0.6488709449768066,
      "val_gate_mean": 0.3080645203590393
    },
    {
      "epoch": 22,
      "train": {
        "loss": 0.22541255129391297,
        "mse": 0.21839115436633513,
        "align": 7.354996254185436e-05,
        "reconstruct": 0.3083198553038548
      },
      "val": {
        "mse": 0.4869236350059509,
        "rmse": 0.6977991365758136,
        "mae": 0.41427886486053467,
        "ci": 0.7922750524033867,
        "rm2": 0.34762244194134395,
        "pearson": 0.6059568599713668,
        "spearman": 0.5377599309457831,
        "r2": 0.35858362913131714,
        "bias": -0.054879747331142426
      },
      "val_delta_abs_mean": 0.6862747073173523,
      "val_gate_mean": 0.2726444602012634
    },
    {
      "epoch": 23,
      "train": {
        "loss": 0.2253626444244036,
        "mse": 0.21827554565180918,
        "align": 6.912547538722802e-05,
        "reconstruct": 0.3111158557285688
      },
      "val": {
        "mse": 0.4907763600349426,
        "rmse": 0.7005543234003646,
        "mae": 0.4237571358680725,
        "ci": 0.7852235076745605,
        "rm2": 0.3421284288482383,
        "pearson": 0.6000606643682579,
        "spearman": 0.5249291111349272,
        "r2": 0.35350853204727173,
        "bias": -0.04388248547911644
      },
      "val_delta_abs_mean": 0.5984958410263062,
      "val_gate_mean": 0.3605194687843323
    },
    {
      "epoch": 24,
      "train": {
        "loss": 0.22562567978205048,
        "mse": 0.2185400562889711,
        "align": 6.541832126666277e-05,
        "reconstruct": 0.3107906227261244
      },
      "val": {
        "mse": 0.48506394028663635,
        "rmse": 0.696465318796734,
        "mae": 0.41743388772010803,
        "ci": 0.7895314611766872,
        "rm2": 0.3490881793379479,
        "pearson": 0.6073184561798222,
        "spearman": 0.5326602388266573,
        "r2": 0.3610333800315857,
        "bias": -0.04943110793828964
      },
      "val_delta_abs_mean": 0.6401264667510986,
      "val_gate_mean": 0.27279698848724365
    },
    {
      "epoch": 25,
      "train": {
        "loss": 0.2252940232422132,
        "mse": 0.21825274124940963,
        "align": 5.381397348493725e-05,
        "reconstruct": 0.31059287394781343
      },
      "val": {
        "mse": 0.48770245909690857,
        "rmse": 0.6983569711092663,
        "mae": 0.4165133237838745,
        "ci": 0.7877167927905323,
        "rm2": 0.3465670135622173,
        "pearson": 0.6069182750661352,
        "spearman": 0.5293628747954089,
        "r2": 0.3575577139854431,
        "bias": -0.06213986128568649
      },
      "val_delta_abs_mean": 0.7094281315803528,
      "val_gate_mean": 0.2648116648197174
    },
    {
      "epoch": 26,
      "train": {
        "loss": 0.2252621289492916,
        "mse": 0.21823653921626973,
        "align": 5.2529831094210214e-05,
        "reconstruct": 0.3056904782490975
      },
      "val": {
        "mse": 0.4850582480430603,
        "rmse": 0.6964612322613947,
        "mae": 0.4148971140384674,
        "ci": 0.7918104891498716,
        "rm2": 0.34880196888027437,
        "pearson": 0.6094982201674967,
        "spearman": 0.5370956532614267,
        "r2": 0.3610408306121826,
        "bias": -0.058417126536369324
      },
      "val_delta_abs_mean": 0.6485676765441895,
      "val_gate_mean": 0.3134397864341736
    },
    {
      "epoch": 27,
      "train": {
        "loss": 0.22498793490292007,
        "mse": 0.21793319417329246,
        "align": 4.705072562527218e-05,
        "reconstruct": 0.30626722362602227
      },
      "val": {
        "mse": 0.4841603636741638,
        "rmse": 0.6958163289792528,
        "mae": 0.4143691658973694,
        "ci": 0.7905544779335509,
        "rm2": 0.35068272960599256,
        "pearson": 0.6092378116699,
        "spearman": 0.5347459372287221,
        "r2": 0.36222362518310547,
        "bias": -0.055380892008543015
      },
      "val_delta_abs_mean": 0.6757175922393799,
      "val_gate_mean": 0.28737449645996094
    }
  ]
}
