{"epoch": 1, "train": {"loss": 0.23383109011720782, "mse": 0.22403677843803046, "align": 0.043388161000932755, "reconstruct": 0.37430801092172433}, "val": {"mse": 0.49602943658828735, "rmse": 0.7042935727296448, "mae": 0.4299160838127136, "ci": 0.7838450929004307, "rm2": 0.3347116935086623, "pearson": 0.5929902614844174, "spearman": 0.5228729223526585, "r2": 0.34658873081207275, "bias": -0.03190489113330841}, "val_delta_abs_mean": 0.4389675259590149, "val_gate_mean": 0.6773693561553955}
{"epoch": 2, "train": {"loss": 0.22730465975586553, "mse": 0.2226018666047569, "align": 0.001731273780672913, "reconstruct": 0.21241780423195308}, "val": {"mse": 0.4933168292045593, "rmse": 0.7023651679892443, "mae": 0.4245709180831909, "ci": 0.7882394009924261, "rm2": 0.338454608637008, "pearson": 0.596802639973164, "spearman": 0.5309964633372941, "r2": 0.35016196966171265, "bias": -0.03915097936987877}, "val_delta_abs_mean": 0.44466331601142883, "val_gate_mean": 0.6341501474380493}
{"epoch": 3, "train": {"loss": 0.22605322122493515, "mse": 0.22205589923125735, "align": 0.0014700033591940598, "reconstruct": 0.17219497763819056}, "val": {"mse": 0.49594977498054504, "rmse": 0.7042370161959289, "mae": 0.41814860701560974, "ci": 0.7873595617748964, "rm2": 0.33755267773625086, "pearson": 0.5973271545406715, "spearman": 0.5295702491217663, "r2": 0.34669363498687744, "bias": -0.06251092255115509}, "val_delta_abs_mean": 0.6862131953239441, "val_gate_mean": 0.7211908102035522}
{"epoch": 4, "train": {"loss": 0.22538020485325108, "mse": 0.2217831779933072, "align": 0.0014497232274163546, "reconstruct": 0.15102520652773108}, "val": {"mse": 0.4971340000629425, "rmse": 0.7050773007713002, "mae": 0.4284347593784332, "ci": 0.7812943738355369, "rm2": 0.3358304406253539, "pearson": 0.5911934252898581, "spearman": 0.5181066898700912, "r2": 0.3451337218284607, "bias": -0.03694906458258629}, "val_delta_abs_mean": 0.5797214508056641, "val_gate_mean": 0.7529096603393555}
{"epoch": 5, "train": {"loss": 0.22483381797124966, "mse": 0.2214276616200568, "align": 0.001262623650673965, "reconstruct": 0.1431428866312618}, "val": {"mse": 0.48807162046432495, "rmse": 0.6986212281804246, "mae": 0.41107138991355896, "ci": 0.7899998940934275, "rm2": 0.3470854924969556, "pearson": 0.6089645244014806, "spearman": 0.5346644929561526, "r2": 0.3570713996887207, "bias": -0.07302036136388779}, "val_delta_abs_mean": 0.6548133492469788, "val_gate_mean": 0.7399107217788696}
{"epoch": 6, "train": {"loss": 0.22416591588624737, "mse": 0.22101840750423055, "align": 0.0010316459313386489, "reconstruct": 0.12952622920317772}, "val": {"mse": 0.4826222360134125, "rmse": 0.694710181308301, "mae": 0.42081218957901, "ci": 0.7909033586232798, "rm2": 0.35033769809692106, "pearson": 0.6089049010317851, "spearman": 0.5349597999131958, "r2": 0.3642498254776001, "bias": -0.037643641233444214}, "val_delta_abs_mean": 0.44582027196884155, "val_gate_mean": 0.6260829567909241}
{"epoch": 7, "train": {"loss": 0.2236776848751243, "mse": 0.22072675879469067, "align": 0.0008385616454259142, "reconstruct": 0.11937581543555396}, "val": {"mse": 0.4865107536315918, "rmse": 0.6975032284022719, "mae": 0.4165476858615875, "ci": 0.7913033596008788, "rm2": 0.3475999140261816, "pearson": 0.6059696080071755, "spearman": 0.5360484461818357, "r2": 0.3591275215148926, "bias": -0.05133368447422981}, "val_delta_abs_mean": 0.5676021575927734, "val_gate_mean": 0.6448005437850952}
{"epoch": 8, "train": {"loss": 0.22314212664558694, "mse": 0.22034458189132503, "align": 0.0006830967447004156, "reconstruct": 0.11222743175552981}, "val": {"mse": 0.4847307503223419, "rmse": 0.6962260770197723, "mae": 0.40858858823776245, "ci": 0.7933229164714863, "rm2": 0.35132088279653506, "pearson": 0.6126692137580896, "spearman": 0.5399670555515725, "r2": 0.3614722490310669, "bias": -0.07392625510692596}, "val_delta_abs_mean": 0.7101853489875793, "val_gate_mean": 0.704464852809906}
{"epoch": 9, "train": {"loss": 0.22250853614908353, "mse": 0.21977055506463158, "align": 0.0005889008108777881, "reconstruct": 0.10594665267945622}, "val": {"mse": 0.4926581382751465, "rmse": 0.7018961021940117, "mae": 0.4071497321128845, "ci": 0.794182389040462, "rm2": 0.3422612736721819, "pearson": 0.6102548582537087, "spearman": 0.542537793816927, "r2": 0.351029634475708, "bias": -0.09020015597343445}, "val_delta_abs_mean": 0.6265616416931152, "val_gate_mean": 0.6600756049156189}
{"epoch": 10, "train": {"loss": 0.2225714121503436, "mse": 0.22000319831259066, "align": 0.0005380915438599796, "reconstruct": 0.10091580955010929}, "val": {"mse": 0.49191850423812866, "rmse": 0.7013690214417291, "mae": 0.4097152352333069, "ci": 0.7908833993076969, "rm2": 0.3441805300687298, "pearson": 0.6059018288944225, "spearman": 0.5359739951174186, "r2": 0.3520039916038513, "bias": -0.08032206445932388}, "val_delta_abs_mean": 0.7000002264976501, "val_gate_mean": 0.6629058122634888}
{"epoch": 11, "train": {"loss": 0.22212654617875513, "mse": 0.21951902516224253, "align": 0.00043016021974944993, "reconstruct": 0.09683426081003785}, "val": {"mse": 0.4898524582386017, "rmse": 0.6998946050932252, "mae": 0.40919408202171326, "ci": 0.7939555045755713, "rm2": 0.3458591136306209, "pearson": 0.6049591618149734, "spearman": 0.5418977052494897, "r2": 0.35472553968429565, "bias": -0.06828267127275467}, "val_delta_abs_mean": 0.6998907327651978, "val_gate_mean": 0.7006489634513855}
{"epoch": 12, "train": {"loss": 0.22189616473755502, "mse": 0.21946981911713984, "align": 0.00040335455860774397, "reconstruct": 0.08932817477779162}, "val": {"mse": 0.49304890632629395, "rmse": 0.7021744130387364, "mae": 0.41173112392425537, "ci": 0.7891819694875019, "rm2": 0.3432106955527078, "pearson": 0.6029862260899209, "spearman": 0.5327536778349047, "r2": 0.3505149483680725, "bias": -0.07617536187171936}, "val_delta_abs_mean": 0.7369531393051147, "val_gate_mean": 0.6518436670303345}
{"epoch": 13, "train": {"loss": 0.22148928531837656, "mse": 0.21915053552775338, "align": 0.0003272323001506435, "reconstruct": 0.08274614685990186}, "val": {"mse": 0.49279358983039856, "rmse": 0.7019925853101289, "mae": 0.4074235260486603, "ci": 0.794307032929612, "rm2": 0.343545497711487, "pearson": 0.606136835916322, "spearman": 0.5426487768333577, "r2": 0.35085123777389526, "bias": -0.0844670906662941}, "val_delta_abs_mean": 0.8144134879112244, "val_gate_mean": 0.7029029130935669}
{"epoch": 14, "train": {"loss": 0.2213523694360418, "mse": 0.2190008801152126, "align": 0.00030919136803177953, "reconstruct": 0.08184216274435417}, "val": {"mse": 0.4939613342285156, "rmse": 0.7028238287284486, "mae": 0.40616273880004883, "ci": 0.7935257682910833, "rm2": 0.3433217488858799, "pearson": 0.6038887340231779, "spearman": 0.5411948496664475, "r2": 0.349312961101532, "bias": -0.08439076691865921}, "val_delta_abs_mean": 0.8631009459495544, "val_gate_mean": 0.7140827178955078}
{"epoch": 15, "train": {"loss": 0.2209799797335591, "mse": 0.21868175270468573, "align": 0.00026380262327134533, "reconstruct": 0.07703212220044227}, "val": {"mse": 0.48795467615127563, "rmse": 0.6985375266592881, "mae": 0.41940292716026306, "ci": 0.7862766670712841, "rm2": 0.34675182887900285, "pearson": 0.6041833645596361, "spearman": 0.526547167174286, "r2": 0.3572254180908203, "bias": -0.05283840000629425}, "val_delta_abs_mean": 0.643862247467041, "val_gate_mean": 0.6431794166564941}
{"epoch": 16, "train": {"loss": 0.2205332711466676, "mse": 0.21831341581032665, "align": 0.00022874907257353316, "reconstruct": 0.07299466966424983}, "val": {"mse": 0.4916171431541443, "rmse": 0.7011541507786603, "mae": 0.4132859408855438, "ci": 0.7907614030828588, "rm2": 0.34359030718095884, "pearson": 0.60412647056616, "spearman": 0.5354845090018077, "r2": 0.3524009585380554, "bias": -0.07171643525362015}, "val_delta_abs_mean": 0.6904852390289307, "val_gate_mean": 0.6309062242507935}
{"epoch": 17, "train": {"loss": 0.22042722346877483, "mse": 0.2182379131816608, "align": 0.00021310963322639556, "reconstruct": 0.06886361784249605}, "val": {"mse": 0.49416792392730713, "rmse": 0.7029707845474854, "mae": 0.41625937819480896, "ci": 0.7905269829580032, "rm2": 0.3394577848815811, "pearson": 0.5992391332768643, "spearman": 0.5348024650212985, "r2": 0.3490408658981323, "bias": -0.06164238601922989}, "val_delta_abs_mean": 0.7085286974906921, "val_gate_mean": 0.6560380458831787}
{"epoch": 18, "train": {"loss": 0.22040984869186925, "mse": 0.218203997214903, "align": 0.00020873745148595308, "reconstruct": 0.06816721362274926}, "val": {"mse": 0.4849970042705536, "rmse": 0.6964172630474876, "mae": 0.41407763957977295, "ci": 0.7922394107684173, "rm2": 0.35220932590195575, "pearson": 0.6058946419363317, "spearman": 0.5373818565782499, "r2": 0.36112159490585327, "bias": -0.049356233328580856}, "val_delta_abs_mean": 0.7987952828407288, "val_gate_mean": 0.5895536541938782}
{"epoch": 19, "train": {"loss": 0.21993741850869264, "mse": 0.2178308461336655, "align": 0.00017496006108000566, "reconstruct": 0.06110958729301172}, "val": {"mse": 0.4908485412597656, "rmse": 0.7006058387280009, "mae": 0.4160095453262329, "ci": 0.7897597713069767, "rm2": 0.34512807507532234, "pearson": 0.600900900157225, "spearman": 0.5329181259448448, "r2": 0.3534134030342102, "bias": -0.05711241438984871}, "val_delta_abs_mean": 0.7791587710380554, "val_gate_mean": 0.6546126008033752}
{"epoch": 20, "train": {"loss": 0.21980992028575963, "mse": 0.21767435293518064, "align": 0.0001556608552272595, "reconstruct": 0.06231636855483365}, "val": {"mse": 0.48746803402900696, "rmse": 0.6981891105058907, "mae": 0.40727105736732483, "ci": 0.7958233299144519, "rm2": 0.34924684458293537, "pearson": 0.6084136638914381, "spearman": 0.5449278557763861, "r2": 0.3578665256500244, "bias": -0.07246702909469604}, "val_delta_abs_mean": 0.8416451215744019, "val_gate_mean": 0.6545365452766418}
{"epoch": 21, "train": {"loss": 0.21961147941328327, "mse": 0.21757777952374355, "align": 0.0001425872446311568, "reconstruct": 0.05577006839022802}, "val": {"mse": 0.49094337224960327, "rmse": 0.700673513306735, "mae": 0.40896710753440857, "ci": 0.7924060099535885, "rm2": 0.34620455649792553, "pearson": 0.604505372600073, "spearman": 0.5388075156341438, "r2": 0.35328853130340576, "bias": -0.0745677724480629}, "val_delta_abs_mean": 0.8376242518424988, "val_gate_mean": 0.6755468845367432}
{"epoch": 22, "train": {"loss": 0.21917687014033663, "mse": 0.21708351092347972, "align": 0.00011385141902265092, "reconstruct": 0.055883236204314256}, "val": {"mse": 0.49317115545272827, "rmse": 0.7022614580430342, "mae": 0.41100648045539856, "ci": 0.7919432796984432, "rm2": 0.34258990104567705, "pearson": 0.6016883681255358, "spearman": 0.5378417886752085, "r2": 0.35035383701324463, "bias": -0.07128117978572845}, "val_delta_abs_mean": 0.7941872477531433, "val_gate_mean": 0.685873806476593}
{"epoch": 23, "train": {"loss": 0.21909850796779126, "mse": 0.2171087890427301, "align": 0.00010343748852689491, "reconstruct": 0.051037363193357506}, "val": {"mse": 0.4910115897655487, "rmse": 0.7007221915749128, "mae": 0.41077911853790283, "ci": 0.7942471549828635, "rm2": 0.3451349672472547, "pearson": 0.6036319164933376, "spearman": 0.5419384141276228, "r2": 0.3531986474990845, "bias": -0.0696256011724472}, "val_delta_abs_mean": 0.7353289127349854, "val_gate_mean": 0.6904193162918091}
{"epoch": 24, "train": {"loss": 0.21892387953394013, "mse": 0.216958838452489, "align": 0.00010376800824671516, "reconstruct": 0.05041806804091728}, "val": {"mse": 0.4872951805591583, "rmse": 0.6980653125311115, "mae": 0.41159504652023315, "ci": 0.7956557123968531, "rm2": 0.34964019336012836, "pearson": 0.6051641726139877, "spearman": 0.5436338491638262, "r2": 0.3580942153930664, "bias": -0.05921934172511101}, "val_delta_abs_mean": 0.7738315463066101, "val_gate_mean": 0.6687573194503784}
{"epoch": 25, "train": {"loss": 0.21879953342520653, "mse": 0.21681888821988773, "align": 8.546686314797395e-05, "reconstruct": 0.04744503764941165}, "val": {"mse": 0.49313920736312866, "rmse": 0.7022387110969665, "mae": 0.40546801686286926, "ci": 0.7943618192142221, "rm2": 0.34550462030610507, "pearson": 0.608204334905134, "spearman": 0.5424667518672207, "r2": 0.35039597749710083, "bias": -0.0954820066690445}, "val_delta_abs_mean": 0.9334495663642883, "val_gate_mean": 0.7447922229766846}
{"epoch": 26, "train": {"loss": 0.21867833193633648, "mse": 0.21667558679833637, "align": 8.202429465957426e-05, "reconstruct": 0.04821551094464495}, "val": {"mse": 0.49316221475601196, "rmse": 0.7022550923674473, "mae": 0.405702143907547, "ci": 0.7958899288552232, "rm2": 0.34570232515840793, "pearson": 0.6020646183956728, "spearman": 0.5458242586725043, "r2": 0.35036563873291016, "bias": -0.07885924726724625}, "val_delta_abs_mean": 0.8350608944892883, "val_gate_mean": 0.7387101054191589}
{
  "guardrail": "validation only; test indices and metrics were not accessed",
  "condition": "random_assignment",
  "seed": 43,
  "best_epoch": 6,
  "epoch0_max_abs_difference": 1.9073486328125e-06,
  "baseline": {
    "mse": 0.48946526646614075,
    "rmse": 0.6996179432133947,
    "mae": 0.43143847584724426,
    "ci": 0.7885622123720057,
    "rm2": 0.3410284448121984,
    "pearson": 0.5995077496596147,
    "spearman": 0.5319472626673567,
    "r2": 0.35523557662963867,
    "bias": -0.015189344994723797
  },
  "best": {
    "mse": 0.4826222360134125,
    "rmse": 0.694710181308301,
    "mae": 0.42081218957901,
    "ci": 0.7909064136205628,
    "rm2": 0.35033769809692106,
    "pearson": 0.6089049088290353,
    "spearman": 0.5349584474000116,
    "r2": 0.3642498254776001,
    "bias": -0.037643637508153915
  },
  "relative_mse_gain": 0.013980625228290116,
  "delta_abs_mean": 0.44582030177116394,
  "atom_gate_mean": 0.6260829567909241,
  "drug_bootstrap": {
    "drugs": 7,
    "improved": 4,
    "worsened": 3,
    "improvements": [
      -0.002404972445219755,
      0.008342846296727657,
      -0.0018679480999708176,
      0.006407629698514938,
      0.029284408316016197,
      0.07196298986673355,
      -0.06382393836975098
    ],
    "mean": 0.006843002180435828,
    "ci95": [
      -0.02160572792802538,
      0.03525300896061318
    ],
    "probability_positive": 0.6945
  },
  "args": {
    "project": "/data1/ztx/MyModel-MDTA",
    "checkpoint": "outputs/Refine_experiment/davis/cold_start/drug_cold_5fold_seed42/baseline/fold_1/best_model.pt",
    "global_cache": "experiments/pdbbind_to_davis_transfer/data/global_predictions/fold1_with_features.pt",
    "drug_cache": "experiments/brics_hierarchical/data/fold1_drug_encoder_inputs_chem.pt",
    "split": "data/splits/davis_drug_cold_5fold_seed42/fold_1/split.json",
    "condition": "random_assignment",
    "seed": 43,
    "device": "cuda:0",
    "batch_size": 128,
    "epochs": 100,
    "patience": 20,
    "lr": 0.0003,
    "weight_decay": 1e-05,
    "lambda_align": 0.05,
    "lambda_reconstruct": 0.02,
    "lambda_delta": 0.001,
    "output_dir": "experiments/brics_hierarchical/outputs/chem_random_assignment_seed43"
  },
  "history": [
    {
      "epoch": 1,
      "train": {
        "loss": 0.23383109011720782,
        "mse": 0.22403677843803046,
        "align": 0.043388161000932755,
        "reconstruct": 0.37430801092172433
      },
      "val": {
        "mse": 0.49602943658828735,
        "rmse": 0.7042935727296448,
        "mae": 0.4299160838127136,
        "ci": 0.7838450929004307,
        "rm2": 0.3347116935086623,
        "pearson": 0.5929902614844174,
        "spearman": 0.5228729223526585,
        "r2": 0.34658873081207275,
        "bias": -0.03190489113330841
      },
      "val_delta_abs_mean": 0.4389675259590149,
      "val_gate_mean": 0.6773693561553955
    },
    {
      "epoch": 2,
      "train": {
        "loss": 0.22730465975586553,
        "mse": 0.2226018666047569,
        "align": 0.001731273780672913,
        "reconstruct": 0.21241780423195308
      },
      "val": {
        "mse": 0.4933168292045593,
        "rmse": 0.7023651679892443,
        "mae": 0.4245709180831909,
        "ci": 0.7882394009924261,
        "rm2": 0.338454608637008,
        "pearson": 0.596802639973164,
        "spearman": 0.5309964633372941,
        "r2": 0.35016196966171265,
        "bias": -0.03915097936987877
      },
      "val_delta_abs_mean": 0.44466331601142883,
      "val_gate_mean": 0.6341501474380493
    },
    {
      "epoch": 3,
      "train": {
        "loss": 0.22605322122493515,
        "mse": 0.22205589923125735,
        "align": 0.0014700033591940598,
        "reconstruct": 0.17219497763819056
      },
      "val": {
        "mse": 0.49594977498054504,
        "rmse": 0.7042370161959289,
        "mae": 0.41814860701560974,
        "ci": 0.7873595617748964,
        "rm2": 0.33755267773625086,
        "pearson": 0.5973271545406715,
        "spearman": 0.5295702491217663,
        "r2": 0.34669363498687744,
        "bias": -0.06251092255115509
      },
      "val_delta_abs_mean": 0.6862131953239441,
      "val_gate_mean": 0.7211908102035522
    },
    {
      "epoch": 4,
      "train": {
        "loss": 0.22538020485325108,
        "mse": 0.2217831779933072,
        "align": 0.0014497232274163546,
        "reconstruct": 0.15102520652773108
      },
      "val": {
        "mse": 0.4971340000629425,
        "rmse": 0.7050773007713002,
        "mae": 0.4284347593784332,
        "ci": 0.7812943738355369,
        "rm2": 0.3358304406253539,
        "pearson": 0.5911934252898581,
        "spearman": 0.5181066898700912,
        "r2": 0.3451337218284607,
        "bias": -0.03694906458258629
      },
      "val_delta_abs_mean": 0.5797214508056641,
      "val_gate_mean": 0.7529096603393555
    },
    {
      "epoch": 5,
      "train": {
        "loss": 0.22483381797124966,
        "mse": 0.2214276616200568,
        "align": 0.001262623650673965,
        "reconstruct": 0.1431428866312618
      },
      "val": {
        "mse": 0.48807162046432495,
        "rmse": 0.6986212281804246,
        "mae": 0.41107138991355896,
        "ci": 0.7899998940934275,
        "rm2": 0.3470854924969556,
        "pearson": 0.6089645244014806,
        "spearman": 0.5346644929561526,
        "r2": 0.3570713996887207,
        "bias": -0.07302036136388779
      },
      "val_delta_abs_mean": 0.6548133492469788,
      "val_gate_mean": 0.7399107217788696
    },
    {
      "epoch": 6,
      "train": {
        "loss": 0.22416591588624737,
        "mse": 0.22101840750423055,
        "align": 0.0010316459313386489,
        "reconstruct": 0.12952622920317772
      },
      "val": {
        "mse": 0.4826222360134125,
        "rmse": 0.694710181308301,
        "mae": 0.42081218957901,
        "ci": 0.7909033586232798,
        "rm2": 0.35033769809692106,
        "pearson": 0.6089049010317851,
        "spearman": 0.5349597999131958,
        "r2": 0.3642498254776001,
        "bias": -0.037643641233444214
      },
      "val_delta_abs_mean": 0.44582027196884155,
      "val_gate_mean": 0.6260829567909241
    },
    {
      "epoch": 7,
      "train": {
        "loss": 0.2236776848751243,
        "mse": 0.22072675879469067,
        "align": 0.0008385616454259142,
        "reconstruct": 0.11937581543555396
      },
      "val": {
        "mse": 0.4865107536315918,
        "rmse": 0.6975032284022719,
        "mae": 0.4165476858615875,
        "ci": 0.7913033596008788,
        "rm2": 0.3475999140261816,
        "pearson": 0.6059696080071755,
        "spearman": 0.5360484461818357,
        "r2": 0.3591275215148926,
        "bias": -0.05133368447422981
      },
      "val_delta_abs_mean": 0.5676021575927734,
      "val_gate_mean": 0.6448005437850952
    },
    {
      "epoch": 8,
      "train": {
        "loss": 0.22314212664558694,
        "mse": 0.22034458189132503,
        "align": 0.0006830967447004156,
        "reconstruct": 0.11222743175552981
      },
      "val": {
        "mse": 0.4847307503223419,
        "rmse": 0.6962260770197723,
        "mae": 0.40858858823776245,
        "ci": 0.7933229164714863,
        "rm2": 0.35132088279653506,
        "pearson": 0.6126692137580896,
        "spearman": 0.5399670555515725,
        "r2": 0.3614722490310669,
        "bias": -0.07392625510692596
      },
      "val_delta_abs_mean": 0.7101853489875793,
      "val_gate_mean": 0.704464852809906
    },
    {
      "epoch": 9,
      "train": {
        "loss": 0.22250853614908353,
        "mse": 0.21977055506463158,
        "align": 0.0005889008108777881,
        "reconstruct": 0.10594665267945622
      },
      "val": {
        "mse": 0.4926581382751465,
        "rmse": 0.7018961021940117,
        "mae": 0.4071497321128845,
        "ci": 0.794182389040462,
        "rm2": 0.3422612736721819,
        "pearson": 0.6102548582537087,
        "spearman": 0.542537793816927,
        "r2": 0.351029634475708,
        "bias": -0.09020015597343445
      },
      "val_delta_abs_mean": 0.6265616416931152,
      "val_gate_mean": 0.6600756049156189
    },
    {
      "epoch": 10,
      "train": {
        "loss": 0.2225714121503436,
        "mse": 0.22000319831259066,
        "align": 0.0005380915438599796,
        "reconstruct": 0.10091580955010929
      },
      "val": {
        "mse": 0.49191850423812866,
        "rmse": 0.7013690214417291,
        "mae": 0.4097152352333069,
        "ci": 0.7908833993076969,
        "rm2": 0.3441805300687298,
        "pearson": 0.6059018288944225,
        "spearman": 0.5359739951174186,
        "r2": 0.3520039916038513,
        "bias": -0.08032206445932388
      },
      "val_delta_abs_mean": 0.7000002264976501,
      "val_gate_mean": 0.6629058122634888
    },
    {
      "epoch": 11,
      "train": {
        "loss": 0.22212654617875513,
        "mse": 0.21951902516224253,
        "align": 0.00043016021974944993,
        "reconstruct": 0.09683426081003785
      },
      "val": {
        "mse": 0.4898524582386017,
        "rmse": 0.6998946050932252,
        "mae": 0.40919408202171326,
        "ci": 0.7939555045755713,
        "rm2": 0.3458591136306209,
        "pearson": 0.6049591618149734,
        "spearman": 0.5418977052494897,
        "r2": 0.35472553968429565,
        "bias": -0.06828267127275467
      },
      "val_delta_abs_mean": 0.6998907327651978,
      "val_gate_mean": 0.7006489634513855
    },
    {
      "epoch": 12,
      "train": {
        "loss": 0.22189616473755502,
        "mse": 0.21946981911713984,
        "align": 0.00040335455860774397,
        "reconstruct": 0.08932817477779162
      },
      "val": {
        "mse": 0.49304890632629395,
        "rmse": 0.7021744130387364,
        "mae": 0.41173112392425537,
        "ci": 0.7891819694875019,
        "rm2": 0.3432106955527078,
        "pearson": 0.6029862260899209,
        "spearman": 0.5327536778349047,
        "r2": 0.3505149483680725,
        "bias": -0.07617536187171936
      },
      "val_delta_abs_mean": 0.7369531393051147,
      "val_gate_mean": 0.6518436670303345
    },
    {
      "epoch": 13,
      "train": {
        "loss": 0.22148928531837656,
        "mse": 0.21915053552775338,
        "align": 0.0003272323001506435,
        "reconstruct": 0.08274614685990186
      },
      "val": {
        "mse": 0.49279358983039856,
        "rmse": 0.7019925853101289,
        "mae": 0.4074235260486603,
        "ci": 0.794307032929612,
        "rm2": 0.343545497711487,
        "pearson": 0.606136835916322,
        "spearman": 0.5426487768333577,
        "r2": 0.35085123777389526,
        "bias": -0.0844670906662941
      },
      "val_delta_abs_mean": 0.8144134879112244,
      "val_gate_mean": 0.7029029130935669
    },
    {
      "epoch": 14,
      "train": {
        "loss": 0.2213523694360418,
        "mse": 0.2190008801152126,
        "align": 0.00030919136803177953,
        "reconstruct": 0.08184216274435417
      },
      "val": {
        "mse": 0.4939613342285156,
        "rmse": 0.7028238287284486,
        "mae": 0.40616273880004883,
        "ci": 0.7935257682910833,
        "rm2": 0.3433217488858799,
        "pearson": 0.6038887340231779,
        "spearman": 0.5411948496664475,
        "r2": 0.349312961101532,
        "bias": -0.08439076691865921
      },
      "val_delta_abs_mean": 0.8631009459495544,
      "val_gate_mean": 0.7140827178955078
    },
    {
      "epoch": 15,
      "train": {
        "loss": 0.2209799797335591,
        "mse": 0.21868175270468573,
        "align": 0.00026380262327134533,
        "reconstruct": 0.07703212220044227
      },
      "val": {
        "mse": 0.48795467615127563,
        "rmse": 0.6985375266592881,
        "mae": 0.41940292716026306,
        "ci": 0.7862766670712841,
        "rm2": 0.34675182887900285,
        "pearson": 0.6041833645596361,
        "spearman": 0.526547167174286,
        "r2": 0.3572254180908203,
        "bias": -0.05283840000629425
      },
      "val_delta_abs_mean": 0.643862247467041,
      "val_gate_mean": 0.6431794166564941
    },
    {
      "epoch": 16,
      "train": {
        "loss": 0.2205332711466676,
        "mse": 0.21831341581032665,
        "align": 0.00022874907257353316,
        "reconstruct": 0.07299466966424983
      },
      "val": {
        "mse": 0.4916171431541443,
        "rmse": 0.7011541507786603,
        "mae": 0.4132859408855438,
        "ci": 0.7907614030828588,
        "rm2": 0.34359030718095884,
        "pearson": 0.60412647056616,
        "spearman": 0.5354845090018077,
        "r2": 0.3524009585380554,
        "bias": -0.07171643525362015
      },
      "val_delta_abs_mean": 0.6904852390289307,
      "val_gate_mean": 0.6309062242507935
    },
    {
      "epoch": 17,
      "train": {
        "loss": 0.22042722346877483,
        "mse": 0.2182379131816608,
        "align": 0.00021310963322639556,
        "reconstruct": 0.06886361784249605
      },
      "val": {
        "mse": 0.49416792392730713,
        "rmse": 0.7029707845474854,
        "mae": 0.41625937819480896,
        "ci": 0.7905269829580032,
        "rm2": 0.3394577848815811,
        "pearson": 0.5992391332768643,
        "spearman": 0.5348024650212985,
        "r2": 0.3490408658981323,
        "bias": -0.06164238601922989
      },
      "val_delta_abs_mean": 0.7085286974906921,
      "val_gate_mean": 0.6560380458831787
    },
    {
      "epoch": 18,
      "train": {
        "loss": 0.22040984869186925,
        "mse": 0.218203997214903,
        "align": 0.00020873745148595308,
        "reconstruct": 0.06816721362274926
      },
      "val": {
        "mse": 0.4849970042705536,
        "rmse": 0.6964172630474876,
        "mae": 0.41407763957977295,
        "ci": 0.7922394107684173,
        "rm2": 0.35220932590195575,
        "pearson": 0.6058946419363317,
        "spearman": 0.5373818565782499,
        "r2": 0.36112159490585327,
        "bias": -0.049356233328580856
      },
      "val_delta_abs_mean": 0.7987952828407288,
      "val_gate_mean": 0.5895536541938782
    },
    {
      "epoch": 19,
      "train": {
        "loss": 0.21993741850869264,
        "mse": 0.2178308461336655,
        "align": 0.00017496006108000566,
        "reconstruct": 0.06110958729301172
      },
      "val": {
        "mse": 0.4908485412597656,
        "rmse": 0.7006058387280009,
        "mae": 0.4160095453262329,
        "ci": 0.7897597713069767,
        "rm2": 0.34512807507532234,
        "pearson": 0.600900900157225,
        "spearman": 0.5329181259448448,
        "r2": 0.3534134030342102,
        "bias": -0.05711241438984871
      },
      "val_delta_abs_mean": 0.7791587710380554,
      "val_gate_mean": 0.6546126008033752
    },
    {
      "epoch": 20,
      "train": {
        "loss": 0.21980992028575963,
        "mse": 0.21767435293518064,
        "align": 0.0001556608552272595,
        "reconstruct": 0.06231636855483365
      },
      "val": {
        "mse": 0.48746803402900696,
        "rmse": 0.6981891105058907,
        "mae": 0.40727105736732483,
        "ci": 0.7958233299144519,
        "rm2": 0.34924684458293537,
        "pearson": 0.6084136638914381,
        "spearman": 0.5449278557763861,
        "r2": 0.3578665256500244,
        "bias": -0.07246702909469604
      },
      "val_delta_abs_mean": 0.8416451215744019,
      "val_gate_mean": 0.6545365452766418
    },
    {
      "epoch": 21,
      "train": {
        "loss": 0.21961147941328327,
        "mse": 0.21757777952374355,
        "align": 0.0001425872446311568,
        "reconstruct": 0.05577006839022802
      },
      "val": {
        "mse": 0.49094337224960327,
        "rmse": 0.700673513306735,
        "mae": 0.40896710753440857,
        "ci": 0.7924060099535885,
        "rm2": 0.34620455649792553,
        "pearson": 0.604505372600073,
        "spearman": 0.5388075156341438,
        "r2": 0.35328853130340576,
        "bias": -0.0745677724480629
      },
      "val_delta_abs_mean": 0.8376242518424988,
      "val_gate_mean": 0.6755468845367432
    },
    {
      "epoch": 22,
      "train": {
        "loss": 0.21917687014033663,
        "mse": 0.21708351092347972,
        "align": 0.00011385141902265092,
        "reconstruct": 0.055883236204314256
      },
      "val": {
        "mse": 0.49317115545272827,
        "rmse": 0.7022614580430342,
        "mae": 0.41100648045539856,
        "ci": 0.7919432796984432,
        "rm2": 0.34258990104567705,
        "pearson": 0.6016883681255358,
        "spearman": 0.5378417886752085,
        "r2": 0.35035383701324463,
        "bias": -0.07128117978572845
      },
      "val_delta_abs_mean": 0.7941872477531433,
      "val_gate_mean": 0.685873806476593
    },
    {
      "epoch": 23,
      "train": {
        "loss": 0.21909850796779126,
        "mse": 0.2171087890427301,
        "align": 0.00010343748852689491,
        "reconstruct": 0.051037363193357506
      },
      "val": {
        "mse": 0.4910115897655487,
        "rmse": 0.7007221915749128,
        "mae": 0.41077911853790283,
        "ci": 0.7942471549828635,
        "rm2": 0.3451349672472547,
        "pearson": 0.6036319164933376,
        "spearman": 0.5419384141276228,
        "r2": 0.3531986474990845,
        "bias": -0.0696256011724472
      },
      "val_delta_abs_mean": 0.7353289127349854,
      "val_gate_mean": 0.6904193162918091
    },
    {
      "epoch": 24,
      "train": {
        "loss": 0.21892387953394013,
        "mse": 0.216958838452489,
        "align": 0.00010376800824671516,
        "reconstruct": 0.05041806804091728
      },
      "val": {
        "mse": 0.4872951805591583,
        "rmse": 0.6980653125311115,
        "mae": 0.41159504652023315,
        "ci": 0.7956557123968531,
        "rm2": 0.34964019336012836,
        "pearson": 0.6051641726139877,
        "spearman": 0.5436338491638262,
        "r2": 0.3580942153930664,
        "bias": -0.05921934172511101
      },
      "val_delta_abs_mean": 0.7738315463066101,
      "val_gate_mean": 0.6687573194503784
    },
    {
      "epoch": 25,
      "train": {
        "loss": 0.21879953342520653,
        "mse": 0.21681888821988773,
        "align": 8.546686314797395e-05,
        "reconstruct": 0.04744503764941165
      },
      "val": {
        "mse": 0.49313920736312866,
        "rmse": 0.7022387110969665,
        "mae": 0.40546801686286926,
        "ci": 0.7943618192142221,
        "rm2": 0.34550462030610507,
        "pearson": 0.608204334905134,
        "spearman": 0.5424667518672207,
        "r2": 0.35039597749710083,
        "bias": -0.0954820066690445
      },
      "val_delta_abs_mean": 0.9334495663642883,
      "val_gate_mean": 0.7447922229766846
    },
    {
      "epoch": 26,
      "train": {
        "loss": 0.21867833193633648,
        "mse": 0.21667558679833637,
        "align": 8.202429465957426e-05,
        "reconstruct": 0.04821551094464495
      },
      "val": {
        "mse": 0.49316221475601196,
        "rmse": 0.7022550923674473,
        "mae": 0.405702143907547,
        "ci": 0.7958899288552232,
        "rm2": 0.34570232515840793,
        "pearson": 0.6020646183956728,
        "spearman": 0.5458242586725043,
        "r2": 0.35036563873291016,
        "bias": -0.07885924726724625
      },
      "val_delta_abs_mean": 0.8350608944892883,
      "val_gate_mean": 0.7387101054191589
    }
  ]
}
