loaded clean BRICS graph pretraining: experiments/brics_hierarchical/pretrain/graph_real_seed43.pt; condition=real seed=43
{"epoch": 1, "train": {"loss": 0.22506953476769204, "mse": 0.22377990281615162, "align": 9.28296349190238e-05, "reconstruct": 0.06019903965207568}, "val": {"mse": 0.49417388439178467, "rmse": 0.702975024017059, "mae": 0.43226903676986694, "ci": 0.7828015058285275, "rm2": 0.3364503638109979, "pearson": 0.5945077158951763, "spearman": 0.5208950943117193, "r2": 0.349032998085022, "bias": -0.02479538880288601}, "val_delta_abs_mean": 0.3873656392097473, "val_gate_mean": 0.8421576619148254}
{"epoch": 2, "train": {"loss": 0.2231793455730059, "mse": 0.22176400532825305, "align": 3.602604119119142e-05, "reconstruct": 0.05813943611694115}, "val": {"mse": 0.4960172176361084, "rmse": 0.7042848980605139, "mae": 0.4218445420265198, "ci": 0.787430030378893, "rm2": 0.3365559865535221, "pearson": 0.5944572296076611, "spearman": 0.5300514573306387, "r2": 0.3466048240661621, "bias": -0.04749046638607979}, "val_delta_abs_mean": 0.366070955991745, "val_gate_mean": 0.8243468403816223}
{"epoch": 3, "train": {"loss": 0.22244211946149367, "mse": 0.22103446812410263, "align": 1.9054578336930728e-05, "reconstruct": 0.05359879215633925}, "val": {"mse": 0.4979017376899719, "rmse": 0.705621525812508, "mae": 0.4097632169723511, "ci": 0.7903990804050844, "rm2": 0.33750602708849864, "pearson": 0.6038750243838408, "spearman": 0.5364797771345334, "r2": 0.34412235021591187, "bias": -0.09214850515127182}, "val_delta_abs_mean": 0.6554292440414429, "val_gate_mean": 0.9068569540977478}
{"epoch": 4, "train": {"loss": 0.2218656519488328, "mse": 0.22042715478886812, "align": 1.4843094437278659e-05, "reconstruct": 0.05139077519218789}, "val": {"mse": 0.4965040683746338, "rmse": 0.7046304480893752, "mae": 0.4224041998386383, "ci": 0.7863732049854297, "rm2": 0.3366612217587834, "pearson": 0.5931910009146084, "spearman": 0.5280315812721431, "r2": 0.3459634780883789, "bias": -0.04555307701230049}, "val_delta_abs_mean": 0.5306721329689026, "val_gate_mean": 0.890363872051239}
{"epoch": 5, "train": {"loss": 0.22127133560235754, "mse": 0.21982764008472822, "align": 1.2282923737629965e-05, "reconstruct": 0.04774851742581349}, "val": {"mse": 0.49489444494247437, "rmse": 0.7034873452610746, "mae": 0.4187258183956146, "ci": 0.7880336978420314, "rm2": 0.3390419683758738, "pearson": 0.5964079328478661, "spearman": 0.5307684338943319, "r2": 0.34808385372161865, "bias": -0.054173652082681656}, "val_delta_abs_mean": 0.5700033903121948, "val_gate_mean": 0.8851109147071838}
{"epoch": 6, "train": {"loss": 0.22116527306921066, "mse": 0.21974170988541636, "align": 7.475863938108037e-06, "reconstruct": 0.04524109516763717}, "val": {"mse": 0.4992713928222656, "rmse": 0.7065913902831436, "mae": 0.40808236598968506, "ci": 0.7937174184539758, "rm2": 0.33652631007600475, "pearson": 0.5950150356446844, "spearman": 0.5427579215906199, "r2": 0.3423181176185608, "bias": -0.07444818317890167}, "val_delta_abs_mean": 0.5503639578819275, "val_gate_mean": 0.8177735805511475}
{"epoch": 7, "train": {"loss": 0.22093279854853298, "mse": 0.21944368430449618, "align": 5.808161899606681e-06, "reconstruct": 0.044878974890108114}, "val": {"mse": 0.4865712821483612, "rmse": 0.6975466164697247, "mae": 0.4151690900325775, "ci": 0.7950058126414973, "rm2": 0.34781098430782265, "pearson": 0.6047419984180016, "spearman": 0.543371464842282, "r2": 0.3590477705001831, "bias": -0.046043045818805695}, "val_delta_abs_mean": 0.47223201394081116, "val_gate_mean": 0.8345316648483276}
{"epoch": 8, "train": {"loss": 0.22050592480448816, "mse": 0.21905256781981358, "align": 5.017096307471178e-06, "reconstruct": 0.043885407752193434}, "val": {"mse": 0.49298056960105896, "rmse": 0.7021257505611506, "mae": 0.41180211305618286, "ci": 0.7961862635916829, "rm2": 0.3422061293428304, "pearson": 0.5991692301449123, "spearman": 0.5456030876650357, "r2": 0.35060495138168335, "bias": -0.05921613425016403}, "val_delta_abs_mean": 0.639276921749115, "val_gate_mean": 0.9193558096885681}
{"epoch": 9, "train": {"loss": 0.22029146040078132, "mse": 0.2187758568171141, "align": 4.1053753517997776e-06, "reconstruct": 0.04308536808707894}, "val": {"mse": 0.49360033869743347, "rmse": 0.7025669638528654, "mae": 0.4083830416202545, "ci": 0.7947807611749764, "rm2": 0.3414974503666767, "pearson": 0.6059559550670407, "spearman": 0.5430038028488174, "r2": 0.34978848695755005, "bias": -0.08369375765323639}, "val_delta_abs_mean": 0.6750794649124146, "val_gate_mean": 0.9269084334373474}
{"epoch": 10, "train": {"loss": 0.22010444219008876, "mse": 0.21859540636458893, "align": 3.7320874200308417e-06, "reconstruct": 0.04197217415094008}, "val": {"mse": 0.48835620284080505, "rmse": 0.6988248727977597, "mae": 0.40965139865875244, "ci": 0.7939111052817237, "rm2": 0.3458634389774785, "pearson": 0.611371879387141, "spearman": 0.5409362066331608, "r2": 0.35669654607772827, "bias": -0.07847173511981964}, "val_delta_abs_mean": 0.6871717572212219, "val_gate_mean": 0.9224507212638855}
{"epoch": 11, "train": {"loss": 0.2196447640998859, "mse": 0.21808932357800986, "align": 3.0287101476038917e-06, "reconstruct": 0.04097382726401157}, "val": {"mse": 0.4922405183315277, "rmse": 0.7015985449896028, "mae": 0.40815192461013794, "ci": 0.7972771012882313, "rm2": 0.3440548621389702, "pearson": 0.6016325488846551, "spearman": 0.547708184070502, "r2": 0.35157978534698486, "bias": -0.06813257187604904}, "val_delta_abs_mean": 0.6970332264900208, "val_gate_mean": 0.9286890625953674}
{"epoch": 12, "train": {"loss": 0.2195936098739274, "mse": 0.2180543809145032, "align": 2.4733201847092944e-06, "reconstruct": 0.03850590639086061}, "val": {"mse": 0.4899120330810547, "rmse": 0.6999371636661784, "mae": 0.408250629901886, "ci": 0.7967217027821657, "rm2": 0.3467693910152417, "pearson": 0.6036801447946738, "spearman": 0.5466959691027417, "r2": 0.35464704036712646, "bias": -0.06589141488075256}, "val_delta_abs_mean": 0.7383574843406677, "val_gate_mean": 0.9380851984024048}
{"epoch": 13, "train": {"loss": 0.21926649439302734, "mse": 0.21774440543724113, "align": 2.207604089944255e-06, "reconstruct": 0.03725098158410668}, "val": {"mse": 0.49280697107315063, "rmse": 0.7020021161457782, "mae": 0.4118260145187378, "ci": 0.7919948073192847, "rm2": 0.3429643518546983, "pearson": 0.6015271567635045, "spearman": 0.5378942210413704, "r2": 0.35083359479904175, "bias": -0.0691482424736023}, "val_delta_abs_mean": 0.7162677049636841, "val_gate_mean": 0.9252167344093323}
{"epoch": 14, "train": {"loss": 0.21894566405392754, "mse": 0.21735746167866274, "align": 1.9556084828713267e-06, "reconstruct": 0.03725274240871911}, "val": {"mse": 0.488138347864151, "rmse": 0.6986689830414335, "mae": 0.4085497260093689, "ci": 0.7970255731785902, "rm2": 0.34659240976965805, "pearson": 0.6099953429127523, "spearman": 0.5462935195309313, "r2": 0.356983482837677, "bias": -0.0752883329987526}, "val_delta_abs_mean": 0.7829200625419617, "val_gate_mean": 0.9435861706733704}
{"epoch": 15, "train": {"loss": 0.21888837893406052, "mse": 0.21726735233916256, "align": 1.5860103351199685e-06, "reconstruct": 0.03610814652284008}, "val": {"mse": 0.4880555272102356, "rmse": 0.6986097102175403, "mae": 0.4113963544368744, "ci": 0.7951229208706824, "rm2": 0.34839013260906027, "pearson": 0.6043183902631791, "spearman": 0.5430066403829564, "r2": 0.35709261894226074, "bias": -0.05842162296175957}, "val_delta_abs_mean": 0.7424106001853943, "val_gate_mean": 0.9246942400932312}
{"epoch": 16, "train": {"loss": 0.2185729977768838, "mse": 0.21692727548481353, "align": 1.5681524690815537e-06, "reconstruct": 0.03633372560559504}, "val": {"mse": 0.48953983187675476, "rmse": 0.6996712312770582, "mae": 0.40208470821380615, "ci": 0.8001033811080598, "rm2": 0.34795581488378774, "pearson": 0.609098684730167, "spearman": 0.5529561891027363, "r2": 0.35513734817504883, "bias": -0.08407485485076904}, "val_delta_abs_mean": 0.7904639840126038, "val_gate_mean": 0.9419291019439697}
{"epoch": 17, "train": {"loss": 0.21836950775345998, "mse": 0.2166242211486144, "align": 1.4458846182844757e-06, "reconstruct": 0.03699492901073012}, "val": {"mse": 0.4833359718322754, "rmse": 0.6952236847463379, "mae": 0.4055871069431305, "ci": 0.7983891202992757, "rm2": 0.35242874827907517, "pearson": 0.612524245536843, "spearman": 0.5493345330130274, "r2": 0.3633095622062683, "bias": -0.06700783967971802}, "val_delta_abs_mean": 0.8401590585708618, "val_gate_mean": 0.9513791799545288}
{"epoch": 18, "train": {"loss": 0.21854878486470974, "mse": 0.21681694543670388, "align": 1.434442270957805e-06, "reconstruct": 0.03575821585181781}, "val": {"mse": 0.48082873225212097, "rmse": 0.6934181510835442, "mae": 0.4076375663280487, "ci": 0.7984563302395037, "rm2": 0.3543160581979541, "pearson": 0.6163423197102116, "spearman": 0.5485983378353603, "r2": 0.36661237478256226, "bias": -0.06813604384660721}, "val_delta_abs_mean": 0.8109322786331177, "val_gate_mean": 0.9268352389335632}
{"epoch": 19, "train": {"loss": 0.21821261568674055, "mse": 0.21651858337674712, "align": 1.1867332403407562e-06, "reconstruct": 0.033255327731454135}, "val": {"mse": 0.48719078302383423, "rmse": 0.6979905321878186, "mae": 0.40933528542518616, "ci": 0.7991791425966825, "rm2": 0.34715382588837046, "pearson": 0.6086919980911724, "spearman": 0.5503050611589896, "r2": 0.35823172330856323, "bias": -0.0664931982755661}, "val_delta_abs_mean": 0.8038575649261475, "val_gate_mean": 0.9193610548973083}
{"epoch": 20, "train": {"loss": 0.2180847888119333, "mse": 0.21636364652830012, "align": 1.1719339355486378e-06, "reconstruct": 0.034980782575864434}, "val": {"mse": 0.488552451133728, "rmse": 0.6989652717651486, "mae": 0.40880918502807617, "ci": 0.7972327019943837, "rm2": 0.3463268013649805, "pearson": 0.6080762691382361, "spearman": 0.5471149383000373, "r2": 0.3564380407333374, "bias": -0.07140406966209412}, "val_delta_abs_mean": 0.7473717331886292, "val_gate_mean": 0.9251523017883301}
{"epoch": 21, "train": {"loss": 0.21783799877854895, "mse": 0.21614697568970007, "align": 1.0631857288346272e-06, "reconstruct": 0.03187102256994614}, "val": {"mse": 0.4834648668766022, "rmse": 0.6953163789790963, "mae": 0.40573298931121826, "ci": 0.7976212976487926, "rm2": 0.3529956714256996, "pearson": 0.6126969287614703, "spearman": 0.5486277944323007, "r2": 0.363139808177948, "bias": -0.06985942274332047}, "val_delta_abs_mean": 0.747785210609436, "val_gate_mean": 0.9472864270210266}
{"epoch": 22, "train": {"loss": 0.21772745445326203, "mse": 0.21604677788892448, "align": 9.74280870694151e-07, "reconstruct": 0.03188254563111887}, "val": {"mse": 0.48151978850364685, "rmse": 0.6939162690870181, "mae": 0.40559569001197815, "ci": 0.8004086771698831, "rm2": 0.3547266346702506, "pearson": 0.6142305898632434, "spearman": 0.55234738228305, "r2": 0.3657020330429077, "bias": -0.06639210879802704}, "val_delta_abs_mean": 0.8087279796600342, "val_gate_mean": 0.938637375831604}
{"epoch": 23, "train": {"loss": 0.21765732246877784, "mse": 0.2159529019836123, "align": 8.228218359197541e-07, "reconstruct": 0.03019954426416915}, "val": {"mse": 0.491876482963562, "rmse": 0.7013390641933201, "mae": 0.407902330160141, "ci": 0.7969557155740503, "rm2": 0.34410071614678894, "pearson": 0.6039512620200791, "spearman": 0.5473744903316194, "r2": 0.3520593047142029, "bias": -0.07398490607738495}, "val_delta_abs_mean": 0.738462507724762, "val_gate_mean": 0.9271314144134521}
{"epoch": 24, "train": {"loss": 0.21740122566390016, "mse": 0.215683164790343, "align": 8.19516523953775e-07, "reconstruct": 0.029853912324675918}, "val": {"mse": 0.4894889295101166, "rmse": 0.6996348544134409, "mae": 0.4099658727645874, "ci": 0.7974542911306505, "rm2": 0.3463095414679951, "pearson": 0.6040421093056042, "spearman": 0.5473978930402216, "r2": 0.35520440340042114, "bias": -0.06326650083065033}, "val_delta_abs_mean": 0.798061192035675, "val_gate_mean": 0.9102517366409302}
{"epoch": 25, "train": {"loss": 0.2174281271267261, "mse": 0.21568011503250248, "align": 7.568647947097474e-07, "reconstruct": 0.029802397422150354}, "val": {"mse": 0.4926081597805023, "rmse": 0.7018604988033608, "mae": 0.4084293842315674, "ci": 0.793658151506684, "rm2": 0.34418649122073275, "pearson": 0.6048183935797317, "spearman": 0.5409024334007141, "r2": 0.3510954976081848, "bias": -0.08122019469738007}, "val_delta_abs_mean": 0.8068085312843323, "val_gate_mean": 0.9472063779830933}
{"epoch": 26, "train": {"loss": 0.21726724953305748, "mse": 0.21546630246744608, "align": 6.763265074831557e-07, "reconstruct": 0.030281433987334305}, "val": {"mse": 0.48562151193618774, "rmse": 0.6968654905619791, "mae": 0.40580859780311584, "ci": 0.7982408510978031, "rm2": 0.3509830148797591, "pearson": 0.6108161264917109, "spearman": 0.5491772526071983, "r2": 0.36029893159866333, "bias": -0.07272849977016449}, "val_delta_abs_mean": 0.7579535841941833, "val_gate_mean": 0.930009126663208}
{"epoch": 27, "train": {"loss": 0.2172261964265428, "mse": 0.2154765630280236, "align": 6.445243565882665e-07, "reconstruct": 0.028164125671584234}, "val": {"mse": 0.48938873410224915, "rmse": 0.69956324524824, "mae": 0.4060189723968506, "ci": 0.7978029681538936, "rm2": 0.3476455756059355, "pearson": 0.6070756005028152, "spearman": 0.5486484760637892, "r2": 0.35533642768859863, "bias": -0.0765160471200943}, "val_delta_abs_mean": 0.7907229065895081, "val_gate_mean": 0.93906569480896}
{"epoch": 28, "train": {"loss": 0.21725060119027065, "mse": 0.21553430103803492, "align": 6.687633110054466e-07, "reconstruct": 0.02882874836097774}, "val": {"mse": 0.48765093088150024, "rmse": 0.6983200776731973, "mae": 0.41404205560684204, "ci": 0.7917974544947971, "rm2": 0.3477155382573917, "pearson": 0.6047450848641347, "spearman": 0.5374602218914121, "r2": 0.3576255440711975, "bias": -0.055508583784103394}, "val_delta_abs_mean": 0.7788049578666687, "val_gate_mean": 0.9391162395477295}
{"epoch": 29, "train": {"loss": 0.21730691444728054, "mse": 0.21547481749693467, "align": 6.349355088536292e-07, "reconstruct": 0.029296627864449618}, "val": {"mse": 0.4900454580783844, "rmse": 0.7000324693029492, "mae": 0.4091762900352478, "ci": 0.7967453280944882, "rm2": 0.34585996681547054, "pearson": 0.6043293487318194, "spearman": 0.5466278477065994, "r2": 0.35447126626968384, "bias": -0.06728807091712952}, "val_delta_abs_mean": 0.7502610087394714, "val_gate_mean": 0.932935893535614}
{"epoch": 30, "train": {"loss": 0.21688267522695676, "mse": 0.21510022127420023, "align": 6.123549488082685e-07, "reconstruct": 0.028608110972997647}, "val": {"mse": 0.48673388361930847, "rmse": 0.6976631591386409, "mae": 0.41330885887145996, "ci": 0.7924789225554115, "rm2": 0.34891474231911845, "pearson": 0.6062494327217498, "spearman": 0.5384058249345545, "r2": 0.3588336110115051, "bias": -0.05804470553994179}, "val_delta_abs_mean": 0.7714217305183411, "val_gate_mean": 0.9446420073509216}
{"epoch": 31, "train": {"loss": 0.21704389730041063, "mse": 0.21525201441877395, "align": 6.063296405369524e-07, "reconstruct": 0.027261438252766747}, "val": {"mse": 0.48806801438331604, "rmse": 0.6986186473200641, "mae": 0.4078102111816406, "ci": 0.7966489938468282, "rm2": 0.34886545926717827, "pearson": 0.6058295784817601, "spearman": 0.5466636747632427, "r2": 0.35707616806030273, "bias": -0.0661003440618515}, "val_delta_abs_mean": 0.7703344225883484, "val_gate_mean": 0.9159512519836426}
{"epoch": 32, "train": {"loss": 0.21692633803148775, "mse": 0.21506975198820372, "align": 6.21903627821097e-07, "reconstruct": 0.0286835137459869}, "val": {"mse": 0.4905296564102173, "rmse": 0.700378223826396, "mae": 0.4048878252506256, "ci": 0.7972190563398526, "rm2": 0.3466595505023678, "pearson": 0.6058466406512479, "spearman": 0.5484436255116215, "r2": 0.35383349657058716, "bias": -0.07739537209272385}, "val_delta_abs_mean": 0.7986463308334351, "val_gate_mean": 0.9580214619636536}
{"epoch": 33, "train": {"loss": 0.21681552660428516, "mse": 0.21503404079877894, "align": 5.516083646557427e-07, "reconstruct": 0.027911089711114327}, "val": {"mse": 0.48936283588409424, "rmse": 0.6995447347268753, "mae": 0.4103364646434784, "ci": 0.795216811120516, "rm2": 0.3455681998251722, "pearson": 0.6061148426960019, "spearman": 0.5444286586491477, "r2": 0.35537052154541016, "bias": -0.06834884732961655}, "val_delta_abs_mean": 0.6923253536224365, "val_gate_mean": 0.9311848282814026}
{"epoch": 34, "train": {"loss": 0.2167455251968388, "mse": 0.21492442407328688, "align": 5.92155820127285e-07, "reconstruct": 0.027839376680001356}, "val": {"mse": 0.4879591464996338, "rmse": 0.6985407264430856, "mae": 0.41308480501174927, "ci": 0.7922880870584612, "rm2": 0.34765200701174626, "pearson": 0.605267819618961, "spearman": 0.5387312205007107, "r2": 0.3572195768356323, "bias": -0.06016208603978157}, "val_delta_abs_mean": 0.7245122194290161, "val_gate_mean": 0.9365238547325134}
{"epoch": 35, "train": {"loss": 0.21654246798995783, "mse": 0.21475011735933627, "align": 5.427941994131317e-07, "reconstruct": 0.026706230021059898}, "val": {"mse": 0.48897066712379456, "rmse": 0.6992643757004889, "mae": 0.4067443907260895, "ci": 0.7993141734765951, "rm2": 0.3478430635063855, "pearson": 0.6054839322307607, "spearman": 0.5512765091869167, "r2": 0.35588711500167847, "bias": -0.06874529272317886}, "val_delta_abs_mean": 0.7595199942588806, "val_gate_mean": 0.9283225536346436}
{"epoch": 36, "train": {"loss": 0.21657207149438776, "mse": 0.2147508198069897, "align": 5.967809615241238e-07, "reconstruct": 0.025881917861004165}, "val": {"mse": 0.4861454665660858, "rmse": 0.6972413259167057, "mae": 0.40415167808532715, "ci": 0.798732909326866, "rm2": 0.3508466922721498, "pearson": 0.6104327115986906, "spearman": 0.5507638275593582, "r2": 0.3596087098121643, "bias": -0.07444902509450912}, "val_delta_abs_mean": 0.7690448760986328, "val_gate_mean": 0.9365519881248474}
{"epoch": 37, "train": {"loss": 0.21668622663772358, "mse": 0.21490061857596024, "align": 5.091557640926985e-07, "reconstruct": 0.026032268977336227}, "val": {"mse": 0.48593178391456604, "rmse": 0.6970880747183716, "mae": 0.40122514963150024, "ci": 0.8007371912110579, "rm2": 0.35171922676852224, "pearson": 0.6149009812159817, "spearman": 0.554965007549705, "r2": 0.3598902225494385, "bias": -0.08797383308410645}, "val_delta_abs_mean": 0.8000134229660034, "val_gate_mean": 0.9456498026847839}
{"epoch": 38, "train": {"loss": 0.21639200624699334, "mse": 0.21456034855668374, "align": 4.884803491388396e-07, "reconstruct": 0.025749627469749313}, "val": {"mse": 0.48911306262016296, "rmse": 0.6993661863574496, "mae": 0.40815025568008423, "ci": 0.7955548974865112, "rm2": 0.34750411265064735, "pearson": 0.6052930706807834, "spearman": 0.5449366985521833, "r2": 0.3556995391845703, "bias": -0.06824590265750885}, "val_delta_abs_mean": 0.7366020679473877, "val_gate_mean": 0.9512702226638794}
{
  "guardrail": "validation only; test indices and metrics were not accessed",
  "condition": "real",
  "seed": 43,
  "best_epoch": 18,
  "epoch0_max_abs_difference": 1.9073486328125e-06,
  "baseline": {
    "mse": 0.48946526646614075,
    "rmse": 0.6996179432133947,
    "mae": 0.43143847584724426,
    "ci": 0.7885622123720057,
    "rm2": 0.3410284448121984,
    "pearson": 0.5995077496596147,
    "spearman": 0.5319472626673567,
    "r2": 0.35523557662963867,
    "bias": -0.015189344994723797
  },
  "best": {
    "mse": 0.48082873225212097,
    "rmse": 0.6934181510835442,
    "mae": 0.4076375663280487,
    "ci": 0.7984551082405904,
    "rm2": 0.3543160581979541,
    "pearson": 0.6163423197081244,
    "spearman": 0.5485955793818521,
    "r2": 0.36661237478256226,
    "bias": -0.06813604384660721
  },
  "relative_mse_gain": 0.01764483571301012,
  "delta_abs_mean": 0.8109321594238281,
  "atom_gate_mean": 0.9268352389335632,
  "drug_bootstrap": {
    "drugs": 7,
    "improved": 5,
    "worsened": 2,
    "improvements": [
      -0.03455201908946037,
      0.034592024981975555,
      0.005850196350365877,
      0.013898125849664211,
      0.054444290697574615,
      0.046231672167778015,
      -0.06000855565071106
    ],
    "mean": 0.008636533615312405,
    "ci95": [
      -0.02138949731098754,
      0.035844325967731704
    ],
    "probability_positive": 0.7297
  },
  "args": {
    "project": "/data1/ztx/MyModel-MDTA",
    "checkpoint": "outputs/Refine_experiment/davis/cold_start/drug_cold_5fold_seed42/baseline/fold_1/best_model.pt",
    "global_cache": "experiments/pdbbind_to_davis_transfer/data/global_predictions/fold1_with_features.pt",
    "drug_cache": "experiments/brics_hierarchical/data/fold1_drug_encoder_inputs_chem.pt",
    "split": "data/splits/davis_drug_cold_5fold_seed42/fold_1/split.json",
    "condition": "real",
    "seed": 43,
    "device": "cuda:1",
    "batch_size": 128,
    "epochs": 100,
    "patience": 20,
    "lr": 0.0003,
    "weight_decay": 1e-05,
    "lambda_align": 0.05,
    "lambda_reconstruct": 0.02,
    "lambda_delta": 0.001,
    "output_dir": "experiments/brics_hierarchical/outputs/graph_real_seed43"
  },
  "history": [
    {
      "epoch": 1,
      "train": {
        "loss": 0.22506953476769204,
        "mse": 0.22377990281615162,
        "align": 9.28296349190238e-05,
        "reconstruct": 0.06019903965207568
      },
      "val": {
        "mse": 0.49417388439178467,
        "rmse": 0.702975024017059,
        "mae": 0.43226903676986694,
        "ci": 0.7828015058285275,
        "rm2": 0.3364503638109979,
        "pearson": 0.5945077158951763,
        "spearman": 0.5208950943117193,
        "r2": 0.349032998085022,
        "bias": -0.02479538880288601
      },
      "val_delta_abs_mean": 0.3873656392097473,
      "val_gate_mean": 0.8421576619148254
    },
    {
      "epoch": 2,
      "train": {
        "loss": 0.2231793455730059,
        "mse": 0.22176400532825305,
        "align": 3.602604119119142e-05,
        "reconstruct": 0.05813943611694115
      },
      "val": {
        "mse": 0.4960172176361084,
        "rmse": 0.7042848980605139,
        "mae": 0.4218445420265198,
        "ci": 0.787430030378893,
        "rm2": 0.3365559865535221,
        "pearson": 0.5944572296076611,
        "spearman": 0.5300514573306387,
        "r2": 0.3466048240661621,
        "bias": -0.04749046638607979
      },
      "val_delta_abs_mean": 0.366070955991745,
      "val_gate_mean": 0.8243468403816223
    },
    {
      "epoch": 3,
      "train": {
        "loss": 0.22244211946149367,
        "mse": 0.22103446812410263,
        "align": 1.9054578336930728e-05,
        "reconstruct": 0.05359879215633925
      },
      "val": {
        "mse": 0.4979017376899719,
        "rmse": 0.705621525812508,
        "mae": 0.4097632169723511,
        "ci": 0.7903990804050844,
        "rm2": 0.33750602708849864,
        "pearson": 0.6038750243838408,
        "spearman": 0.5364797771345334,
        "r2": 0.34412235021591187,
        "bias": -0.09214850515127182
      },
      "val_delta_abs_mean": 0.6554292440414429,
      "val_gate_mean": 0.9068569540977478
    },
    {
      "epoch": 4,
      "train": {
        "loss": 0.2218656519488328,
        "mse": 0.22042715478886812,
        "align": 1.4843094437278659e-05,
        "reconstruct": 0.05139077519218789
      },
      "val": {
        "mse": 0.4965040683746338,
        "rmse": 0.7046304480893752,
        "mae": 0.4224041998386383,
        "ci": 0.7863732049854297,
        "rm2": 0.3366612217587834,
        "pearson": 0.5931910009146084,
        "spearman": 0.5280315812721431,
        "r2": 0.3459634780883789,
        "bias": -0.04555307701230049
      },
      "val_delta_abs_mean": 0.5306721329689026,
      "val_gate_mean": 0.890363872051239
    },
    {
      "epoch": 5,
      "train": {
        "loss": 0.22127133560235754,
        "mse": 0.21982764008472822,
        "align": 1.2282923737629965e-05,
        "reconstruct": 0.04774851742581349
      },
      "val": {
        "mse": 0.49489444494247437,
        "rmse": 0.7034873452610746,
        "mae": 0.4187258183956146,
        "ci": 0.7880336978420314,
        "rm2": 0.3390419683758738,
        "pearson": 0.5964079328478661,
        "spearman": 0.5307684338943319,
        "r2": 0.34808385372161865,
        "bias": -0.054173652082681656
      },
      "val_delta_abs_mean": 0.5700033903121948,
      "val_gate_mean": 0.8851109147071838
    },
    {
      "epoch": 6,
      "train": {
        "loss": 0.22116527306921066,
        "mse": 0.21974170988541636,
        "align": 7.475863938108037e-06,
        "reconstruct": 0.04524109516763717
      },
      "val": {
        "mse": 0.4992713928222656,
        "rmse": 0.7065913902831436,
        "mae": 0.40808236598968506,
        "ci": 0.7937174184539758,
        "rm2": 0.33652631007600475,
        "pearson": 0.5950150356446844,
        "spearman": 0.5427579215906199,
        "r2": 0.3423181176185608,
        "bias": -0.07444818317890167
      },
      "val_delta_abs_mean": 0.5503639578819275,
      "val_gate_mean": 0.8177735805511475
    },
    {
      "epoch": 7,
      "train": {
        "loss": 0.22093279854853298,
        "mse": 0.21944368430449618,
        "align": 5.808161899606681e-06,
        "reconstruct": 0.044878974890108114
      },
      "val": {
        "mse": 0.4865712821483612,
        "rmse": 0.6975466164697247,
        "mae": 0.4151690900325775,
        "ci": 0.7950058126414973,
        "rm2": 0.34781098430782265,
        "pearson": 0.6047419984180016,
        "spearman": 0.543371464842282,
        "r2": 0.3590477705001831,
        "bias": -0.046043045818805695
      },
      "val_delta_abs_mean": 0.47223201394081116,
      "val_gate_mean": 0.8345316648483276
    },
    {
      "epoch": 8,
      "train": {
        "loss": 0.22050592480448816,
        "mse": 0.21905256781981358,
        "align": 5.017096307471178e-06,
        "reconstruct": 0.043885407752193434
      },
      "val": {
        "mse": 0.49298056960105896,
        "rmse": 0.7021257505611506,
        "mae": 0.41180211305618286,
        "ci": 0.7961862635916829,
        "rm2": 0.3422061293428304,
        "pearson": 0.5991692301449123,
        "spearman": 0.5456030876650357,
        "r2": 0.35060495138168335,
        "bias": -0.05921613425016403
      },
      "val_delta_abs_mean": 0.639276921749115,
      "val_gate_mean": 0.9193558096885681
    },
    {
      "epoch": 9,
      "train": {
        "loss": 0.22029146040078132,
        "mse": 0.2187758568171141,
        "align": 4.1053753517997776e-06,
        "reconstruct": 0.04308536808707894
      },
      "val": {
        "mse": 0.49360033869743347,
        "rmse": 0.7025669638528654,
        "mae": 0.4083830416202545,
        "ci": 0.7947807611749764,
        "rm2": 0.3414974503666767,
        "pearson": 0.6059559550670407,
        "spearman": 0.5430038028488174,
        "r2": 0.34978848695755005,
        "bias": -0.08369375765323639
      },
      "val_delta_abs_mean": 0.6750794649124146,
      "val_gate_mean": 0.9269084334373474
    },
    {
      "epoch": 10,
      "train": {
        "loss": 0.22010444219008876,
        "mse": 0.21859540636458893,
        "align": 3.7320874200308417e-06,
        "reconstruct": 0.04197217415094008
      },
      "val": {
        "mse": 0.48835620284080505,
        "rmse": 0.6988248727977597,
        "mae": 0.40965139865875244,
        "ci": 0.7939111052817237,
        "rm2": 0.3458634389774785,
        "pearson": 0.611371879387141,
        "spearman": 0.5409362066331608,
        "r2": 0.35669654607772827,
        "bias": -0.07847173511981964
      },
      "val_delta_abs_mean": 0.6871717572212219,
      "val_gate_mean": 0.9224507212638855
    },
    {
      "epoch": 11,
      "train": {
        "loss": 0.2196447640998859,
        "mse": 0.21808932357800986,
        "align": 3.0287101476038917e-06,
        "reconstruct": 0.04097382726401157
      },
      "val": {
        "mse": 0.4922405183315277,
        "rmse": 0.7015985449896028,
        "mae": 0.40815192461013794,
        "ci": 0.7972771012882313,
        "rm2": 0.3440548621389702,
        "pearson": 0.6016325488846551,
        "spearman": 0.547708184070502,
        "r2": 0.35157978534698486,
        "bias": -0.06813257187604904
      },
      "val_delta_abs_mean": 0.6970332264900208,
      "val_gate_mean": 0.9286890625953674
    },
    {
      "epoch": 12,
      "train": {
        "loss": 0.2195936098739274,
        "mse": 0.2180543809145032,
        "align": 2.4733201847092944e-06,
        "reconstruct": 0.03850590639086061
      },
      "val": {
        "mse": 0.4899120330810547,
        "rmse": 0.6999371636661784,
        "mae": 0.408250629901886,
        "ci": 0.7967217027821657,
        "rm2": 0.3467693910152417,
        "pearson": 0.6036801447946738,
        "spearman": 0.5466959691027417,
        "r2": 0.35464704036712646,
        "bias": -0.06589141488075256
      },
      "val_delta_abs_mean": 0.7383574843406677,
      "val_gate_mean": 0.9380851984024048
    },
    {
      "epoch": 13,
      "train": {
        "loss": 0.21926649439302734,
        "mse": 0.21774440543724113,
        "align": 2.207604089944255e-06,
        "reconstruct": 0.03725098158410668
      },
      "val": {
        "mse": 0.49280697107315063,
        "rmse": 0.7020021161457782,
        "mae": 0.4118260145187378,
        "ci": 0.7919948073192847,
        "rm2": 0.3429643518546983,
        "pearson": 0.6015271567635045,
        "spearman": 0.5378942210413704,
        "r2": 0.35083359479904175,
        "bias": -0.0691482424736023
      },
      "val_delta_abs_mean": 0.7162677049636841,
      "val_gate_mean": 0.9252167344093323
    },
    {
      "epoch": 14,
      "train": {
        "loss": 0.21894566405392754,
        "mse": 0.21735746167866274,
        "align": 1.9556084828713267e-06,
        "reconstruct": 0.03725274240871911
      },
      "val": {
        "mse": 0.488138347864151,
        "rmse": 0.6986689830414335,
        "mae": 0.4085497260093689,
        "ci": 0.7970255731785902,
        "rm2": 0.34659240976965805,
        "pearson": 0.6099953429127523,
        "spearman": 0.5462935195309313,
        "r2": 0.356983482837677,
        "bias": -0.0752883329987526
      },
      "val_delta_abs_mean": 0.7829200625419617,
      "val_gate_mean": 0.9435861706733704
    },
    {
      "epoch": 15,
      "train": {
        "loss": 0.21888837893406052,
        "mse": 0.21726735233916256,
        "align": 1.5860103351199685e-06,
        "reconstruct": 0.03610814652284008
      },
      "val": {
        "mse": 0.4880555272102356,
        "rmse": 0.6986097102175403,
        "mae": 0.4113963544368744,
        "ci": 0.7951229208706824,
        "rm2": 0.34839013260906027,
        "pearson": 0.6043183902631791,
        "spearman": 0.5430066403829564,
        "r2": 0.35709261894226074,
        "bias": -0.05842162296175957
      },
      "val_delta_abs_mean": 0.7424106001853943,
      "val_gate_mean": 0.9246942400932312
    },
    {
      "epoch": 16,
      "train": {
        "loss": 0.2185729977768838,
        "mse": 0.21692727548481353,
        "align": 1.5681524690815537e-06,
        "reconstruct": 0.03633372560559504
      },
      "val": {
        "mse": 0.48953983187675476,
        "rmse": 0.6996712312770582,
        "mae": 0.40208470821380615,
        "ci": 0.8001033811080598,
        "rm2": 0.34795581488378774,
        "pearson": 0.609098684730167,
        "spearman": 0.5529561891027363,
        "r2": 0.35513734817504883,
        "bias": -0.08407485485076904
      },
      "val_delta_abs_mean": 0.7904639840126038,
      "val_gate_mean": 0.9419291019439697
    },
    {
      "epoch": 17,
      "train": {
        "loss": 0.21836950775345998,
        "mse": 0.2166242211486144,
        "align": 1.4458846182844757e-06,
        "reconstruct": 0.03699492901073012
      },
      "val": {
        "mse": 0.4833359718322754,
        "rmse": 0.6952236847463379,
        "mae": 0.4055871069431305,
        "ci": 0.7983891202992757,
        "rm2": 0.35242874827907517,
        "pearson": 0.612524245536843,
        "spearman": 0.5493345330130274,
        "r2": 0.3633095622062683,
        "bias": -0.06700783967971802
      },
      "val_delta_abs_mean": 0.8401590585708618,
      "val_gate_mean": 0.9513791799545288
    },
    {
      "epoch": 18,
      "train": {
        "loss": 0.21854878486470974,
        "mse": 0.21681694543670388,
        "align": 1.434442270957805e-06,
        "reconstruct": 0.03575821585181781
      },
      "val": {
        "mse": 0.48082873225212097,
        "rmse": 0.6934181510835442,
        "mae": 0.4076375663280487,
        "ci": 0.7984563302395037,
        "rm2": 0.3543160581979541,
        "pearson": 0.6163423197102116,
        "spearman": 0.5485983378353603,
        "r2": 0.36661237478256226,
        "bias": -0.06813604384660721
      },
      "val_delta_abs_mean": 0.8109322786331177,
      "val_gate_mean": 0.9268352389335632
    },
    {
      "epoch": 19,
      "train": {
        "loss": 0.21821261568674055,
        "mse": 0.21651858337674712,
        "align": 1.1867332403407562e-06,
        "reconstruct": 0.033255327731454135
      },
      "val": {
        "mse": 0.48719078302383423,
        "rmse": 0.6979905321878186,
        "mae": 0.40933528542518616,
        "ci": 0.7991791425966825,
        "rm2": 0.34715382588837046,
        "pearson": 0.6086919980911724,
        "spearman": 0.5503050611589896,
        "r2": 0.35823172330856323,
        "bias": -0.0664931982755661
      },
      "val_delta_abs_mean": 0.8038575649261475,
      "val_gate_mean": 0.9193610548973083
    },
    {
      "epoch": 20,
      "train": {
        "loss": 0.2180847888119333,
        "mse": 0.21636364652830012,
        "align": 1.1719339355486378e-06,
        "reconstruct": 0.034980782575864434
      },
      "val": {
        "mse": 0.488552451133728,
        "rmse": 0.6989652717651486,
        "mae": 0.40880918502807617,
        "ci": 0.7972327019943837,
        "rm2": 0.3463268013649805,
        "pearson": 0.6080762691382361,
        "spearman": 0.5471149383000373,
        "r2": 0.3564380407333374,
        "bias": -0.07140406966209412
      },
      "val_delta_abs_mean": 0.7473717331886292,
      "val_gate_mean": 0.9251523017883301
    },
    {
      "epoch": 21,
      "train": {
        "loss": 0.21783799877854895,
        "mse": 0.21614697568970007,
        "align": 1.0631857288346272e-06,
        "reconstruct": 0.03187102256994614
      },
      "val": {
        "mse": 0.4834648668766022,
        "rmse": 0.6953163789790963,
        "mae": 0.40573298931121826,
        "ci": 0.7976212976487926,
        "rm2": 0.3529956714256996,
        "pearson": 0.6126969287614703,
        "spearman": 0.5486277944323007,
        "r2": 0.363139808177948,
        "bias": -0.06985942274332047
      },
      "val_delta_abs_mean": 0.747785210609436,
      "val_gate_mean": 0.9472864270210266
    },
    {
      "epoch": 22,
      "train": {
        "loss": 0.21772745445326203,
        "mse": 0.21604677788892448,
        "align": 9.74280870694151e-07,
        "reconstruct": 0.03188254563111887
      },
      "val": {
        "mse": 0.48151978850364685,
        "rmse": 0.6939162690870181,
        "mae": 0.40559569001197815,
        "ci": 0.8004086771698831,
        "rm2": 0.3547266346702506,
        "pearson": 0.6142305898632434,
        "spearman": 0.55234738228305,
        "r2": 0.3657020330429077,
        "bias": -0.06639210879802704
      },
      "val_delta_abs_mean": 0.8087279796600342,
      "val_gate_mean": 0.938637375831604
    },
    {
      "epoch": 23,
      "train": {
        "loss": 0.21765732246877784,
        "mse": 0.2159529019836123,
        "align": 8.228218359197541e-07,
        "reconstruct": 0.03019954426416915
      },
      "val": {
        "mse": 0.491876482963562,
        "rmse": 0.7013390641933201,
        "mae": 0.407902330160141,
        "ci": 0.7969557155740503,
        "rm2": 0.34410071614678894,
        "pearson": 0.6039512620200791,
        "spearman": 0.5473744903316194,
        "r2": 0.3520593047142029,
        "bias": -0.07398490607738495
      },
      "val_delta_abs_mean": 0.738462507724762,
      "val_gate_mean": 0.9271314144134521
    },
    {
      "epoch": 24,
      "train": {
        "loss": 0.21740122566390016,
        "mse": 0.215683164790343,
        "align": 8.19516523953775e-07,
        "reconstruct": 0.029853912324675918
      },
      "val": {
        "mse": 0.4894889295101166,
        "rmse": 0.6996348544134409,
        "mae": 0.4099658727645874,
        "ci": 0.7974542911306505,
        "rm2": 0.3463095414679951,
        "pearson": 0.6040421093056042,
        "spearman": 0.5473978930402216,
        "r2": 0.35520440340042114,
        "bias": -0.06326650083065033
      },
      "val_delta_abs_mean": 0.798061192035675,
      "val_gate_mean": 0.9102517366409302
    },
    {
      "epoch": 25,
      "train": {
        "loss": 0.2174281271267261,
        "mse": 0.21568011503250248,
        "align": 7.568647947097474e-07,
        "reconstruct": 0.029802397422150354
      },
      "val": {
        "mse": 0.4926081597805023,
        "rmse": 0.7018604988033608,
        "mae": 0.4084293842315674,
        "ci": 0.793658151506684,
        "rm2": 0.34418649122073275,
        "pearson": 0.6048183935797317,
        "spearman": 0.5409024334007141,
        "r2": 0.3510954976081848,
        "bias": -0.08122019469738007
      },
      "val_delta_abs_mean": 0.8068085312843323,
      "val_gate_mean": 0.9472063779830933
    },
    {
      "epoch": 26,
      "train": {
        "loss": 0.21726724953305748,
        "mse": 0.21546630246744608,
        "align": 6.763265074831557e-07,
        "reconstruct": 0.030281433987334305
      },
      "val": {
        "mse": 0.48562151193618774,
        "rmse": 0.6968654905619791,
        "mae": 0.40580859780311584,
        "ci": 0.7982408510978031,
        "rm2": 0.3509830148797591,
        "pearson": 0.6108161264917109,
        "spearman": 0.5491772526071983,
        "r2": 0.36029893159866333,
        "bias": -0.07272849977016449
      },
      "val_delta_abs_mean": 0.7579535841941833,
      "val_gate_mean": 0.930009126663208
    },
    {
      "epoch": 27,
      "train": {
        "loss": 0.2172261964265428,
        "mse": 0.2154765630280236,
        "align": 6.445243565882665e-07,
        "reconstruct": 0.028164125671584234
      },
      "val": {
        "mse": 0.48938873410224915,
        "rmse": 0.69956324524824,
        "mae": 0.4060189723968506,
        "ci": 0.7978029681538936,
        "rm2": 0.3476455756059355,
        "pearson": 0.6070756005028152,
        "spearman": 0.5486484760637892,
        "r2": 0.35533642768859863,
        "bias": -0.0765160471200943
      },
      "val_delta_abs_mean": 0.7907229065895081,
      "val_gate_mean": 0.93906569480896
    },
    {
      "epoch": 28,
      "train": {
        "loss": 0.21725060119027065,
        "mse": 0.21553430103803492,
        "align": 6.687633110054466e-07,
        "reconstruct": 0.02882874836097774
      },
      "val": {
        "mse": 0.48765093088150024,
        "rmse": 0.6983200776731973,
        "mae": 0.41404205560684204,
        "ci": 0.7917974544947971,
        "rm2": 0.3477155382573917,
        "pearson": 0.6047450848641347,
        "spearman": 0.5374602218914121,
        "r2": 0.3576255440711975,
        "bias": -0.055508583784103394
      },
      "val_delta_abs_mean": 0.7788049578666687,
      "val_gate_mean": 0.9391162395477295
    },
    {
      "epoch": 29,
      "train": {
        "loss": 0.21730691444728054,
        "mse": 0.21547481749693467,
        "align": 6.349355088536292e-07,
        "reconstruct": 0.029296627864449618
      },
      "val": {
        "mse": 0.4900454580783844,
        "rmse": 0.7000324693029492,
        "mae": 0.4091762900352478,
        "ci": 0.7967453280944882,
        "rm2": 0.34585996681547054,
        "pearson": 0.6043293487318194,
        "spearman": 0.5466278477065994,
        "r2": 0.35447126626968384,
        "bias": -0.06728807091712952
      },
      "val_delta_abs_mean": 0.7502610087394714,
      "val_gate_mean": 0.932935893535614
    },
    {
      "epoch": 30,
      "train": {
        "loss": 0.21688267522695676,
        "mse": 0.21510022127420023,
        "align": 6.123549488082685e-07,
        "reconstruct": 0.028608110972997647
      },
      "val": {
        "mse": 0.48673388361930847,
        "rmse": 0.6976631591386409,
        "mae": 0.41330885887145996,
        "ci": 0.7924789225554115,
        "rm2": 0.34891474231911845,
        "pearson": 0.6062494327217498,
        "spearman": 0.5384058249345545,
        "r2": 0.3588336110115051,
        "bias": -0.05804470553994179
      },
      "val_delta_abs_mean": 0.7714217305183411,
      "val_gate_mean": 0.9446420073509216
    },
    {
      "epoch": 31,
      "train": {
        "loss": 0.21704389730041063,
        "mse": 0.21525201441877395,
        "align": 6.063296405369524e-07,
        "reconstruct": 0.027261438252766747
      },
      "val": {
        "mse": 0.48806801438331604,
        "rmse": 0.6986186473200641,
        "mae": 0.4078102111816406,
        "ci": 0.7966489938468282,
        "rm2": 0.34886545926717827,
        "pearson": 0.6058295784817601,
        "spearman": 0.5466636747632427,
        "r2": 0.35707616806030273,
        "bias": -0.0661003440618515
      },
      "val_delta_abs_mean": 0.7703344225883484,
      "val_gate_mean": 0.9159512519836426
    },
    {
      "epoch": 32,
      "train": {
        "loss": 0.21692633803148775,
        "mse": 0.21506975198820372,
        "align": 6.21903627821097e-07,
        "reconstruct": 0.0286835137459869
      },
      "val": {
        "mse": 0.4905296564102173,
        "rmse": 0.700378223826396,
        "mae": 0.4048878252506256,
        "ci": 0.7972190563398526,
        "rm2": 0.3466595505023678,
        "pearson": 0.6058466406512479,
        "spearman": 0.5484436255116215,
        "r2": 0.35383349657058716,
        "bias": -0.07739537209272385
      },
      "val_delta_abs_mean": 0.7986463308334351,
      "val_gate_mean": 0.9580214619636536
    },
    {
      "epoch": 33,
      "train": {
        "loss": 0.21681552660428516,
        "mse": 0.21503404079877894,
        "align": 5.516083646557427e-07,
        "reconstruct": 0.027911089711114327
      },
      "val": {
        "mse": 0.48936283588409424,
        "rmse": 0.6995447347268753,
        "mae": 0.4103364646434784,
        "ci": 0.795216811120516,
        "rm2": 0.3455681998251722,
        "pearson": 0.6061148426960019,
        "spearman": 0.5444286586491477,
        "r2": 0.35537052154541016,
        "bias": -0.06834884732961655
      },
      "val_delta_abs_mean": 0.6923253536224365,
      "val_gate_mean": 0.9311848282814026
    },
    {
      "epoch": 34,
      "train": {
        "loss": 0.2167455251968388,
        "mse": 0.21492442407328688,
        "align": 5.92155820127285e-07,
        "reconstruct": 0.027839376680001356
      },
      "val": {
        "mse": 0.4879591464996338,
        "rmse": 0.6985407264430856,
        "mae": 0.41308480501174927,
        "ci": 0.7922880870584612,
        "rm2": 0.34765200701174626,
        "pearson": 0.605267819618961,
        "spearman": 0.5387312205007107,
        "r2": 0.3572195768356323,
        "bias": -0.06016208603978157
      },
      "val_delta_abs_mean": 0.7245122194290161,
      "val_gate_mean": 0.9365238547325134
    },
    {
      "epoch": 35,
      "train": {
        "loss": 0.21654246798995783,
        "mse": 0.21475011735933627,
        "align": 5.427941994131317e-07,
        "reconstruct": 0.026706230021059898
      },
      "val": {
        "mse": 0.48897066712379456,
        "rmse": 0.6992643757004889,
        "mae": 0.4067443907260895,
        "ci": 0.7993141734765951,
        "rm2": 0.3478430635063855,
        "pearson": 0.6054839322307607,
        "spearman": 0.5512765091869167,
        "r2": 0.35588711500167847,
        "bias": -0.06874529272317886
      },
      "val_delta_abs_mean": 0.7595199942588806,
      "val_gate_mean": 0.9283225536346436
    },
    {
      "epoch": 36,
      "train": {
        "loss": 0.21657207149438776,
        "mse": 0.2147508198069897,
        "align": 5.967809615241238e-07,
        "reconstruct": 0.025881917861004165
      },
      "val": {
        "mse": 0.4861454665660858,
        "rmse": 0.6972413259167057,
        "mae": 0.40415167808532715,
        "ci": 0.798732909326866,
        "rm2": 0.3508466922721498,
        "pearson": 0.6104327115986906,
        "spearman": 0.5507638275593582,
        "r2": 0.3596087098121643,
        "bias": -0.07444902509450912
      },
      "val_delta_abs_mean": 0.7690448760986328,
      "val_gate_mean": 0.9365519881248474
    },
    {
      "epoch": 37,
      "train": {
        "loss": 0.21668622663772358,
        "mse": 0.21490061857596024,
        "align": 5.091557640926985e-07,
        "reconstruct": 0.026032268977336227
      },
      "val": {
        "mse": 0.48593178391456604,
        "rmse": 0.6970880747183716,
        "mae": 0.40122514963150024,
        "ci": 0.8007371912110579,
        "rm2": 0.35171922676852224,
        "pearson": 0.6149009812159817,
        "spearman": 0.554965007549705,
        "r2": 0.3598902225494385,
        "bias": -0.08797383308410645
      },
      "val_delta_abs_mean": 0.8000134229660034,
      "val_gate_mean": 0.9456498026847839
    },
    {
      "epoch": 38,
      "train": {
        "loss": 0.21639200624699334,
        "mse": 0.21456034855668374,
        "align": 4.884803491388396e-07,
        "reconstruct": 0.025749627469749313
      },
      "val": {
        "mse": 0.48911306262016296,
        "rmse": 0.6993661863574496,
        "mae": 0.40815025568008423,
        "ci": 0.7955548974865112,
        "rm2": 0.34750411265064735,
        "pearson": 0.6052930706807834,
        "spearman": 0.5449366985521833,
        "r2": 0.3556995391845703,
        "bias": -0.06824590265750885
      },
      "val_delta_abs_mean": 0.7366020679473877,
      "val_gate_mean": 0.9512702226638794
    }
  ]
}
