loaded clean BRICS graph pretraining: experiments/brics_hierarchical/pretrain/graph_real_seed42.pt; condition=real seed=42
{"epoch": 1, "train": {"loss": 0.22460894096907058, "mse": 0.22328510389694572, "align": 6.879048546250934e-05, "reconstruct": 0.0595030598439254}, "val": {"mse": 0.49851202964782715, "rmse": 0.7060538433064628, "mae": 0.4309598207473755, "ci": 0.7803053693817582, "rm2": 0.332525387652105, "pearson": 0.5900102135555972, "spearman": 0.516460817119186, "r2": 0.3433184027671814, "bias": -0.033840812742710114}, "val_delta_abs_mean": 0.4095163941383362, "val_gate_mean": 0.8875037431716919}
{"epoch": 2, "train": {"loss": 0.22296437921521292, "mse": 0.2215555727200661, "align": 3.009721818966001e-05, "reconstruct": 0.05681985544613383}, "val": {"mse": 0.499010294675827, "rmse": 0.7064066071858522, "mae": 0.4209732413291931, "ci": 0.7867039593579455, "rm2": 0.33361408353117117, "pearson": 0.5913846646095647, "spearman": 0.5296861246647147, "r2": 0.34266209602355957, "bias": -0.05093038082122803}, "val_delta_abs_mean": 0.36263740062713623, "val_gate_mean": 0.7827947735786438}
{"epoch": 3, "train": {"loss": 0.22242170971816205, "mse": 0.22104170222111177, "align": 1.7918411778958388e-05, "reconstruct": 0.05314522633610394}, "val": {"mse": 0.5025658011436462, "rmse": 0.7089187549667777, "mae": 0.42753055691719055, "ci": 0.781458325356396, "rm2": 0.3299016710101914, "pearson": 0.5855605447523236, "spearman": 0.5188439784537555, "r2": 0.3379784822463989, "bias": -0.042544201016426086}, "val_delta_abs_mean": 0.5474439263343811, "val_gate_mean": 0.8910186886787415}
{"epoch": 4, "train": {"loss": 0.22177168879203576, "mse": 0.22035234394664655, "align": 1.1041015888690444e-05, "reconstruct": 0.05008100071579255}, "val": {"mse": 0.49859580397605896, "rmse": 0.70611316655056, "mae": 0.4234919250011444, "ci": 0.7837151536826567, "rm2": 0.3343374668214169, "pearson": 0.5909873873770968, "spearman": 0.5234014861808982, "r2": 0.34320807456970215, "bias": -0.047004975378513336}, "val_delta_abs_mean": 0.45547929406166077, "val_gate_mean": 0.8444002270698547}
{"epoch": 5, "train": {"loss": 0.2216310598651243, "mse": 0.22022303585739558, "align": 8.083633914241275e-06, "reconstruct": 0.04741577677413659}, "val": {"mse": 0.5001674294471741, "rmse": 0.7072251617746459, "mae": 0.41768956184387207, "ci": 0.7839907144375913, "rm2": 0.3347633743916963, "pearson": 0.5922064750871615, "spearman": 0.5241429776549269, "r2": 0.3411378264427185, "bias": -0.06650452315807343}, "val_delta_abs_mean": 0.6226505041122437, "val_gate_mean": 0.9104276895523071}
{"epoch": 6, "train": {"loss": 0.2212157860474326, "mse": 0.21973247621956213, "align": 6.840297206483126e-06, "reconstruct": 0.047172636892587376}, "val": {"mse": 0.5026974678039551, "rmse": 0.7090116133068308, "mae": 0.43073397874832153, "ci": 0.7797896858403727, "rm2": 0.32923437029529906, "pearson": 0.5844121793442306, "spearman": 0.5162678504441175, "r2": 0.33780503273010254, "bias": -0.0338192842900753}, "val_delta_abs_mean": 0.3346021771430969, "val_gate_mean": 0.7542298436164856}
{"epoch": 7, "train": {"loss": 0.22082258649173986, "mse": 0.2194358611009033, "align": 5.064420800150743e-06, "reconstruct": 0.04321526393726148}, "val": {"mse": 0.49757957458496094, "rmse": 0.7053932056555131, "mae": 0.4227434992790222, "ci": 0.7820630111519621, "rm2": 0.3348035620716374, "pearson": 0.5939824631478832, "spearman": 0.5202211799040428, "r2": 0.34454673528671265, "bias": -0.05406671389937401}, "val_delta_abs_mean": 0.4759851396083832, "val_gate_mean": 0.8503491282463074}
{"epoch": 8, "train": {"loss": 0.22044605607475504, "mse": 0.21899911718317688, "align": 3.80125795898555e-06, "reconstruct": 0.04297786298897173}, "val": {"mse": 0.4968339502811432, "rmse": 0.7048644907222545, "mae": 0.42673414945602417, "ci": 0.7820660661492451, "rm2": 0.33638822662715767, "pearson": 0.5916402361486578, "spearman": 0.519642393787931, "r2": 0.3455289602279663, "bias": -0.038356151431798935}, "val_delta_abs_mean": 0.5279863476753235, "val_gate_mean": 0.9024748206138611}
{"epoch": 9, "train": {"loss": 0.22015166335877365, "mse": 0.21874091764828624, "align": 3.4411797983028714e-06, "reconstruct": 0.03981149727712642}, "val": {"mse": 0.4977424442768097, "rmse": 0.7055086422410499, "mae": 0.41694870591163635, "ci": 0.7843139331501421, "rm2": 0.3372155518198637, "pearson": 0.5960413674081527, "spearman": 0.5244461798028046, "r2": 0.344332218170166, "bias": -0.0695648267865181}, "val_delta_abs_mean": 0.6884510517120361, "val_gate_mean": 0.9069678783416748}
{"epoch": 10, "train": {"loss": 0.2199314900888129, "mse": 0.21840452307788058, "align": 3.0034497599750024e-06, "reconstruct": 0.040398107074998024}, "val": {"mse": 0.49364298582077026, "rmse": 0.7025973141286339, "mae": 0.4139220416545868, "ci": 0.7895888951256093, "rm2": 0.3425978640517603, "pearson": 0.5975996607892503, "spearman": 0.534041615782395, "r2": 0.34973233938217163, "bias": -0.058101050555706024}, "val_delta_abs_mean": 0.6471178531646729, "val_gate_mean": 0.926097571849823}
{"epoch": 11, "train": {"loss": 0.21966107164047743, "mse": 0.2181334268677231, "align": 2.397028305216773e-06, "reconstruct": 0.03840237446513077}, "val": {"mse": 0.496540367603302, "rmse": 0.7046562052542374, "mae": 0.41941365599632263, "ci": 0.7841780876042874, "rm2": 0.3375956834899437, "pearson": 0.5950835876622743, "spearman": 0.5242155753540931, "r2": 0.34591567516326904, "bias": -0.057930149137973785}, "val_delta_abs_mean": 0.5810213088989258, "val_gate_mean": 0.8522142767906189}
{"epoch": 12, "train": {"loss": 0.21922618138301794, "mse": 0.21771394209836736, "align": 2.0407030508287993e-06, "reconstruct": 0.03676211951447369}, "val": {"mse": 0.4984652101993561, "rmse": 0.7060206868069491, "mae": 0.4137376844882965, "ci": 0.7873398061257991, "rm2": 0.3381771953708246, "pearson": 0.5951329479281966, "spearman": 0.5299292412764743, "r2": 0.3433800935745239, "bias": -0.07313282787799835}, "val_delta_abs_mean": 0.7171425819396973, "val_gate_mean": 0.9235548377037048}
{"epoch": 13, "train": {"loss": 0.2192829650925112, "mse": 0.2177683774159872, "align": 1.6107542677541733e-06, "reconstruct": 0.03596577105434531}, "val": {"mse": 0.502540647983551, "rmse": 0.7089010142350983, "mae": 0.42051050066947937, "ci": 0.7829892863281946, "rm2": 0.33078459257171733, "pearson": 0.5899849860675672, "spearman": 0.5220462522828473, "r2": 0.33801156282424927, "bias": -0.06560751795768738}, "val_delta_abs_mean": 0.694715142250061, "val_gate_mean": 0.8965443968772888}
{"epoch": 14, "train": {"loss": 0.21900012038480998, "mse": 0.2173628891450879, "align": 1.5386341969409347e-06, "reconstruct": 0.03629105981061694}, "val": {"mse": 0.4927041232585907, "rmse": 0.701928859115075, "mae": 0.4064892530441284, "ci": 0.7973551055521928, "rm2": 0.34388126947936803, "pearson": 0.6053089811209795, "spearman": 0.5489860939450352, "r2": 0.350969135761261, "bias": -0.08248944580554962}, "val_delta_abs_mean": 0.7210615873336792, "val_gate_mean": 0.9312258958816528}
{"epoch": 15, "train": {"loss": 0.21880313435314228, "mse": 0.21730122820319, "align": 1.327283597949656e-06, "reconstruct": 0.03365623051573398}, "val": {"mse": 0.4959906041622162, "rmse": 0.7042660038381919, "mae": 0.4176919460296631, "ci": 0.7841125069959438, "rm2": 0.3404489965933292, "pearson": 0.5950664754759011, "spearman": 0.5237995583353687, "r2": 0.34663987159729004, "bias": -0.06002077832818031}, "val_delta_abs_mean": 0.7365525364875793, "val_gate_mean": 0.9086981415748596}
{"epoch": 16, "train": {"loss": 0.2185879618480344, "mse": 0.21687393215533066, "align": 1.2273495564782563e-06, "reconstruct": 0.03435939310445465}, "val": {"mse": 0.4887005686759949, "rmse": 0.699071218600791, "mae": 0.41384685039520264, "ci": 0.7936322858630205, "rm2": 0.3476066011902224, "pearson": 0.6029750162536083, "spearman": 0.540199126038232, "r2": 0.3562428951263428, "bias": -0.0553593747317791}, "val_delta_abs_mean": 0.688932478427887, "val_gate_mean": 0.8847312927246094}
{"epoch": 17, "train": {"loss": 0.2184123784802905, "mse": 0.21678915962001594, "align": 9.704992724552965e-07, "reconstruct": 0.035707663935130814}, "val": {"mse": 0.4937898516654968, "rmse": 0.7027018227281732, "mae": 0.4153202772140503, "ci": 0.788952030025328, "rm2": 0.34167338878325026, "pearson": 0.5989309795796229, "spearman": 0.5323050229428657, "r2": 0.3495389223098755, "bias": -0.06308718025684357}, "val_delta_abs_mean": 0.6717439889907837, "val_gate_mean": 0.9106862545013428}
{"epoch": 18, "train": {"loss": 0.2182040230606063, "mse": 0.2165831435664368, "align": 9.44533063000339e-07, "reconstruct": 0.03398179925929407}, "val": {"mse": 0.48317036032676697, "rmse": 0.6951045679081436, "mae": 0.41513514518737793, "ci": 0.789307428042594, "rm2": 0.35292974672490873, "pearson": 0.6089101848962755, "spearman": 0.5319811061834879, "r2": 0.363527774810791, "bias": -0.05131161957979202}, "val_delta_abs_mean": 0.7559059262275696, "val_gate_mean": 0.8975019454956055}
{"epoch": 19, "train": {"loss": 0.2182434520495802, "mse": 0.21653185808917974, "align": 9.571976871477625e-07, "reconstruct": 0.032859544985156273}, "val": {"mse": 0.4957614243030548, "rmse": 0.7041032767308038, "mae": 0.41793233156204224, "ci": 0.7863626143281817, "rm2": 0.3393585617326467, "pearson": 0.5957454322287624, "spearman": 0.5283497175015031, "r2": 0.3469417691230774, "bias": -0.058972496539354324}, "val_delta_abs_mean": 0.6077305674552917, "val_gate_mean": 0.878112256526947}
{"epoch": 20, "train": {"loss": 0.21825922028706463, "mse": 0.2165749049027753, "align": 9.078073744894601e-07, "reconstruct": 0.03257914456677205}, "val": {"mse": 0.49057793617248535, "rmse": 0.7004126898996658, "mae": 0.4199109971523285, "ci": 0.7851169901026235, "rm2": 0.34419374088995575, "pearson": 0.6006159876075855, "spearman": 0.5253482679698989, "r2": 0.3537698984146118, "bias": -0.05106210708618164}, "val_delta_abs_mean": 0.6028792858123779, "val_gate_mean": 0.872576117515564}
{"epoch": 21, "train": {"loss": 0.2178471754665059, "mse": 0.21624782479186944, "align": 8.481625609922607e-07, "reconstruct": 0.030868515471263513}, "val": {"mse": 0.49327969551086426, "rmse": 0.7023387327428726, "mae": 0.41951462626457214, "ci": 0.7864575229104429, "rm2": 0.3419000852281074, "pearson": 0.5973960351939341, "spearman": 0.5276664170693676, "r2": 0.35021090507507324, "bias": -0.05240770801901817}, "val_delta_abs_mean": 0.6673515439033508, "val_gate_mean": 0.9097123146057129}
{"epoch": 22, "train": {"loss": 0.21787963470595972, "mse": 0.21612936266349783, "align": 7.986230502243828e-07, "reconstruct": 0.031034334369317233}, "val": {"mse": 0.49159544706344604, "rmse": 0.7011386789098474, "mae": 0.42160657048225403, "ci": 0.7837365386636382, "rm2": 0.3431302445469402, "pearson": 0.5985521031625379, "spearman": 0.5232797246454053, "r2": 0.35242950916290283, "bias": -0.04630877450108528}, "val_delta_abs_mean": 0.62263023853302, "val_gate_mean": 0.872063934803009}
{"epoch": 23, "train": {"loss": 0.21765223988023863, "mse": 0.2160513962045078, "align": 7.313461795835163e-07, "reconstruct": 0.029676789043612345}, "val": {"mse": 0.48520538210868835, "rmse": 0.6965668540123685, "mae": 0.42025089263916016, "ci": 0.7862021251375767, "rm2": 0.350550329163416, "pearson": 0.6049067947337134, "spearman": 0.52678363720072, "r2": 0.3608470559120178, "bias": -0.04085886850953102}, "val_delta_abs_mean": 0.6929665803909302, "val_gate_mean": 0.8911598920822144}
{"epoch": 24, "train": {"loss": 0.21784953423553818, "mse": 0.21610272097107855, "align": 7.15990251074905e-07, "reconstruct": 0.030007893733713962}, "val": {"mse": 0.49019089341163635, "rmse": 0.7001363391594785, "mae": 0.4152744710445404, "ci": 0.7868917398576127, "rm2": 0.3453268015692745, "pearson": 0.604226776917389, "spearman": 0.5289410356651314, "r2": 0.35427969694137573, "bias": -0.06666102260351181}, "val_delta_abs_mean": 0.682750403881073, "val_gate_mean": 0.8818947076797485}
{"epoch": 25, "train": {"loss": 0.2172854169105742, "mse": 0.21550092832167844, "align": 6.504004667500072e-07, "reconstruct": 0.030350766068928232}, "val": {"mse": 0.49766436219215393, "rmse": 0.7054533026304107, "mae": 0.41566675901412964, "ci": 0.7861283978698115, "rm2": 0.3373533099801571, "pearson": 0.5990601854794726, "spearman": 0.5275408546129754, "r2": 0.34443503618240356, "bias": -0.07891412824392319}, "val_delta_abs_mean": 0.7241964340209961, "val_gate_mean": 0.8817999362945557}
{"epoch": 26, "train": {"loss": 0.21751066902621002, "mse": 0.2157545747111504, "align": 9.518782007025148e-07, "reconstruct": 0.030477259848584244}, "val": {"mse": 0.48949894309043884, "rmse": 0.6996420106671974, "mae": 0.4176270365715027, "ci": 0.7843457051218863, "rm2": 0.34491232436330127, "pearson": 0.6042485994144439, "spearman": 0.5241888314280652, "r2": 0.3551912307739258, "bias": -0.0606994591653347}, "val_delta_abs_mean": 0.7013044953346252, "val_gate_mean": 0.8914810419082642}
{"epoch": 27, "train": {"loss": 0.21700722503773434, "mse": 0.2152565627059292, "align": 5.91272108247492e-07, "reconstruct": 0.027717260631825086}, "val": {"mse": 0.4875297248363495, "rmse": 0.6982332882614158, "mae": 0.41313856840133667, "ci": 0.7900426640553908, "rm2": 0.3484270514178326, "pearson": 0.6065034184030786, "spearman": 0.5347944558600022, "r2": 0.3577852249145508, "bias": -0.0639541894197464}, "val_delta_abs_mean": 0.6083563566207886, "val_gate_mean": 0.8662800788879395}
{"epoch": 28, "train": {"loss": 0.21718968013901332, "mse": 0.2154212019497625, "align": 6.162054077130809e-07, "reconstruct": 0.028513949105478956}, "val": {"mse": 0.48906591534614563, "rmse": 0.6993324784007573, "mae": 0.4079689383506775, "ci": 0.7922648690791098, "rm2": 0.34882333020824663, "pearson": 0.6077016216719853, "spearman": 0.5391271467736711, "r2": 0.35576164722442627, "bias": -0.0790497213602066}, "val_delta_abs_mean": 0.7374086976051331, "val_gate_mean": 0.8957490921020508}
{"epoch": 29, "train": {"loss": 0.217110927202273, "mse": 0.21536281648953357, "align": 5.152499330299725e-07, "reconstruct": 0.028465090224292885}, "val": {"mse": 0.48968541622161865, "rmse": 0.6997752612243582, "mae": 0.42070749402046204, "ci": 0.7826157619937156, "rm2": 0.34494505185499247, "pearson": 0.6021476515439043, "spearman": 0.5210534734305066, "r2": 0.3549456000328064, "bias": -0.052957192063331604}, "val_delta_abs_mean": 0.6539607048034668, "val_gate_mean": 0.8697056770324707}
{"epoch": 30, "train": {"loss": 0.2168842108284152, "mse": 0.21510514358021451, "align": 5.587354435823851e-07, "reconstruct": 0.027660873410211003}, "val": {"mse": 0.4905282258987427, "rmse": 0.7003772025835383, "mae": 0.41570180654525757, "ci": 0.781613519218377, "rm2": 0.3462300855338184, "pearson": 0.6057159545737951, "spearman": 0.519376278687444, "r2": 0.3538353443145752, "bias": -0.07604648917913437}, "val_delta_abs_mean": 0.7858469486236572, "val_gate_mean": 0.8888078331947327}
{"epoch": 31, "train": {"loss": 0.21709894672462246, "mse": 0.21532319886250367, "align": 6.118384938135842e-07, "reconstruct": 0.02875118351891053}, "val": {"mse": 0.48639988899230957, "rmse": 0.6974237513824071, "mae": 0.4182349741458893, "ci": 0.7847125084623425, "rm2": 0.3497942957251634, "pearson": 0.6049562477336272, "spearman": 0.5248203245203127, "r2": 0.3592735528945923, "bias": -0.05103076249361038}, "val_delta_abs_mean": 0.6702898144721985, "val_gate_mean": 0.8742668628692627}
{"epoch": 32, "train": {"loss": 0.21675197808609048, "mse": 0.2148906130975257, "align": 5.759965171824983e-07, "reconstruct": 0.0274142196223167}, "val": {"mse": 0.48961296677589417, "rmse": 0.699723493085586, "mae": 0.41618695855140686, "ci": 0.7857465232094254, "rm2": 0.3465802963707786, "pearson": 0.6033411988880181, "spearman": 0.5265119534733691, "r2": 0.3550410270690918, "bias": -0.061886224895715714}, "val_delta_abs_mean": 0.6860139966011047, "val_gate_mean": 0.8915955424308777}
{"epoch": 33, "train": {"loss": 0.216914482788435, "mse": 0.21513300401102053, "align": 4.863858372159536e-07, "reconstruct": 0.027326730866377158}, "val": {"mse": 0.49117353558540344, "rmse": 0.7008377384141092, "mae": 0.4169195890426636, "ci": 0.7849911242145602, "rm2": 0.3447256071457947, "pearson": 0.6026962082867835, "spearman": 0.5257052801766346, "r2": 0.35298532247543335, "bias": -0.0663168877363205}, "val_delta_abs_mean": 0.6544673442840576, "val_gate_mean": 0.9017672538757324}
{"epoch": 34, "train": {"loss": 0.21684369231092124, "mse": 0.2150608865174612, "align": 4.74673785614281e-07, "reconstruct": 0.02725845205744536}, "val": {"mse": 0.48351627588272095, "rmse": 0.69535334606423, "mae": 0.41517627239227295, "ci": 0.7896339054189134, "rm2": 0.35286174955463134, "pearson": 0.6080235208166067, "spearman": 0.5331759975135099, "r2": 0.36307209730148315, "bias": -0.049442827701568604}, "val_delta_abs_mean": 0.6942250728607178, "val_gate_mean": 0.8806822896003723}
{"epoch": 35, "train": {"loss": 0.2167668597977327, "mse": 0.21500129788422523, "align": 4.7268830307916165e-07, "reconstruct": 0.026044073058528083}, "val": {"mse": 0.48600098490715027, "rmse": 0.6971377087112347, "mae": 0.41788575053215027, "ci": 0.7855984576744383, "rm2": 0.3509947049143161, "pearson": 0.6048557596708652, "spearman": 0.5257470215799923, "r2": 0.35979902744293213, "bias": -0.049742452800273895}, "val_delta_abs_mean": 0.7431170344352722, "val_gate_mean": 0.906109631061554}
{"epoch": 36, "train": {"loss": 0.21651143682890175, "mse": 0.21469936198726636, "align": 4.198033116234959e-07, "reconstruct": 0.026023490246196327}, "val": {"mse": 0.48585614562034607, "rmse": 0.6970338195671327, "mae": 0.4128073453903198, "ci": 0.7895467361631027, "rm2": 0.3511474404347615, "pearson": 0.6088414988622688, "spearman": 0.5335726250007549, "r2": 0.35998982191085815, "bias": -0.06757654249668121}, "val_delta_abs_mean": 0.7135496735572815, "val_gate_mean": 0.8905609250068665}
{"epoch": 37, "train": {"loss": 0.21636206196260438, "mse": 0.21452221659995646, "align": 4.107710876053516e-07, "reconstruct": 0.024617557410827537}, "val": {"mse": 0.4822988510131836, "rmse": 0.6944773941700216, "mae": 0.4152680039405823, "ci": 0.7876516195151597, "rm2": 0.3534086804522746, "pearson": 0.6108506760942171, "spearman": 0.5297121177725688, "r2": 0.36467576026916504, "bias": -0.05478818714618683}, "val_delta_abs_mean": 0.6434811353683472, "val_gate_mean": 0.9049327373504639}
{"epoch": 38, "train": {"loss": 0.21633189938990435, "mse": 0.21455383654266003, "align": 4.250941061245944e-07, "reconstruct": 0.02524759074339692}, "val": {"mse": 0.48585790395736694, "rmse": 0.6970350808656384, "mae": 0.41827672719955444, "ci": 0.7845259499615885, "rm2": 0.35083552807934054, "pearson": 0.6058705770817859, "spearman": 0.5240390353319054, "r2": 0.3599874973297119, "bias": -0.05366938188672066}, "val_delta_abs_mean": 0.70565265417099, "val_gate_mean": 0.8773911595344543}
{"epoch": 39, "train": {"loss": 0.21655712842789218, "mse": 0.2147039187564776, "align": 3.871174488488136e-07, "reconstruct": 0.02545426274906502}, "val": {"mse": 0.4810657203197479, "rmse": 0.6935890139843248, "mae": 0.41417017579078674, "ci": 0.7871807426005929, "rm2": 0.3552864367950529, "pearson": 0.6134163994136772, "spearman": 0.5292847418222546, "r2": 0.36630016565322876, "bias": -0.0612843818962574}, "val_delta_abs_mean": 0.6942765116691589, "val_gate_mean": 0.883753776550293}
{"epoch": 40, "train": {"loss": 0.21606717359041863, "mse": 0.21419661302096898, "align": 4.1759977031284314e-07, "reconstruct": 0.026814264182836646}, "val": {"mse": 0.4820861518383026, "rmse": 0.6943242411426398, "mae": 0.4076719284057617, "ci": 0.7934290267104522, "rm2": 0.35568152395651337, "pearson": 0.6132107843536968, "spearman": 0.5410370129393407, "r2": 0.36495596170425415, "bias": -0.06863199919462204}, "val_delta_abs_mean": 0.7320334911346436, "val_gate_mean": 0.9021973609924316}
{"epoch": 41, "train": {"loss": 0.2162208302502248, "mse": 0.2144392326035203, "align": 3.8638293507859603e-07, "reconstruct": 0.02450481814634379}, "val": {"mse": 0.483526349067688, "rmse": 0.6953605892396318, "mae": 0.4108882248401642, "ci": 0.7901467376295014, "rm2": 0.3539614618593486, "pearson": 0.6112673654144156, "spearman": 0.5354603617851396, "r2": 0.36305880546569824, "bias": -0.06717987358570099}, "val_delta_abs_mean": 0.7199639081954956, "val_gate_mean": 0.9213399291038513}
{"epoch": 42, "train": {"loss": 0.21610188737254843, "mse": 0.2142842808115915, "align": 3.764669991806587e-07, "reconstruct": 0.02460758716314156}, "val": {"mse": 0.4858947694301605, "rmse": 0.6970615248528357, "mae": 0.4099917411804199, "ci": 0.7920322819526239, "rm2": 0.35051858089487, "pearson": 0.6135041890882228, "spearman": 0.5385835973647066, "r2": 0.35993891954421997, "bias": -0.08141301572322845}, "val_delta_abs_mean": 0.6856628060340881, "val_gate_mean": 0.902087926864624}
{"epoch": 43, "train": {"loss": 0.21605662811453194, "mse": 0.2143101771303397, "align": 3.5862060991990346e-07, "reconstruct": 0.022861950648739637}, "val": {"mse": 0.4872882664203644, "rmse": 0.6980603601554556, "mae": 0.41195857524871826, "ci": 0.7874778920029947, "rm2": 0.35019823284207025, "pearson": 0.6101865628479446, "spearman": 0.5308145226054022, "r2": 0.35810327529907227, "bias": -0.07917182892560959}, "val_delta_abs_mean": 0.7378897070884705, "val_gate_mean": 0.9067971706390381}
{"epoch": 44, "train": {"loss": 0.2162036880882353, "mse": 0.21445540273623942, "align": 3.440795326251273e-07, "reconstruct": 0.02382192992249937}, "val": {"mse": 0.48261189460754395, "rmse": 0.6947027383043368, "mae": 0.4066374897956848, "ci": 0.7917438902091003, "rm2": 0.3552246441843743, "pearson": 0.6164214415469788, "spearman": 0.5386045457371752, "r2": 0.3642634153366089, "bias": -0.08152235299348831}, "val_delta_abs_mean": 0.7385344505310059, "val_gate_mean": 0.9196167588233948}
{"epoch": 45, "train": {"loss": 0.21614939617223503, "mse": 0.21432176412092982, "align": 3.67285577052939e-07, "reconstruct": 0.025358106455014923}, "val": {"mse": 0.4796794056892395, "rmse": 0.6925889153670014, "mae": 0.40945905447006226, "ci": 0.7919722003393899, "rm2": 0.3562590538711374, "pearson": 0.61711766969664, "spearman": 0.5383507970696719, "r2": 0.3681263327598572, "bias": -0.06804459542036057}, "val_delta_abs_mean": 0.7034958600997925, "val_gate_mean": 0.9230040907859802}
{"epoch": 46, "train": {"loss": 0.21595848034312362, "mse": 0.21411245516465055, "align": 3.5626787049967527e-07, "reconstruct": 0.02360848772740403}, "val": {"mse": 0.4851055145263672, "rmse": 0.6964951647544778, "mae": 0.4123770594596863, "ci": 0.7869656707918634, "rm2": 0.3517358608424084, "pearson": 0.6118452154039742, "spearman": 0.5296775963453938, "r2": 0.3609786033630371, "bias": -0.07458794116973877}, "val_delta_abs_mean": 0.7581536173820496, "val_gate_mean": 0.9037048816680908}
{"epoch": 47, "train": {"loss": 0.2158576181732083, "mse": 0.21402540423791586, "align": 3.5935512369012105e-07, "reconstruct": 0.023772646481235987}, "val": {"mse": 0.48685798048973083, "rmse": 0.6977520909963157, "mae": 0.41523224115371704, "ci": 0.785638376305604, "rm2": 0.34894153351783863, "pearson": 0.6081833999430658, "spearman": 0.5272413237271093, "r2": 0.35867011547088623, "bias": -0.06688828021287918}, "val_delta_abs_mean": 0.6995064616203308, "val_gate_mean": 0.9135603308677673}
{"epoch": 48, "train": {"loss": 0.2158882570953035, "mse": 0.2139873862642405, "align": 3.1381526993663106e-07, "reconstruct": 0.023633813310661663}, "val": {"mse": 0.4774841368198395, "rmse": 0.6910022697646075, "mae": 0.4066970944404602, "ci": 0.7943233262484551, "rm2": 0.35865507514215167, "pearson": 0.6202000950283755, "spearman": 0.5426713358070984, "r2": 0.37101811170578003, "bias": -0.07005751132965088}, "val_delta_abs_mean": 0.6805792450904846, "val_gate_mean": 0.9000271558761597}
{"epoch": 49, "train": {"loss": 0.21574127199538026, "mse": 0.2138946684432624, "align": 3.404758244399973e-07, "reconstruct": 0.02252986546183695}, "val": {"mse": 0.48363038897514343, "rmse": 0.6954353952561974, "mae": 0.4139244556427002, "ci": 0.78703613939586, "rm2": 0.3527754750766095, "pearson": 0.609647000073055, "spearman": 0.5298140218422018, "r2": 0.3629217743873596, "bias": -0.05838163197040558}, "val_delta_abs_mean": 0.667513370513916, "val_gate_mean": 0.8788621425628662}
{"epoch": 50, "train": {"loss": 0.21568690133290466, "mse": 0.21387547425781556, "align": 3.07789961665315e-07, "reconstruct": 0.02269144099816512}, "val": {"mse": 0.4825241267681122, "rmse": 0.6946395660830962, "mae": 0.4091354310512543, "ci": 0.7933031608223889, "rm2": 0.35362642291967383, "pearson": 0.6135502301970349, "spearman": 0.5411081888430735, "r2": 0.36437898874282837, "bias": -0.0681048184633255}, "val_delta_abs_mean": 0.6721440553665161, "val_gate_mean": 0.9076825976371765}
{"epoch": 51, "train": {"loss": 0.2157889034559973, "mse": 0.21395637872382745, "align": 3.299745728814178e-07, "reconstruct": 0.023011549152064464}, "val": {"mse": 0.4819428324699402, "rmse": 0.6942210256610932, "mae": 0.4096721410751343, "ci": 0.7893143527031024, "rm2": 0.3549865227571145, "pearson": 0.6162748527966657, "spearman": 0.5337630809657188, "r2": 0.3651447892189026, "bias": -0.07663515955209732}, "val_delta_abs_mean": 0.7189944386482239, "val_gate_mean": 0.9239532947540283}
{"epoch": 52, "train": {"loss": 0.2159509422219705, "mse": 0.21409504611091387, "align": 3.163860681323926e-07, "reconstruct": 0.022852443660735577}, "val": {"mse": 0.4746934473514557, "rmse": 0.6889800050447442, "mae": 0.40972059965133667, "ci": 0.791065477145769, "rm2": 0.3605742919179668, "pearson": 0.6235646102778996, "spearman": 0.5361572889953561, "r2": 0.37469422817230225, "bias": -0.06786006689071655}, "val_delta_abs_mean": 0.7152801156044006, "val_gate_mean": 0.9162566661834717}
{"epoch": 53, "train": {"loss": 0.21544860252473746, "mse": 0.21352097400689798, "align": 3.064701322344553e-07, "reconstruct": 0.023454627126334802}, "val": {"mse": 0.4806687831878662, "rmse": 0.6933028077167048, "mae": 0.412341445684433, "ci": 0.7887565101992102, "rm2": 0.3540388316391874, "pearson": 0.6186170990243691, "spearman": 0.5328438886703115, "r2": 0.3668230175971985, "bias": -0.0735178291797638}, "val_delta_abs_mean": 0.6799120903015137, "val_gate_mean": 0.9243348836898804}
{"epoch": 54, "train": {"loss": 0.21578248918395054, "mse": 0.21392637708137294, "align": 3.1322995427598896e-07, "reconstruct": 0.022200486336369292}, "val": {"mse": 0.47779005765914917, "rmse": 0.6912235945474874, "mae": 0.4100637435913086, "ci": 0.7894312572658019, "rm2": 0.3577129459385417, "pearson": 0.6208456769984521, "spearman": 0.5333641124297754, "r2": 0.3706151247024536, "bias": -0.0717453882098198}, "val_delta_abs_mean": 0.7038236260414124, "val_gate_mean": 0.9138106107711792}
{"epoch": 55, "train": {"loss": 0.2155189778800303, "mse": 0.21363574101598495, "align": 3.081572185504238e-07, "reconstruct": 0.023122336864299285}, "val": {"mse": 0.48354580998420715, "rmse": 0.6953745824979564, "mae": 0.4124600887298584, "ci": 0.7888019278254855, "rm2": 0.35184555980697124, "pearson": 0.6155129053890209, "spearman": 0.5320312185122568, "r2": 0.3630331754684448, "bias": -0.0764923170208931}, "val_delta_abs_mean": 0.697683572769165, "val_gate_mean": 0.8883541226387024}
{"epoch": 56, "train": {"loss": 0.21576279799449521, "mse": 0.21393334065351746, "align": 2.9163065872052824e-07, "reconstruct": 0.02188537640602352}, "val": {"mse": 0.48607176542282104, "rmse": 0.6971884719520404, "mae": 0.41709843277931213, "ci": 0.7817169817930308, "rm2": 0.34905114748382243, "pearson": 0.6116570830664079, "spearman": 0.5195054346424773, "r2": 0.3597058057785034, "bias": -0.07362085580825806}, "val_delta_abs_mean": 0.6991780996322632, "val_gate_mean": 0.9037996530532837}
{"epoch": 57, "train": {"loss": 0.21548243167684525, "mse": 0.21359763054522007, "align": 3.3496697116336546e-07, "reconstruct": 0.02299554366232847}, "val": {"mse": 0.4877215325832367, "rmse": 0.6983706269476379, "mae": 0.4214629828929901, "ci": 0.7802648397511358, "rm2": 0.3461357724308426, "pearson": 0.6063645543825037, "spearman": 0.5172048550006482, "r2": 0.3575326204299927, "bias": -0.05893133580684662}, "val_delta_abs_mean": 0.6714673042297363, "val_gate_mean": 0.8843569755554199}
{"epoch": 58, "train": {"loss": 0.21542534649607376, "mse": 0.213563256579, "align": 4.757755562696074e-07, "reconstruct": 0.02263548574775753}, "val": {"mse": 0.47817370295524597, "rmse": 0.6915010505814477, "mae": 0.4145842492580414, "ci": 0.78950987252922, "rm2": 0.357811726941008, "pearson": 0.6154918159974835, "spearman": 0.5332482950006203, "r2": 0.3701097369194031, "bias": -0.05417945235967636}, "val_delta_abs_mean": 0.6673988103866577, "val_gate_mean": 0.8889671564102173}
{"epoch": 59, "train": {"loss": 0.21557165550763263, "mse": 0.21368685212082061, "align": 2.5725770962987743e-07, "reconstruct": 0.0224993195278222}, "val": {"mse": 0.4851422905921936, "rmse": 0.6965215650589676, "mae": 0.41370514035224915, "ci": 0.7887622128608054, "rm2": 0.35139332636797466, "pearson": 0.6086790853746208, "spearman": 0.5325842683351404, "r2": 0.3609301447868347, "bias": -0.06240028887987137}, "val_delta_abs_mean": 0.6552162766456604, "val_gate_mean": 0.9126678109169006}
{"epoch": 60, "train": {"loss": 0.21530261783974225, "mse": 0.21342930077066133, "align": 2.596104490501056e-07, "reconstruct": 0.020432059328974045}, "val": {"mse": 0.4897136688232422, "rmse": 0.6997954478440412, "mae": 0.4151777923107147, "ci": 0.786081758244623, "rm2": 0.3459764722559529, "pearson": 0.6065740108674692, "spearman": 0.528052337524544, "r2": 0.3549083471298218, "bias": -0.07315943390130997}, "val_delta_abs_mean": 0.6481810808181763, "val_gate_mean": 0.9006903767585754}
{"epoch": 61, "train": {"loss": 0.21556805881821434, "mse": 0.21365216205760376, "align": 2.478582287266244e-07, "reconstruct": 0.021897444835870014}, "val": {"mse": 0.4830192029476166, "rmse": 0.6949958294462036, "mae": 0.4156748950481415, "ci": 0.7872516185375605, "rm2": 0.3516520907298044, "pearson": 0.6117547193089095, "spearman": 0.529904281878173, "r2": 0.3637268543243408, "bias": -0.05976695194840431}, "val_delta_abs_mean": 0.6801609992980957, "val_gate_mean": 0.9070307016372681}
{"epoch": 62, "train": {"loss": 0.21551905403131927, "mse": 0.21366829439370755, "align": 2.5123240135856136e-07, "reconstruct": 0.02081757916464485}, "val": {"mse": 0.4858206808567047, "rmse": 0.6970083793303382, "mae": 0.4154341518878937, "ci": 0.7859848129975063, "rm2": 0.3501721194093881, "pearson": 0.6079679715223597, "spearman": 0.5275558900346938, "r2": 0.36003655195236206, "bias": -0.06155715137720108}, "val_delta_abs_mean": 0.6572386622428894, "val_gate_mean": 0.9095651507377625}
{"epoch": 63, "train": {"loss": 0.21520949648521948, "mse": 0.21335144299962494, "align": 2.5226531134792985e-07, "reconstruct": 0.02057172179195567}, "val": {"mse": 0.48735731840133667, "rmse": 0.6981098182960448, "mae": 0.41456639766693115, "ci": 0.7854901071041314, "rm2": 0.34891348296968, "pearson": 0.6086182965101367, "spearman": 0.5267710609557942, "r2": 0.358012318611145, "bias": -0.07169484347105026}, "val_delta_abs_mean": 0.6816372275352478, "val_gate_mean": 0.8854660391807556}
{"epoch": 64, "train": {"loss": 0.21537112796330712, "mse": 0.21354862120276158, "align": 2.603449628203232e-07, "reconstruct": 0.021767986082440793}, "val": {"mse": 0.48648008704185486, "rmse": 0.6974812449391417, "mae": 0.41681209206581116, "ci": 0.7872825758433626, "rm2": 0.34895198283300943, "pearson": 0.6065661331462439, "spearman": 0.5300318507841923, "r2": 0.3591678738594055, "bias": -0.05754220485687256}, "val_delta_abs_mean": 0.6434763073921204, "val_gate_mean": 0.892355740070343}
{"epoch": 65, "train": {"loss": 0.2155491364286852, "mse": 0.21371163572867521, "align": 2.550541683192247e-07, "reconstruct": 0.021017221145922197}, "val": {"mse": 0.4832812249660492, "rmse": 0.6951843100689552, "mae": 0.41692307591438293, "ci": 0.7840314477346991, "rm2": 0.35269446584510517, "pearson": 0.6109997062166086, "spearman": 0.523722482309695, "r2": 0.3633817434310913, "bias": -0.06137491390109062}, "val_delta_abs_mean": 0.6613866686820984, "val_gate_mean": 0.8995540738105774}
{"epoch": 66, "train": {"loss": 0.21536807515551293, "mse": 0.21350550261411583, "align": 2.53734338888365e-07, "reconstruct": 0.0198588941820648}, "val": {"mse": 0.4805457592010498, "rmse": 0.6932140789114498, "mae": 0.40904712677001953, "ci": 0.7907874723930078, "rm2": 0.35691308763843854, "pearson": 0.6166313505869877, "spearman": 0.5366390652176677, "r2": 0.3669850826263428, "bias": -0.07356340438127518}, "val_delta_abs_mean": 0.7304894924163818, "val_gate_mean": 0.9132437705993652}
{"epoch": 67, "train": {"loss": 0.215500687404031, "mse": 0.21357191389112232, "align": 2.4021469480529766e-07, "reconstruct": 0.021273772020362403}, "val": {"mse": 0.4809945225715637, "rmse": 0.6935376864825471, "mae": 0.4158575236797333, "ci": 0.7860139373049384, "rm2": 0.35414426971855956, "pearson": 0.6130106755672803, "spearman": 0.5276080356531344, "r2": 0.3663939833641052, "bias": -0.05599837005138397}, "val_delta_abs_mean": 0.6561636924743652, "val_gate_mean": 0.9004403948783875}
{"epoch": 68, "train": {"loss": 0.21512388328741797, "mse": 0.21324439669144307, "align": 2.4124760479466615e-07, "reconstruct": 0.019701588010343527}, "val": {"mse": 0.4805239140987396, "rmse": 0.6931983223427042, "mae": 0.41054514050483704, "ci": 0.7907964337183716, "rm2": 0.3560998716984874, "pearson": 0.6152731509078477, "spearman": 0.5364395397847496, "r2": 0.3670138716697693, "bias": -0.06672195345163345}, "val_delta_abs_mean": 0.660984992980957, "val_gate_mean": 0.874395489692688}
{"epoch": 69, "train": {"loss": 0.2152681501598942, "mse": 0.21331098387086886, "align": 2.3830954971379583e-07, "reconstruct": 0.022037469777362435}, "val": {"mse": 0.4796016812324524, "rmse": 0.6925328015570471, "mae": 0.4099831283092499, "ci": 0.7913314655758833, "rm2": 0.3569637010829639, "pearson": 0.6178272304771375, "spearman": 0.5375743306879595, "r2": 0.3682287335395813, "bias": -0.0716870129108429}, "val_delta_abs_mean": 0.6814608573913574, "val_gate_mean": 0.8909777998924255}
{"epoch": 70, "train": {"loss": 0.21532957376203007, "mse": 0.21342741518056438, "align": 2.401458341393398e-07, "reconstruct": 0.02077327201418529}, "val": {"mse": 0.483269065618515, "rmse": 0.6951755646011409, "mae": 0.4126952290534973, "ci": 0.7892192404543555, "rm2": 0.35280951385988557, "pearson": 0.6124326830447042, "spearman": 0.5332576794840391, "r2": 0.3633977174758911, "bias": -0.06714959442615509}, "val_delta_abs_mean": 0.6738883852958679, "val_gate_mean": 0.874529242515564}
{"epoch": 71, "train": {"loss": 0.21521297974175388, "mse": 0.21342520079656802, "align": 2.4528743053086285e-07, "reconstruct": 0.01928611180989933}, "val": {"mse": 0.48074454069137573, "rmse": 0.693357440784604, "mae": 0.4154968857765198, "ci": 0.7861398031930017, "rm2": 0.35504704409149335, "pearson": 0.6133371845113501, "spearman": 0.5274841174446153, "r2": 0.3667232394218445, "bias": -0.05786532908678055}, "val_delta_abs_mean": 0.692615270614624, "val_gate_mean": 0.8701052665710449}
{"epoch": 72, "train": {"loss": 0.2152944258320512, "mse": 0.21344092900592118, "align": 2.6952638494804297e-07, "reconstruct": 0.01951771311322411}, "val": {"mse": 0.48846435546875, "rmse": 0.6989022502959552, "mae": 0.4123495817184448, "ci": 0.7866558940673583, "rm2": 0.34932427395249843, "pearson": 0.6087121707051193, "spearman": 0.5290163251886438, "r2": 0.3565540909767151, "bias": -0.07969968765974045}, "val_delta_abs_mean": 0.726974606513977, "val_gate_mean": 0.9073477387428284}
{
  "guardrail": "validation only; test indices and metrics were not accessed",
  "condition": "real",
  "seed": 42,
  "best_epoch": 52,
  "epoch0_max_abs_difference": 1.9073486328125e-06,
  "baseline": {
    "mse": 0.48946526646614075,
    "rmse": 0.6996179432133947,
    "mae": 0.43143847584724426,
    "ci": 0.7885622123720057,
    "rm2": 0.3410284448121984,
    "pearson": 0.5995077496596147,
    "spearman": 0.5319472626673567,
    "r2": 0.35523557662963867,
    "bias": -0.015189344994723797
  },
  "best": {
    "mse": 0.4746934473514557,
    "rmse": 0.6889800050447442,
    "mae": 0.40972059965133667,
    "ci": 0.7910689394760232,
    "rm2": 0.3605742919179668,
    "pearson": 0.6235646084719532,
    "spearman": 0.5361599679231639,
    "r2": 0.37469422817230225,
    "bias": -0.06786005944013596
  },
  "relative_mse_gain": 0.030179504301367857,
  "delta_abs_mean": 0.7152801156044006,
  "atom_gate_mean": 0.9162566661834717,
  "drug_bootstrap": {
    "drugs": 7,
    "improved": 5,
    "worsened": 2,
    "improvements": [
      -0.027862558141350746,
      0.058917731046676636,
      0.028006114065647125,
      0.015128664672374725,
      0.05969579890370369,
      0.036351751536130905,
      -0.06683500856161118
    ],
    "mean": 0.01477178478879588,
    "ci95": [
      -0.01873309857078961,
      0.043749570314373286
    ],
    "probability_positive": 0.81655
  },
  "args": {
    "project": "/data1/ztx/MyModel-MDTA",
    "checkpoint": "outputs/Refine_experiment/davis/cold_start/drug_cold_5fold_seed42/baseline/fold_1/best_model.pt",
    "global_cache": "experiments/pdbbind_to_davis_transfer/data/global_predictions/fold1_with_features.pt",
    "drug_cache": "experiments/brics_hierarchical/data/fold1_drug_encoder_inputs_chem.pt",
    "split": "data/splits/davis_drug_cold_5fold_seed42/fold_1/split.json",
    "condition": "real",
    "seed": 42,
    "device": "cuda:0",
    "batch_size": 128,
    "epochs": 100,
    "patience": 20,
    "lr": 0.0003,
    "weight_decay": 1e-05,
    "lambda_align": 0.05,
    "lambda_reconstruct": 0.02,
    "lambda_delta": 0.001,
    "output_dir": "experiments/brics_hierarchical/outputs/graph_real_seed42"
  },
  "history": [
    {
      "epoch": 1,
      "train": {
        "loss": 0.22460894096907058,
        "mse": 0.22328510389694572,
        "align": 6.879048546250934e-05,
        "reconstruct": 0.0595030598439254
      },
      "val": {
        "mse": 0.49851202964782715,
        "rmse": 0.7060538433064628,
        "mae": 0.4309598207473755,
        "ci": 0.7803053693817582,
        "rm2": 0.332525387652105,
        "pearson": 0.5900102135555972,
        "spearman": 0.516460817119186,
        "r2": 0.3433184027671814,
        "bias": -0.033840812742710114
      },
      "val_delta_abs_mean": 0.4095163941383362,
      "val_gate_mean": 0.8875037431716919
    },
    {
      "epoch": 2,
      "train": {
        "loss": 0.22296437921521292,
        "mse": 0.2215555727200661,
        "align": 3.009721818966001e-05,
        "reconstruct": 0.05681985544613383
      },
      "val": {
        "mse": 0.499010294675827,
        "rmse": 0.7064066071858522,
        "mae": 0.4209732413291931,
        "ci": 0.7867039593579455,
        "rm2": 0.33361408353117117,
        "pearson": 0.5913846646095647,
        "spearman": 0.5296861246647147,
        "r2": 0.34266209602355957,
        "bias": -0.05093038082122803
      },
      "val_delta_abs_mean": 0.36263740062713623,
      "val_gate_mean": 0.7827947735786438
    },
    {
      "epoch": 3,
      "train": {
        "loss": 0.22242170971816205,
        "mse": 0.22104170222111177,
        "align": 1.7918411778958388e-05,
        "reconstruct": 0.05314522633610394
      },
      "val": {
        "mse": 0.5025658011436462,
        "rmse": 0.7089187549667777,
        "mae": 0.42753055691719055,
        "ci": 0.781458325356396,
        "rm2": 0.3299016710101914,
        "pearson": 0.5855605447523236,
        "spearman": 0.5188439784537555,
        "r2": 0.3379784822463989,
        "bias": -0.042544201016426086
      },
      "val_delta_abs_mean": 0.5474439263343811,
      "val_gate_mean": 0.8910186886787415
    },
    {
      "epoch": 4,
      "train": {
        "loss": 0.22177168879203576,
        "mse": 0.22035234394664655,
        "align": 1.1041015888690444e-05,
        "reconstruct": 0.05008100071579255
      },
      "val": {
        "mse": 0.49859580397605896,
        "rmse": 0.70611316655056,
        "mae": 0.4234919250011444,
        "ci": 0.7837151536826567,
        "rm2": 0.3343374668214169,
        "pearson": 0.5909873873770968,
        "spearman": 0.5234014861808982,
        "r2": 0.34320807456970215,
        "bias": -0.047004975378513336
      },
      "val_delta_abs_mean": 0.45547929406166077,
      "val_gate_mean": 0.8444002270698547
    },
    {
      "epoch": 5,
      "train": {
        "loss": 0.2216310598651243,
        "mse": 0.22022303585739558,
        "align": 8.083633914241275e-06,
        "reconstruct": 0.04741577677413659
      },
      "val": {
        "mse": 0.5001674294471741,
        "rmse": 0.7072251617746459,
        "mae": 0.41768956184387207,
        "ci": 0.7839907144375913,
        "rm2": 0.3347633743916963,
        "pearson": 0.5922064750871615,
        "spearman": 0.5241429776549269,
        "r2": 0.3411378264427185,
        "bias": -0.06650452315807343
      },
      "val_delta_abs_mean": 0.6226505041122437,
      "val_gate_mean": 0.9104276895523071
    },
    {
      "epoch": 6,
      "train": {
        "loss": 0.2212157860474326,
        "mse": 0.21973247621956213,
        "align": 6.840297206483126e-06,
        "reconstruct": 0.047172636892587376
      },
      "val": {
        "mse": 0.5026974678039551,
        "rmse": 0.7090116133068308,
        "mae": 0.43073397874832153,
        "ci": 0.7797896858403727,
        "rm2": 0.32923437029529906,
        "pearson": 0.5844121793442306,
        "spearman": 0.5162678504441175,
        "r2": 0.33780503273010254,
        "bias": -0.0338192842900753
      },
      "val_delta_abs_mean": 0.3346021771430969,
      "val_gate_mean": 0.7542298436164856
    },
    {
      "epoch": 7,
      "train": {
        "loss": 0.22082258649173986,
        "mse": 0.2194358611009033,
        "align": 5.064420800150743e-06,
        "reconstruct": 0.04321526393726148
      },
      "val": {
        "mse": 0.49757957458496094,
        "rmse": 0.7053932056555131,
        "mae": 0.4227434992790222,
        "ci": 0.7820630111519621,
        "rm2": 0.3348035620716374,
        "pearson": 0.5939824631478832,
        "spearman": 0.5202211799040428,
        "r2": 0.34454673528671265,
        "bias": -0.05406671389937401
      },
      "val_delta_abs_mean": 0.4759851396083832,
      "val_gate_mean": 0.8503491282463074
    },
    {
      "epoch": 8,
      "train": {
        "loss": 0.22044605607475504,
        "mse": 0.21899911718317688,
        "align": 3.80125795898555e-06,
        "reconstruct": 0.04297786298897173
      },
      "val": {
        "mse": 0.4968339502811432,
        "rmse": 0.7048644907222545,
        "mae": 0.42673414945602417,
        "ci": 0.7820660661492451,
        "rm2": 0.33638822662715767,
        "pearson": 0.5916402361486578,
        "spearman": 0.519642393787931,
        "r2": 0.3455289602279663,
        "bias": -0.038356151431798935
      },
      "val_delta_abs_mean": 0.5279863476753235,
      "val_gate_mean": 0.9024748206138611
    },
    {
      "epoch": 9,
      "train": {
        "loss": 0.22015166335877365,
        "mse": 0.21874091764828624,
        "align": 3.4411797983028714e-06,
        "reconstruct": 0.03981149727712642
      },
      "val": {
        "mse": 0.4977424442768097,
        "rmse": 0.7055086422410499,
        "mae": 0.41694870591163635,
        "ci": 0.7843139331501421,
        "rm2": 0.3372155518198637,
        "pearson": 0.5960413674081527,
        "spearman": 0.5244461798028046,
        "r2": 0.344332218170166,
        "bias": -0.0695648267865181
      },
      "val_delta_abs_mean": 0.6884510517120361,
      "val_gate_mean": 0.9069678783416748
    },
    {
      "epoch": 10,
      "train": {
        "loss": 0.2199314900888129,
        "mse": 0.21840452307788058,
        "align": 3.0034497599750024e-06,
        "reconstruct": 0.040398107074998024
      },
      "val": {
        "mse": 0.49364298582077026,
        "rmse": 0.7025973141286339,
        "mae": 0.4139220416545868,
        "ci": 0.7895888951256093,
        "rm2": 0.3425978640517603,
        "pearson": 0.5975996607892503,
        "spearman": 0.534041615782395,
        "r2": 0.34973233938217163,
        "bias": -0.058101050555706024
      },
      "val_delta_abs_mean": 0.6471178531646729,
      "val_gate_mean": 0.926097571849823
    },
    {
      "epoch": 11,
      "train": {
        "loss": 0.21966107164047743,
        "mse": 0.2181334268677231,
        "align": 2.397028305216773e-06,
        "reconstruct": 0.03840237446513077
      },
      "val": {
        "mse": 0.496540367603302,
        "rmse": 0.7046562052542374,
        "mae": 0.41941365599632263,
        "ci": 0.7841780876042874,
        "rm2": 0.3375956834899437,
        "pearson": 0.5950835876622743,
        "spearman": 0.5242155753540931,
        "r2": 0.34591567516326904,
        "bias": -0.057930149137973785
      },
      "val_delta_abs_mean": 0.5810213088989258,
      "val_gate_mean": 0.8522142767906189
    },
    {
      "epoch": 12,
      "train": {
        "loss": 0.21922618138301794,
        "mse": 0.21771394209836736,
        "align": 2.0407030508287993e-06,
        "reconstruct": 0.03676211951447369
      },
      "val": {
        "mse": 0.4984652101993561,
        "rmse": 0.7060206868069491,
        "mae": 0.4137376844882965,
        "ci": 0.7873398061257991,
        "rm2": 0.3381771953708246,
        "pearson": 0.5951329479281966,
        "spearman": 0.5299292412764743,
        "r2": 0.3433800935745239,
        "bias": -0.07313282787799835
      },
      "val_delta_abs_mean": 0.7171425819396973,
      "val_gate_mean": 0.9235548377037048
    },
    {
      "epoch": 13,
      "train": {
        "loss": 0.2192829650925112,
        "mse": 0.2177683774159872,
        "align": 1.6107542677541733e-06,
        "reconstruct": 0.03596577105434531
      },
      "val": {
        "mse": 0.502540647983551,
        "rmse": 0.7089010142350983,
        "mae": 0.42051050066947937,
        "ci": 0.7829892863281946,
        "rm2": 0.33078459257171733,
        "pearson": 0.5899849860675672,
        "spearman": 0.5220462522828473,
        "r2": 0.33801156282424927,
        "bias": -0.06560751795768738
      },
      "val_delta_abs_mean": 0.694715142250061,
      "val_gate_mean": 0.8965443968772888
    },
    {
      "epoch": 14,
      "train": {
        "loss": 0.21900012038480998,
        "mse": 0.2173628891450879,
        "align": 1.5386341969409347e-06,
        "reconstruct": 0.03629105981061694
      },
      "val": {
        "mse": 0.4927041232585907,
        "rmse": 0.701928859115075,
        "mae": 0.4064892530441284,
        "ci": 0.7973551055521928,
        "rm2": 0.34388126947936803,
        "pearson": 0.6053089811209795,
        "spearman": 0.5489860939450352,
        "r2": 0.350969135761261,
        "bias": -0.08248944580554962
      },
      "val_delta_abs_mean": 0.7210615873336792,
      "val_gate_mean": 0.9312258958816528
    },
    {
      "epoch": 15,
      "train": {
        "loss": 0.21880313435314228,
        "mse": 0.21730122820319,
        "align": 1.327283597949656e-06,
        "reconstruct": 0.03365623051573398
      },
      "val": {
        "mse": 0.4959906041622162,
        "rmse": 0.7042660038381919,
        "mae": 0.4176919460296631,
        "ci": 0.7841125069959438,
        "rm2": 0.3404489965933292,
        "pearson": 0.5950664754759011,
        "spearman": 0.5237995583353687,
        "r2": 0.34663987159729004,
        "bias": -0.06002077832818031
      },
      "val_delta_abs_mean": 0.7365525364875793,
      "val_gate_mean": 0.9086981415748596
    },
    {
      "epoch": 16,
      "train": {
        "loss": 0.2185879618480344,
        "mse": 0.21687393215533066,
        "align": 1.2273495564782563e-06,
        "reconstruct": 0.03435939310445465
      },
      "val": {
        "mse": 0.4887005686759949,
        "rmse": 0.699071218600791,
        "mae": 0.41384685039520264,
        "ci": 0.7936322858630205,
        "rm2": 0.3476066011902224,
        "pearson": 0.6029750162536083,
        "spearman": 0.540199126038232,
        "r2": 0.3562428951263428,
        "bias": -0.0553593747317791
      },
      "val_delta_abs_mean": 0.688932478427887,
      "val_gate_mean": 0.8847312927246094
    },
    {
      "epoch": 17,
      "train": {
        "loss": 0.2184123784802905,
        "mse": 0.21678915962001594,
        "align": 9.704992724552965e-07,
        "reconstruct": 0.035707663935130814
      },
      "val": {
        "mse": 0.4937898516654968,
        "rmse": 0.7027018227281732,
        "mae": 0.4153202772140503,
        "ci": 0.788952030025328,
        "rm2": 0.34167338878325026,
        "pearson": 0.5989309795796229,
        "spearman": 0.5323050229428657,
        "r2": 0.3495389223098755,
        "bias": -0.06308718025684357
      },
      "val_delta_abs_mean": 0.6717439889907837,
      "val_gate_mean": 0.9106862545013428
    },
    {
      "epoch": 18,
      "train": {
        "loss": 0.2182040230606063,
        "mse": 0.2165831435664368,
        "align": 9.44533063000339e-07,
        "reconstruct": 0.03398179925929407
      },
      "val": {
        "mse": 0.48317036032676697,
        "rmse": 0.6951045679081436,
        "mae": 0.41513514518737793,
        "ci": 0.789307428042594,
        "rm2": 0.35292974672490873,
        "pearson": 0.6089101848962755,
        "spearman": 0.5319811061834879,
        "r2": 0.363527774810791,
        "bias": -0.05131161957979202
      },
      "val_delta_abs_mean": 0.7559059262275696,
      "val_gate_mean": 0.8975019454956055
    },
    {
      "epoch": 19,
      "train": {
        "loss": 0.2182434520495802,
        "mse": 0.21653185808917974,
        "align": 9.571976871477625e-07,
        "reconstruct": 0.032859544985156273
      },
      "val": {
        "mse": 0.4957614243030548,
        "rmse": 0.7041032767308038,
        "mae": 0.41793233156204224,
        "ci": 0.7863626143281817,
        "rm2": 0.3393585617326467,
        "pearson": 0.5957454322287624,
        "spearman": 0.5283497175015031,
        "r2": 0.3469417691230774,
        "bias": -0.058972496539354324
      },
      "val_delta_abs_mean": 0.6077305674552917,
      "val_gate_mean": 0.878112256526947
    },
    {
      "epoch": 20,
      "train": {
        "loss": 0.21825922028706463,
        "mse": 0.2165749049027753,
        "align": 9.078073744894601e-07,
        "reconstruct": 0.03257914456677205
      },
      "val": {
        "mse": 0.49057793617248535,
        "rmse": 0.7004126898996658,
        "mae": 0.4199109971523285,
        "ci": 0.7851169901026235,
        "rm2": 0.34419374088995575,
        "pearson": 0.6006159876075855,
        "spearman": 0.5253482679698989,
        "r2": 0.3537698984146118,
        "bias": -0.05106210708618164
      },
      "val_delta_abs_mean": 0.6028792858123779,
      "val_gate_mean": 0.872576117515564
    },
    {
      "epoch": 21,
      "train": {
        "loss": 0.2178471754665059,
        "mse": 0.21624782479186944,
        "align": 8.481625609922607e-07,
        "reconstruct": 0.030868515471263513
      },
      "val": {
        "mse": 0.49327969551086426,
        "rmse": 0.7023387327428726,
        "mae": 0.41951462626457214,
        "ci": 0.7864575229104429,
        "rm2": 0.3419000852281074,
        "pearson": 0.5973960351939341,
        "spearman": 0.5276664170693676,
        "r2": 0.35021090507507324,
        "bias": -0.05240770801901817
      },
      "val_delta_abs_mean": 0.6673515439033508,
      "val_gate_mean": 0.9097123146057129
    },
    {
      "epoch": 22,
      "train": {
        "loss": 0.21787963470595972,
        "mse": 0.21612936266349783,
        "align": 7.986230502243828e-07,
        "reconstruct": 0.031034334369317233
      },
      "val": {
        "mse": 0.49159544706344604,
        "rmse": 0.7011386789098474,
        "mae": 0.42160657048225403,
        "ci": 0.7837365386636382,
        "rm2": 0.3431302445469402,
        "pearson": 0.5985521031625379,
        "spearman": 0.5232797246454053,
        "r2": 0.35242950916290283,
        "bias": -0.04630877450108528
      },
      "val_delta_abs_mean": 0.62263023853302,
      "val_gate_mean": 0.872063934803009
    },
    {
      "epoch": 23,
      "train": {
        "loss": 0.21765223988023863,
        "mse": 0.2160513962045078,
        "align": 7.313461795835163e-07,
        "reconstruct": 0.029676789043612345
      },
      "val": {
        "mse": 0.48520538210868835,
        "rmse": 0.6965668540123685,
        "mae": 0.42025089263916016,
        "ci": 0.7862021251375767,
        "rm2": 0.350550329163416,
        "pearson": 0.6049067947337134,
        "spearman": 0.52678363720072,
        "r2": 0.3608470559120178,
        "bias": -0.04085886850953102
      },
      "val_delta_abs_mean": 0.6929665803909302,
      "val_gate_mean": 0.8911598920822144
    },
    {
      "epoch": 24,
      "train": {
        "loss": 0.21784953423553818,
        "mse": 0.21610272097107855,
        "align": 7.15990251074905e-07,
        "reconstruct": 0.030007893733713962
      },
      "val": {
        "mse": 0.49019089341163635,
        "rmse": 0.7001363391594785,
        "mae": 0.4152744710445404,
        "ci": 0.7868917398576127,
        "rm2": 0.3453268015692745,
        "pearson": 0.604226776917389,
        "spearman": 0.5289410356651314,
        "r2": 0.35427969694137573,
        "bias": -0.06666102260351181
      },
      "val_delta_abs_mean": 0.682750403881073,
      "val_gate_mean": 0.8818947076797485
    },
    {
      "epoch": 25,
      "train": {
        "loss": 0.2172854169105742,
        "mse": 0.21550092832167844,
        "align": 6.504004667500072e-07,
        "reconstruct": 0.030350766068928232
      },
      "val": {
        "mse": 0.49766436219215393,
        "rmse": 0.7054533026304107,
        "mae": 0.41566675901412964,
        "ci": 0.7861283978698115,
        "rm2": 0.3373533099801571,
        "pearson": 0.5990601854794726,
        "spearman": 0.5275408546129754,
        "r2": 0.34443503618240356,
        "bias": -0.07891412824392319
      },
      "val_delta_abs_mean": 0.7241964340209961,
      "val_gate_mean": 0.8817999362945557
    },
    {
      "epoch": 26,
      "train": {
        "loss": 0.21751066902621002,
        "mse": 0.2157545747111504,
        "align": 9.518782007025148e-07,
        "reconstruct": 0.030477259848584244
      },
      "val": {
        "mse": 0.48949894309043884,
        "rmse": 0.6996420106671974,
        "mae": 0.4176270365715027,
        "ci": 0.7843457051218863,
        "rm2": 0.34491232436330127,
        "pearson": 0.6042485994144439,
        "spearman": 0.5241888314280652,
        "r2": 0.3551912307739258,
        "bias": -0.0606994591653347
      },
      "val_delta_abs_mean": 0.7013044953346252,
      "val_gate_mean": 0.8914810419082642
    },
    {
      "epoch": 27,
      "train": {
        "loss": 0.21700722503773434,
        "mse": 0.2152565627059292,
        "align": 5.91272108247492e-07,
        "reconstruct": 0.027717260631825086
      },
      "val": {
        "mse": 0.4875297248363495,
        "rmse": 0.6982332882614158,
        "mae": 0.41313856840133667,
        "ci": 0.7900426640553908,
        "rm2": 0.3484270514178326,
        "pearson": 0.6065034184030786,
        "spearman": 0.5347944558600022,
        "r2": 0.3577852249145508,
        "bias": -0.0639541894197464
      },
      "val_delta_abs_mean": 0.6083563566207886,
      "val_gate_mean": 0.8662800788879395
    },
    {
      "epoch": 28,
      "train": {
        "loss": 0.21718968013901332,
        "mse": 0.2154212019497625,
        "align": 6.162054077130809e-07,
        "reconstruct": 0.028513949105478956
      },
      "val": {
        "mse": 0.48906591534614563,
        "rmse": 0.6993324784007573,
        "mae": 0.4079689383506775,
        "ci": 0.7922648690791098,
        "rm2": 0.34882333020824663,
        "pearson": 0.6077016216719853,
        "spearman": 0.5391271467736711,
        "r2": 0.35576164722442627,
        "bias": -0.0790497213602066
      },
      "val_delta_abs_mean": 0.7374086976051331,
      "val_gate_mean": 0.8957490921020508
    },
    {
      "epoch": 29,
      "train": {
        "loss": 0.217110927202273,
        "mse": 0.21536281648953357,
        "align": 5.152499330299725e-07,
        "reconstruct": 0.028465090224292885
      },
      "val": {
        "mse": 0.48968541622161865,
        "rmse": 0.6997752612243582,
        "mae": 0.42070749402046204,
        "ci": 0.7826157619937156,
        "rm2": 0.34494505185499247,
        "pearson": 0.6021476515439043,
        "spearman": 0.5210534734305066,
        "r2": 0.3549456000328064,
        "bias": -0.052957192063331604
      },
      "val_delta_abs_mean": 0.6539607048034668,
      "val_gate_mean": 0.8697056770324707
    },
    {
      "epoch": 30,
      "train": {
        "loss": 0.2168842108284152,
        "mse": 0.21510514358021451,
        "align": 5.587354435823851e-07,
        "reconstruct": 0.027660873410211003
      },
      "val": {
        "mse": 0.4905282258987427,
        "rmse": 0.7003772025835383,
        "mae": 0.41570180654525757,
        "ci": 0.781613519218377,
        "rm2": 0.3462300855338184,
        "pearson": 0.6057159545737951,
        "spearman": 0.519376278687444,
        "r2": 0.3538353443145752,
        "bias": -0.07604648917913437
      },
      "val_delta_abs_mean": 0.7858469486236572,
      "val_gate_mean": 0.8888078331947327
    },
    {
      "epoch": 31,
      "train": {
        "loss": 0.21709894672462246,
        "mse": 0.21532319886250367,
        "align": 6.118384938135842e-07,
        "reconstruct": 0.02875118351891053
      },
      "val": {
        "mse": 0.48639988899230957,
        "rmse": 0.6974237513824071,
        "mae": 0.4182349741458893,
        "ci": 0.7847125084623425,
        "rm2": 0.3497942957251634,
        "pearson": 0.6049562477336272,
        "spearman": 0.5248203245203127,
        "r2": 0.3592735528945923,
        "bias": -0.05103076249361038
      },
      "val_delta_abs_mean": 0.6702898144721985,
      "val_gate_mean": 0.8742668628692627
    },
    {
      "epoch": 32,
      "train": {
        "loss": 0.21675197808609048,
        "mse": 0.2148906130975257,
        "align": 5.759965171824983e-07,
        "reconstruct": 0.0274142196223167
      },
      "val": {
        "mse": 0.48961296677589417,
        "rmse": 0.699723493085586,
        "mae": 0.41618695855140686,
        "ci": 0.7857465232094254,
        "rm2": 0.3465802963707786,
        "pearson": 0.6033411988880181,
        "spearman": 0.5265119534733691,
        "r2": 0.3550410270690918,
        "bias": -0.061886224895715714
      },
      "val_delta_abs_mean": 0.6860139966011047,
      "val_gate_mean": 0.8915955424308777
    },
    {
      "epoch": 33,
      "train": {
        "loss": 0.216914482788435,
        "mse": 0.21513300401102053,
        "align": 4.863858372159536e-07,
        "reconstruct": 0.027326730866377158
      },
      "val": {
        "mse": 0.49117353558540344,
        "rmse": 0.7008377384141092,
        "mae": 0.4169195890426636,
        "ci": 0.7849911242145602,
        "rm2": 0.3447256071457947,
        "pearson": 0.6026962082867835,
        "spearman": 0.5257052801766346,
        "r2": 0.35298532247543335,
        "bias": -0.0663168877363205
      },
      "val_delta_abs_mean": 0.6544673442840576,
      "val_gate_mean": 0.9017672538757324
    },
    {
      "epoch": 34,
      "train": {
        "loss": 0.21684369231092124,
        "mse": 0.2150608865174612,
        "align": 4.74673785614281e-07,
        "reconstruct": 0.02725845205744536
      },
      "val": {
        "mse": 0.48351627588272095,
        "rmse": 0.69535334606423,
        "mae": 0.41517627239227295,
        "ci": 0.7896339054189134,
        "rm2": 0.35286174955463134,
        "pearson": 0.6080235208166067,
        "spearman": 0.5331759975135099,
        "r2": 0.36307209730148315,
        "bias": -0.049442827701568604
      },
      "val_delta_abs_mean": 0.6942250728607178,
      "val_gate_mean": 0.8806822896003723
    },
    {
      "epoch": 35,
      "train": {
        "loss": 0.2167668597977327,
        "mse": 0.21500129788422523,
        "align": 4.7268830307916165e-07,
        "reconstruct": 0.026044073058528083
      },
      "val": {
        "mse": 0.48600098490715027,
        "rmse": 0.6971377087112347,
        "mae": 0.41788575053215027,
        "ci": 0.7855984576744383,
        "rm2": 0.3509947049143161,
        "pearson": 0.6048557596708652,
        "spearman": 0.5257470215799923,
        "r2": 0.35979902744293213,
        "bias": -0.049742452800273895
      },
      "val_delta_abs_mean": 0.7431170344352722,
      "val_gate_mean": 0.906109631061554
    },
    {
      "epoch": 36,
      "train": {
        "loss": 0.21651143682890175,
        "mse": 0.21469936198726636,
        "align": 4.198033116234959e-07,
        "reconstruct": 0.026023490246196327
      },
      "val": {
        "mse": 0.48585614562034607,
        "rmse": 0.6970338195671327,
        "mae": 0.4128073453903198,
        "ci": 0.7895467361631027,
        "rm2": 0.3511474404347615,
        "pearson": 0.6088414988622688,
        "spearman": 0.5335726250007549,
        "r2": 0.35998982191085815,
        "bias": -0.06757654249668121
      },
      "val_delta_abs_mean": 0.7135496735572815,
      "val_gate_mean": 0.8905609250068665
    },
    {
      "epoch": 37,
      "train": {
        "loss": 0.21636206196260438,
        "mse": 0.21452221659995646,
        "align": 4.107710876053516e-07,
        "reconstruct": 0.024617557410827537
      },
      "val": {
        "mse": 0.4822988510131836,
        "rmse": 0.6944773941700216,
        "mae": 0.4152680039405823,
        "ci": 0.7876516195151597,
        "rm2": 0.3534086804522746,
        "pearson": 0.6108506760942171,
        "spearman": 0.5297121177725688,
        "r2": 0.36467576026916504,
        "bias": -0.05478818714618683
      },
      "val_delta_abs_mean": 0.6434811353683472,
      "val_gate_mean": 0.9049327373504639
    },
    {
      "epoch": 38,
      "train": {
        "loss": 0.21633189938990435,
        "mse": 0.21455383654266003,
        "align": 4.250941061245944e-07,
        "reconstruct": 0.02524759074339692
      },
      "val": {
        "mse": 0.48585790395736694,
        "rmse": 0.6970350808656384,
        "mae": 0.41827672719955444,
        "ci": 0.7845259499615885,
        "rm2": 0.35083552807934054,
        "pearson": 0.6058705770817859,
        "spearman": 0.5240390353319054,
        "r2": 0.3599874973297119,
        "bias": -0.05366938188672066
      },
      "val_delta_abs_mean": 0.70565265417099,
      "val_gate_mean": 0.8773911595344543
    },
    {
      "epoch": 39,
      "train": {
        "loss": 0.21655712842789218,
        "mse": 0.2147039187564776,
        "align": 3.871174488488136e-07,
        "reconstruct": 0.02545426274906502
      },
      "val": {
        "mse": 0.4810657203197479,
        "rmse": 0.6935890139843248,
        "mae": 0.41417017579078674,
        "ci": 0.7871807426005929,
        "rm2": 0.3552864367950529,
        "pearson": 0.6134163994136772,
        "spearman": 0.5292847418222546,
        "r2": 0.36630016565322876,
        "bias": -0.0612843818962574
      },
      "val_delta_abs_mean": 0.6942765116691589,
      "val_gate_mean": 0.883753776550293
    },
    {
      "epoch": 40,
      "train": {
        "loss": 0.21606717359041863,
        "mse": 0.21419661302096898,
        "align": 4.1759977031284314e-07,
        "reconstruct": 0.026814264182836646
      },
      "val": {
        "mse": 0.4820861518383026,
        "rmse": 0.6943242411426398,
        "mae": 0.4076719284057617,
        "ci": 0.7934290267104522,
        "rm2": 0.35568152395651337,
        "pearson": 0.6132107843536968,
        "spearman": 0.5410370129393407,
        "r2": 0.36495596170425415,
        "bias": -0.06863199919462204
      },
      "val_delta_abs_mean": 0.7320334911346436,
      "val_gate_mean": 0.9021973609924316
    },
    {
      "epoch": 41,
      "train": {
        "loss": 0.2162208302502248,
        "mse": 0.2144392326035203,
        "align": 3.8638293507859603e-07,
        "reconstruct": 0.02450481814634379
      },
      "val": {
        "mse": 0.483526349067688,
        "rmse": 0.6953605892396318,
        "mae": 0.4108882248401642,
        "ci": 0.7901467376295014,
        "rm2": 0.3539614618593486,
        "pearson": 0.6112673654144156,
        "spearman": 0.5354603617851396,
        "r2": 0.36305880546569824,
        "bias": -0.06717987358570099
      },
      "val_delta_abs_mean": 0.7199639081954956,
      "val_gate_mean": 0.9213399291038513
    },
    {
      "epoch": 42,
      "train": {
        "loss": 0.21610188737254843,
        "mse": 0.2142842808115915,
        "align": 3.764669991806587e-07,
        "reconstruct": 0.02460758716314156
      },
      "val": {
        "mse": 0.4858947694301605,
        "rmse": 0.6970615248528357,
        "mae": 0.4099917411804199,
        "ci": 0.7920322819526239,
        "rm2": 0.35051858089487,
        "pearson": 0.6135041890882228,
        "spearman": 0.5385835973647066,
        "r2": 0.35993891954421997,
        "bias": -0.08141301572322845
      },
      "val_delta_abs_mean": 0.6856628060340881,
      "val_gate_mean": 0.902087926864624
    },
    {
      "epoch": 43,
      "train": {
        "loss": 0.21605662811453194,
        "mse": 0.2143101771303397,
        "align": 3.5862060991990346e-07,
        "reconstruct": 0.022861950648739637
      },
      "val": {
        "mse": 0.4872882664203644,
        "rmse": 0.6980603601554556,
        "mae": 0.41195857524871826,
        "ci": 0.7874778920029947,
        "rm2": 0.35019823284207025,
        "pearson": 0.6101865628479446,
        "spearman": 0.5308145226054022,
        "r2": 0.35810327529907227,
        "bias": -0.07917182892560959
      },
      "val_delta_abs_mean": 0.7378897070884705,
      "val_gate_mean": 0.9067971706390381
    },
    {
      "epoch": 44,
      "train": {
        "loss": 0.2162036880882353,
        "mse": 0.21445540273623942,
        "align": 3.440795326251273e-07,
        "reconstruct": 0.02382192992249937
      },
      "val": {
        "mse": 0.48261189460754395,
        "rmse": 0.6947027383043368,
        "mae": 0.4066374897956848,
        "ci": 0.7917438902091003,
        "rm2": 0.3552246441843743,
        "pearson": 0.6164214415469788,
        "spearman": 0.5386045457371752,
        "r2": 0.3642634153366089,
        "bias": -0.08152235299348831
      },
      "val_delta_abs_mean": 0.7385344505310059,
      "val_gate_mean": 0.9196167588233948
    },
    {
      "epoch": 45,
      "train": {
        "loss": 0.21614939617223503,
        "mse": 0.21432176412092982,
        "align": 3.67285577052939e-07,
        "reconstruct": 0.025358106455014923
      },
      "val": {
        "mse": 0.4796794056892395,
        "rmse": 0.6925889153670014,
        "mae": 0.40945905447006226,
        "ci": 0.7919722003393899,
        "rm2": 0.3562590538711374,
        "pearson": 0.61711766969664,
        "spearman": 0.5383507970696719,
        "r2": 0.3681263327598572,
        "bias": -0.06804459542036057
      },
      "val_delta_abs_mean": 0.7034958600997925,
      "val_gate_mean": 0.9230040907859802
    },
    {
      "epoch": 46,
      "train": {
        "loss": 0.21595848034312362,
        "mse": 0.21411245516465055,
        "align": 3.5626787049967527e-07,
        "reconstruct": 0.02360848772740403
      },
      "val": {
        "mse": 0.4851055145263672,
        "rmse": 0.6964951647544778,
        "mae": 0.4123770594596863,
        "ci": 0.7869656707918634,
        "rm2": 0.3517358608424084,
        "pearson": 0.6118452154039742,
        "spearman": 0.5296775963453938,
        "r2": 0.3609786033630371,
        "bias": -0.07458794116973877
      },
      "val_delta_abs_mean": 0.7581536173820496,
      "val_gate_mean": 0.9037048816680908
    },
    {
      "epoch": 47,
      "train": {
        "loss": 0.2158576181732083,
        "mse": 0.21402540423791586,
        "align": 3.5935512369012105e-07,
        "reconstruct": 0.023772646481235987
      },
      "val": {
        "mse": 0.48685798048973083,
        "rmse": 0.6977520909963157,
        "mae": 0.41523224115371704,
        "ci": 0.785638376305604,
        "rm2": 0.34894153351783863,
        "pearson": 0.6081833999430658,
        "spearman": 0.5272413237271093,
        "r2": 0.35867011547088623,
        "bias": -0.06688828021287918
      },
      "val_delta_abs_mean": 0.6995064616203308,
      "val_gate_mean": 0.9135603308677673
    },
    {
      "epoch": 48,
      "train": {
        "loss": 0.2158882570953035,
        "mse": 0.2139873862642405,
        "align": 3.1381526993663106e-07,
        "reconstruct": 0.023633813310661663
      },
      "val": {
        "mse": 0.4774841368198395,
        "rmse": 0.6910022697646075,
        "mae": 0.4066970944404602,
        "ci": 0.7943233262484551,
        "rm2": 0.35865507514215167,
        "pearson": 0.6202000950283755,
        "spearman": 0.5426713358070984,
        "r2": 0.37101811170578003,
        "bias": -0.07005751132965088
      },
      "val_delta_abs_mean": 0.6805792450904846,
      "val_gate_mean": 0.9000271558761597
    },
    {
      "epoch": 49,
      "train": {
        "loss": 0.21574127199538026,
        "mse": 0.2138946684432624,
        "align": 3.404758244399973e-07,
        "reconstruct": 0.02252986546183695
      },
      "val": {
        "mse": 0.48363038897514343,
        "rmse": 0.6954353952561974,
        "mae": 0.4139244556427002,
        "ci": 0.78703613939586,
        "rm2": 0.3527754750766095,
        "pearson": 0.609647000073055,
        "spearman": 0.5298140218422018,
        "r2": 0.3629217743873596,
        "bias": -0.05838163197040558
      },
      "val_delta_abs_mean": 0.667513370513916,
      "val_gate_mean": 0.8788621425628662
    },
    {
      "epoch": 50,
      "train": {
        "loss": 0.21568690133290466,
        "mse": 0.21387547425781556,
        "align": 3.07789961665315e-07,
        "reconstruct": 0.02269144099816512
      },
      "val": {
        "mse": 0.4825241267681122,
        "rmse": 0.6946395660830962,
        "mae": 0.4091354310512543,
        "ci": 0.7933031608223889,
        "rm2": 0.35362642291967383,
        "pearson": 0.6135502301970349,
        "spearman": 0.5411081888430735,
        "r2": 0.36437898874282837,
        "bias": -0.0681048184633255
      },
      "val_delta_abs_mean": 0.6721440553665161,
      "val_gate_mean": 0.9076825976371765
    },
    {
      "epoch": 51,
      "train": {
        "loss": 0.2157889034559973,
        "mse": 0.21395637872382745,
        "align": 3.299745728814178e-07,
        "reconstruct": 0.023011549152064464
      },
      "val": {
        "mse": 0.4819428324699402,
        "rmse": 0.6942210256610932,
        "mae": 0.4096721410751343,
        "ci": 0.7893143527031024,
        "rm2": 0.3549865227571145,
        "pearson": 0.6162748527966657,
        "spearman": 0.5337630809657188,
        "r2": 0.3651447892189026,
        "bias": -0.07663515955209732
      },
      "val_delta_abs_mean": 0.7189944386482239,
      "val_gate_mean": 0.9239532947540283
    },
    {
      "epoch": 52,
      "train": {
        "loss": 0.2159509422219705,
        "mse": 0.21409504611091387,
        "align": 3.163860681323926e-07,
        "reconstruct": 0.022852443660735577
      },
      "val": {
        "mse": 0.4746934473514557,
        "rmse": 0.6889800050447442,
        "mae": 0.40972059965133667,
        "ci": 0.791065477145769,
        "rm2": 0.3605742919179668,
        "pearson": 0.6235646102778996,
        "spearman": 0.5361572889953561,
        "r2": 0.37469422817230225,
        "bias": -0.06786006689071655
      },
      "val_delta_abs_mean": 0.7152801156044006,
      "val_gate_mean": 0.9162566661834717
    },
    {
      "epoch": 53,
      "train": {
        "loss": 0.21544860252473746,
        "mse": 0.21352097400689798,
        "align": 3.064701322344553e-07,
        "reconstruct": 0.023454627126334802
      },
      "val": {
        "mse": 0.4806687831878662,
        "rmse": 0.6933028077167048,
        "mae": 0.412341445684433,
        "ci": 0.7887565101992102,
        "rm2": 0.3540388316391874,
        "pearson": 0.6186170990243691,
        "spearman": 0.5328438886703115,
        "r2": 0.3668230175971985,
        "bias": -0.0735178291797638
      },
      "val_delta_abs_mean": 0.6799120903015137,
      "val_gate_mean": 0.9243348836898804
    },
    {
      "epoch": 54,
      "train": {
        "loss": 0.21578248918395054,
        "mse": 0.21392637708137294,
        "align": 3.1322995427598896e-07,
        "reconstruct": 0.022200486336369292
      },
      "val": {
        "mse": 0.47779005765914917,
        "rmse": 0.6912235945474874,
        "mae": 0.4100637435913086,
        "ci": 0.7894312572658019,
        "rm2": 0.3577129459385417,
        "pearson": 0.6208456769984521,
        "spearman": 0.5333641124297754,
        "r2": 0.3706151247024536,
        "bias": -0.0717453882098198
      },
      "val_delta_abs_mean": 0.7038236260414124,
      "val_gate_mean": 0.9138106107711792
    },
    {
      "epoch": 55,
      "train": {
        "loss": 0.2155189778800303,
        "mse": 0.21363574101598495,
        "align": 3.081572185504238e-07,
        "reconstruct": 0.023122336864299285
      },
      "val": {
        "mse": 0.48354580998420715,
        "rmse": 0.6953745824979564,
        "mae": 0.4124600887298584,
        "ci": 0.7888019278254855,
        "rm2": 0.35184555980697124,
        "pearson": 0.6155129053890209,
        "spearman": 0.5320312185122568,
        "r2": 0.3630331754684448,
        "bias": -0.0764923170208931
      },
      "val_delta_abs_mean": 0.697683572769165,
      "val_gate_mean": 0.8883541226387024
    },
    {
      "epoch": 56,
      "train": {
        "loss": 0.21576279799449521,
        "mse": 0.21393334065351746,
        "align": 2.9163065872052824e-07,
        "reconstruct": 0.02188537640602352
      },
      "val": {
        "mse": 0.48607176542282104,
        "rmse": 0.6971884719520404,
        "mae": 0.41709843277931213,
        "ci": 0.7817169817930308,
        "rm2": 0.34905114748382243,
        "pearson": 0.6116570830664079,
        "spearman": 0.5195054346424773,
        "r2": 0.3597058057785034,
        "bias": -0.07362085580825806
      },
      "val_delta_abs_mean": 0.6991780996322632,
      "val_gate_mean": 0.9037996530532837
    },
    {
      "epoch": 57,
      "train": {
        "loss": 0.21548243167684525,
        "mse": 0.21359763054522007,
        "align": 3.3496697116336546e-07,
        "reconstruct": 0.02299554366232847
      },
      "val": {
        "mse": 0.4877215325832367,
        "rmse": 0.6983706269476379,
        "mae": 0.4214629828929901,
        "ci": 0.7802648397511358,
        "rm2": 0.3461357724308426,
        "pearson": 0.6063645543825037,
        "spearman": 0.5172048550006482,
        "r2": 0.3575326204299927,
        "bias": -0.05893133580684662
      },
      "val_delta_abs_mean": 0.6714673042297363,
      "val_gate_mean": 0.8843569755554199
    },
    {
      "epoch": 58,
      "train": {
        "loss": 0.21542534649607376,
        "mse": 0.213563256579,
        "align": 4.757755562696074e-07,
        "reconstruct": 0.02263548574775753
      },
      "val": {
        "mse": 0.47817370295524597,
        "rmse": 0.6915010505814477,
        "mae": 0.4145842492580414,
        "ci": 0.78950987252922,
        "rm2": 0.357811726941008,
        "pearson": 0.6154918159974835,
        "spearman": 0.5332482950006203,
        "r2": 0.3701097369194031,
        "bias": -0.05417945235967636
      },
      "val_delta_abs_mean": 0.6673988103866577,
      "val_gate_mean": 0.8889671564102173
    },
    {
      "epoch": 59,
      "train": {
        "loss": 0.21557165550763263,
        "mse": 0.21368685212082061,
        "align": 2.5725770962987743e-07,
        "reconstruct": 0.0224993195278222
      },
      "val": {
        "mse": 0.4851422905921936,
        "rmse": 0.6965215650589676,
        "mae": 0.41370514035224915,
        "ci": 0.7887622128608054,
        "rm2": 0.35139332636797466,
        "pearson": 0.6086790853746208,
        "spearman": 0.5325842683351404,
        "r2": 0.3609301447868347,
        "bias": -0.06240028887987137
      },
      "val_delta_abs_mean": 0.6552162766456604,
      "val_gate_mean": 0.9126678109169006
    },
    {
      "epoch": 60,
      "train": {
        "loss": 0.21530261783974225,
        "mse": 0.21342930077066133,
        "align": 2.596104490501056e-07,
        "reconstruct": 0.020432059328974045
      },
      "val": {
        "mse": 0.4897136688232422,
        "rmse": 0.6997954478440412,
        "mae": 0.4151777923107147,
        "ci": 0.786081758244623,
        "rm2": 0.3459764722559529,
        "pearson": 0.6065740108674692,
        "spearman": 0.528052337524544,
        "r2": 0.3549083471298218,
        "bias": -0.07315943390130997
      },
      "val_delta_abs_mean": 0.6481810808181763,
      "val_gate_mean": 0.9006903767585754
    },
    {
      "epoch": 61,
      "train": {
        "loss": 0.21556805881821434,
        "mse": 0.21365216205760376,
        "align": 2.478582287266244e-07,
        "reconstruct": 0.021897444835870014
      },
      "val": {
        "mse": 0.4830192029476166,
        "rmse": 0.6949958294462036,
        "mae": 0.4156748950481415,
        "ci": 0.7872516185375605,
        "rm2": 0.3516520907298044,
        "pearson": 0.6117547193089095,
        "spearman": 0.529904281878173,
        "r2": 0.3637268543243408,
        "bias": -0.05976695194840431
      },
      "val_delta_abs_mean": 0.6801609992980957,
      "val_gate_mean": 0.9070307016372681
    },
    {
      "epoch": 62,
      "train": {
        "loss": 0.21551905403131927,
        "mse": 0.21366829439370755,
        "align": 2.5123240135856136e-07,
        "reconstruct": 0.02081757916464485
      },
      "val": {
        "mse": 0.4858206808567047,
        "rmse": 0.6970083793303382,
        "mae": 0.4154341518878937,
        "ci": 0.7859848129975063,
        "rm2": 0.3501721194093881,
        "pearson": 0.6079679715223597,
        "spearman": 0.5275558900346938,
        "r2": 0.36003655195236206,
        "bias": -0.06155715137720108
      },
      "val_delta_abs_mean": 0.6572386622428894,
      "val_gate_mean": 0.9095651507377625
    },
    {
      "epoch": 63,
      "train": {
        "loss": 0.21520949648521948,
        "mse": 0.21335144299962494,
        "align": 2.5226531134792985e-07,
        "reconstruct": 0.02057172179195567
      },
      "val": {
        "mse": 0.48735731840133667,
        "rmse": 0.6981098182960448,
        "mae": 0.41456639766693115,
        "ci": 0.7854901071041314,
        "rm2": 0.34891348296968,
        "pearson": 0.6086182965101367,
        "spearman": 0.5267710609557942,
        "r2": 0.358012318611145,
        "bias": -0.07169484347105026
      },
      "val_delta_abs_mean": 0.6816372275352478,
      "val_gate_mean": 0.8854660391807556
    },
    {
      "epoch": 64,
      "train": {
        "loss": 0.21537112796330712,
        "mse": 0.21354862120276158,
        "align": 2.603449628203232e-07,
        "reconstruct": 0.021767986082440793
      },
      "val": {
        "mse": 0.48648008704185486,
        "rmse": 0.6974812449391417,
        "mae": 0.41681209206581116,
        "ci": 0.7872825758433626,
        "rm2": 0.34895198283300943,
        "pearson": 0.6065661331462439,
        "spearman": 0.5300318507841923,
        "r2": 0.3591678738594055,
        "bias": -0.05754220485687256
      },
      "val_delta_abs_mean": 0.6434763073921204,
      "val_gate_mean": 0.892355740070343
    },
    {
      "epoch": 65,
      "train": {
        "loss": 0.2155491364286852,
        "mse": 0.21371163572867521,
        "align": 2.550541683192247e-07,
        "reconstruct": 0.021017221145922197
      },
      "val": {
        "mse": 0.4832812249660492,
        "rmse": 0.6951843100689552,
        "mae": 0.41692307591438293,
        "ci": 0.7840314477346991,
        "rm2": 0.35269446584510517,
        "pearson": 0.6109997062166086,
        "spearman": 0.523722482309695,
        "r2": 0.3633817434310913,
        "bias": -0.06137491390109062
      },
      "val_delta_abs_mean": 0.6613866686820984,
      "val_gate_mean": 0.8995540738105774
    },
    {
      "epoch": 66,
      "train": {
        "loss": 0.21536807515551293,
        "mse": 0.21350550261411583,
        "align": 2.53734338888365e-07,
        "reconstruct": 0.0198588941820648
      },
      "val": {
        "mse": 0.4805457592010498,
        "rmse": 0.6932140789114498,
        "mae": 0.40904712677001953,
        "ci": 0.7907874723930078,
        "rm2": 0.35691308763843854,
        "pearson": 0.6166313505869877,
        "spearman": 0.5366390652176677,
        "r2": 0.3669850826263428,
        "bias": -0.07356340438127518
      },
      "val_delta_abs_mean": 0.7304894924163818,
      "val_gate_mean": 0.9132437705993652
    },
    {
      "epoch": 67,
      "train": {
        "loss": 0.215500687404031,
        "mse": 0.21357191389112232,
        "align": 2.4021469480529766e-07,
        "reconstruct": 0.021273772020362403
      },
      "val": {
        "mse": 0.4809945225715637,
        "rmse": 0.6935376864825471,
        "mae": 0.4158575236797333,
        "ci": 0.7860139373049384,
        "rm2": 0.35414426971855956,
        "pearson": 0.6130106755672803,
        "spearman": 0.5276080356531344,
        "r2": 0.3663939833641052,
        "bias": -0.05599837005138397
      },
      "val_delta_abs_mean": 0.6561636924743652,
      "val_gate_mean": 0.9004403948783875
    },
    {
      "epoch": 68,
      "train": {
        "loss": 0.21512388328741797,
        "mse": 0.21324439669144307,
        "align": 2.4124760479466615e-07,
        "reconstruct": 0.019701588010343527
      },
      "val": {
        "mse": 0.4805239140987396,
        "rmse": 0.6931983223427042,
        "mae": 0.41054514050483704,
        "ci": 0.7907964337183716,
        "rm2": 0.3560998716984874,
        "pearson": 0.6152731509078477,
        "spearman": 0.5364395397847496,
        "r2": 0.3670138716697693,
        "bias": -0.06672195345163345
      },
      "val_delta_abs_mean": 0.660984992980957,
      "val_gate_mean": 0.874395489692688
    },
    {
      "epoch": 69,
      "train": {
        "loss": 0.2152681501598942,
        "mse": 0.21331098387086886,
        "align": 2.3830954971379583e-07,
        "reconstruct": 0.022037469777362435
      },
      "val": {
        "mse": 0.4796016812324524,
        "rmse": 0.6925328015570471,
        "mae": 0.4099831283092499,
        "ci": 0.7913314655758833,
        "rm2": 0.3569637010829639,
        "pearson": 0.6178272304771375,
        "spearman": 0.5375743306879595,
        "r2": 0.3682287335395813,
        "bias": -0.0716870129108429
      },
      "val_delta_abs_mean": 0.6814608573913574,
      "val_gate_mean": 0.8909777998924255
    },
    {
      "epoch": 70,
      "train": {
        "loss": 0.21532957376203007,
        "mse": 0.21342741518056438,
        "align": 2.401458341393398e-07,
        "reconstruct": 0.02077327201418529
      },
      "val": {
        "mse": 0.483269065618515,
        "rmse": 0.6951755646011409,
        "mae": 0.4126952290534973,
        "ci": 0.7892192404543555,
        "rm2": 0.35280951385988557,
        "pearson": 0.6124326830447042,
        "spearman": 0.5332576794840391,
        "r2": 0.3633977174758911,
        "bias": -0.06714959442615509
      },
      "val_delta_abs_mean": 0.6738883852958679,
      "val_gate_mean": 0.874529242515564
    },
    {
      "epoch": 71,
      "train": {
        "loss": 0.21521297974175388,
        "mse": 0.21342520079656802,
        "align": 2.4528743053086285e-07,
        "reconstruct": 0.01928611180989933
      },
      "val": {
        "mse": 0.48074454069137573,
        "rmse": 0.693357440784604,
        "mae": 0.4154968857765198,
        "ci": 0.7861398031930017,
        "rm2": 0.35504704409149335,
        "pearson": 0.6133371845113501,
        "spearman": 0.5274841174446153,
        "r2": 0.3667232394218445,
        "bias": -0.05786532908678055
      },
      "val_delta_abs_mean": 0.692615270614624,
      "val_gate_mean": 0.8701052665710449
    },
    {
      "epoch": 72,
      "train": {
        "loss": 0.2152944258320512,
        "mse": 0.21344092900592118,
        "align": 2.6952638494804297e-07,
        "reconstruct": 0.01951771311322411
      },
      "val": {
        "mse": 0.48846435546875,
        "rmse": 0.6989022502959552,
        "mae": 0.4123495817184448,
        "ci": 0.7866558940673583,
        "rm2": 0.34932427395249843,
        "pearson": 0.6087121707051193,
        "spearman": 0.5290163251886438,
        "r2": 0.3565540909767151,
        "bias": -0.07969968765974045
      },
      "val_delta_abs_mean": 0.726974606513977,
      "val_gate_mean": 0.9073477387428284
    }
  ]
}
