{"epoch": 1, "train": {"loss": 0.22594596615273305, "mse": 0.22383572277543495, "align": 0.03787177164744881, "reconstruct": 0.0017354654779494223}, "val": {"mse": 0.49276936054229736, "rmse": 0.7019753275880124, "mae": 0.42269453406333923, "ci": 0.7892084461306219, "rm2": 0.3385999823723343, "pearson": 0.5986403146756767, "spearman": 0.5328379208210148, "r2": 0.3508831262588501, "bias": -0.044370152056217194}, "val_delta_abs_mean": 0.40481680631637573, "val_gate_mean": 0.7690218687057495}
{"epoch": 2, "train": {"loss": 0.22315849535525148, "mse": 0.22271996913699244, "align": 0.0008346960773433129, "reconstruct": 0.0001850389104532502}, "val": {"mse": 0.49437206983566284, "rmse": 0.7031159718251768, "mae": 0.4273378252983093, "ci": 0.786737360661574, "rm2": 0.3370334334180436, "pearson": 0.594952479907612, "spearman": 0.5282739261122693, "r2": 0.34877192974090576, "bias": -0.03404344618320465}, "val_delta_abs_mean": 0.41391870379447937, "val_gate_mean": 0.757826566696167}
{"epoch": 3, "train": {"loss": 0.22291822412153564, "mse": 0.2224996221301369, "align": 0.0005161234018857042, "reconstruct": 9.868859291746931e-05}, "val": {"mse": 0.49424806237220764, "rmse": 0.7030277820770724, "mae": 0.42394277453422546, "ci": 0.7870178094121615, "rm2": 0.33831728377891473, "pearson": 0.5960307517853214, "spearman": 0.528061514764604, "r2": 0.3489353060722351, "bias": -0.044104643166065216}, "val_delta_abs_mean": 0.6850440502166748, "val_gate_mean": 0.7716118693351746}
{"epoch": 4, "train": {"loss": 0.2226291102010843, "mse": 0.22205105848855, "align": 0.00035823224724067855, "reconstruct": 6.147530673331113e-05}, "val": {"mse": 0.491182804107666, "rmse": 0.7008443508423722, "mae": 0.41724061965942383, "ci": 0.7916536659560064, "rm2": 0.34235528929274567, "pearson": 0.601369133746605, "spearman": 0.5368637692898105, "r2": 0.3529731035232544, "bias": -0.054898448288440704}, "val_delta_abs_mean": 0.652843177318573, "val_gate_mean": 0.7447975277900696}
{"epoch": 5, "train": {"loss": 0.2225905488464593, "mse": 0.22195320581163538, "align": 0.0002774873894929909, "reconstruct": 3.8391443258442706e-05}, "val": {"mse": 0.4916289448738098, "rmse": 0.7011625666518498, "mae": 0.4164399206638336, "ci": 0.7906701604973373, "rm2": 0.3420364574263432, "pearson": 0.6019742174022221, "spearman": 0.5351655777094056, "r2": 0.35238540172576904, "bias": -0.06011512130498886}, "val_delta_abs_mean": 0.6963943839073181, "val_gate_mean": 0.7470054626464844}
{"epoch": 6, "train": {"loss": 0.22257656164132356, "mse": 0.2219891231756324, "align": 0.0002598574120901748, "reconstruct": 3.032971987099783e-05}, "val": {"mse": 0.49370062351226807, "rmse": 0.7026383305173922, "mae": 0.4272480010986328, "ci": 0.785824934806358, "rm2": 0.33812709876867053, "pearson": 0.5954849558927081, "spearman": 0.526362086070552, "r2": 0.3496564030647278, "bias": -0.03356610983610153}, "val_delta_abs_mean": 0.43210795521736145, "val_gate_mean": 0.4142511785030365}
{"epoch": 7, "train": {"loss": 0.22239846750323486, "mse": 0.22174933204995642, "align": 0.00022650859899237167, "reconstruct": 2.2754468247222527e-05}, "val": {"mse": 0.49426111578941345, "rmse": 0.7030370657294063, "mae": 0.420581191778183, "ci": 0.7875660795912333, "rm2": 0.3385567590640722, "pearson": 0.5975288191031286, "spearman": 0.5298493622879463, "r2": 0.348918080329895, "bias": -0.052661847323179245}, "val_delta_abs_mean": 0.5758592486381531, "val_gate_mean": 0.5914737582206726}
{"epoch": 8, "train": {"loss": 0.2222440756525286, "mse": 0.2216203161372284, "align": 0.00018424196813452448, "reconstruct": 1.9089576237333284e-05}, "val": {"mse": 0.4906822443008423, "rmse": 0.70048714784844, "mae": 0.4154958128929138, "ci": 0.7914157835008966, "rm2": 0.34317262227699, "pearson": 0.6034066718146606, "spearman": 0.536895442884248, "r2": 0.35363245010375977, "bias": -0.06164590269327164}, "val_delta_abs_mean": 0.6976925730705261, "val_gate_mean": 0.6337621808052063}
{"epoch": 9, "train": {"loss": 0.22220037006615698, "mse": 0.22149995818219148, "align": 0.0001565456746160967, "reconstruct": 1.1757821022763777e-05}, "val": {"mse": 0.4941886365413666, "rmse": 0.7029855165943083, "mae": 0.42111027240753174, "ci": 0.7873748367613118, "rm2": 0.33914893446722444, "pearson": 0.5969239705507793, "spearman": 0.5291473111771585, "r2": 0.3490135669708252, "bias": -0.050814174115657806}, "val_delta_abs_mean": 0.6447200179100037, "val_gate_mean": 0.5623286366462708}
{"epoch": 10, "train": {"loss": 0.22225660177205403, "mse": 0.22148744489800726, "align": 0.00011867613584460222, "reconstruct": 8.578414400163358e-06}, "val": {"mse": 0.49343204498291016, "rmse": 0.7024471830557157, "mae": 0.42317643761634827, "ci": 0.7864247326062711, "rm2": 0.3395745259082938, "pearson": 0.5970092926452826, "spearman": 0.5268437046030134, "r2": 0.3500102162361145, "bias": -0.04535108432173729}, "val_delta_abs_mean": 0.6530283689498901, "val_gate_mean": 0.5769648551940918}
{"epoch": 11, "train": {"loss": 0.22221442553803541, "mse": 0.2213972369780081, "align": 0.00010840761612179397, "reconstruct": 6.882462778635183e-06}, "val": {"mse": 0.4939923882484436, "rmse": 0.7028459207027125, "mae": 0.425305038690567, "ci": 0.786167501835035, "rm2": 0.3385635542219217, "pearson": 0.5955216359234585, "spearman": 0.5266817213673027, "r2": 0.34927207231521606, "bias": -0.039004553109407425}, "val_delta_abs_mean": 0.5345382690429688, "val_gate_mean": 0.592681348323822}
{"epoch": 12, "train": {"loss": 0.22202933354308083, "mse": 0.22134185356737227, "align": 9.444485365328758e-05, "reconstruct": 5.753499674115928e-06}, "val": {"mse": 0.4956660568714142, "rmse": 0.7040355508576355, "mae": 0.4161645174026489, "ci": 0.7884072221765104, "rm2": 0.3394895365102242, "pearson": 0.5979332871222302, "spearman": 0.5309587930302155, "r2": 0.34706735610961914, "bias": -0.06751997768878937}, "val_delta_abs_mean": 0.9775384068489075, "val_gate_mean": 0.5920681953430176}
{"epoch": 13, "train": {"loss": 0.22221396170119712, "mse": 0.22134878602238606, "align": 0.00010653627587888862, "reconstruct": 6.201401309955496e-06}, "val": {"mse": 0.4964272975921631, "rmse": 0.7045759700643807, "mae": 0.4214763641357422, "ci": 0.78656404048238, "rm2": 0.33679266092961513, "pearson": 0.5949340228935863, "spearman": 0.5276408690210784, "r2": 0.34606462717056274, "bias": -0.0542210154235363}, "val_delta_abs_mean": 0.6757459044456482, "val_gate_mean": 0.4428366720676422}
{"epoch": 14, "train": {"loss": 0.22221781465630105, "mse": 0.22144719353048797, "align": 7.203669776193008e-05, "reconstruct": 4.3581230610375985e-06}, "val": {"mse": 0.4939030408859253, "rmse": 0.7027823566979505, "mae": 0.41528043150901794, "ci": 0.7903481637836997, "rm2": 0.3401199210662512, "pearson": 0.600822886918162, "spearman": 0.5351135095512705, "r2": 0.34938979148864746, "bias": -0.06725310534238815}, "val_delta_abs_mean": 0.6922221779823303, "val_gate_mean": 0.48175182938575745}
{"epoch": 15, "train": {"loss": 0.22203164802251082, "mse": 0.22121016533430793, "align": 6.148030028669601e-05, "reconstruct": 3.609988805559668e-06}, "val": {"mse": 0.49497169256210327, "rmse": 0.7035422464657707, "mae": 0.41964972019195557, "ci": 0.7872815575109349, "rm2": 0.3390769002370194, "pearson": 0.5969730252843005, "spearman": 0.5287394615669495, "r2": 0.3479820489883423, "bias": -0.05749547854065895}, "val_delta_abs_mean": 0.8269751667976379, "val_gate_mean": 0.4540991485118866}
{"epoch": 16, "train": {"loss": 0.22203249776312875, "mse": 0.22114234044466463, "align": 5.3691527744086446e-05, "reconstruct": 3.277511856534185e-06}, "val": {"mse": 0.4936750829219818, "rmse": 0.7026201555050793, "mae": 0.4205210506916046, "ci": 0.7881811523775618, "rm2": 0.34009168569911963, "pearson": 0.5973419595637034, "spearman": 0.5303602180741102, "r2": 0.3496900796890259, "bias": -0.05094067379832268}, "val_delta_abs_mean": 0.6962648630142212, "val_gate_mean": 0.4292396306991577}
{"epoch": 17, "train": {"loss": 0.22205980122089386, "mse": 0.22122040884469762, "align": 5.0644741671668604e-05, "reconstruct": 3.02890570387201e-06}, "val": {"mse": 0.49470898509025574, "rmse": 0.703355518276679, "mae": 0.4183694124221802, "ci": 0.7887921518341796, "rm2": 0.3391427119812793, "pearson": 0.5977819386386071, "spearman": 0.5318028949660769, "r2": 0.3483281135559082, "bias": -0.05907025933265686}, "val_delta_abs_mean": 0.693493664264679, "val_gate_mean": 0.3608405590057373}
{"epoch": 18, "train": {"loss": 0.22204139218404292, "mse": 0.22125444419576584, "align": 4.422870076654092e-05, "reconstruct": 2.7480657615458896e-06}, "val": {"mse": 0.4945966601371765, "rmse": 0.7032756643999396, "mae": 0.42721137404441833, "ci": 0.7837599603094753, "rm2": 0.33876304780349326, "pearson": 0.5940520321844085, "spearman": 0.5212593804492253, "r2": 0.3484760522842407, "bias": -0.03653073310852051}, "val_delta_abs_mean": 0.7581214904785156, "val_gate_mean": 0.37169599533081055}
{"epoch": 19, "train": {"loss": 0.22211396723879512, "mse": 0.22119929594502155, "align": 4.143816818570774e-05, "reconstruct": 2.6305811480370667e-06}, "val": {"mse": 0.49237799644470215, "rmse": 0.7016965130629496, "mae": 0.4191233217716217, "ci": 0.7894357379284838, "rm2": 0.34117170136208924, "pearson": 0.5996360961372954, "spearman": 0.5327286951447822, "r2": 0.3513987064361572, "bias": -0.05373802408576012}, "val_delta_abs_mean": 0.6401252746582031, "val_gate_mean": 0.25632205605506897}
{"epoch": 20, "train": {"loss": 0.2220693941156272, "mse": 0.221242130948947, "align": 4.0502328781784587e-05, "reconstruct": 2.6058823676950663e-06}, "val": {"mse": 0.4943683445453644, "rmse": 0.7031133226908479, "mae": 0.41790586709976196, "ci": 0.7886282003133205, "rm2": 0.33972432307200306, "pearson": 0.5983005224390466, "spearman": 0.5313532080162848, "r2": 0.34877681732177734, "bias": -0.06009640917181969}, "val_delta_abs_mean": 0.729386031627655, "val_gate_mean": 0.3186418116092682}
{
  "guardrail": "validation only; test indices and metrics were not accessed",
  "condition": "no_fragment_edges",
  "seed": 42,
  "best_epoch": 0,
  "epoch0_max_abs_difference": 1.9073486328125e-06,
  "baseline": {
    "mse": 0.48946526646614075,
    "rmse": 0.6996179432133947,
    "mae": 0.43143847584724426,
    "ci": 0.7885622123720057,
    "rm2": 0.3410284448121984,
    "pearson": 0.5995077496596147,
    "spearman": 0.5319472626673567,
    "r2": 0.35523557662963867,
    "bias": -0.015189344994723797
  },
  "best": {
    "mse": 0.48946526646614075,
    "rmse": 0.6996179432133947,
    "mae": 0.43143847584724426,
    "ci": 0.7885683223665719,
    "rm2": 0.34102838978785627,
    "pearson": 0.5995077184676597,
    "spearman": 0.5319483491333816,
    "r2": 0.35523557662963867,
    "bias": -0.01518935989588499
  },
  "relative_mse_gain": 0.0,
  "delta_abs_mean": 0.0,
  "atom_gate_mean": 0.5777296423912048,
  "drug_bootstrap": {
    "drugs": 7,
    "improved": 4,
    "worsened": 3,
    "improvements": [
      -3.506460544144829e-08,
      -1.7684622832803143e-07,
      3.676248283568384e-08,
      2.1462932764393372e-08,
      -8.558738784358866e-08,
      1.33754491926652e-08,
      1.896928658595698e-08
    ],
    "mean": -2.9561152890624143e-08,
    "ci95": [
      -8.805032804458182e-08,
      1.674669765718164e-08
    ],
    "probability_positive": 0.1315
  },
  "args": {
    "project": "/data1/ztx/MyModel-MDTA",
    "checkpoint": "outputs/Refine_experiment/davis/cold_start/drug_cold_5fold_seed42/baseline/fold_1/best_model.pt",
    "global_cache": "experiments/pdbbind_to_davis_transfer/data/global_predictions/fold1_with_features.pt",
    "drug_cache": "experiments/brics_hierarchical/data/fold1_drug_encoder_inputs.pt",
    "split": "data/splits/davis_drug_cold_5fold_seed42/fold_1/split.json",
    "condition": "no_fragment_edges",
    "seed": 42,
    "device": "cuda:1",
    "batch_size": 128,
    "epochs": 100,
    "patience": 20,
    "lr": 0.0003,
    "weight_decay": 1e-05,
    "lambda_align": 0.05,
    "lambda_reconstruct": 0.02,
    "lambda_delta": 0.001,
    "output_dir": "experiments/brics_hierarchical/outputs/no_fragment_edges_seed42"
  },
  "history": [
    {
      "epoch": 1,
      "train": {
        "loss": 0.22594596615273305,
        "mse": 0.22383572277543495,
        "align": 0.03787177164744881,
        "reconstruct": 0.0017354654779494223
      },
      "val": {
        "mse": 0.49276936054229736,
        "rmse": 0.7019753275880124,
        "mae": 0.42269453406333923,
        "ci": 0.7892084461306219,
        "rm2": 0.3385999823723343,
        "pearson": 0.5986403146756767,
        "spearman": 0.5328379208210148,
        "r2": 0.3508831262588501,
        "bias": -0.044370152056217194
      },
      "val_delta_abs_mean": 0.40481680631637573,
      "val_gate_mean": 0.7690218687057495
    },
    {
      "epoch": 2,
      "train": {
        "loss": 0.22315849535525148,
        "mse": 0.22271996913699244,
        "align": 0.0008346960773433129,
        "reconstruct": 0.0001850389104532502
      },
      "val": {
        "mse": 0.49437206983566284,
        "rmse": 0.7031159718251768,
        "mae": 0.4273378252983093,
        "ci": 0.786737360661574,
        "rm2": 0.3370334334180436,
        "pearson": 0.594952479907612,
        "spearman": 0.5282739261122693,
        "r2": 0.34877192974090576,
        "bias": -0.03404344618320465
      },
      "val_delta_abs_mean": 0.41391870379447937,
      "val_gate_mean": 0.757826566696167
    },
    {
      "epoch": 3,
      "train": {
        "loss": 0.22291822412153564,
        "mse": 0.2224996221301369,
        "align": 0.0005161234018857042,
        "reconstruct": 9.868859291746931e-05
      },
      "val": {
        "mse": 0.49424806237220764,
        "rmse": 0.7030277820770724,
        "mae": 0.42394277453422546,
        "ci": 0.7870178094121615,
        "rm2": 0.33831728377891473,
        "pearson": 0.5960307517853214,
        "spearman": 0.528061514764604,
        "r2": 0.3489353060722351,
        "bias": -0.044104643166065216
      },
      "val_delta_abs_mean": 0.6850440502166748,
      "val_gate_mean": 0.7716118693351746
    },
    {
      "epoch": 4,
      "train": {
        "loss": 0.2226291102010843,
        "mse": 0.22205105848855,
        "align": 0.00035823224724067855,
        "reconstruct": 6.147530673331113e-05
      },
      "val": {
        "mse": 0.491182804107666,
        "rmse": 0.7008443508423722,
        "mae": 0.41724061965942383,
        "ci": 0.7916536659560064,
        "rm2": 0.34235528929274567,
        "pearson": 0.601369133746605,
        "spearman": 0.5368637692898105,
        "r2": 0.3529731035232544,
        "bias": -0.054898448288440704
      },
      "val_delta_abs_mean": 0.652843177318573,
      "val_gate_mean": 0.7447975277900696
    },
    {
      "epoch": 5,
      "train": {
        "loss": 0.2225905488464593,
        "mse": 0.22195320581163538,
        "align": 0.0002774873894929909,
        "reconstruct": 3.8391443258442706e-05
      },
      "val": {
        "mse": 0.4916289448738098,
        "rmse": 0.7011625666518498,
        "mae": 0.4164399206638336,
        "ci": 0.7906701604973373,
        "rm2": 0.3420364574263432,
        "pearson": 0.6019742174022221,
        "spearman": 0.5351655777094056,
        "r2": 0.35238540172576904,
        "bias": -0.06011512130498886
      },
      "val_delta_abs_mean": 0.6963943839073181,
      "val_gate_mean": 0.7470054626464844
    },
    {
      "epoch": 6,
      "train": {
        "loss": 0.22257656164132356,
        "mse": 0.2219891231756324,
        "align": 0.0002598574120901748,
        "reconstruct": 3.032971987099783e-05
      },
      "val": {
        "mse": 0.49370062351226807,
        "rmse": 0.7026383305173922,
        "mae": 0.4272480010986328,
        "ci": 0.785824934806358,
        "rm2": 0.33812709876867053,
        "pearson": 0.5954849558927081,
        "spearman": 0.526362086070552,
        "r2": 0.3496564030647278,
        "bias": -0.03356610983610153
      },
      "val_delta_abs_mean": 0.43210795521736145,
      "val_gate_mean": 0.4142511785030365
    },
    {
      "epoch": 7,
      "train": {
        "loss": 0.22239846750323486,
        "mse": 0.22174933204995642,
        "align": 0.00022650859899237167,
        "reconstruct": 2.2754468247222527e-05
      },
      "val": {
        "mse": 0.49426111578941345,
        "rmse": 0.7030370657294063,
        "mae": 0.420581191778183,
        "ci": 0.7875660795912333,
        "rm2": 0.3385567590640722,
        "pearson": 0.5975288191031286,
        "spearman": 0.5298493622879463,
        "r2": 0.348918080329895,
        "bias": -0.052661847323179245
      },
      "val_delta_abs_mean": 0.5758592486381531,
      "val_gate_mean": 0.5914737582206726
    },
    {
      "epoch": 8,
      "train": {
        "loss": 0.2222440756525286,
        "mse": 0.2216203161372284,
        "align": 0.00018424196813452448,
        "reconstruct": 1.9089576237333284e-05
      },
      "val": {
        "mse": 0.4906822443008423,
        "rmse": 0.70048714784844,
        "mae": 0.4154958128929138,
        "ci": 0.7914157835008966,
        "rm2": 0.34317262227699,
        "pearson": 0.6034066718146606,
        "spearman": 0.536895442884248,
        "r2": 0.35363245010375977,
        "bias": -0.06164590269327164
      },
      "val_delta_abs_mean": 0.6976925730705261,
      "val_gate_mean": 0.6337621808052063
    },
    {
      "epoch": 9,
      "train": {
        "loss": 0.22220037006615698,
        "mse": 0.22149995818219148,
        "align": 0.0001565456746160967,
        "reconstruct": 1.1757821022763777e-05
      },
      "val": {
        "mse": 0.4941886365413666,
        "rmse": 0.7029855165943083,
        "mae": 0.42111027240753174,
        "ci": 0.7873748367613118,
        "rm2": 0.33914893446722444,
        "pearson": 0.5969239705507793,
        "spearman": 0.5291473111771585,
        "r2": 0.3490135669708252,
        "bias": -0.050814174115657806
      },
      "val_delta_abs_mean": 0.6447200179100037,
      "val_gate_mean": 0.5623286366462708
    },
    {
      "epoch": 10,
      "train": {
        "loss": 0.22225660177205403,
        "mse": 0.22148744489800726,
        "align": 0.00011867613584460222,
        "reconstruct": 8.578414400163358e-06
      },
      "val": {
        "mse": 0.49343204498291016,
        "rmse": 0.7024471830557157,
        "mae": 0.42317643761634827,
        "ci": 0.7864247326062711,
        "rm2": 0.3395745259082938,
        "pearson": 0.5970092926452826,
        "spearman": 0.5268437046030134,
        "r2": 0.3500102162361145,
        "bias": -0.04535108432173729
      },
      "val_delta_abs_mean": 0.6530283689498901,
      "val_gate_mean": 0.5769648551940918
    },
    {
      "epoch": 11,
      "train": {
        "loss": 0.22221442553803541,
        "mse": 0.2213972369780081,
        "align": 0.00010840761612179397,
        "reconstruct": 6.882462778635183e-06
      },
      "val": {
        "mse": 0.4939923882484436,
        "rmse": 0.7028459207027125,
        "mae": 0.425305038690567,
        "ci": 0.786167501835035,
        "rm2": 0.3385635542219217,
        "pearson": 0.5955216359234585,
        "spearman": 0.5266817213673027,
        "r2": 0.34927207231521606,
        "bias": -0.039004553109407425
      },
      "val_delta_abs_mean": 0.5345382690429688,
      "val_gate_mean": 0.592681348323822
    },
    {
      "epoch": 12,
      "train": {
        "loss": 0.22202933354308083,
        "mse": 0.22134185356737227,
        "align": 9.444485365328758e-05,
        "reconstruct": 5.753499674115928e-06
      },
      "val": {
        "mse": 0.4956660568714142,
        "rmse": 0.7040355508576355,
        "mae": 0.4161645174026489,
        "ci": 0.7884072221765104,
        "rm2": 0.3394895365102242,
        "pearson": 0.5979332871222302,
        "spearman": 0.5309587930302155,
        "r2": 0.34706735610961914,
        "bias": -0.06751997768878937
      },
      "val_delta_abs_mean": 0.9775384068489075,
      "val_gate_mean": 0.5920681953430176
    },
    {
      "epoch": 13,
      "train": {
        "loss": 0.22221396170119712,
        "mse": 0.22134878602238606,
        "align": 0.00010653627587888862,
        "reconstruct": 6.201401309955496e-06
      },
      "val": {
        "mse": 0.4964272975921631,
        "rmse": 0.7045759700643807,
        "mae": 0.4214763641357422,
        "ci": 0.78656404048238,
        "rm2": 0.33679266092961513,
        "pearson": 0.5949340228935863,
        "spearman": 0.5276408690210784,
        "r2": 0.34606462717056274,
        "bias": -0.0542210154235363
      },
      "val_delta_abs_mean": 0.6757459044456482,
      "val_gate_mean": 0.4428366720676422
    },
    {
      "epoch": 14,
      "train": {
        "loss": 0.22221781465630105,
        "mse": 0.22144719353048797,
        "align": 7.203669776193008e-05,
        "reconstruct": 4.3581230610375985e-06
      },
      "val": {
        "mse": 0.4939030408859253,
        "rmse": 0.7027823566979505,
        "mae": 0.41528043150901794,
        "ci": 0.7903481637836997,
        "rm2": 0.3401199210662512,
        "pearson": 0.600822886918162,
        "spearman": 0.5351135095512705,
        "r2": 0.34938979148864746,
        "bias": -0.06725310534238815
      },
      "val_delta_abs_mean": 0.6922221779823303,
      "val_gate_mean": 0.48175182938575745
    },
    {
      "epoch": 15,
      "train": {
        "loss": 0.22203164802251082,
        "mse": 0.22121016533430793,
        "align": 6.148030028669601e-05,
        "reconstruct": 3.609988805559668e-06
      },
      "val": {
        "mse": 0.49497169256210327,
        "rmse": 0.7035422464657707,
        "mae": 0.41964972019195557,
        "ci": 0.7872815575109349,
        "rm2": 0.3390769002370194,
        "pearson": 0.5969730252843005,
        "spearman": 0.5287394615669495,
        "r2": 0.3479820489883423,
        "bias": -0.05749547854065895
      },
      "val_delta_abs_mean": 0.8269751667976379,
      "val_gate_mean": 0.4540991485118866
    },
    {
      "epoch": 16,
      "train": {
        "loss": 0.22203249776312875,
        "mse": 0.22114234044466463,
        "align": 5.3691527744086446e-05,
        "reconstruct": 3.277511856534185e-06
      },
      "val": {
        "mse": 0.4936750829219818,
        "rmse": 0.7026201555050793,
        "mae": 0.4205210506916046,
        "ci": 0.7881811523775618,
        "rm2": 0.34009168569911963,
        "pearson": 0.5973419595637034,
        "spearman": 0.5303602180741102,
        "r2": 0.3496900796890259,
        "bias": -0.05094067379832268
      },
      "val_delta_abs_mean": 0.6962648630142212,
      "val_gate_mean": 0.4292396306991577
    },
    {
      "epoch": 17,
      "train": {
        "loss": 0.22205980122089386,
        "mse": 0.22122040884469762,
        "align": 5.0644741671668604e-05,
        "reconstruct": 3.02890570387201e-06
      },
      "val": {
        "mse": 0.49470898509025574,
        "rmse": 0.703355518276679,
        "mae": 0.4183694124221802,
        "ci": 0.7887921518341796,
        "rm2": 0.3391427119812793,
        "pearson": 0.5977819386386071,
        "spearman": 0.5318028949660769,
        "r2": 0.3483281135559082,
        "bias": -0.05907025933265686
      },
      "val_delta_abs_mean": 0.693493664264679,
      "val_gate_mean": 0.3608405590057373
    },
    {
      "epoch": 18,
      "train": {
        "loss": 0.22204139218404292,
        "mse": 0.22125444419576584,
        "align": 4.422870076654092e-05,
        "reconstruct": 2.7480657615458896e-06
      },
      "val": {
        "mse": 0.4945966601371765,
        "rmse": 0.7032756643999396,
        "mae": 0.42721137404441833,
        "ci": 0.7837599603094753,
        "rm2": 0.33876304780349326,
        "pearson": 0.5940520321844085,
        "spearman": 0.5212593804492253,
        "r2": 0.3484760522842407,
        "bias": -0.03653073310852051
      },
      "val_delta_abs_mean": 0.7581214904785156,
      "val_gate_mean": 0.37169599533081055
    },
    {
      "epoch": 19,
      "train": {
        "loss": 0.22211396723879512,
        "mse": 0.22119929594502155,
        "align": 4.143816818570774e-05,
        "reconstruct": 2.6305811480370667e-06
      },
      "val": {
        "mse": 0.49237799644470215,
        "rmse": 0.7016965130629496,
        "mae": 0.4191233217716217,
        "ci": 0.7894357379284838,
        "rm2": 0.34117170136208924,
        "pearson": 0.5996360961372954,
        "spearman": 0.5327286951447822,
        "r2": 0.3513987064361572,
        "bias": -0.05373802408576012
      },
      "val_delta_abs_mean": 0.6401252746582031,
      "val_gate_mean": 0.25632205605506897
    },
    {
      "epoch": 20,
      "train": {
        "loss": 0.2220693941156272,
        "mse": 0.221242130948947,
        "align": 4.0502328781784587e-05,
        "reconstruct": 2.6058823676950663e-06
      },
      "val": {
        "mse": 0.4943683445453644,
        "rmse": 0.7031133226908479,
        "mae": 0.41790586709976196,
        "ci": 0.7886282003133205,
        "rm2": 0.33972432307200306,
        "pearson": 0.5983005224390466,
        "spearman": 0.5313532080162848,
        "r2": 0.34877681732177734,
        "bias": -0.06009640917181969
      },
      "val_delta_abs_mean": 0.729386031627655,
      "val_gate_mean": 0.3186418116092682
    }
  ]
}
