{"step": 100, "loss": 0.42982584074139596, "reconstruction": 0.4230642455816269, "alignment": 0.06761594772338868}
{"step": 200, "loss": 0.24807517364621162, "reconstruction": 0.24758828997612, "alignment": 0.004868842363357544}
{"step": 300, "loss": 0.19891008615493774, "reconstruction": 0.19855574235320092, "alignment": 0.003543434739112854}
{"step": 400, "loss": 0.18368299044668673, "reconstruction": 0.183427519723773, "alignment": 0.002554706335067749}
{"step": 500, "loss": 0.16245611630380152, "reconstruction": 0.16226980209350586, "alignment": 0.0018631362915039063}
{"step": 600, "loss": 0.1509358587116003, "reconstruction": 0.15077107526361944, "alignment": 0.0016478300094604492}
{"step": 700, "loss": 0.1461741368472576, "reconstruction": 0.14603634759783746, "alignment": 0.001377895474433899}
{"step": 800, "loss": 0.14377472549676895, "reconstruction": 0.14365349628031254, "alignment": 0.001212291717529297}
{"step": 900, "loss": 0.12918154805898666, "reconstruction": 0.12907942511141302, "alignment": 0.0010212308168411255}
{"step": 1000, "loss": 0.1263715974986553, "reconstruction": 0.12627862803637982, "alignment": 0.0009297001361846924}
{"step": 1100, "loss": 0.12039062783122062, "reconstruction": 0.12030696623027325, "alignment": 0.0008366167545318604}
{"step": 1200, "loss": 0.11698679149150848, "reconstruction": 0.11691564001142979, "alignment": 0.000711514949798584}
{"step": 1300, "loss": 0.11387043416500092, "reconstruction": 0.11380614042282104, "alignment": 0.0006429356336593628}
{"step": 1400, "loss": 0.10341286435723304, "reconstruction": 0.1033573330938816, "alignment": 0.000555315613746643}
{"step": 1500, "loss": 0.09887589514255524, "reconstruction": 0.09882423602044582, "alignment": 0.0005165958404541016}
{"step": 1600, "loss": 0.10403872445225716, "reconstruction": 0.10398717228323222, "alignment": 0.0005155235528945922}
{"step": 1700, "loss": 0.09483612477779388, "reconstruction": 0.09479175481945276, "alignment": 0.00044370114803314207}
{"step": 1800, "loss": 0.0912511856853962, "reconstruction": 0.09121092073619366, "alignment": 0.0004026508331298828}
{"step": 1900, "loss": 0.08890683032572269, "reconstruction": 0.08887158669531345, "alignment": 0.00035243690013885497}
{"step": 2000, "loss": 0.08743656698614359, "reconstruction": 0.08740486912429332, "alignment": 0.00031697452068328856}
{"step": 2100, "loss": 0.08146562874317169, "reconstruction": 0.08143585424870253, "alignment": 0.0002977490425109863}
{"step": 2200, "loss": 0.07679584890604019, "reconstruction": 0.07676811255514622, "alignment": 0.00027736306190490723}
{"step": 2300, "loss": 0.07315349288284778, "reconstruction": 0.0731280648894608, "alignment": 0.0002542799711227417}
{"step": 2400, "loss": 0.07311979480087757, "reconstruction": 0.07309582430869341, "alignment": 0.00023970723152160644}
{"step": 2500, "loss": 0.07078045092523098, "reconstruction": 0.07075813829898835, "alignment": 0.0002231287956237793}
{"step": 2600, "loss": 0.0742112872749567, "reconstruction": 0.07419054534286261, "alignment": 0.0002074199914932251}
{"step": 2700, "loss": 0.06453888950869441, "reconstruction": 0.06452064033597708, "alignment": 0.00018249034881591796}
{"step": 2800, "loss": 0.06436116872355342, "reconstruction": 0.06434441477060318, "alignment": 0.0001675403118133545}
{"step": 2900, "loss": 0.06541171222925186, "reconstruction": 0.06539564331993461, "alignment": 0.0001606893539428711}
{"step": 3000, "loss": 0.06024896454066038, "reconstruction": 0.06023338414728641, "alignment": 0.0001558035612106323}
{
  "guardrail": "unique training drugs only; validation/test rows and labels were not used",
  "condition": "real",
  "seed": 42,
  "training_drugs": 47,
  "steps": 3000,
  "history": [
    {
      "step": 100,
      "loss": 0.42982584074139596,
      "reconstruction": 0.4230642455816269,
      "alignment": 0.06761594772338868
    },
    {
      "step": 200,
      "loss": 0.24807517364621162,
      "reconstruction": 0.24758828997612,
      "alignment": 0.004868842363357544
    },
    {
      "step": 300,
      "loss": 0.19891008615493774,
      "reconstruction": 0.19855574235320092,
      "alignment": 0.003543434739112854
    },
    {
      "step": 400,
      "loss": 0.18368299044668673,
      "reconstruction": 0.183427519723773,
      "alignment": 0.002554706335067749
    },
    {
      "step": 500,
      "loss": 0.16245611630380152,
      "reconstruction": 0.16226980209350586,
      "alignment": 0.0018631362915039063
    },
    {
      "step": 600,
      "loss": 0.1509358587116003,
      "reconstruction": 0.15077107526361944,
      "alignment": 0.0016478300094604492
    },
    {
      "step": 700,
      "loss": 0.1461741368472576,
      "reconstruction": 0.14603634759783746,
      "alignment": 0.001377895474433899
    },
    {
      "step": 800,
      "loss": 0.14377472549676895,
      "reconstruction": 0.14365349628031254,
      "alignment": 0.001212291717529297
    },
    {
      "step": 900,
      "loss": 0.12918154805898666,
      "reconstruction": 0.12907942511141302,
      "alignment": 0.0010212308168411255
    },
    {
      "step": 1000,
      "loss": 0.1263715974986553,
      "reconstruction": 0.12627862803637982,
      "alignment": 0.0009297001361846924
    },
    {
      "step": 1100,
      "loss": 0.12039062783122062,
      "reconstruction": 0.12030696623027325,
      "alignment": 0.0008366167545318604
    },
    {
      "step": 1200,
      "loss": 0.11698679149150848,
      "reconstruction": 0.11691564001142979,
      "alignment": 0.000711514949798584
    },
    {
      "step": 1300,
      "loss": 0.11387043416500092,
      "reconstruction": 0.11380614042282104,
      "alignment": 0.0006429356336593628
    },
    {
      "step": 1400,
      "loss": 0.10341286435723304,
      "reconstruction": 0.1033573330938816,
      "alignment": 0.000555315613746643
    },
    {
      "step": 1500,
      "loss": 0.09887589514255524,
      "reconstruction": 0.09882423602044582,
      "alignment": 0.0005165958404541016
    },
    {
      "step": 1600,
      "loss": 0.10403872445225716,
      "reconstruction": 0.10398717228323222,
      "alignment": 0.0005155235528945922
    },
    {
      "step": 1700,
      "loss": 0.09483612477779388,
      "reconstruction": 0.09479175481945276,
      "alignment": 0.00044370114803314207
    },
    {
      "step": 1800,
      "loss": 0.0912511856853962,
      "reconstruction": 0.09121092073619366,
      "alignment": 0.0004026508331298828
    },
    {
      "step": 1900,
      "loss": 0.08890683032572269,
      "reconstruction": 0.08887158669531345,
      "alignment": 0.00035243690013885497
    },
    {
      "step": 2000,
      "loss": 0.08743656698614359,
      "reconstruction": 0.08740486912429332,
      "alignment": 0.00031697452068328856
    },
    {
      "step": 2100,
      "loss": 0.08146562874317169,
      "reconstruction": 0.08143585424870253,
      "alignment": 0.0002977490425109863
    },
    {
      "step": 2200,
      "loss": 0.07679584890604019,
      "reconstruction": 0.07676811255514622,
      "alignment": 0.00027736306190490723
    },
    {
      "step": 2300,
      "loss": 0.07315349288284778,
      "reconstruction": 0.0731280648894608,
      "alignment": 0.0002542799711227417
    },
    {
      "step": 2400,
      "loss": 0.07311979480087757,
      "reconstruction": 0.07309582430869341,
      "alignment": 0.00023970723152160644
    },
    {
      "step": 2500,
      "loss": 0.07078045092523098,
      "reconstruction": 0.07075813829898835,
      "alignment": 0.0002231287956237793
    },
    {
      "step": 2600,
      "loss": 0.0742112872749567,
      "reconstruction": 0.07419054534286261,
      "alignment": 0.0002074199914932251
    },
    {
      "step": 2700,
      "loss": 0.06453888950869441,
      "reconstruction": 0.06452064033597708,
      "alignment": 0.00018249034881591796
    },
    {
      "step": 2800,
      "loss": 0.06436116872355342,
      "reconstruction": 0.06434441477060318,
      "alignment": 0.0001675403118133545
    },
    {
      "step": 2900,
      "loss": 0.06541171222925186,
      "reconstruction": 0.06539564331993461,
      "alignment": 0.0001606893539428711
    },
    {
      "step": 3000,
      "loss": 0.06024896454066038,
      "reconstruction": 0.06023338414728641,
      "alignment": 0.0001558035612106323
    }
  ]
}
