loaded hierarchy pretraining: experiments/brics_hierarchical/pretrain/no_fragment_edges_seed42.pt; condition=no_fragment_edges seed=42
{"epoch": 1, "train": {"loss": 0.23020116236486574, "mse": 0.22383827276264634, "align": 0.0003988761994587832, "reconstruct": 0.3072927951887343}, "val": {"mse": 0.49259233474731445, "rmse": 0.7018492250813664, "mae": 0.4217284023761749, "ci": 0.7895703614754251, "rm2": 0.3386740301853386, "pearson": 0.5995051040455142, "spearman": 0.5335140835005339, "r2": 0.3511163592338562, "bias": -0.04725665599107742}, "val_delta_abs_mean": 0.40956926345825195, "val_gate_mean": 0.7760162353515625}
{"epoch": 2, "train": {"loss": 0.22924876072052824, "mse": 0.22267335898764637, "align": 5.00428076369753e-05, "reconstruct": 0.3093081056193712}, "val": {"mse": 0.49440836906433105, "rmse": 0.7031417844676356, "mae": 0.4274401366710663, "ci": 0.7864188262781905, "rm2": 0.3368973185088106, "pearson": 0.5949605065520179, "spearman": 0.5277253617629766, "r2": 0.3487241268157959, "bias": -0.0340234749019146}, "val_delta_abs_mean": 0.41003283858299255, "val_gate_mean": 0.7154425382614136}
{"epoch": 3, "train": {"loss": 0.22912523537785276, "mse": 0.22241091629510162, "align": 0.00010641179301000323, "reconstruct": 0.315024900914983}, "val": {"mse": 0.49470409750938416, "rmse": 0.7033520437941331, "mae": 0.4234541058540344, "ci": 0.785975240672686, "rm2": 0.33787104851422056, "pearson": 0.5960238378055531, "spearman": 0.5264485698911386, "r2": 0.34833455085754395, "bias": -0.04719783738255501}, "val_delta_abs_mean": 0.6939660310745239, "val_gate_mean": 0.8207635283470154}
{"epoch": 4, "train": {"loss": 0.2285987211231193, "mse": 0.2219538461024956, "align": 4.128167658392959e-05, "reconstruct": 0.3053925913492548}, "val": {"mse": 0.491268515586853, "rmse": 0.7009054969015817, "mae": 0.4148016571998596, "ci": 0.790951423913867, "rm2": 0.34270527900882475, "pearson": 0.6032099028793331, "spearman": 0.5357802100435115, "r2": 0.3528602123260498, "bias": -0.06395003944635391}, "val_delta_abs_mean": 0.656792163848877, "val_gate_mean": 0.77360999584198}
{"epoch": 5, "train": {"loss": 0.22852290615179752, "mse": 0.22177325066383827, "align": 8.443856108483583e-05, "reconstruct": 0.30930856411376956}, "val": {"mse": 0.4941272437572479, "rmse": 0.7029418494848972, "mae": 0.42129355669021606, "ci": 0.7869353244855181, "rm2": 0.33912329819736237, "pearson": 0.5971536852987939, "spearman": 0.5280576765554621, "r2": 0.3490944504737854, "bias": -0.05132931470870972}, "val_delta_abs_mean": 0.6285066604614258, "val_gate_mean": 0.7550826072692871}
{"epoch": 6, "train": {"loss": 0.2282970907444374, "mse": 0.22148892099811193, "align": 6.86869649280193e-05, "reconstruct": 0.31336144217400896}, "val": {"mse": 0.4910977780818939, "rmse": 0.7007836885101522, "mae": 0.4201330244541168, "ci": 0.788762416527291, "rm2": 0.34154733926147657, "pearson": 0.6009594447802569, "spearman": 0.5316905057957728, "r2": 0.35308510065078735, "bias": -0.049863286316394806}, "val_delta_abs_mean": 0.4713103473186493, "val_gate_mean": 0.6337365508079529}
{"epoch": 7, "train": {"loss": 0.22774768517438448, "mse": 0.2210356870590292, "align": 6.989519417291658e-05, "reconstruct": 0.30739365041663375}, "val": {"mse": 0.4929870367050171, "rmse": 0.702130355920478, "mae": 0.4140561521053314, "ci": 0.7889119077276767, "rm2": 0.34080885599069966, "pearson": 0.603818662996424, "spearman": 0.5326575856442567, "r2": 0.35059642791748047, "bias": -0.07257615029811859}, "val_delta_abs_mean": 0.5412242412567139, "val_gate_mean": 0.6067449450492859}
{"epoch": 8, "train": {"loss": 0.22748060674450793, "mse": 0.22079281981263707, "align": 4.536222192726271e-05, "reconstruct": 0.30935539483817465}, "val": {"mse": 0.4901542067527771, "rmse": 0.7001101390158387, "mae": 0.4197184145450592, "ci": 0.788420664164556, "rm2": 0.3431237229835753, "pearson": 0.6021861181248794, "spearman": 0.5309156105630911, "r2": 0.3543280363082886, "bias": -0.052093926817178726}, "val_delta_abs_mean": 0.5477011203765869, "val_gate_mean": 0.604132354259491}
{"epoch": 9, "train": {"loss": 0.22730886710669063, "mse": 0.22048980682655053, "align": 7.457920570076058e-05, "reconstruct": 0.31222235743586546}, "val": {"mse": 0.4930751323699951, "rmse": 0.7021930876689083, "mae": 0.4169906973838806, "ci": 0.7857892931713886, "rm2": 0.3417448592450641, "pearson": 0.6001871445928371, "spearman": 0.5263869935658313, "r2": 0.3504803776741028, "bias": -0.06308840215206146}, "val_delta_abs_mean": 0.665783703327179, "val_gate_mean": 0.6894886493682861}
{"epoch": 10, "train": {"loss": 0.22733828937271694, "mse": 0.22054847223623042, "align": 3.755237228248121e-05, "reconstruct": 0.3110961697840009}, "val": {"mse": 0.4953397810459137, "rmse": 0.7038037944242086, "mae": 0.41984573006629944, "ci": 0.7863870543064464, "rm2": 0.33843652408192765, "pearson": 0.5961301374519175, "spearman": 0.527486191224557, "r2": 0.3474971652030945, "bias": -0.0550260990858078}, "val_delta_abs_mean": 0.5617098212242126, "val_gate_mean": 0.6823701858520508}
{"epoch": 11, "train": {"loss": 0.2270417941605619, "mse": 0.2202894769381591, "align": 3.1727901881820165e-05, "reconstruct": 0.3076694719834106}, "val": {"mse": 0.49317172169685364, "rmse": 0.7022618612005451, "mae": 0.4228648841381073, "ci": 0.7861813511560517, "rm2": 0.3395391334786358, "pearson": 0.5975735486825406, "spearman": 0.5269942704059195, "r2": 0.3503531217575073, "bias": -0.045791611075401306}, "val_delta_abs_mean": 0.40888476371765137, "val_gate_mean": 0.6181575655937195}
{"epoch": 12, "train": {"loss": 0.2269373273377792, "mse": 0.22022041047851448, "align": 2.6979551538416175e-05, "reconstruct": 0.30677579169876135}, "val": {"mse": 0.4908897876739502, "rmse": 0.7006352743574579, "mae": 0.4155220687389374, "ci": 0.7868011082715477, "rm2": 0.34435468973103833, "pearson": 0.6032555471798482, "spearman": 0.5281367144334571, "r2": 0.3533591032028198, "bias": -0.06558328121900558}, "val_delta_abs_mean": 0.68792325258255, "val_gate_mean": 0.715400755405426}
{"epoch": 13, "train": {"loss": 0.2272071467004727, "mse": 0.22028125200215828, "align": 2.3169123634080564e-05, "reconstruct": 0.31331965339026574}, "val": {"mse": 0.49128854274749756, "rmse": 0.7009197833900093, "mae": 0.41485464572906494, "ci": 0.7889117040611912, "rm2": 0.3431142219979876, "pearson": 0.6038606680723301, "spearman": 0.5321161492189519, "r2": 0.3528338074684143, "bias": -0.06746631860733032}, "val_delta_abs_mean": 0.5896550416946411, "val_gate_mean": 0.5976825952529907}
{"epoch": 14, "train": {"loss": 0.2269268400649358, "mse": 0.22019487599746043, "align": 2.1983302797563752e-05, "reconstruct": 0.305659571212261}, "val": {"mse": 0.49355387687683105, "rmse": 0.7025338973151624, "mae": 0.4131135940551758, "ci": 0.7886846159298149, "rm2": 0.34151164978313475, "pearson": 0.6022469341367502, "spearman": 0.532039296676581, "r2": 0.34984976053237915, "bias": -0.07309051603078842}, "val_delta_abs_mean": 0.6375712156295776, "val_gate_mean": 0.5609985589981079}
{"epoch": 15, "train": {"loss": 0.22677945338252006, "mse": 0.2199483306418028, "align": 1.885462417815548e-05, "reconstruct": 0.3093714794703348}, "val": {"mse": 0.4938545525074005, "rmse": 0.7027478584153782, "mae": 0.41471245884895325, "ci": 0.788226162670866, "rm2": 0.3413087458989642, "pearson": 0.6003974901590537, "spearman": 0.5308712924019889, "r2": 0.3494536876678467, "bias": -0.06833681464195251}, "val_delta_abs_mean": 0.7025614380836487, "val_gate_mean": 0.60813307762146}
{"epoch": 16, "train": {"loss": 0.22649544673715666, "mse": 0.21952144768620932, "align": 1.6736252034515003e-05, "reconstruct": 0.3109103171763664}, "val": {"mse": 0.48812615871429443, "rmse": 0.6986602598647603, "mae": 0.41232362389564514, "ci": 0.791638390969591, "rm2": 0.3467287212663967, "pearson": 0.6073405085870248, "spearman": 0.5367528219520704, "r2": 0.35699957609176636, "bias": -0.06711825728416443}, "val_delta_abs_mean": 0.6788393259048462, "val_gate_mean": 0.5799316763877869}
{"epoch": 17, "train": {"loss": 0.2265061594669934, "mse": 0.21962616438067797, "align": 1.6175961487559736e-05, "reconstruct": 0.30746827820640354}, "val": {"mse": 0.4962303340435028, "rmse": 0.704436181668363, "mae": 0.41337940096855164, "ci": 0.7888387914593681, "rm2": 0.3388014432125884, "pearson": 0.5985340302690052, "spearman": 0.5321635747625859, "r2": 0.34632408618927, "bias": -0.0718068778514862}, "val_delta_abs_mean": 0.7419189214706421, "val_gate_mean": 0.655156672000885}
{"epoch": 18, "train": {"loss": 0.22668271416177233, "mse": 0.21977656031293016, "align": 1.536821439909593e-05, "reconstruct": 0.3118499981360841}, "val": {"mse": 0.49332061409950256, "rmse": 0.70236786237662, "mae": 0.4175419509410858, "ci": 0.7864683172341765, "rm2": 0.34225196370244465, "pearson": 0.5982980448915454, "spearman": 0.5271718799624342, "r2": 0.3501570224761963, "bias": -0.05805034190416336}, "val_delta_abs_mean": 0.7608079314231873, "val_gate_mean": 0.5845327377319336}
{"epoch": 19, "train": {"loss": 0.22649929308880967, "mse": 0.2195053723416315, "align": 1.3208032354441347e-05, "reconstruct": 0.31069974521361704}, "val": {"mse": 0.4858133792877197, "rmse": 0.6970031415192616, "mae": 0.42123183608055115, "ci": 0.7919377807033336, "rm2": 0.3480577980132947, "pearson": 0.6044048680887336, "spearman": 0.5362410345127426, "r2": 0.3600461483001709, "bias": -0.036430660635232925}, "val_delta_abs_mean": 0.5772690176963806, "val_gate_mean": 0.5446114540100098}
{"epoch": 20, "train": {"loss": 0.22660667337839444, "mse": 0.21977929420044026, "align": 1.1633602087979966e-05, "reconstruct": 0.30739176606172497}, "val": {"mse": 0.49399086833000183, "rmse": 0.702844839441823, "mae": 0.4111989438533783, "ci": 0.7905693455869953, "rm2": 0.3414685797473362, "pearson": 0.6030461229363083, "spearman": 0.5355121157117444, "r2": 0.3492740988731384, "bias": -0.07809828966856003}, "val_delta_abs_mean": 0.6949994564056396, "val_gate_mean": 0.5161852240562439}
{"epoch": 21, "train": {"loss": 0.22616051252645514, "mse": 0.21943136402097807, "align": 9.575683870661691e-06, "reconstruct": 0.30151967116828554}, "val": {"mse": 0.4930093586444855, "rmse": 0.702146251606092, "mae": 0.41917216777801514, "ci": 0.7861106788855696, "rm2": 0.34109698133081606, "pearson": 0.5994440507459493, "spearman": 0.5265223833414859, "r2": 0.3505669832229614, "bias": -0.05786944553256035}, "val_delta_abs_mean": 0.649681806564331, "val_gate_mean": 0.44319775700569153}
{"epoch": 22, "train": {"loss": 0.22610985838530256, "mse": 0.21915567684152926, "align": 9.667876825601657e-06, "reconstruct": 0.3073482518190597}, "val": {"mse": 0.4943118989467621, "rmse": 0.7030731817860514, "mae": 0.41557225584983826, "ci": 0.7865750384725991, "rm2": 0.34105186639202484, "pearson": 0.5995535525741443, "spearman": 0.5273957228830728, "r2": 0.34885120391845703, "bias": -0.06779155135154724}, "val_delta_abs_mean": 0.7832343578338623, "val_gate_mean": 0.4292251467704773}
{"epoch": 23, "train": {"loss": 0.22615242925692858, "mse": 0.2191437496921607, "align": 1.0249812575223025e-05, "reconstruct": 0.3130642824112376}, "val": {"mse": 0.49122199416160583, "rmse": 0.7008723094555854, "mae": 0.4171191453933716, "ci": 0.7869740211177706, "rm2": 0.34421577942471837, "pearson": 0.6002128784247818, "spearman": 0.5280289096326893, "r2": 0.3529214859008789, "bias": -0.05467904359102249}, "val_delta_abs_mean": 0.7460652589797974, "val_gate_mean": 0.39380621910095215}
{"epoch": 24, "train": {"loss": 0.22602136371723783, "mse": 0.21898924622835708, "align": 8.829262943622225e-06, "reconstruct": 0.3110921478821222}, "val": {"mse": 0.4933670461177826, "rmse": 0.7024009155160481, "mae": 0.4188785254955292, "ci": 0.7858656681034658, "rm2": 0.34159891189393227, "pearson": 0.5980622617198044, "spearman": 0.5262164035676559, "r2": 0.35009580850601196, "bias": -0.0557548813521862}, "val_delta_abs_mean": 0.6881487965583801, "val_gate_mean": 0.43744957447052}
{"epoch": 25, "train": {"loss": 0.22576544503051485, "mse": 0.2187187431653264, "align": 8.465443353422501e-06, "reconstruct": 0.30953997103876657}, "val": {"mse": 0.49506959319114685, "rmse": 0.7036118199626459, "mae": 0.416570782661438, "ci": 0.7881347164188589, "rm2": 0.33916306016355746, "pearson": 0.5983461355612555, "spearman": 0.5306380309627639, "r2": 0.34785306453704834, "bias": -0.06407896429300308}, "val_delta_abs_mean": 0.7229562401771545, "val_gate_mean": 0.4464566111564636}
{"epoch": 26, "train": {"loss": 0.22597120570140292, "mse": 0.21887675695220993, "align": 1.0131905899936613e-05, "reconstruct": 0.31518481187346675}, "val": {"mse": 0.4951969385147095, "rmse": 0.7037023081635512, "mae": 0.4165939390659332, "ci": 0.7879306426003485, "rm2": 0.33941862156719965, "pearson": 0.5974970399448516, "spearman": 0.5301589163030601, "r2": 0.34768539667129517, "bias": -0.06230553239583969}, "val_delta_abs_mean": 0.7265464663505554, "val_gate_mean": 0.5429420471191406}
{"epoch": 27, "train": {"loss": 0.225603751808798, "mse": 0.21857741728885532, "align": 7.249254963218254e-06, "reconstruct": 0.30815590447085855}, "val": {"mse": 0.49310073256492615, "rmse": 0.7022113161754987, "mae": 0.415277361869812, "ci": 0.7918108964828428, "rm2": 0.3414381102218703, "pearson": 0.5997438244752079, "spearman": 0.5375287250592387, "r2": 0.3504466414451599, "bias": -0.060722675174474716}, "val_delta_abs_mean": 0.6862398386001587, "val_gate_mean": 0.46936073899269104}
{"epoch": 28, "train": {"loss": 0.22599536958263092, "mse": 0.21887226152852718, "align": 1.2650519187679715e-05, "reconstruct": 0.3126791390255302}, "val": {"mse": 0.49068060517311096, "rmse": 0.7004859778561673, "mae": 0.4137980341911316, "ci": 0.7933157881444924, "rm2": 0.3445312324207519, "pearson": 0.6024809336288375, "spearman": 0.5397929336523496, "r2": 0.35363465547561646, "bias": -0.06142006441950798}, "val_delta_abs_mean": 0.7102226614952087, "val_gate_mean": 0.5126128196716309}
{"epoch": 29, "train": {"loss": 0.22591069918992007, "mse": 0.21880251104504378, "align": 8.918070249152595e-06, "reconstruct": 0.31621253392321547}, "val": {"mse": 0.4994960129261017, "rmse": 0.7067503186600638, "mae": 0.4174328148365021, "ci": 0.7846664798366106, "rm2": 0.33520873721504973, "pearson": 0.5953801084874724, "spearman": 0.524164765058239, "r2": 0.34202224016189575, "bias": -0.0741259753704071}, "val_delta_abs_mean": 0.8138240575790405, "val_gate_mean": 0.47490036487579346}
{"epoch": 30, "train": {"loss": 0.22569184556002336, "mse": 0.2185956418680665, "align": 8.222525877478355e-06, "reconstruct": 0.31315806093178755}, "val": {"mse": 0.49667948484420776, "rmse": 0.7047549111884271, "mae": 0.4195980727672577, "ci": 0.7854019195158929, "rm2": 0.3372158125552415, "pearson": 0.5959448907530752, "spearman": 0.5256372432259027, "r2": 0.3457323908805847, "bias": -0.06167937442660332}, "val_delta_abs_mean": 0.7357649803161621, "val_gate_mean": 0.5981694459915161}
{"epoch": 31, "train": {"loss": 0.22559651769313913, "mse": 0.21851466114962653, "align": 6.351696351178861e-06, "reconstruct": 0.31236457611812807}, "val": {"mse": 0.49197322130203247, "rmse": 0.7014080276857633, "mae": 0.4148891270160675, "ci": 0.7907298347776003, "rm2": 0.34352141902914746, "pearson": 0.6000623311324652, "spearman": 0.535214655774375, "r2": 0.3519318699836731, "bias": -0.05843959376215935}, "val_delta_abs_mean": 0.7250654697418213, "val_gate_mean": 0.4151439368724823}
{"epoch": 32, "train": {"loss": 0.22544943024187813, "mse": 0.21843474000675153, "align": 6.001866952946249e-06, "reconstruct": 0.30823928095946196}, "val": {"mse": 0.4886202812194824, "rmse": 0.6990137918664283, "mae": 0.4195358455181122, "ci": 0.7890192399655559, "rm2": 0.3457638634211443, "pearson": 0.6023908775660893, "spearman": 0.5317164123859686, "r2": 0.3563486933708191, "bias": -0.046749964356422424}, "val_delta_abs_mean": 0.679538905620575, "val_gate_mean": 0.557571530342102}
{"epoch": 33, "train": {"loss": 0.22549625339447918, "mse": 0.21833854900871902, "align": 6.129144417191764e-06, "reconstruct": 0.3141877576644237}, "val": {"mse": 0.4923049211502075, "rmse": 0.7016444406893049, "mae": 0.4155102074146271, "ci": 0.7888925594115505, "rm2": 0.3426379522513008, "pearson": 0.6003329371288607, "spearman": 0.5322859114888601, "r2": 0.3514949679374695, "bias": -0.06008956581354141}, "val_delta_abs_mean": 0.6697787642478943, "val_gate_mean": 0.421352744102478}
{"epoch": 34, "train": {"loss": 0.2254920200315375, "mse": 0.2183997982549314, "align": 5.421434661198296e-06, "reconstruct": 0.3124845043532002}, "val": {"mse": 0.48913052678108215, "rmse": 0.6993786719518134, "mae": 0.41146841645240784, "ci": 0.7936603918380248, "rm2": 0.346909784768858, "pearson": 0.6039517524512038, "spearman": 0.5402812734255258, "r2": 0.355676531791687, "bias": -0.061640664935112}, "val_delta_abs_mean": 0.7431118488311768, "val_gate_mean": 0.3857392966747284}
{"epoch": 35, "train": {"loss": 0.225407530559467, "mse": 0.21825398332869295, "align": 5.734354742477474e-06, "reconstruct": 0.3128036797660669}, "val": {"mse": 0.4889429807662964, "rmse": 0.6992445786463392, "mae": 0.42139577865600586, "ci": 0.7868251409168413, "rm2": 0.3458947175347948, "pearson": 0.6011197489674837, "spearman": 0.5277026887001659, "r2": 0.355923593044281, "bias": -0.04273303225636482}, "val_delta_abs_mean": 0.7307608723640442, "val_gate_mean": 0.454505980014801}
{"epoch": 36, "train": {"loss": 0.22504687583273203, "mse": 0.21788159578743094, "align": 8.604633712878732e-06, "reconstruct": 0.31251634990926813}, "val": {"mse": 0.4878160357475281, "rmse": 0.6984382834206098, "mae": 0.42061710357666016, "ci": 0.7870615977065525, "rm2": 0.3471816024969068, "pearson": 0.602195024285708, "spearman": 0.5284787635496474, "r2": 0.3574080467224121, "bias": -0.041382722556591034}, "val_delta_abs_mean": 0.7819032073020935, "val_gate_mean": 0.5076777935028076}
{"epoch": 37, "train": {"loss": 0.2252375400076705, "mse": 0.21808970944592454, "align": 4.866130774136146e-06, "reconstruct": 0.3109757034200395}, "val": {"mse": 0.49317723512649536, "rmse": 0.7022657866694741, "mae": 0.4170887768268585, "ci": 0.7907117084603873, "rm2": 0.34105559048657896, "pearson": 0.5987996679770399, "spearman": 0.534686329986404, "r2": 0.3503458499908447, "bias": -0.05625635385513306}, "val_delta_abs_mean": 0.713463544845581, "val_gate_mean": 0.42974841594696045}
{"epoch": 38, "train": {"loss": 0.22494156580463898, "mse": 0.21782273871556412, "align": 6.843826315613469e-06, "reconstruct": 0.31077432104801433}, "val": {"mse": 0.4955230951309204, "rmse": 0.7039340133357106, "mae": 0.4133320152759552, "ci": 0.7911223000952344, "rm2": 0.33929896238732354, "pearson": 0.6004437913524244, "spearman": 0.5360874289449946, "r2": 0.3472557067871094, "bias": -0.07457980513572693}, "val_delta_abs_mean": 0.7725649476051331, "val_gate_mean": 0.4603710174560547}
{"epoch": 39, "train": {"loss": 0.22525955438312625, "mse": 0.21805497686124645, "align": 4.953905169677147e-06, "reconstruct": 0.3117845953945431}, "val": {"mse": 0.4963427484035492, "rmse": 0.7045159674581898, "mae": 0.4222524166107178, "ci": 0.7864615962401538, "rm2": 0.33637725256472045, "pearson": 0.5951212879086815, "spearman": 0.5270126807986424, "r2": 0.3461759686470032, "bias": -0.05320066586136818}, "val_delta_abs_mean": 0.6954194903373718, "val_gate_mean": 0.42930230498313904}
{
  "guardrail": "validation only; test indices and metrics were not accessed",
  "condition": "no_fragment_edges",
  "seed": 42,
  "best_epoch": 19,
  "epoch0_max_abs_difference": 1.9073486328125e-06,
  "baseline": {
    "mse": 0.48946526646614075,
    "rmse": 0.6996179432133947,
    "mae": 0.43143847584724426,
    "ci": 0.7885622123720057,
    "rm2": 0.3410284448121984,
    "pearson": 0.5995077496596147,
    "spearman": 0.5319472626673567,
    "r2": 0.35523557662963867,
    "bias": -0.015189344994723797
  },
  "best": {
    "mse": 0.4858133792877197,
    "rmse": 0.6970031415192616,
    "mae": 0.42123183608055115,
    "ci": 0.7919418540330445,
    "rm2": 0.3480577980132947,
    "pearson": 0.604404869756969,
    "spearman": 0.5362453832570301,
    "r2": 0.3600461483001709,
    "bias": -0.03643065318465233
  },
  "relative_mse_gain": 0.007460973083518365,
  "delta_abs_mean": 0.5772690176963806,
  "atom_gate_mean": 0.5446114540100098,
  "drug_bootstrap": {
    "drugs": 7,
    "improved": 4,
    "worsened": 3,
    "improvements": [
      -0.0010490556014701724,
      0.005197548773139715,
      -0.007319992873817682,
      0.008359504863619804,
      0.03784472122788429,
      0.05497998371720314,
      -0.0724496990442276
    ],
    "mean": 0.003651858723190214,
    "ci95": [
      -0.025204181604619538,
      0.02941201570709901
    ],
    "probability_positive": 0.62085
  },
  "args": {
    "project": "/data1/ztx/MyModel-MDTA",
    "checkpoint": "outputs/Refine_experiment/davis/cold_start/drug_cold_5fold_seed42/baseline/fold_1/best_model.pt",
    "global_cache": "experiments/pdbbind_to_davis_transfer/data/global_predictions/fold1_with_features.pt",
    "drug_cache": "experiments/brics_hierarchical/data/fold1_drug_encoder_inputs_chem.pt",
    "split": "data/splits/davis_drug_cold_5fold_seed42/fold_1/split.json",
    "condition": "no_fragment_edges",
    "seed": 42,
    "device": "cuda:1",
    "batch_size": 128,
    "epochs": 100,
    "patience": 20,
    "lr": 0.0003,
    "weight_decay": 1e-05,
    "lambda_align": 0.05,
    "lambda_reconstruct": 0.02,
    "lambda_delta": 0.001,
    "output_dir": "experiments/brics_hierarchical/outputs/pretrained_no_fragment_edges_seed42"
  },
  "history": [
    {
      "epoch": 1,
      "train": {
        "loss": 0.23020116236486574,
        "mse": 0.22383827276264634,
        "align": 0.0003988761994587832,
        "reconstruct": 0.3072927951887343
      },
      "val": {
        "mse": 0.49259233474731445,
        "rmse": 0.7018492250813664,
        "mae": 0.4217284023761749,
        "ci": 0.7895703614754251,
        "rm2": 0.3386740301853386,
        "pearson": 0.5995051040455142,
        "spearman": 0.5335140835005339,
        "r2": 0.3511163592338562,
        "bias": -0.04725665599107742
      },
      "val_delta_abs_mean": 0.40956926345825195,
      "val_gate_mean": 0.7760162353515625
    },
    {
      "epoch": 2,
      "train": {
        "loss": 0.22924876072052824,
        "mse": 0.22267335898764637,
        "align": 5.00428076369753e-05,
        "reconstruct": 0.3093081056193712
      },
      "val": {
        "mse": 0.49440836906433105,
        "rmse": 0.7031417844676356,
        "mae": 0.4274401366710663,
        "ci": 0.7864188262781905,
        "rm2": 0.3368973185088106,
        "pearson": 0.5949605065520179,
        "spearman": 0.5277253617629766,
        "r2": 0.3487241268157959,
        "bias": -0.0340234749019146
      },
      "val_delta_abs_mean": 0.41003283858299255,
      "val_gate_mean": 0.7154425382614136
    },
    {
      "epoch": 3,
      "train": {
        "loss": 0.22912523537785276,
        "mse": 0.22241091629510162,
        "align": 0.00010641179301000323,
        "reconstruct": 0.315024900914983
      },
      "val": {
        "mse": 0.49470409750938416,
        "rmse": 0.7033520437941331,
        "mae": 0.4234541058540344,
        "ci": 0.785975240672686,
        "rm2": 0.33787104851422056,
        "pearson": 0.5960238378055531,
        "spearman": 0.5264485698911386,
        "r2": 0.34833455085754395,
        "bias": -0.04719783738255501
      },
      "val_delta_abs_mean": 0.6939660310745239,
      "val_gate_mean": 0.8207635283470154
    },
    {
      "epoch": 4,
      "train": {
        "loss": 0.2285987211231193,
        "mse": 0.2219538461024956,
        "align": 4.128167658392959e-05,
        "reconstruct": 0.3053925913492548
      },
      "val": {
        "mse": 0.491268515586853,
        "rmse": 0.7009054969015817,
        "mae": 0.4148016571998596,
        "ci": 0.790951423913867,
        "rm2": 0.34270527900882475,
        "pearson": 0.6032099028793331,
        "spearman": 0.5357802100435115,
        "r2": 0.3528602123260498,
        "bias": -0.06395003944635391
      },
      "val_delta_abs_mean": 0.656792163848877,
      "val_gate_mean": 0.77360999584198
    },
    {
      "epoch": 5,
      "train": {
        "loss": 0.22852290615179752,
        "mse": 0.22177325066383827,
        "align": 8.443856108483583e-05,
        "reconstruct": 0.30930856411376956
      },
      "val": {
        "mse": 0.4941272437572479,
        "rmse": 0.7029418494848972,
        "mae": 0.42129355669021606,
        "ci": 0.7869353244855181,
        "rm2": 0.33912329819736237,
        "pearson": 0.5971536852987939,
        "spearman": 0.5280576765554621,
        "r2": 0.3490944504737854,
        "bias": -0.05132931470870972
      },
      "val_delta_abs_mean": 0.6285066604614258,
      "val_gate_mean": 0.7550826072692871
    },
    {
      "epoch": 6,
      "train": {
        "loss": 0.2282970907444374,
        "mse": 0.22148892099811193,
        "align": 6.86869649280193e-05,
        "reconstruct": 0.31336144217400896
      },
      "val": {
        "mse": 0.4910977780818939,
        "rmse": 0.7007836885101522,
        "mae": 0.4201330244541168,
        "ci": 0.788762416527291,
        "rm2": 0.34154733926147657,
        "pearson": 0.6009594447802569,
        "spearman": 0.5316905057957728,
        "r2": 0.35308510065078735,
        "bias": -0.049863286316394806
      },
      "val_delta_abs_mean": 0.4713103473186493,
      "val_gate_mean": 0.6337365508079529
    },
    {
      "epoch": 7,
      "train": {
        "loss": 0.22774768517438448,
        "mse": 0.2210356870590292,
        "align": 6.989519417291658e-05,
        "reconstruct": 0.30739365041663375
      },
      "val": {
        "mse": 0.4929870367050171,
        "rmse": 0.702130355920478,
        "mae": 0.4140561521053314,
        "ci": 0.7889119077276767,
        "rm2": 0.34080885599069966,
        "pearson": 0.603818662996424,
        "spearman": 0.5326575856442567,
        "r2": 0.35059642791748047,
        "bias": -0.07257615029811859
      },
      "val_delta_abs_mean": 0.5412242412567139,
      "val_gate_mean": 0.6067449450492859
    },
    {
      "epoch": 8,
      "train": {
        "loss": 0.22748060674450793,
        "mse": 0.22079281981263707,
        "align": 4.536222192726271e-05,
        "reconstruct": 0.30935539483817465
      },
      "val": {
        "mse": 0.4901542067527771,
        "rmse": 0.7001101390158387,
        "mae": 0.4197184145450592,
        "ci": 0.788420664164556,
        "rm2": 0.3431237229835753,
        "pearson": 0.6021861181248794,
        "spearman": 0.5309156105630911,
        "r2": 0.3543280363082886,
        "bias": -0.052093926817178726
      },
      "val_delta_abs_mean": 0.5477011203765869,
      "val_gate_mean": 0.604132354259491
    },
    {
      "epoch": 9,
      "train": {
        "loss": 0.22730886710669063,
        "mse": 0.22048980682655053,
        "align": 7.457920570076058e-05,
        "reconstruct": 0.31222235743586546
      },
      "val": {
        "mse": 0.4930751323699951,
        "rmse": 0.7021930876689083,
        "mae": 0.4169906973838806,
        "ci": 0.7857892931713886,
        "rm2": 0.3417448592450641,
        "pearson": 0.6001871445928371,
        "spearman": 0.5263869935658313,
        "r2": 0.3504803776741028,
        "bias": -0.06308840215206146
      },
      "val_delta_abs_mean": 0.665783703327179,
      "val_gate_mean": 0.6894886493682861
    },
    {
      "epoch": 10,
      "train": {
        "loss": 0.22733828937271694,
        "mse": 0.22054847223623042,
        "align": 3.755237228248121e-05,
        "reconstruct": 0.3110961697840009
      },
      "val": {
        "mse": 0.4953397810459137,
        "rmse": 0.7038037944242086,
        "mae": 0.41984573006629944,
        "ci": 0.7863870543064464,
        "rm2": 0.33843652408192765,
        "pearson": 0.5961301374519175,
        "spearman": 0.527486191224557,
        "r2": 0.3474971652030945,
        "bias": -0.0550260990858078
      },
      "val_delta_abs_mean": 0.5617098212242126,
      "val_gate_mean": 0.6823701858520508
    },
    {
      "epoch": 11,
      "train": {
        "loss": 0.2270417941605619,
        "mse": 0.2202894769381591,
        "align": 3.1727901881820165e-05,
        "reconstruct": 0.3076694719834106
      },
      "val": {
        "mse": 0.49317172169685364,
        "rmse": 0.7022618612005451,
        "mae": 0.4228648841381073,
        "ci": 0.7861813511560517,
        "rm2": 0.3395391334786358,
        "pearson": 0.5975735486825406,
        "spearman": 0.5269942704059195,
        "r2": 0.3503531217575073,
        "bias": -0.045791611075401306
      },
      "val_delta_abs_mean": 0.40888476371765137,
      "val_gate_mean": 0.6181575655937195
    },
    {
      "epoch": 12,
      "train": {
        "loss": 0.2269373273377792,
        "mse": 0.22022041047851448,
        "align": 2.6979551538416175e-05,
        "reconstruct": 0.30677579169876135
      },
      "val": {
        "mse": 0.4908897876739502,
        "rmse": 0.7006352743574579,
        "mae": 0.4155220687389374,
        "ci": 0.7868011082715477,
        "rm2": 0.34435468973103833,
        "pearson": 0.6032555471798482,
        "spearman": 0.5281367144334571,
        "r2": 0.3533591032028198,
        "bias": -0.06558328121900558
      },
      "val_delta_abs_mean": 0.68792325258255,
      "val_gate_mean": 0.715400755405426
    },
    {
      "epoch": 13,
      "train": {
        "loss": 0.2272071467004727,
        "mse": 0.22028125200215828,
        "align": 2.3169123634080564e-05,
        "reconstruct": 0.31331965339026574
      },
      "val": {
        "mse": 0.49128854274749756,
        "rmse": 0.7009197833900093,
        "mae": 0.41485464572906494,
        "ci": 0.7889117040611912,
        "rm2": 0.3431142219979876,
        "pearson": 0.6038606680723301,
        "spearman": 0.5321161492189519,
        "r2": 0.3528338074684143,
        "bias": -0.06746631860733032
      },
      "val_delta_abs_mean": 0.5896550416946411,
      "val_gate_mean": 0.5976825952529907
    },
    {
      "epoch": 14,
      "train": {
        "loss": 0.2269268400649358,
        "mse": 0.22019487599746043,
        "align": 2.1983302797563752e-05,
        "reconstruct": 0.305659571212261
      },
      "val": {
        "mse": 0.49355387687683105,
        "rmse": 0.7025338973151624,
        "mae": 0.4131135940551758,
        "ci": 0.7886846159298149,
        "rm2": 0.34151164978313475,
        "pearson": 0.6022469341367502,
        "spearman": 0.532039296676581,
        "r2": 0.34984976053237915,
        "bias": -0.07309051603078842
      },
      "val_delta_abs_mean": 0.6375712156295776,
      "val_gate_mean": 0.5609985589981079
    },
    {
      "epoch": 15,
      "train": {
        "loss": 0.22677945338252006,
        "mse": 0.2199483306418028,
        "align": 1.885462417815548e-05,
        "reconstruct": 0.3093714794703348
      },
      "val": {
        "mse": 0.4938545525074005,
        "rmse": 0.7027478584153782,
        "mae": 0.41471245884895325,
        "ci": 0.788226162670866,
        "rm2": 0.3413087458989642,
        "pearson": 0.6003974901590537,
        "spearman": 0.5308712924019889,
        "r2": 0.3494536876678467,
        "bias": -0.06833681464195251
      },
      "val_delta_abs_mean": 0.7025614380836487,
      "val_gate_mean": 0.60813307762146
    },
    {
      "epoch": 16,
      "train": {
        "loss": 0.22649544673715666,
        "mse": 0.21952144768620932,
        "align": 1.6736252034515003e-05,
        "reconstruct": 0.3109103171763664
      },
      "val": {
        "mse": 0.48812615871429443,
        "rmse": 0.6986602598647603,
        "mae": 0.41232362389564514,
        "ci": 0.791638390969591,
        "rm2": 0.3467287212663967,
        "pearson": 0.6073405085870248,
        "spearman": 0.5367528219520704,
        "r2": 0.35699957609176636,
        "bias": -0.06711825728416443
      },
      "val_delta_abs_mean": 0.6788393259048462,
      "val_gate_mean": 0.5799316763877869
    },
    {
      "epoch": 17,
      "train": {
        "loss": 0.2265061594669934,
        "mse": 0.21962616438067797,
        "align": 1.6175961487559736e-05,
        "reconstruct": 0.30746827820640354
      },
      "val": {
        "mse": 0.4962303340435028,
        "rmse": 0.704436181668363,
        "mae": 0.41337940096855164,
        "ci": 0.7888387914593681,
        "rm2": 0.3388014432125884,
        "pearson": 0.5985340302690052,
        "spearman": 0.5321635747625859,
        "r2": 0.34632408618927,
        "bias": -0.0718068778514862
      },
      "val_delta_abs_mean": 0.7419189214706421,
      "val_gate_mean": 0.655156672000885
    },
    {
      "epoch": 18,
      "train": {
        "loss": 0.22668271416177233,
        "mse": 0.21977656031293016,
        "align": 1.536821439909593e-05,
        "reconstruct": 0.3118499981360841
      },
      "val": {
        "mse": 0.49332061409950256,
        "rmse": 0.70236786237662,
        "mae": 0.4175419509410858,
        "ci": 0.7864683172341765,
        "rm2": 0.34225196370244465,
        "pearson": 0.5982980448915454,
        "spearman": 0.5271718799624342,
        "r2": 0.3501570224761963,
        "bias": -0.05805034190416336
      },
      "val_delta_abs_mean": 0.7608079314231873,
      "val_gate_mean": 0.5845327377319336
    },
    {
      "epoch": 19,
      "train": {
        "loss": 0.22649929308880967,
        "mse": 0.2195053723416315,
        "align": 1.3208032354441347e-05,
        "reconstruct": 0.31069974521361704
      },
      "val": {
        "mse": 0.4858133792877197,
        "rmse": 0.6970031415192616,
        "mae": 0.42123183608055115,
        "ci": 0.7919377807033336,
        "rm2": 0.3480577980132947,
        "pearson": 0.6044048680887336,
        "spearman": 0.5362410345127426,
        "r2": 0.3600461483001709,
        "bias": -0.036430660635232925
      },
      "val_delta_abs_mean": 0.5772690176963806,
      "val_gate_mean": 0.5446114540100098
    },
    {
      "epoch": 20,
      "train": {
        "loss": 0.22660667337839444,
        "mse": 0.21977929420044026,
        "align": 1.1633602087979966e-05,
        "reconstruct": 0.30739176606172497
      },
      "val": {
        "mse": 0.49399086833000183,
        "rmse": 0.702844839441823,
        "mae": 0.4111989438533783,
        "ci": 0.7905693455869953,
        "rm2": 0.3414685797473362,
        "pearson": 0.6030461229363083,
        "spearman": 0.5355121157117444,
        "r2": 0.3492740988731384,
        "bias": -0.07809828966856003
      },
      "val_delta_abs_mean": 0.6949994564056396,
      "val_gate_mean": 0.5161852240562439
    },
    {
      "epoch": 21,
      "train": {
        "loss": 0.22616051252645514,
        "mse": 0.21943136402097807,
        "align": 9.575683870661691e-06,
        "reconstruct": 0.30151967116828554
      },
      "val": {
        "mse": 0.4930093586444855,
        "rmse": 0.702146251606092,
        "mae": 0.41917216777801514,
        "ci": 0.7861106788855696,
        "rm2": 0.34109698133081606,
        "pearson": 0.5994440507459493,
        "spearman": 0.5265223833414859,
        "r2": 0.3505669832229614,
        "bias": -0.05786944553256035
      },
      "val_delta_abs_mean": 0.649681806564331,
      "val_gate_mean": 0.44319775700569153
    },
    {
      "epoch": 22,
      "train": {
        "loss": 0.22610985838530256,
        "mse": 0.21915567684152926,
        "align": 9.667876825601657e-06,
        "reconstruct": 0.3073482518190597
      },
      "val": {
        "mse": 0.4943118989467621,
        "rmse": 0.7030731817860514,
        "mae": 0.41557225584983826,
        "ci": 0.7865750384725991,
        "rm2": 0.34105186639202484,
        "pearson": 0.5995535525741443,
        "spearman": 0.5273957228830728,
        "r2": 0.34885120391845703,
        "bias": -0.06779155135154724
      },
      "val_delta_abs_mean": 0.7832343578338623,
      "val_gate_mean": 0.4292251467704773
    },
    {
      "epoch": 23,
      "train": {
        "loss": 0.22615242925692858,
        "mse": 0.2191437496921607,
        "align": 1.0249812575223025e-05,
        "reconstruct": 0.3130642824112376
      },
      "val": {
        "mse": 0.49122199416160583,
        "rmse": 0.7008723094555854,
        "mae": 0.4171191453933716,
        "ci": 0.7869740211177706,
        "rm2": 0.34421577942471837,
        "pearson": 0.6002128784247818,
        "spearman": 0.5280289096326893,
        "r2": 0.3529214859008789,
        "bias": -0.05467904359102249
      },
      "val_delta_abs_mean": 0.7460652589797974,
      "val_gate_mean": 0.39380621910095215
    },
    {
      "epoch": 24,
      "train": {
        "loss": 0.22602136371723783,
        "mse": 0.21898924622835708,
        "align": 8.829262943622225e-06,
        "reconstruct": 0.3110921478821222
      },
      "val": {
        "mse": 0.4933670461177826,
        "rmse": 0.7024009155160481,
        "mae": 0.4188785254955292,
        "ci": 0.7858656681034658,
        "rm2": 0.34159891189393227,
        "pearson": 0.5980622617198044,
        "spearman": 0.5262164035676559,
        "r2": 0.35009580850601196,
        "bias": -0.0557548813521862
      },
      "val_delta_abs_mean": 0.6881487965583801,
      "val_gate_mean": 0.43744957447052
    },
    {
      "epoch": 25,
      "train": {
        "loss": 0.22576544503051485,
        "mse": 0.2187187431653264,
        "align": 8.465443353422501e-06,
        "reconstruct": 0.30953997103876657
      },
      "val": {
        "mse": 0.49506959319114685,
        "rmse": 0.7036118199626459,
        "mae": 0.416570782661438,
        "ci": 0.7881347164188589,
        "rm2": 0.33916306016355746,
        "pearson": 0.5983461355612555,
        "spearman": 0.5306380309627639,
        "r2": 0.34785306453704834,
        "bias": -0.06407896429300308
      },
      "val_delta_abs_mean": 0.7229562401771545,
      "val_gate_mean": 0.4464566111564636
    },
    {
      "epoch": 26,
      "train": {
        "loss": 0.22597120570140292,
        "mse": 0.21887675695220993,
        "align": 1.0131905899936613e-05,
        "reconstruct": 0.31518481187346675
      },
      "val": {
        "mse": 0.4951969385147095,
        "rmse": 0.7037023081635512,
        "mae": 0.4165939390659332,
        "ci": 0.7879306426003485,
        "rm2": 0.33941862156719965,
        "pearson": 0.5974970399448516,
        "spearman": 0.5301589163030601,
        "r2": 0.34768539667129517,
        "bias": -0.06230553239583969
      },
      "val_delta_abs_mean": 0.7265464663505554,
      "val_gate_mean": 0.5429420471191406
    },
    {
      "epoch": 27,
      "train": {
        "loss": 0.225603751808798,
        "mse": 0.21857741728885532,
        "align": 7.249254963218254e-06,
        "reconstruct": 0.30815590447085855
      },
      "val": {
        "mse": 0.49310073256492615,
        "rmse": 0.7022113161754987,
        "mae": 0.415277361869812,
        "ci": 0.7918108964828428,
        "rm2": 0.3414381102218703,
        "pearson": 0.5997438244752079,
        "spearman": 0.5375287250592387,
        "r2": 0.3504466414451599,
        "bias": -0.060722675174474716
      },
      "val_delta_abs_mean": 0.6862398386001587,
      "val_gate_mean": 0.46936073899269104
    },
    {
      "epoch": 28,
      "train": {
        "loss": 0.22599536958263092,
        "mse": 0.21887226152852718,
        "align": 1.2650519187679715e-05,
        "reconstruct": 0.3126791390255302
      },
      "val": {
        "mse": 0.49068060517311096,
        "rmse": 0.7004859778561673,
        "mae": 0.4137980341911316,
        "ci": 0.7933157881444924,
        "rm2": 0.3445312324207519,
        "pearson": 0.6024809336288375,
        "spearman": 0.5397929336523496,
        "r2": 0.35363465547561646,
        "bias": -0.06142006441950798
      },
      "val_delta_abs_mean": 0.7102226614952087,
      "val_gate_mean": 0.5126128196716309
    },
    {
      "epoch": 29,
      "train": {
        "loss": 0.22591069918992007,
        "mse": 0.21880251104504378,
        "align": 8.918070249152595e-06,
        "reconstruct": 0.31621253392321547
      },
      "val": {
        "mse": 0.4994960129261017,
        "rmse": 0.7067503186600638,
        "mae": 0.4174328148365021,
        "ci": 0.7846664798366106,
        "rm2": 0.33520873721504973,
        "pearson": 0.5953801084874724,
        "spearman": 0.524164765058239,
        "r2": 0.34202224016189575,
        "bias": -0.0741259753704071
      },
      "val_delta_abs_mean": 0.8138240575790405,
      "val_gate_mean": 0.47490036487579346
    },
    {
      "epoch": 30,
      "train": {
        "loss": 0.22569184556002336,
        "mse": 0.2185956418680665,
        "align": 8.222525877478355e-06,
        "reconstruct": 0.31315806093178755
      },
      "val": {
        "mse": 0.49667948484420776,
        "rmse": 0.7047549111884271,
        "mae": 0.4195980727672577,
        "ci": 0.7854019195158929,
        "rm2": 0.3372158125552415,
        "pearson": 0.5959448907530752,
        "spearman": 0.5256372432259027,
        "r2": 0.3457323908805847,
        "bias": -0.06167937442660332
      },
      "val_delta_abs_mean": 0.7357649803161621,
      "val_gate_mean": 0.5981694459915161
    },
    {
      "epoch": 31,
      "train": {
        "loss": 0.22559651769313913,
        "mse": 0.21851466114962653,
        "align": 6.351696351178861e-06,
        "reconstruct": 0.31236457611812807
      },
      "val": {
        "mse": 0.49197322130203247,
        "rmse": 0.7014080276857633,
        "mae": 0.4148891270160675,
        "ci": 0.7907298347776003,
        "rm2": 0.34352141902914746,
        "pearson": 0.6000623311324652,
        "spearman": 0.535214655774375,
        "r2": 0.3519318699836731,
        "bias": -0.05843959376215935
      },
      "val_delta_abs_mean": 0.7250654697418213,
      "val_gate_mean": 0.4151439368724823
    },
    {
      "epoch": 32,
      "train": {
        "loss": 0.22544943024187813,
        "mse": 0.21843474000675153,
        "align": 6.001866952946249e-06,
        "reconstruct": 0.30823928095946196
      },
      "val": {
        "mse": 0.4886202812194824,
        "rmse": 0.6990137918664283,
        "mae": 0.4195358455181122,
        "ci": 0.7890192399655559,
        "rm2": 0.3457638634211443,
        "pearson": 0.6023908775660893,
        "spearman": 0.5317164123859686,
        "r2": 0.3563486933708191,
        "bias": -0.046749964356422424
      },
      "val_delta_abs_mean": 0.679538905620575,
      "val_gate_mean": 0.557571530342102
    },
    {
      "epoch": 33,
      "train": {
        "loss": 0.22549625339447918,
        "mse": 0.21833854900871902,
        "align": 6.129144417191764e-06,
        "reconstruct": 0.3141877576644237
      },
      "val": {
        "mse": 0.4923049211502075,
        "rmse": 0.7016444406893049,
        "mae": 0.4155102074146271,
        "ci": 0.7888925594115505,
        "rm2": 0.3426379522513008,
        "pearson": 0.6003329371288607,
        "spearman": 0.5322859114888601,
        "r2": 0.3514949679374695,
        "bias": -0.06008956581354141
      },
      "val_delta_abs_mean": 0.6697787642478943,
      "val_gate_mean": 0.421352744102478
    },
    {
      "epoch": 34,
      "train": {
        "loss": 0.2254920200315375,
        "mse": 0.2183997982549314,
        "align": 5.421434661198296e-06,
        "reconstruct": 0.3124845043532002
      },
      "val": {
        "mse": 0.48913052678108215,
        "rmse": 0.6993786719518134,
        "mae": 0.41146841645240784,
        "ci": 0.7936603918380248,
        "rm2": 0.346909784768858,
        "pearson": 0.6039517524512038,
        "spearman": 0.5402812734255258,
        "r2": 0.355676531791687,
        "bias": -0.061640664935112
      },
      "val_delta_abs_mean": 0.7431118488311768,
      "val_gate_mean": 0.3857392966747284
    },
    {
      "epoch": 35,
      "train": {
        "loss": 0.225407530559467,
        "mse": 0.21825398332869295,
        "align": 5.734354742477474e-06,
        "reconstruct": 0.3128036797660669
      },
      "val": {
        "mse": 0.4889429807662964,
        "rmse": 0.6992445786463392,
        "mae": 0.42139577865600586,
        "ci": 0.7868251409168413,
        "rm2": 0.3458947175347948,
        "pearson": 0.6011197489674837,
        "spearman": 0.5277026887001659,
        "r2": 0.355923593044281,
        "bias": -0.04273303225636482
      },
      "val_delta_abs_mean": 0.7307608723640442,
      "val_gate_mean": 0.454505980014801
    },
    {
      "epoch": 36,
      "train": {
        "loss": 0.22504687583273203,
        "mse": 0.21788159578743094,
        "align": 8.604633712878732e-06,
        "reconstruct": 0.31251634990926813
      },
      "val": {
        "mse": 0.4878160357475281,
        "rmse": 0.6984382834206098,
        "mae": 0.42061710357666016,
        "ci": 0.7870615977065525,
        "rm2": 0.3471816024969068,
        "pearson": 0.602195024285708,
        "spearman": 0.5284787635496474,
        "r2": 0.3574080467224121,
        "bias": -0.041382722556591034
      },
      "val_delta_abs_mean": 0.7819032073020935,
      "val_gate_mean": 0.5076777935028076
    },
    {
      "epoch": 37,
      "train": {
        "loss": 0.2252375400076705,
        "mse": 0.21808970944592454,
        "align": 4.866130774136146e-06,
        "reconstruct": 0.3109757034200395
      },
      "val": {
        "mse": 0.49317723512649536,
        "rmse": 0.7022657866694741,
        "mae": 0.4170887768268585,
        "ci": 0.7907117084603873,
        "rm2": 0.34105559048657896,
        "pearson": 0.5987996679770399,
        "spearman": 0.534686329986404,
        "r2": 0.3503458499908447,
        "bias": -0.05625635385513306
      },
      "val_delta_abs_mean": 0.713463544845581,
      "val_gate_mean": 0.42974841594696045
    },
    {
      "epoch": 38,
      "train": {
        "loss": 0.22494156580463898,
        "mse": 0.21782273871556412,
        "align": 6.843826315613469e-06,
        "reconstruct": 0.31077432104801433
      },
      "val": {
        "mse": 0.4955230951309204,
        "rmse": 0.7039340133357106,
        "mae": 0.4133320152759552,
        "ci": 0.7911223000952344,
        "rm2": 0.33929896238732354,
        "pearson": 0.6004437913524244,
        "spearman": 0.5360874289449946,
        "r2": 0.3472557067871094,
        "bias": -0.07457980513572693
      },
      "val_delta_abs_mean": 0.7725649476051331,
      "val_gate_mean": 0.4603710174560547
    },
    {
      "epoch": 39,
      "train": {
        "loss": 0.22525955438312625,
        "mse": 0.21805497686124645,
        "align": 4.953905169677147e-06,
        "reconstruct": 0.3117845953945431
      },
      "val": {
        "mse": 0.4963427484035492,
        "rmse": 0.7045159674581898,
        "mae": 0.4222524166107178,
        "ci": 0.7864615962401538,
        "rm2": 0.33637725256472045,
        "pearson": 0.5951212879086815,
        "spearman": 0.5270126807986424,
        "r2": 0.3461759686470032,
        "bias": -0.05320066586136818
      },
      "val_delta_abs_mean": 0.6954194903373718,
      "val_gate_mean": 0.42930230498313904
    }
  ]
}
