loaded hierarchy pretraining: experiments/brics_hierarchical/pretrain/real_seed43.pt; condition=real seed=43
{"epoch": 1, "train": {"loss": 0.2253664643149111, "mse": 0.2238691423658206, "align": 0.00011640504795903362, "reconstruct": 0.06943558513776761}, "val": {"mse": 0.495251327753067, "rmse": 0.7037409521642655, "mae": 0.4320046305656433, "ci": 0.7825666783707007, "rm2": 0.33547251019106866, "pearson": 0.593223488849692, "spearman": 0.5207246994537382, "r2": 0.34761369228363037, "bias": -0.025706054642796516}, "val_delta_abs_mean": 0.3180055022239685, "val_gate_mean": 0.6253824830055237}
{"epoch": 2, "train": {"loss": 0.2235181206422877, "mse": 0.2219268602337084, "align": 4.5544570709108054e-05, "reconstruct": 0.06472540423352943}, "val": {"mse": 0.49148812890052795, "rmse": 0.7010621433942414, "mae": 0.41355231404304504, "ci": 0.7928432818980413, "rm2": 0.34211405773745673, "pearson": 0.6028449402934197, "spearman": 0.5404324692957996, "r2": 0.35257089138031006, "bias": -0.06261557340621948}, "val_delta_abs_mean": 0.4498026669025421, "val_gate_mean": 0.7612349390983582}
{"epoch": 3, "train": {"loss": 0.22311605493441874, "mse": 0.22144700617783106, "align": 2.5509996066208673e-05, "reconstruct": 0.06332136164334622}, "val": {"mse": 0.4929029047489166, "rmse": 0.7020704414436749, "mae": 0.41616344451904297, "ci": 0.7882988716062035, "rm2": 0.3401622460327172, "pearson": 0.602232180355777, "spearman": 0.5316656649063962, "r2": 0.3507072329521179, "bias": -0.0652472972869873}, "val_delta_abs_mean": 0.4691978394985199, "val_gate_mean": 0.6932320594787598}
{"epoch": 4, "train": {"loss": 0.2221300888864324, "mse": 0.22051196222004263, "align": 1.9651915922171344e-05, "reconstruct": 0.05786168874256923}, "val": {"mse": 0.4936359226703644, "rmse": 0.7025922876536322, "mae": 0.4223331809043884, "ci": 0.7860921452353855, "rm2": 0.33967180663542884, "pearson": 0.5962367199268576, "spearman": 0.5275616896831701, "r2": 0.3497416377067566, "bias": -0.04320383444428444}, "val_delta_abs_mean": 0.463252454996109, "val_gate_mean": 0.698870062828064}
{"epoch": 5, "train": {"loss": 0.22191035028221037, "mse": 0.22032140918837093, "align": 1.4510325269037116e-05, "reconstruct": 0.05457402421985529}, "val": {"mse": 0.48881134390830994, "rmse": 0.6991504444025691, "mae": 0.40897396206855774, "ci": 0.7940872767917152, "rm2": 0.34629483680670786, "pearson": 0.6075481344805165, "spearman": 0.5421678402527347, "r2": 0.3560969829559326, "bias": -0.07129916548728943}, "val_delta_abs_mean": 0.6270501017570496, "val_gate_mean": 0.7567359209060669}
{"epoch": 6, "train": {"loss": 0.22172842876501672, "mse": 0.22018395186251002, "align": 9.856084502442253e-06, "reconstruct": 0.05018117186211066}, "val": {"mse": 0.49051332473754883, "rmse": 0.7003665645485575, "mae": 0.40491658449172974, "ci": 0.7978614204352434, "rm2": 0.3444207681028924, "pearson": 0.6102230784050796, "spearman": 0.5501232027072167, "r2": 0.3538550138473511, "bias": -0.08416616916656494}, "val_delta_abs_mean": 0.5990330576896667, "val_gate_mean": 0.7068993449211121}
{"epoch": 7, "train": {"loss": 0.22136313859934617, "mse": 0.21974093895941713, "align": 7.515022703482761e-06, "reconstruct": 0.049869642648288214}, "val": {"mse": 0.4861522316932678, "rmse": 0.6972461772525309, "mae": 0.41075968742370605, "ci": 0.7957766902892635, "rm2": 0.34831321904444645, "pearson": 0.608332078991245, "spearman": 0.544885223006755, "r2": 0.359599769115448, "bias": -0.060777414590120316}, "val_delta_abs_mean": 0.571605384349823, "val_gate_mean": 0.7102673649787903}
{"epoch": 8, "train": {"loss": 0.2211033293739416, "mse": 0.2195112318276808, "align": 6.383647700183325e-06, "reconstruct": 0.04906617182439556}, "val": {"mse": 0.48298171162605286, "rmse": 0.6949688565871516, "mae": 0.4016546607017517, "ci": 0.8011557258388412, "rm2": 0.3526977800073081, "pearson": 0.6164610030665622, "spearman": 0.5549386415102607, "r2": 0.3637762665748596, "bias": -0.07793044298887253}, "val_delta_abs_mean": 0.7498816251754761, "val_gate_mean": 0.8007709980010986}
{"epoch": 9, "train": {"loss": 0.22075294651241015, "mse": 0.2191130712081783, "align": 5.236664279266766e-06, "reconstruct": 0.04931500483359136}, "val": {"mse": 0.49398794770240784, "rmse": 0.7028427617201503, "mae": 0.4062133729457855, "ci": 0.798644925405113, "rm2": 0.34057586534425804, "pearson": 0.6120929578925213, "spearman": 0.5501849896510136, "r2": 0.34927797317504883, "bias": -0.0959005355834961}, "val_delta_abs_mean": 0.7417081594467163, "val_gate_mean": 0.7543848156929016}
{"epoch": 10, "train": {"loss": 0.22065415976710184, "mse": 0.21906561978377243, "align": 4.217887941586153e-06, "reconstruct": 0.04511004471381199}, "val": {"mse": 0.48886731266975403, "rmse": 0.6991904695215417, "mae": 0.4016507565975189, "ci": 0.7978506261115098, "rm2": 0.34871712131742655, "pearson": 0.6163717139368642, "spearman": 0.5490446043594008, "r2": 0.35602325201034546, "bias": -0.09913311898708344}, "val_delta_abs_mean": 0.8291624784469604, "val_gate_mean": 0.7962466478347778}
{"epoch": 11, "train": {"loss": 0.22001077713039735, "mse": 0.2183457681938075, "align": 3.5312954564864404e-06, "reconstruct": 0.0440425336417598}, "val": {"mse": 0.48554524779319763, "rmse": 0.6968107689991578, "mae": 0.4074828624725342, "ci": 0.7992817905053943, "rm2": 0.3505635031019213, "pearson": 0.6085561003587784, "spearman": 0.5512262720545229, "r2": 0.36039936542510986, "bias": -0.06289169937372208}, "val_delta_abs_mean": 0.7300480008125305, "val_gate_mean": 0.6519315242767334}
{"epoch": 12, "train": {"loss": 0.22030561552623748, "mse": 0.21870442456464928, "align": 3.006387815055873e-06, "reconstruct": 0.042592895199755704}, "val": {"mse": 0.49525097012519836, "rmse": 0.7037406980736572, "mae": 0.4089186489582062, "ci": 0.7935461349396373, "rm2": 0.3421008184300381, "pearson": 0.598547607047336, "spearman": 0.541004235656858, "r2": 0.3476141691207886, "bias": -0.07257609069347382}, "val_delta_abs_mean": 0.8367565870285034, "val_gate_mean": 0.7562025189399719}
{"epoch": 13, "train": {"loss": 0.2196907779094091, "mse": 0.21808252759335922, "align": 2.5779482282434906e-06, "reconstruct": 0.04078197283640718}, "val": {"mse": 0.49014461040496826, "rmse": 0.7001032855264774, "mae": 0.4026643633842468, "ci": 0.7993993060675505, "rm2": 0.34700860151497126, "pearson": 0.6153638719124316, "spearman": 0.551698577331748, "r2": 0.35434067249298096, "bias": -0.09930002689361572}, "val_delta_abs_mean": 0.9298799633979797, "val_gate_mean": 0.7533119916915894}
{"epoch": 14, "train": {"loss": 0.21975054471818364, "mse": 0.21813861750582017, "align": 2.2199129339842293e-06, "reconstruct": 0.04227038788860889}, "val": {"mse": 0.49443963170051575, "rmse": 0.7031640147935017, "mae": 0.40539875626564026, "ci": 0.795776893955749, "rm2": 0.342970915561942, "pearson": 0.6053940147237431, "spearman": 0.5450949815052558, "r2": 0.3486829400062561, "bias": -0.09013901650905609}, "val_delta_abs_mean": 0.9503836035728455, "val_gate_mean": 0.799877405166626}
{"epoch": 15, "train": {"loss": 0.21942041282235136, "mse": 0.21772228811724165, "align": 1.8816119589107356e-06, "reconstruct": 0.041245516928299635}, "val": {"mse": 0.48668771982192993, "rmse": 0.697630073765409, "mae": 0.41189420223236084, "ci": 0.7944495994694896, "rm2": 0.34894518900909127, "pearson": 0.6077377835759329, "spearman": 0.5411062710707855, "r2": 0.358894407749176, "bias": -0.06400423496961594}, "val_delta_abs_mean": 0.8513044714927673, "val_gate_mean": 0.7697668075561523}
{"epoch": 16, "train": {"loss": 0.21919920059844322, "mse": 0.21748895594844622, "align": 1.7183318431468996e-06, "reconstruct": 0.04107371237065492}, "val": {"mse": 0.49097785353660583, "rmse": 0.7006981186906426, "mae": 0.40784943103790283, "ci": 0.7985783264643417, "rm2": 0.3443037933637661, "pearson": 0.6058773922720906, "spearman": 0.550281458953028, "r2": 0.3532431125640869, "bias": -0.07491496950387955}, "val_delta_abs_mean": 0.8236339688301086, "val_gate_mean": 0.7656183838844299}
{"epoch": 17, "train": {"loss": 0.2190166124081467, "mse": 0.21725630003586305, "align": 1.5773338912092734e-06, "reconstruct": 0.04026567810057698}, "val": {"mse": 0.4923068881034851, "rmse": 0.7016458423617182, "mae": 0.4179670214653015, "ci": 0.8024066453930233, "rm2": 0.3371370050391518, "pearson": 0.603479369475817, "spearman": 0.5551355164147853, "r2": 0.35149234533309937, "bias": -0.0553559809923172}, "val_delta_abs_mean": 0.8317908048629761, "val_gate_mean": 0.7544741034507751}
{"epoch": 18, "train": {"loss": 0.2189466322370428, "mse": 0.21725266409801705, "align": 1.4304713058875663e-06, "reconstruct": 0.038367708265541825}, "val": {"mse": 0.4903141260147095, "rmse": 0.7002243397759818, "mae": 0.410552442073822, "ci": 0.79569420536262, "rm2": 0.3463743147372674, "pearson": 0.6023791951590404, "spearman": 0.5445935090599939, "r2": 0.35411739349365234, "bias": -0.06250999122858047}, "val_delta_abs_mean": 0.8316038846969604, "val_gate_mean": 0.7394269704818726}
{"epoch": 19, "train": {"loss": 0.21882902348312386, "mse": 0.21715069997238334, "align": 1.2594501035922964e-06, "reconstruct": 0.03536055939003238}, "val": {"mse": 0.4893026351928711, "rmse": 0.6995017049249209, "mae": 0.41552111506462097, "ci": 0.7950245499581668, "rm2": 0.34374487292180544, "pearson": 0.604962326632019, "spearman": 0.5416620404599745, "r2": 0.3554497957229614, "bias": -0.05879822373390198}, "val_delta_abs_mean": 0.9156123399734497, "val_gate_mean": 0.7764880061149597}
{"epoch": 20, "train": {"loss": 0.21883429069141228, "mse": 0.2170575613854789, "align": 1.1843518089763788e-06, "reconstruct": 0.03791996211016518}, "val": {"mse": 0.48671215772628784, "rmse": 0.6976475884902691, "mae": 0.40780365467071533, "ci": 0.7993881044108458, "rm2": 0.3492784660070685, "pearson": 0.6080534807177674, "spearman": 0.5510068414412949, "r2": 0.3588622212409973, "bias": -0.06619549542665482}, "val_delta_abs_mean": 0.843592643737793, "val_gate_mean": 0.7190257906913757}
{"epoch": 21, "train": {"loss": 0.21836667124490783, "mse": 0.21661754886856366, "align": 1.069061838996368e-06, "reconstruct": 0.03462735147483427}, "val": {"mse": 0.4955500066280365, "rmse": 0.7039531281470639, "mae": 0.41337451338768005, "ci": 0.7897958202749171, "rm2": 0.33927714576625206, "pearson": 0.600019257593049, "spearman": 0.534377072598062, "r2": 0.347220242023468, "bias": -0.07337860763072968}, "val_delta_abs_mean": 0.7614336013793945, "val_gate_mean": 0.8046257495880127}
{"epoch": 22, "train": {"loss": 0.2182093673297183, "mse": 0.2164861576337035, "align": 9.493762631727112e-07, "reconstruct": 0.034419046106991355}, "val": {"mse": 0.49366599321365356, "rmse": 0.7026136870383707, "mae": 0.41430845856666565, "ci": 0.7914667001222814, "rm2": 0.34128912521304633, "pearson": 0.5990673835297092, "spearman": 0.5366679315260641, "r2": 0.34970206022262573, "bias": -0.06182602047920227}, "val_delta_abs_mean": 0.800890326499939, "val_gate_mean": 0.6767658591270447}
{"epoch": 23, "train": {"loss": 0.21808442329378, "mse": 0.2163115893697284, "align": 8.854735651637817e-07, "reconstruct": 0.03261023298977566}, "val": {"mse": 0.4904487729072571, "rmse": 0.7003204787147503, "mae": 0.41040244698524475, "ci": 0.7942170123430037, "rm2": 0.34339645779778105, "pearson": 0.6079444066402662, "spearman": 0.5426551728483439, "r2": 0.3539400100708008, "bias": -0.07535957545042038}, "val_delta_abs_mean": 0.8057147264480591, "val_gate_mean": 0.8050556182861328}
{"epoch": 24, "train": {"loss": 0.21822746404758417, "mse": 0.216443470800716, "align": 8.833790532408957e-07, "reconstruct": 0.033597493535792666}, "val": {"mse": 0.48425599932670593, "rmse": 0.6958850474947036, "mae": 0.41192173957824707, "ci": 0.7952180331194292, "rm2": 0.35147553345363236, "pearson": 0.6089255807904356, "spearman": 0.5427427771194726, "r2": 0.36209768056869507, "bias": -0.056834954768419266}, "val_delta_abs_mean": 0.7657017707824707, "val_gate_mean": 0.6413713693618774}
{"epoch": 25, "train": {"loss": 0.21811996261128633, "mse": 0.21634798458299198, "align": 8.777210018546884e-07, "reconstruct": 0.03195350639047941}, "val": {"mse": 0.48446452617645264, "rmse": 0.6960348598859489, "mae": 0.40611180663108826, "ci": 0.7953479723372032, "rm2": 0.3518961678328848, "pearson": 0.6168233326666546, "spearman": 0.5439264616318655, "r2": 0.3618229627609253, "bias": -0.08532675355672836}, "val_delta_abs_mean": 0.8452718257904053, "val_gate_mean": 0.7957502603530884}
{"epoch": 26, "train": {"loss": 0.21776572839064032, "mse": 0.2158821167954584, "align": 7.613407379970108e-07, "reconstruct": 0.033531687068470956}, "val": {"mse": 0.49022987484931946, "rmse": 0.700164177068007, "mae": 0.41050320863723755, "ci": 0.7966730264921218, "rm2": 0.34630636905719303, "pearson": 0.6025171103801946, "spearman": 0.5465460365369389, "r2": 0.3542283773422241, "bias": -0.062330570071935654}, "val_delta_abs_mean": 0.7341902256011963, "val_gate_mean": 0.7495994567871094}
{"epoch": 27, "train": {"loss": 0.21779706460157738, "mse": 0.21601443223083536, "align": 7.267898988526354e-07, "reconstruct": 0.03077968513793742}, "val": {"mse": 0.4804382622241974, "rmse": 0.6931365393803716, "mae": 0.40600815415382385, "ci": 0.799202767909005, "rm2": 0.35605730763247195, "pearson": 0.6170158616788894, "spearman": 0.5501854807388873, "r2": 0.3671267032623291, "bias": -0.0721777155995369}, "val_delta_abs_mean": 0.795597493648529, "val_gate_mean": 0.7894278168678284}
{"epoch": 28, "train": {"loss": 0.21761187806021115, "mse": 0.2158987088532584, "align": 7.179757336100245e-07, "reconstruct": 0.03069220234579779}, "val": {"mse": 0.4872044026851654, "rmse": 0.6980002884563626, "mae": 0.4118165075778961, "ci": 0.796396651071245, "rm2": 0.34812426982817374, "pearson": 0.6058515707806122, "spearman": 0.5448920672298143, "r2": 0.35821378231048584, "bias": -0.05800684541463852}, "val_delta_abs_mean": 0.8315699696540833, "val_gate_mean": 0.7758583426475525}
{"epoch": 29, "train": {"loss": 0.21762792424229693, "mse": 0.2157864938405362, "align": 6.884459846917459e-07, "reconstruct": 0.0317543574273615}, "val": {"mse": 0.48948100209236145, "rmse": 0.6996291889939709, "mae": 0.41184669733047485, "ci": 0.79573575332567, "rm2": 0.3473209334034763, "pearson": 0.6023564738941951, "spearman": 0.5441959293319296, "r2": 0.35521483421325684, "bias": -0.058057237416505814}, "val_delta_abs_mean": 0.7596694231033325, "val_gate_mean": 0.7493252158164978}
{"epoch": 30, "train": {"loss": 0.21770953336165547, "mse": 0.21590690138672938, "align": 6.839700414044825e-07, "reconstruct": 0.03153432891865983}, "val": {"mse": 0.4930188059806824, "rmse": 0.7021529790442268, "mae": 0.4152364432811737, "ci": 0.7918685340982503, "rm2": 0.3441748624793391, "pearson": 0.5969648136410056, "spearman": 0.537063487297176, "r2": 0.35055458545684814, "bias": -0.05287189036607742}, "val_delta_abs_mean": 0.8133551478385925, "val_gate_mean": 0.7886636257171631}
{"epoch": 31, "train": {"loss": 0.21741762010736942, "mse": 0.21558392256759434, "align": 6.58629316331976e-07, "reconstruct": 0.030187584465161385}, "val": {"mse": 0.4901944398880005, "rmse": 0.7001388718590051, "mae": 0.40449437499046326, "ci": 0.7982033764644638, "rm2": 0.3471594450916104, "pearson": 0.6069973094090871, "spearman": 0.5494355481013619, "r2": 0.35427504777908325, "bias": -0.08003369718790054}, "val_delta_abs_mean": 0.856134831905365, "val_gate_mean": 0.7791104316711426}
{"epoch": 32, "train": {"loss": 0.21745535168379668, "mse": 0.21559328076509374, "align": 6.823116470326631e-07, "reconstruct": 0.030815081756418176}, "val": {"mse": 0.4953176975250244, "rmse": 0.7037881055580752, "mae": 0.41296228766441345, "ci": 0.7962744511799215, "rm2": 0.3392560430330099, "pearson": 0.5978028845068978, "spearman": 0.5452350658047083, "r2": 0.3475262522697449, "bias": -0.06401313841342926}, "val_delta_abs_mean": 0.7155396342277527, "val_gate_mean": 0.7664956450462341}
{"epoch": 33, "train": {"loss": 0.21714111953999593, "mse": 0.21537038608861864, "align": 6.169800902051073e-07, "reconstruct": 0.028043732756668636}, "val": {"mse": 0.48563846945762634, "rmse": 0.6968776574533196, "mae": 0.4072989523410797, "ci": 0.8003420782291117, "rm2": 0.349067582070798, "pearson": 0.6126565276733947, "spearman": 0.5522972181418826, "r2": 0.36027657985687256, "bias": -0.07394924759864807}, "val_delta_abs_mean": 0.7249846458435059, "val_gate_mean": 0.7579917311668396}
{"epoch": 34, "train": {"loss": 0.21698776978500495, "mse": 0.2151476359722003, "align": 6.1885654335246e-07, "reconstruct": 0.02933724641784146}, "val": {"mse": 0.4900767505168915, "rmse": 0.7000548196512124, "mae": 0.4112637937068939, "ci": 0.7931992909147639, "rm2": 0.3458339216473446, "pearson": 0.6043352586180399, "spearman": 0.5399489889504444, "r2": 0.35443007946014404, "bias": -0.06746571511030197}, "val_delta_abs_mean": 0.6924256682395935, "val_gate_mean": 0.8004915118217468}
{"epoch": 35, "train": {"loss": 0.2171560799816156, "mse": 0.21533647743543738, "align": 5.649788106292345e-07, "reconstruct": 0.029131464307256782}, "val": {"mse": 0.4934313893318176, "rmse": 0.702446716364891, "mae": 0.4132991433143616, "ci": 0.7954200702730841, "rm2": 0.3397383757015212, "pearson": 0.60373139717305, "spearman": 0.5436031715743641, "r2": 0.35001105070114136, "bias": -0.07229917496442795}, "val_delta_abs_mean": 0.7672068476676941, "val_gate_mean": 0.811779260635376}
{"epoch": 36, "train": {"loss": 0.21721268108768596, "mse": 0.21531812892854643, "align": 5.611570436685712e-07, "reconstruct": 0.027722702318515736}, "val": {"mse": 0.48734724521636963, "rmse": 0.6981026036453163, "mae": 0.40023383498191833, "ci": 0.8010583732587534, "rm2": 0.3515884130931656, "pearson": 0.6126950323948083, "spearman": 0.555143685363186, "r2": 0.35802561044692993, "bias": -0.0894683375954628}, "val_delta_abs_mean": 0.761830747127533, "val_gate_mean": 0.7623924016952515}
{"epoch": 37, "train": {"loss": 0.21698231023811704, "mse": 0.2151520946379161, "align": 5.806216585793371e-07, "reconstruct": 0.028489766172441377}, "val": {"mse": 0.48397964239120483, "rmse": 0.6956864540805756, "mae": 0.4043969213962555, "ci": 0.8031754863759342, "rm2": 0.35128904917085385, "pearson": 0.6148139197574879, "spearman": 0.5588960434162502, "r2": 0.36246174573898315, "bias": -0.07570771127939224}, "val_delta_abs_mean": 0.7838957905769348, "val_gate_mean": 0.789456844329834}
{"epoch": 38, "train": {"loss": 0.2171288911711209, "mse": 0.2152248188728454, "align": 5.557973885015149e-07, "reconstruct": 0.02783562230539641}, "val": {"mse": 0.49164602160453796, "rmse": 0.7011747439865029, "mae": 0.41000714898109436, "ci": 0.7962779135101756, "rm2": 0.3432224404335638, "pearson": 0.6055377280448311, "spearman": 0.5451303788608428, "r2": 0.35236287117004395, "bias": -0.0753915086388588}, "val_delta_abs_mean": 0.7816116213798523, "val_gate_mean": 0.7724464535713196}
{"epoch": 39, "train": {"loss": 0.21719063668108954, "mse": 0.21534013060566504, "align": 5.626260712090064e-07, "reconstruct": 0.027741940593259264}, "val": {"mse": 0.4825279414653778, "rmse": 0.694642311888196, "mae": 0.41093742847442627, "ci": 0.7919811616647535, "rm2": 0.3528839677753412, "pearson": 0.6138125349332697, "spearman": 0.5371880384866324, "r2": 0.364374041557312, "bias": -0.0672176405787468}, "val_delta_abs_mean": 0.7203785181045532, "val_gate_mean": 0.785105288028717}
{"epoch": 40, "train": {"loss": 0.21697447640702805, "mse": 0.2150690645980826, "align": 5.285113496156976e-07, "reconstruct": 0.02786259201667393}, "val": {"mse": 0.4889764189720154, "rmse": 0.6992684884735014, "mae": 0.412444144487381, "ci": 0.7938777039780953, "rm2": 0.3454088808071963, "pearson": 0.6060278532893496, "spearman": 0.5409396142712871, "r2": 0.355879545211792, "bias": -0.06496682018041611}, "val_delta_abs_mean": 0.7371273040771484, "val_gate_mean": 0.7657270431518555}
{"epoch": 41, "train": {"loss": 0.21679747516661094, "mse": 0.21500440173283616, "align": 5.240239295507747e-07, "reconstruct": 0.02659079201804257}, "val": {"mse": 0.4908841848373413, "rmse": 0.7006312759485843, "mae": 0.40887412428855896, "ci": 0.7963367731244965, "rm2": 0.3443325154827167, "pearson": 0.6090940061236169, "spearman": 0.5455581322920653, "r2": 0.353366494178772, "bias": -0.08325797319412231}, "val_delta_abs_mean": 0.8439763784408569, "val_gate_mean": 0.8280819654464722}
{"epoch": 42, "train": {"loss": 0.21700814534188512, "mse": 0.21516531483780676, "align": 5.263078083050449e-07, "reconstruct": 0.027125150386340537}, "val": {"mse": 0.4897225797176361, "rmse": 0.699801814600131, "mae": 0.4113829433917999, "ci": 0.7938113087038094, "rm2": 0.3456890297989356, "pearson": 0.6062068304865946, "spearman": 0.5403943801565296, "r2": 0.354896605014801, "bias": -0.07133463025093079}, "val_delta_abs_mean": 0.8481294512748718, "val_gate_mean": 0.7434748411178589}
{"epoch": 43, "train": {"loss": 0.21677014246171256, "mse": 0.21487761920175802, "align": 4.981380575394348e-07, "reconstruct": 0.025836244583792668}, "val": {"mse": 0.48857128620147705, "rmse": 0.6989787451714659, "mae": 0.41075003147125244, "ci": 0.7947404352108396, "rm2": 0.34547763761821393, "pearson": 0.6117982886261071, "spearman": 0.5426537070072948, "r2": 0.35641324520111084, "bias": -0.07978544384241104}, "val_delta_abs_mean": 0.7138242721557617, "val_gate_mean": 0.7730098962783813}
{"epoch": 44, "train": {"loss": 0.21647864382897303, "mse": 0.21456170909854874, "align": 5.025451401607403e-07, "reconstruct": 0.026081756317542056}, "val": {"mse": 0.48782941699028015, "rmse": 0.6984478627573286, "mae": 0.4107915759086609, "ci": 0.7941992933587618, "rm2": 0.34743682584242613, "pearson": 0.6105085565111666, "spearman": 0.5410886394541777, "r2": 0.35739046335220337, "bias": -0.07699460536241531}, "val_delta_abs_mean": 0.7206548452377319, "val_gate_mean": 0.7738300561904907}
{"epoch": 45, "train": {"loss": 0.21666391576904184, "mse": 0.2148181786153674, "align": 4.855422940579693e-07, "reconstruct": 0.026170764769650467}, "val": {"mse": 0.48726484179496765, "rmse": 0.6980435815871152, "mae": 0.40887442231178284, "ci": 0.7936882941465437, "rm2": 0.34941307267233196, "pearson": 0.6088465948301236, "spearman": 0.5407634737682654, "r2": 0.3581341505050659, "bias": -0.07301176339387894}, "val_delta_abs_mean": 0.7321292757987976, "val_gate_mean": 0.7912378311157227}
{"epoch": 46, "train": {"loss": 0.21644265351785988, "mse": 0.2146532005698846, "align": 4.6534316537698583e-07, "reconstruct": 0.02441113678693823}, "val": {"mse": 0.48888954520225525, "rmse": 0.6992063681076247, "mae": 0.4103612005710602, "ci": 0.7926214890952891, "rm2": 0.3465254038557939, "pearson": 0.6083679792694993, "spearman": 0.5389088613648682, "r2": 0.35599398612976074, "bias": -0.07492607086896896}, "val_delta_abs_mean": 0.7062140703201294, "val_gate_mean": 0.714988648891449}
{"epoch": 47, "train": {"loss": 0.2165817920496228, "mse": 0.2147773645579373, "align": 4.917856611048187e-07, "reconstruct": 0.024603954569700305}, "val": {"mse": 0.48570340871810913, "rmse": 0.6969242489095275, "mae": 0.4056694805622101, "ci": 0.7972043923528938, "rm2": 0.3515418389566163, "pearson": 0.611886265090229, "spearman": 0.5470143192715874, "r2": 0.3601909875869751, "bias": -0.0779225155711174}, "val_delta_abs_mean": 0.8458273410797119, "val_gate_mean": 0.7530111074447632}
{
  "guardrail": "validation only; test indices and metrics were not accessed",
  "condition": "real",
  "seed": 43,
  "best_epoch": 27,
  "epoch0_max_abs_difference": 1.9073486328125e-06,
  "baseline": {
    "mse": 0.48946526646614075,
    "rmse": 0.6996179432133947,
    "mae": 0.43143847584724426,
    "ci": 0.7885622123720057,
    "rm2": 0.3410284448121984,
    "pearson": 0.5995077496596147,
    "spearman": 0.5319472626673567,
    "r2": 0.35523557662963867,
    "bias": -0.015189344994723797
  },
  "best": {
    "mse": 0.4804382622241974,
    "rmse": 0.6931365393803716,
    "mae": 0.40600815415382385,
    "ci": 0.799202767909005,
    "rm2": 0.3560571911223386,
    "pearson": 0.6170158651759708,
    "spearman": 0.5501858227870694,
    "r2": 0.3671267032623291,
    "bias": -0.0721777081489563
  },
  "relative_mse_gain": 0.018442583897968604,
  "delta_abs_mean": 0.795597493648529,
  "atom_gate_mean": 0.7894278168678284,
  "drug_bootstrap": {
    "drugs": 7,
    "improved": 5,
    "worsened": 2,
    "improvements": [
      -0.025020377710461617,
      0.053563911467790604,
      0.005614751018583775,
      0.014542085118591785,
      0.05864524096250534,
      0.031052839010953903,
      -0.0752095952630043
    ],
    "mean": 0.009026979229279928,
    "ci95": [
      -0.02454958377139909,
      0.0383913212322763
    ],
    "probability_positive": 0.7237
  },
  "args": {
    "project": "/data1/ztx/MyModel-MDTA",
    "checkpoint": "outputs/Refine_experiment/davis/cold_start/drug_cold_5fold_seed42/baseline/fold_1/best_model.pt",
    "global_cache": "experiments/pdbbind_to_davis_transfer/data/global_predictions/fold1_with_features.pt",
    "drug_cache": "experiments/brics_hierarchical/data/fold1_drug_encoder_inputs_chem.pt",
    "split": "data/splits/davis_drug_cold_5fold_seed42/fold_1/split.json",
    "condition": "real",
    "seed": 43,
    "device": "cuda:1",
    "batch_size": 128,
    "epochs": 100,
    "patience": 20,
    "lr": 0.0003,
    "weight_decay": 1e-05,
    "lambda_align": 0.05,
    "lambda_reconstruct": 0.02,
    "lambda_delta": 0.001,
    "output_dir": "experiments/brics_hierarchical/outputs/pretrained_real_seed43"
  },
  "history": [
    {
      "epoch": 1,
      "train": {
        "loss": 0.2253664643149111,
        "mse": 0.2238691423658206,
        "align": 0.00011640504795903362,
        "reconstruct": 0.06943558513776761
      },
      "val": {
        "mse": 0.495251327753067,
        "rmse": 0.7037409521642655,
        "mae": 0.4320046305656433,
        "ci": 0.7825666783707007,
        "rm2": 0.33547251019106866,
        "pearson": 0.593223488849692,
        "spearman": 0.5207246994537382,
        "r2": 0.34761369228363037,
        "bias": -0.025706054642796516
      },
      "val_delta_abs_mean": 0.3180055022239685,
      "val_gate_mean": 0.6253824830055237
    },
    {
      "epoch": 2,
      "train": {
        "loss": 0.2235181206422877,
        "mse": 0.2219268602337084,
        "align": 4.5544570709108054e-05,
        "reconstruct": 0.06472540423352943
      },
      "val": {
        "mse": 0.49148812890052795,
        "rmse": 0.7010621433942414,
        "mae": 0.41355231404304504,
        "ci": 0.7928432818980413,
        "rm2": 0.34211405773745673,
        "pearson": 0.6028449402934197,
        "spearman": 0.5404324692957996,
        "r2": 0.35257089138031006,
        "bias": -0.06261557340621948
      },
      "val_delta_abs_mean": 0.4498026669025421,
      "val_gate_mean": 0.7612349390983582
    },
    {
      "epoch": 3,
      "train": {
        "loss": 0.22311605493441874,
        "mse": 0.22144700617783106,
        "align": 2.5509996066208673e-05,
        "reconstruct": 0.06332136164334622
      },
      "val": {
        "mse": 0.4929029047489166,
        "rmse": 0.7020704414436749,
        "mae": 0.41616344451904297,
        "ci": 0.7882988716062035,
        "rm2": 0.3401622460327172,
        "pearson": 0.602232180355777,
        "spearman": 0.5316656649063962,
        "r2": 0.3507072329521179,
        "bias": -0.0652472972869873
      },
      "val_delta_abs_mean": 0.4691978394985199,
      "val_gate_mean": 0.6932320594787598
    },
    {
      "epoch": 4,
      "train": {
        "loss": 0.2221300888864324,
        "mse": 0.22051196222004263,
        "align": 1.9651915922171344e-05,
        "reconstruct": 0.05786168874256923
      },
      "val": {
        "mse": 0.4936359226703644,
        "rmse": 0.7025922876536322,
        "mae": 0.4223331809043884,
        "ci": 0.7860921452353855,
        "rm2": 0.33967180663542884,
        "pearson": 0.5962367199268576,
        "spearman": 0.5275616896831701,
        "r2": 0.3497416377067566,
        "bias": -0.04320383444428444
      },
      "val_delta_abs_mean": 0.463252454996109,
      "val_gate_mean": 0.698870062828064
    },
    {
      "epoch": 5,
      "train": {
        "loss": 0.22191035028221037,
        "mse": 0.22032140918837093,
        "align": 1.4510325269037116e-05,
        "reconstruct": 0.05457402421985529
      },
      "val": {
        "mse": 0.48881134390830994,
        "rmse": 0.6991504444025691,
        "mae": 0.40897396206855774,
        "ci": 0.7940872767917152,
        "rm2": 0.34629483680670786,
        "pearson": 0.6075481344805165,
        "spearman": 0.5421678402527347,
        "r2": 0.3560969829559326,
        "bias": -0.07129916548728943
      },
      "val_delta_abs_mean": 0.6270501017570496,
      "val_gate_mean": 0.7567359209060669
    },
    {
      "epoch": 6,
      "train": {
        "loss": 0.22172842876501672,
        "mse": 0.22018395186251002,
        "align": 9.856084502442253e-06,
        "reconstruct": 0.05018117186211066
      },
      "val": {
        "mse": 0.49051332473754883,
        "rmse": 0.7003665645485575,
        "mae": 0.40491658449172974,
        "ci": 0.7978614204352434,
        "rm2": 0.3444207681028924,
        "pearson": 0.6102230784050796,
        "spearman": 0.5501232027072167,
        "r2": 0.3538550138473511,
        "bias": -0.08416616916656494
      },
      "val_delta_abs_mean": 0.5990330576896667,
      "val_gate_mean": 0.7068993449211121
    },
    {
      "epoch": 7,
      "train": {
        "loss": 0.22136313859934617,
        "mse": 0.21974093895941713,
        "align": 7.515022703482761e-06,
        "reconstruct": 0.049869642648288214
      },
      "val": {
        "mse": 0.4861522316932678,
        "rmse": 0.6972461772525309,
        "mae": 0.41075968742370605,
        "ci": 0.7957766902892635,
        "rm2": 0.34831321904444645,
        "pearson": 0.608332078991245,
        "spearman": 0.544885223006755,
        "r2": 0.359599769115448,
        "bias": -0.060777414590120316
      },
      "val_delta_abs_mean": 0.571605384349823,
      "val_gate_mean": 0.7102673649787903
    },
    {
      "epoch": 8,
      "train": {
        "loss": 0.2211033293739416,
        "mse": 0.2195112318276808,
        "align": 6.383647700183325e-06,
        "reconstruct": 0.04906617182439556
      },
      "val": {
        "mse": 0.48298171162605286,
        "rmse": 0.6949688565871516,
        "mae": 0.4016546607017517,
        "ci": 0.8011557258388412,
        "rm2": 0.3526977800073081,
        "pearson": 0.6164610030665622,
        "spearman": 0.5549386415102607,
        "r2": 0.3637762665748596,
        "bias": -0.07793044298887253
      },
      "val_delta_abs_mean": 0.7498816251754761,
      "val_gate_mean": 0.8007709980010986
    },
    {
      "epoch": 9,
      "train": {
        "loss": 0.22075294651241015,
        "mse": 0.2191130712081783,
        "align": 5.236664279266766e-06,
        "reconstruct": 0.04931500483359136
      },
      "val": {
        "mse": 0.49398794770240784,
        "rmse": 0.7028427617201503,
        "mae": 0.4062133729457855,
        "ci": 0.798644925405113,
        "rm2": 0.34057586534425804,
        "pearson": 0.6120929578925213,
        "spearman": 0.5501849896510136,
        "r2": 0.34927797317504883,
        "bias": -0.0959005355834961
      },
      "val_delta_abs_mean": 0.7417081594467163,
      "val_gate_mean": 0.7543848156929016
    },
    {
      "epoch": 10,
      "train": {
        "loss": 0.22065415976710184,
        "mse": 0.21906561978377243,
        "align": 4.217887941586153e-06,
        "reconstruct": 0.04511004471381199
      },
      "val": {
        "mse": 0.48886731266975403,
        "rmse": 0.6991904695215417,
        "mae": 0.4016507565975189,
        "ci": 0.7978506261115098,
        "rm2": 0.34871712131742655,
        "pearson": 0.6163717139368642,
        "spearman": 0.5490446043594008,
        "r2": 0.35602325201034546,
        "bias": -0.09913311898708344
      },
      "val_delta_abs_mean": 0.8291624784469604,
      "val_gate_mean": 0.7962466478347778
    },
    {
      "epoch": 11,
      "train": {
        "loss": 0.22001077713039735,
        "mse": 0.2183457681938075,
        "align": 3.5312954564864404e-06,
        "reconstruct": 0.0440425336417598
      },
      "val": {
        "mse": 0.48554524779319763,
        "rmse": 0.6968107689991578,
        "mae": 0.4074828624725342,
        "ci": 0.7992817905053943,
        "rm2": 0.3505635031019213,
        "pearson": 0.6085561003587784,
        "spearman": 0.5512262720545229,
        "r2": 0.36039936542510986,
        "bias": -0.06289169937372208
      },
      "val_delta_abs_mean": 0.7300480008125305,
      "val_gate_mean": 0.6519315242767334
    },
    {
      "epoch": 12,
      "train": {
        "loss": 0.22030561552623748,
        "mse": 0.21870442456464928,
        "align": 3.006387815055873e-06,
        "reconstruct": 0.042592895199755704
      },
      "val": {
        "mse": 0.49525097012519836,
        "rmse": 0.7037406980736572,
        "mae": 0.4089186489582062,
        "ci": 0.7935461349396373,
        "rm2": 0.3421008184300381,
        "pearson": 0.598547607047336,
        "spearman": 0.541004235656858,
        "r2": 0.3476141691207886,
        "bias": -0.07257609069347382
      },
      "val_delta_abs_mean": 0.8367565870285034,
      "val_gate_mean": 0.7562025189399719
    },
    {
      "epoch": 13,
      "train": {
        "loss": 0.2196907779094091,
        "mse": 0.21808252759335922,
        "align": 2.5779482282434906e-06,
        "reconstruct": 0.04078197283640718
      },
      "val": {
        "mse": 0.49014461040496826,
        "rmse": 0.7001032855264774,
        "mae": 0.4026643633842468,
        "ci": 0.7993993060675505,
        "rm2": 0.34700860151497126,
        "pearson": 0.6153638719124316,
        "spearman": 0.551698577331748,
        "r2": 0.35434067249298096,
        "bias": -0.09930002689361572
      },
      "val_delta_abs_mean": 0.9298799633979797,
      "val_gate_mean": 0.7533119916915894
    },
    {
      "epoch": 14,
      "train": {
        "loss": 0.21975054471818364,
        "mse": 0.21813861750582017,
        "align": 2.2199129339842293e-06,
        "reconstruct": 0.04227038788860889
      },
      "val": {
        "mse": 0.49443963170051575,
        "rmse": 0.7031640147935017,
        "mae": 0.40539875626564026,
        "ci": 0.795776893955749,
        "rm2": 0.342970915561942,
        "pearson": 0.6053940147237431,
        "spearman": 0.5450949815052558,
        "r2": 0.3486829400062561,
        "bias": -0.09013901650905609
      },
      "val_delta_abs_mean": 0.9503836035728455,
      "val_gate_mean": 0.799877405166626
    },
    {
      "epoch": 15,
      "train": {
        "loss": 0.21942041282235136,
        "mse": 0.21772228811724165,
        "align": 1.8816119589107356e-06,
        "reconstruct": 0.041245516928299635
      },
      "val": {
        "mse": 0.48668771982192993,
        "rmse": 0.697630073765409,
        "mae": 0.41189420223236084,
        "ci": 0.7944495994694896,
        "rm2": 0.34894518900909127,
        "pearson": 0.6077377835759329,
        "spearman": 0.5411062710707855,
        "r2": 0.358894407749176,
        "bias": -0.06400423496961594
      },
      "val_delta_abs_mean": 0.8513044714927673,
      "val_gate_mean": 0.7697668075561523
    },
    {
      "epoch": 16,
      "train": {
        "loss": 0.21919920059844322,
        "mse": 0.21748895594844622,
        "align": 1.7183318431468996e-06,
        "reconstruct": 0.04107371237065492
      },
      "val": {
        "mse": 0.49097785353660583,
        "rmse": 0.7006981186906426,
        "mae": 0.40784943103790283,
        "ci": 0.7985783264643417,
        "rm2": 0.3443037933637661,
        "pearson": 0.6058773922720906,
        "spearman": 0.550281458953028,
        "r2": 0.3532431125640869,
        "bias": -0.07491496950387955
      },
      "val_delta_abs_mean": 0.8236339688301086,
      "val_gate_mean": 0.7656183838844299
    },
    {
      "epoch": 17,
      "train": {
        "loss": 0.2190166124081467,
        "mse": 0.21725630003586305,
        "align": 1.5773338912092734e-06,
        "reconstruct": 0.04026567810057698
      },
      "val": {
        "mse": 0.4923068881034851,
        "rmse": 0.7016458423617182,
        "mae": 0.4179670214653015,
        "ci": 0.8024066453930233,
        "rm2": 0.3371370050391518,
        "pearson": 0.603479369475817,
        "spearman": 0.5551355164147853,
        "r2": 0.35149234533309937,
        "bias": -0.0553559809923172
      },
      "val_delta_abs_mean": 0.8317908048629761,
      "val_gate_mean": 0.7544741034507751
    },
    {
      "epoch": 18,
      "train": {
        "loss": 0.2189466322370428,
        "mse": 0.21725266409801705,
        "align": 1.4304713058875663e-06,
        "reconstruct": 0.038367708265541825
      },
      "val": {
        "mse": 0.4903141260147095,
        "rmse": 0.7002243397759818,
        "mae": 0.410552442073822,
        "ci": 0.79569420536262,
        "rm2": 0.3463743147372674,
        "pearson": 0.6023791951590404,
        "spearman": 0.5445935090599939,
        "r2": 0.35411739349365234,
        "bias": -0.06250999122858047
      },
      "val_delta_abs_mean": 0.8316038846969604,
      "val_gate_mean": 0.7394269704818726
    },
    {
      "epoch": 19,
      "train": {
        "loss": 0.21882902348312386,
        "mse": 0.21715069997238334,
        "align": 1.2594501035922964e-06,
        "reconstruct": 0.03536055939003238
      },
      "val": {
        "mse": 0.4893026351928711,
        "rmse": 0.6995017049249209,
        "mae": 0.41552111506462097,
        "ci": 0.7950245499581668,
        "rm2": 0.34374487292180544,
        "pearson": 0.604962326632019,
        "spearman": 0.5416620404599745,
        "r2": 0.3554497957229614,
        "bias": -0.05879822373390198
      },
      "val_delta_abs_mean": 0.9156123399734497,
      "val_gate_mean": 0.7764880061149597
    },
    {
      "epoch": 20,
      "train": {
        "loss": 0.21883429069141228,
        "mse": 0.2170575613854789,
        "align": 1.1843518089763788e-06,
        "reconstruct": 0.03791996211016518
      },
      "val": {
        "mse": 0.48671215772628784,
        "rmse": 0.6976475884902691,
        "mae": 0.40780365467071533,
        "ci": 0.7993881044108458,
        "rm2": 0.3492784660070685,
        "pearson": 0.6080534807177674,
        "spearman": 0.5510068414412949,
        "r2": 0.3588622212409973,
        "bias": -0.06619549542665482
      },
      "val_delta_abs_mean": 0.843592643737793,
      "val_gate_mean": 0.7190257906913757
    },
    {
      "epoch": 21,
      "train": {
        "loss": 0.21836667124490783,
        "mse": 0.21661754886856366,
        "align": 1.069061838996368e-06,
        "reconstruct": 0.03462735147483427
      },
      "val": {
        "mse": 0.4955500066280365,
        "rmse": 0.7039531281470639,
        "mae": 0.41337451338768005,
        "ci": 0.7897958202749171,
        "rm2": 0.33927714576625206,
        "pearson": 0.600019257593049,
        "spearman": 0.534377072598062,
        "r2": 0.347220242023468,
        "bias": -0.07337860763072968
      },
      "val_delta_abs_mean": 0.7614336013793945,
      "val_gate_mean": 0.8046257495880127
    },
    {
      "epoch": 22,
      "train": {
        "loss": 0.2182093673297183,
        "mse": 0.2164861576337035,
        "align": 9.493762631727112e-07,
        "reconstruct": 0.034419046106991355
      },
      "val": {
        "mse": 0.49366599321365356,
        "rmse": 0.7026136870383707,
        "mae": 0.41430845856666565,
        "ci": 0.7914667001222814,
        "rm2": 0.34128912521304633,
        "pearson": 0.5990673835297092,
        "spearman": 0.5366679315260641,
        "r2": 0.34970206022262573,
        "bias": -0.06182602047920227
      },
      "val_delta_abs_mean": 0.800890326499939,
      "val_gate_mean": 0.6767658591270447
    },
    {
      "epoch": 23,
      "train": {
        "loss": 0.21808442329378,
        "mse": 0.2163115893697284,
        "align": 8.854735651637817e-07,
        "reconstruct": 0.03261023298977566
      },
      "val": {
        "mse": 0.4904487729072571,
        "rmse": 0.7003204787147503,
        "mae": 0.41040244698524475,
        "ci": 0.7942170123430037,
        "rm2": 0.34339645779778105,
        "pearson": 0.6079444066402662,
        "spearman": 0.5426551728483439,
        "r2": 0.3539400100708008,
        "bias": -0.07535957545042038
      },
      "val_delta_abs_mean": 0.8057147264480591,
      "val_gate_mean": 0.8050556182861328
    },
    {
      "epoch": 24,
      "train": {
        "loss": 0.21822746404758417,
        "mse": 0.216443470800716,
        "align": 8.833790532408957e-07,
        "reconstruct": 0.033597493535792666
      },
      "val": {
        "mse": 0.48425599932670593,
        "rmse": 0.6958850474947036,
        "mae": 0.41192173957824707,
        "ci": 0.7952180331194292,
        "rm2": 0.35147553345363236,
        "pearson": 0.6089255807904356,
        "spearman": 0.5427427771194726,
        "r2": 0.36209768056869507,
        "bias": -0.056834954768419266
      },
      "val_delta_abs_mean": 0.7657017707824707,
      "val_gate_mean": 0.6413713693618774
    },
    {
      "epoch": 25,
      "train": {
        "loss": 0.21811996261128633,
        "mse": 0.21634798458299198,
        "align": 8.777210018546884e-07,
        "reconstruct": 0.03195350639047941
      },
      "val": {
        "mse": 0.48446452617645264,
        "rmse": 0.6960348598859489,
        "mae": 0.40611180663108826,
        "ci": 0.7953479723372032,
        "rm2": 0.3518961678328848,
        "pearson": 0.6168233326666546,
        "spearman": 0.5439264616318655,
        "r2": 0.3618229627609253,
        "bias": -0.08532675355672836
      },
      "val_delta_abs_mean": 0.8452718257904053,
      "val_gate_mean": 0.7957502603530884
    },
    {
      "epoch": 26,
      "train": {
        "loss": 0.21776572839064032,
        "mse": 0.2158821167954584,
        "align": 7.613407379970108e-07,
        "reconstruct": 0.033531687068470956
      },
      "val": {
        "mse": 0.49022987484931946,
        "rmse": 0.700164177068007,
        "mae": 0.41050320863723755,
        "ci": 0.7966730264921218,
        "rm2": 0.34630636905719303,
        "pearson": 0.6025171103801946,
        "spearman": 0.5465460365369389,
        "r2": 0.3542283773422241,
        "bias": -0.062330570071935654
      },
      "val_delta_abs_mean": 0.7341902256011963,
      "val_gate_mean": 0.7495994567871094
    },
    {
      "epoch": 27,
      "train": {
        "loss": 0.21779706460157738,
        "mse": 0.21601443223083536,
        "align": 7.267898988526354e-07,
        "reconstruct": 0.03077968513793742
      },
      "val": {
        "mse": 0.4804382622241974,
        "rmse": 0.6931365393803716,
        "mae": 0.40600815415382385,
        "ci": 0.799202767909005,
        "rm2": 0.35605730763247195,
        "pearson": 0.6170158616788894,
        "spearman": 0.5501854807388873,
        "r2": 0.3671267032623291,
        "bias": -0.0721777155995369
      },
      "val_delta_abs_mean": 0.795597493648529,
      "val_gate_mean": 0.7894278168678284
    },
    {
      "epoch": 28,
      "train": {
        "loss": 0.21761187806021115,
        "mse": 0.2158987088532584,
        "align": 7.179757336100245e-07,
        "reconstruct": 0.03069220234579779
      },
      "val": {
        "mse": 0.4872044026851654,
        "rmse": 0.6980002884563626,
        "mae": 0.4118165075778961,
        "ci": 0.796396651071245,
        "rm2": 0.34812426982817374,
        "pearson": 0.6058515707806122,
        "spearman": 0.5448920672298143,
        "r2": 0.35821378231048584,
        "bias": -0.05800684541463852
      },
      "val_delta_abs_mean": 0.8315699696540833,
      "val_gate_mean": 0.7758583426475525
    },
    {
      "epoch": 29,
      "train": {
        "loss": 0.21762792424229693,
        "mse": 0.2157864938405362,
        "align": 6.884459846917459e-07,
        "reconstruct": 0.0317543574273615
      },
      "val": {
        "mse": 0.48948100209236145,
        "rmse": 0.6996291889939709,
        "mae": 0.41184669733047485,
        "ci": 0.79573575332567,
        "rm2": 0.3473209334034763,
        "pearson": 0.6023564738941951,
        "spearman": 0.5441959293319296,
        "r2": 0.35521483421325684,
        "bias": -0.058057237416505814
      },
      "val_delta_abs_mean": 0.7596694231033325,
      "val_gate_mean": 0.7493252158164978
    },
    {
      "epoch": 30,
      "train": {
        "loss": 0.21770953336165547,
        "mse": 0.21590690138672938,
        "align": 6.839700414044825e-07,
        "reconstruct": 0.03153432891865983
      },
      "val": {
        "mse": 0.4930188059806824,
        "rmse": 0.7021529790442268,
        "mae": 0.4152364432811737,
        "ci": 0.7918685340982503,
        "rm2": 0.3441748624793391,
        "pearson": 0.5969648136410056,
        "spearman": 0.537063487297176,
        "r2": 0.35055458545684814,
        "bias": -0.05287189036607742
      },
      "val_delta_abs_mean": 0.8133551478385925,
      "val_gate_mean": 0.7886636257171631
    },
    {
      "epoch": 31,
      "train": {
        "loss": 0.21741762010736942,
        "mse": 0.21558392256759434,
        "align": 6.58629316331976e-07,
        "reconstruct": 0.030187584465161385
      },
      "val": {
        "mse": 0.4901944398880005,
        "rmse": 0.7001388718590051,
        "mae": 0.40449437499046326,
        "ci": 0.7982033764644638,
        "rm2": 0.3471594450916104,
        "pearson": 0.6069973094090871,
        "spearman": 0.5494355481013619,
        "r2": 0.35427504777908325,
        "bias": -0.08003369718790054
      },
      "val_delta_abs_mean": 0.856134831905365,
      "val_gate_mean": 0.7791104316711426
    },
    {
      "epoch": 32,
      "train": {
        "loss": 0.21745535168379668,
        "mse": 0.21559328076509374,
        "align": 6.823116470326631e-07,
        "reconstruct": 0.030815081756418176
      },
      "val": {
        "mse": 0.4953176975250244,
        "rmse": 0.7037881055580752,
        "mae": 0.41296228766441345,
        "ci": 0.7962744511799215,
        "rm2": 0.3392560430330099,
        "pearson": 0.5978028845068978,
        "spearman": 0.5452350658047083,
        "r2": 0.3475262522697449,
        "bias": -0.06401313841342926
      },
      "val_delta_abs_mean": 0.7155396342277527,
      "val_gate_mean": 0.7664956450462341
    },
    {
      "epoch": 33,
      "train": {
        "loss": 0.21714111953999593,
        "mse": 0.21537038608861864,
        "align": 6.169800902051073e-07,
        "reconstruct": 0.028043732756668636
      },
      "val": {
        "mse": 0.48563846945762634,
        "rmse": 0.6968776574533196,
        "mae": 0.4072989523410797,
        "ci": 0.8003420782291117,
        "rm2": 0.349067582070798,
        "pearson": 0.6126565276733947,
        "spearman": 0.5522972181418826,
        "r2": 0.36027657985687256,
        "bias": -0.07394924759864807
      },
      "val_delta_abs_mean": 0.7249846458435059,
      "val_gate_mean": 0.7579917311668396
    },
    {
      "epoch": 34,
      "train": {
        "loss": 0.21698776978500495,
        "mse": 0.2151476359722003,
        "align": 6.1885654335246e-07,
        "reconstruct": 0.02933724641784146
      },
      "val": {
        "mse": 0.4900767505168915,
        "rmse": 0.7000548196512124,
        "mae": 0.4112637937068939,
        "ci": 0.7931992909147639,
        "rm2": 0.3458339216473446,
        "pearson": 0.6043352586180399,
        "spearman": 0.5399489889504444,
        "r2": 0.35443007946014404,
        "bias": -0.06746571511030197
      },
      "val_delta_abs_mean": 0.6924256682395935,
      "val_gate_mean": 0.8004915118217468
    },
    {
      "epoch": 35,
      "train": {
        "loss": 0.2171560799816156,
        "mse": 0.21533647743543738,
        "align": 5.649788106292345e-07,
        "reconstruct": 0.029131464307256782
      },
      "val": {
        "mse": 0.4934313893318176,
        "rmse": 0.702446716364891,
        "mae": 0.4132991433143616,
        "ci": 0.7954200702730841,
        "rm2": 0.3397383757015212,
        "pearson": 0.60373139717305,
        "spearman": 0.5436031715743641,
        "r2": 0.35001105070114136,
        "bias": -0.07229917496442795
      },
      "val_delta_abs_mean": 0.7672068476676941,
      "val_gate_mean": 0.811779260635376
    },
    {
      "epoch": 36,
      "train": {
        "loss": 0.21721268108768596,
        "mse": 0.21531812892854643,
        "align": 5.611570436685712e-07,
        "reconstruct": 0.027722702318515736
      },
      "val": {
        "mse": 0.48734724521636963,
        "rmse": 0.6981026036453163,
        "mae": 0.40023383498191833,
        "ci": 0.8010583732587534,
        "rm2": 0.3515884130931656,
        "pearson": 0.6126950323948083,
        "spearman": 0.555143685363186,
        "r2": 0.35802561044692993,
        "bias": -0.0894683375954628
      },
      "val_delta_abs_mean": 0.761830747127533,
      "val_gate_mean": 0.7623924016952515
    },
    {
      "epoch": 37,
      "train": {
        "loss": 0.21698231023811704,
        "mse": 0.2151520946379161,
        "align": 5.806216585793371e-07,
        "reconstruct": 0.028489766172441377
      },
      "val": {
        "mse": 0.48397964239120483,
        "rmse": 0.6956864540805756,
        "mae": 0.4043969213962555,
        "ci": 0.8031754863759342,
        "rm2": 0.35128904917085385,
        "pearson": 0.6148139197574879,
        "spearman": 0.5588960434162502,
        "r2": 0.36246174573898315,
        "bias": -0.07570771127939224
      },
      "val_delta_abs_mean": 0.7838957905769348,
      "val_gate_mean": 0.789456844329834
    },
    {
      "epoch": 38,
      "train": {
        "loss": 0.2171288911711209,
        "mse": 0.2152248188728454,
        "align": 5.557973885015149e-07,
        "reconstruct": 0.02783562230539641
      },
      "val": {
        "mse": 0.49164602160453796,
        "rmse": 0.7011747439865029,
        "mae": 0.41000714898109436,
        "ci": 0.7962779135101756,
        "rm2": 0.3432224404335638,
        "pearson": 0.6055377280448311,
        "spearman": 0.5451303788608428,
        "r2": 0.35236287117004395,
        "bias": -0.0753915086388588
      },
      "val_delta_abs_mean": 0.7816116213798523,
      "val_gate_mean": 0.7724464535713196
    },
    {
      "epoch": 39,
      "train": {
        "loss": 0.21719063668108954,
        "mse": 0.21534013060566504,
        "align": 5.626260712090064e-07,
        "reconstruct": 0.027741940593259264
      },
      "val": {
        "mse": 0.4825279414653778,
        "rmse": 0.694642311888196,
        "mae": 0.41093742847442627,
        "ci": 0.7919811616647535,
        "rm2": 0.3528839677753412,
        "pearson": 0.6138125349332697,
        "spearman": 0.5371880384866324,
        "r2": 0.364374041557312,
        "bias": -0.0672176405787468
      },
      "val_delta_abs_mean": 0.7203785181045532,
      "val_gate_mean": 0.785105288028717
    },
    {
      "epoch": 40,
      "train": {
        "loss": 0.21697447640702805,
        "mse": 0.2150690645980826,
        "align": 5.285113496156976e-07,
        "reconstruct": 0.02786259201667393
      },
      "val": {
        "mse": 0.4889764189720154,
        "rmse": 0.6992684884735014,
        "mae": 0.412444144487381,
        "ci": 0.7938777039780953,
        "rm2": 0.3454088808071963,
        "pearson": 0.6060278532893496,
        "spearman": 0.5409396142712871,
        "r2": 0.355879545211792,
        "bias": -0.06496682018041611
      },
      "val_delta_abs_mean": 0.7371273040771484,
      "val_gate_mean": 0.7657270431518555
    },
    {
      "epoch": 41,
      "train": {
        "loss": 0.21679747516661094,
        "mse": 0.21500440173283616,
        "align": 5.240239295507747e-07,
        "reconstruct": 0.02659079201804257
      },
      "val": {
        "mse": 0.4908841848373413,
        "rmse": 0.7006312759485843,
        "mae": 0.40887412428855896,
        "ci": 0.7963367731244965,
        "rm2": 0.3443325154827167,
        "pearson": 0.6090940061236169,
        "spearman": 0.5455581322920653,
        "r2": 0.353366494178772,
        "bias": -0.08325797319412231
      },
      "val_delta_abs_mean": 0.8439763784408569,
      "val_gate_mean": 0.8280819654464722
    },
    {
      "epoch": 42,
      "train": {
        "loss": 0.21700814534188512,
        "mse": 0.21516531483780676,
        "align": 5.263078083050449e-07,
        "reconstruct": 0.027125150386340537
      },
      "val": {
        "mse": 0.4897225797176361,
        "rmse": 0.699801814600131,
        "mae": 0.4113829433917999,
        "ci": 0.7938113087038094,
        "rm2": 0.3456890297989356,
        "pearson": 0.6062068304865946,
        "spearman": 0.5403943801565296,
        "r2": 0.354896605014801,
        "bias": -0.07133463025093079
      },
      "val_delta_abs_mean": 0.8481294512748718,
      "val_gate_mean": 0.7434748411178589
    },
    {
      "epoch": 43,
      "train": {
        "loss": 0.21677014246171256,
        "mse": 0.21487761920175802,
        "align": 4.981380575394348e-07,
        "reconstruct": 0.025836244583792668
      },
      "val": {
        "mse": 0.48857128620147705,
        "rmse": 0.6989787451714659,
        "mae": 0.41075003147125244,
        "ci": 0.7947404352108396,
        "rm2": 0.34547763761821393,
        "pearson": 0.6117982886261071,
        "spearman": 0.5426537070072948,
        "r2": 0.35641324520111084,
        "bias": -0.07978544384241104
      },
      "val_delta_abs_mean": 0.7138242721557617,
      "val_gate_mean": 0.7730098962783813
    },
    {
      "epoch": 44,
      "train": {
        "loss": 0.21647864382897303,
        "mse": 0.21456170909854874,
        "align": 5.025451401607403e-07,
        "reconstruct": 0.026081756317542056
      },
      "val": {
        "mse": 0.48782941699028015,
        "rmse": 0.6984478627573286,
        "mae": 0.4107915759086609,
        "ci": 0.7941992933587618,
        "rm2": 0.34743682584242613,
        "pearson": 0.6105085565111666,
        "spearman": 0.5410886394541777,
        "r2": 0.35739046335220337,
        "bias": -0.07699460536241531
      },
      "val_delta_abs_mean": 0.7206548452377319,
      "val_gate_mean": 0.7738300561904907
    },
    {
      "epoch": 45,
      "train": {
        "loss": 0.21666391576904184,
        "mse": 0.2148181786153674,
        "align": 4.855422940579693e-07,
        "reconstruct": 0.026170764769650467
      },
      "val": {
        "mse": 0.48726484179496765,
        "rmse": 0.6980435815871152,
        "mae": 0.40887442231178284,
        "ci": 0.7936882941465437,
        "rm2": 0.34941307267233196,
        "pearson": 0.6088465948301236,
        "spearman": 0.5407634737682654,
        "r2": 0.3581341505050659,
        "bias": -0.07301176339387894
      },
      "val_delta_abs_mean": 0.7321292757987976,
      "val_gate_mean": 0.7912378311157227
    },
    {
      "epoch": 46,
      "train": {
        "loss": 0.21644265351785988,
        "mse": 0.2146532005698846,
        "align": 4.6534316537698583e-07,
        "reconstruct": 0.02441113678693823
      },
      "val": {
        "mse": 0.48888954520225525,
        "rmse": 0.6992063681076247,
        "mae": 0.4103612005710602,
        "ci": 0.7926214890952891,
        "rm2": 0.3465254038557939,
        "pearson": 0.6083679792694993,
        "spearman": 0.5389088613648682,
        "r2": 0.35599398612976074,
        "bias": -0.07492607086896896
      },
      "val_delta_abs_mean": 0.7062140703201294,
      "val_gate_mean": 0.714988648891449
    },
    {
      "epoch": 47,
      "train": {
        "loss": 0.2165817920496228,
        "mse": 0.2147773645579373,
        "align": 4.917856611048187e-07,
        "reconstruct": 0.024603954569700305
      },
      "val": {
        "mse": 0.48570340871810913,
        "rmse": 0.6969242489095275,
        "mae": 0.4056694805622101,
        "ci": 0.7972043923528938,
        "rm2": 0.3515418389566163,
        "pearson": 0.611886265090229,
        "spearman": 0.5470143192715874,
        "r2": 0.3601909875869751,
        "bias": -0.0779225155711174
      },
      "val_delta_abs_mean": 0.8458273410797119,
      "val_gate_mean": 0.7530111074447632
    }
  ]
}
