{"step": 100, "loss": 0.443007852435112, "reconstruction": 0.4331025892496109, "alignment": 0.0990526407957077}
{"step": 200, "loss": 0.23464005023241044, "reconstruction": 0.23417477995157243, "alignment": 0.0046527087688446045}
{"step": 300, "loss": 0.20997911021113397, "reconstruction": 0.2096778804063797, "alignment": 0.003012303113937378}
{"step": 400, "loss": 0.1873767691850662, "reconstruction": 0.18714201852679252, "alignment": 0.0023475062847137453}
{"step": 500, "loss": 0.17028585501015187, "reconstruction": 0.17007316187024116, "alignment": 0.002126935124397278}
{"step": 600, "loss": 0.1625265648216009, "reconstruction": 0.1623485016077757, "alignment": 0.0017806357145309449}
{"step": 700, "loss": 0.14641615502536298, "reconstruction": 0.14626299381256103, "alignment": 0.0015316027402877807}
{"step": 800, "loss": 0.1424846440553665, "reconstruction": 0.1423457846790552, "alignment": 0.0013885980844497681}
{"step": 900, "loss": 0.13169073186814784, "reconstruction": 0.13156427644193172, "alignment": 0.0012645530700683594}
{"step": 1000, "loss": 0.12507604271173478, "reconstruction": 0.12496714033186436, "alignment": 0.0010890215635299683}
{"step": 1100, "loss": 0.11776045322418213, "reconstruction": 0.11766335837543011, "alignment": 0.0009709501266479492}
{"step": 1200, "loss": 0.11657486706972123, "reconstruction": 0.11648847341537476, "alignment": 0.0008639383316040039}
{"step": 1300, "loss": 0.10345685493201018, "reconstruction": 0.10337941780686379, "alignment": 0.0007743656635284424}
{"step": 1400, "loss": 0.10941539742052556, "reconstruction": 0.10934949222952127, "alignment": 0.0006590569019317627}
{"step": 1500, "loss": 0.10294832520186901, "reconstruction": 0.10288641702383756, "alignment": 0.0006190752983093262}
{"step": 1600, "loss": 0.09579834762960672, "reconstruction": 0.09574503161013126, "alignment": 0.0005331635475158691}
{"step": 1700, "loss": 0.09125723157078028, "reconstruction": 0.09120469614863395, "alignment": 0.0005253529548645019}
{"step": 1800, "loss": 0.09368757214397191, "reconstruction": 0.09363834746181965, "alignment": 0.0004922467470169068}
{"step": 1900, "loss": 0.08959298931062222, "reconstruction": 0.08955097381025552, "alignment": 0.0004201531410217285}
{"step": 2000, "loss": 0.08389309518039227, "reconstruction": 0.08385370399802923, "alignment": 0.00039391040802001955}
{"step": 2100, "loss": 0.07922370839864015, "reconstruction": 0.0791865548491478, "alignment": 0.00037153422832489016}
{"step": 2200, "loss": 0.07910803370177746, "reconstruction": 0.07907464601099491, "alignment": 0.00033387839794158937}
{"step": 2300, "loss": 0.08026505637913943, "reconstruction": 0.08023357201367616, "alignment": 0.00031484127044677734}
{"step": 2400, "loss": 0.07346487555652857, "reconstruction": 0.07343651330098509, "alignment": 0.00028362154960632325}
{"step": 2500, "loss": 0.07074496917426586, "reconstruction": 0.07071722455322743, "alignment": 0.0002774453163146973}
{"step": 2600, "loss": 0.06964512564241886, "reconstruction": 0.06962032102048397, "alignment": 0.00024804353713989255}
{"step": 2700, "loss": 0.06669887652620674, "reconstruction": 0.06667537616565823, "alignment": 0.0002350032329559326}
{"step": 2800, "loss": 0.06154817884787917, "reconstruction": 0.06152714932337403, "alignment": 0.00021029591560363769}
{"step": 2900, "loss": 0.0627548592351377, "reconstruction": 0.06273501781746744, "alignment": 0.00019841492176055908}
{"step": 3000, "loss": 0.0643069315329194, "reconstruction": 0.06428812250494957, "alignment": 0.00018808841705322265}
{
  "guardrail": "unique training drugs only; validation/test rows and labels were not used",
  "condition": "real",
  "seed": 43,
  "training_drugs": 47,
  "steps": 3000,
  "history": [
    {
      "step": 100,
      "loss": 0.443007852435112,
      "reconstruction": 0.4331025892496109,
      "alignment": 0.0990526407957077
    },
    {
      "step": 200,
      "loss": 0.23464005023241044,
      "reconstruction": 0.23417477995157243,
      "alignment": 0.0046527087688446045
    },
    {
      "step": 300,
      "loss": 0.20997911021113397,
      "reconstruction": 0.2096778804063797,
      "alignment": 0.003012303113937378
    },
    {
      "step": 400,
      "loss": 0.1873767691850662,
      "reconstruction": 0.18714201852679252,
      "alignment": 0.0023475062847137453
    },
    {
      "step": 500,
      "loss": 0.17028585501015187,
      "reconstruction": 0.17007316187024116,
      "alignment": 0.002126935124397278
    },
    {
      "step": 600,
      "loss": 0.1625265648216009,
      "reconstruction": 0.1623485016077757,
      "alignment": 0.0017806357145309449
    },
    {
      "step": 700,
      "loss": 0.14641615502536298,
      "reconstruction": 0.14626299381256103,
      "alignment": 0.0015316027402877807
    },
    {
      "step": 800,
      "loss": 0.1424846440553665,
      "reconstruction": 0.1423457846790552,
      "alignment": 0.0013885980844497681
    },
    {
      "step": 900,
      "loss": 0.13169073186814784,
      "reconstruction": 0.13156427644193172,
      "alignment": 0.0012645530700683594
    },
    {
      "step": 1000,
      "loss": 0.12507604271173478,
      "reconstruction": 0.12496714033186436,
      "alignment": 0.0010890215635299683
    },
    {
      "step": 1100,
      "loss": 0.11776045322418213,
      "reconstruction": 0.11766335837543011,
      "alignment": 0.0009709501266479492
    },
    {
      "step": 1200,
      "loss": 0.11657486706972123,
      "reconstruction": 0.11648847341537476,
      "alignment": 0.0008639383316040039
    },
    {
      "step": 1300,
      "loss": 0.10345685493201018,
      "reconstruction": 0.10337941780686379,
      "alignment": 0.0007743656635284424
    },
    {
      "step": 1400,
      "loss": 0.10941539742052556,
      "reconstruction": 0.10934949222952127,
      "alignment": 0.0006590569019317627
    },
    {
      "step": 1500,
      "loss": 0.10294832520186901,
      "reconstruction": 0.10288641702383756,
      "alignment": 0.0006190752983093262
    },
    {
      "step": 1600,
      "loss": 0.09579834762960672,
      "reconstruction": 0.09574503161013126,
      "alignment": 0.0005331635475158691
    },
    {
      "step": 1700,
      "loss": 0.09125723157078028,
      "reconstruction": 0.09120469614863395,
      "alignment": 0.0005253529548645019
    },
    {
      "step": 1800,
      "loss": 0.09368757214397191,
      "reconstruction": 0.09363834746181965,
      "alignment": 0.0004922467470169068
    },
    {
      "step": 1900,
      "loss": 0.08959298931062222,
      "reconstruction": 0.08955097381025552,
      "alignment": 0.0004201531410217285
    },
    {
      "step": 2000,
      "loss": 0.08389309518039227,
      "reconstruction": 0.08385370399802923,
      "alignment": 0.00039391040802001955
    },
    {
      "step": 2100,
      "loss": 0.07922370839864015,
      "reconstruction": 0.0791865548491478,
      "alignment": 0.00037153422832489016
    },
    {
      "step": 2200,
      "loss": 0.07910803370177746,
      "reconstruction": 0.07907464601099491,
      "alignment": 0.00033387839794158937
    },
    {
      "step": 2300,
      "loss": 0.08026505637913943,
      "reconstruction": 0.08023357201367616,
      "alignment": 0.00031484127044677734
    },
    {
      "step": 2400,
      "loss": 0.07346487555652857,
      "reconstruction": 0.07343651330098509,
      "alignment": 0.00028362154960632325
    },
    {
      "step": 2500,
      "loss": 0.07074496917426586,
      "reconstruction": 0.07071722455322743,
      "alignment": 0.0002774453163146973
    },
    {
      "step": 2600,
      "loss": 0.06964512564241886,
      "reconstruction": 0.06962032102048397,
      "alignment": 0.00024804353713989255
    },
    {
      "step": 2700,
      "loss": 0.06669887652620674,
      "reconstruction": 0.06667537616565823,
      "alignment": 0.0002350032329559326
    },
    {
      "step": 2800,
      "loss": 0.06154817884787917,
      "reconstruction": 0.06152714932337403,
      "alignment": 0.00021029591560363769
    },
    {
      "step": 2900,
      "loss": 0.0627548592351377,
      "reconstruction": 0.06273501781746744,
      "alignment": 0.00019841492176055908
    },
    {
      "step": 3000,
      "loss": 0.0643069315329194,
      "reconstruction": 0.06428812250494957,
      "alignment": 0.00018808841705322265
    }
  ]
}
