{"step": 100, "loss": 0.4429921650886536, "reconstruction": 0.4351108779013157, "alignment": 0.07881285846233368}
{"step": 200, "loss": 0.3326944041252136, "reconstruction": 0.3325114339590073, "alignment": 0.0018297046422958373}
{"step": 300, "loss": 0.3053131864964962, "reconstruction": 0.3052017414569855, "alignment": 0.001114456057548523}
{"step": 400, "loss": 0.3197240519523621, "reconstruction": 0.3196395142376423, "alignment": 0.0008453816175460815}
{"step": 500, "loss": 0.30688315600156785, "reconstruction": 0.3068193247914314, "alignment": 0.0006383174657821656}
{"step": 600, "loss": 0.3085535575449467, "reconstruction": 0.30850219398736956, "alignment": 0.0005136299133300782}
{"step": 700, "loss": 0.30367923811078074, "reconstruction": 0.3036361627280712, "alignment": 0.0004307609796524048}
{"step": 800, "loss": 0.3258074064552784, "reconstruction": 0.32576890736818315, "alignment": 0.00038500070571899413}
{"step": 900, "loss": 0.30010368272662163, "reconstruction": 0.30007037982344625, "alignment": 0.00033303499221801756}
{"step": 1000, "loss": 0.3062317951023579, "reconstruction": 0.30620313942432403, "alignment": 0.00028655707836151124}
{"step": 1100, "loss": 0.3197698836028576, "reconstruction": 0.31974546939134596, "alignment": 0.00024412214756011963}
{"step": 1200, "loss": 0.3191527310013771, "reconstruction": 0.31912984281778334, "alignment": 0.0002288860082626343}
{"step": 1300, "loss": 0.3121036231517792, "reconstruction": 0.31208329752087594, "alignment": 0.00020325601100921632}
{"step": 1400, "loss": 0.3019749793410301, "reconstruction": 0.3019571442902088, "alignment": 0.00017836213111877442}
{"step": 1500, "loss": 0.30886295646429063, "reconstruction": 0.308846927434206, "alignment": 0.0001602846384048462}
{"step": 1600, "loss": 0.326262014657259, "reconstruction": 0.3262464547157288, "alignment": 0.00015559792518615723}
{"step": 1700, "loss": 0.3181972213089466, "reconstruction": 0.3181833559274673, "alignment": 0.00013864338397979737}
{"step": 1800, "loss": 0.3212185810506344, "reconstruction": 0.3212055961787701, "alignment": 0.00012984931468963624}
{"step": 1900, "loss": 0.31101560026407243, "reconstruction": 0.31100361824035644, "alignment": 0.00011981964111328125}
{"step": 2000, "loss": 0.30983208000659945, "reconstruction": 0.3098213727772236, "alignment": 0.00010706603527069092}
{"step": 2100, "loss": 0.29810124218463896, "reconstruction": 0.2980914144217968, "alignment": 9.82743501663208e-05}
{"step": 2200, "loss": 0.3086543433368206, "reconstruction": 0.3086454521119595, "alignment": 8.889853954315186e-05}
{"step": 2300, "loss": 0.3026883037388325, "reconstruction": 0.30267965570092203, "alignment": 8.647501468658447e-05}
{"step": 2400, "loss": 0.29984878897666933, "reconstruction": 0.29984075665473936, "alignment": 8.03142786026001e-05}
{"step": 2500, "loss": 0.31973460257053377, "reconstruction": 0.3197269847989082, "alignment": 7.618725299835205e-05}
{"step": 2600, "loss": 0.33170426994562147, "reconstruction": 0.33169713109731674, "alignment": 7.138967514038086e-05}
{"step": 2700, "loss": 0.307210049778223, "reconstruction": 0.30720344707369807, "alignment": 6.603658199310303e-05}
{"step": 2800, "loss": 0.31926607474684715, "reconstruction": 0.31925990551710126, "alignment": 6.170094013214112e-05}
{"step": 2900, "loss": 0.30435737982392314, "reconstruction": 0.30435131132602694, "alignment": 6.0686469078063963e-05}
{"step": 3000, "loss": 0.32779229134321214, "reconstruction": 0.3277867515385151, "alignment": 5.540192127227783e-05}
{
  "guardrail": "unique training drugs only; validation/test rows and labels were not used",
  "condition": "no_fragment_edges",
  "seed": 42,
  "training_drugs": 47,
  "steps": 3000,
  "history": [
    {
      "step": 100,
      "loss": 0.4429921650886536,
      "reconstruction": 0.4351108779013157,
      "alignment": 0.07881285846233368
    },
    {
      "step": 200,
      "loss": 0.3326944041252136,
      "reconstruction": 0.3325114339590073,
      "alignment": 0.0018297046422958373
    },
    {
      "step": 300,
      "loss": 0.3053131864964962,
      "reconstruction": 0.3052017414569855,
      "alignment": 0.001114456057548523
    },
    {
      "step": 400,
      "loss": 0.3197240519523621,
      "reconstruction": 0.3196395142376423,
      "alignment": 0.0008453816175460815
    },
    {
      "step": 500,
      "loss": 0.30688315600156785,
      "reconstruction": 0.3068193247914314,
      "alignment": 0.0006383174657821656
    },
    {
      "step": 600,
      "loss": 0.3085535575449467,
      "reconstruction": 0.30850219398736956,
      "alignment": 0.0005136299133300782
    },
    {
      "step": 700,
      "loss": 0.30367923811078074,
      "reconstruction": 0.3036361627280712,
      "alignment": 0.0004307609796524048
    },
    {
      "step": 800,
      "loss": 0.3258074064552784,
      "reconstruction": 0.32576890736818315,
      "alignment": 0.00038500070571899413
    },
    {
      "step": 900,
      "loss": 0.30010368272662163,
      "reconstruction": 0.30007037982344625,
      "alignment": 0.00033303499221801756
    },
    {
      "step": 1000,
      "loss": 0.3062317951023579,
      "reconstruction": 0.30620313942432403,
      "alignment": 0.00028655707836151124
    },
    {
      "step": 1100,
      "loss": 0.3197698836028576,
      "reconstruction": 0.31974546939134596,
      "alignment": 0.00024412214756011963
    },
    {
      "step": 1200,
      "loss": 0.3191527310013771,
      "reconstruction": 0.31912984281778334,
      "alignment": 0.0002288860082626343
    },
    {
      "step": 1300,
      "loss": 0.3121036231517792,
      "reconstruction": 0.31208329752087594,
      "alignment": 0.00020325601100921632
    },
    {
      "step": 1400,
      "loss": 0.3019749793410301,
      "reconstruction": 0.3019571442902088,
      "alignment": 0.00017836213111877442
    },
    {
      "step": 1500,
      "loss": 0.30886295646429063,
      "reconstruction": 0.308846927434206,
      "alignment": 0.0001602846384048462
    },
    {
      "step": 1600,
      "loss": 0.326262014657259,
      "reconstruction": 0.3262464547157288,
      "alignment": 0.00015559792518615723
    },
    {
      "step": 1700,
      "loss": 0.3181972213089466,
      "reconstruction": 0.3181833559274673,
      "alignment": 0.00013864338397979737
    },
    {
      "step": 1800,
      "loss": 0.3212185810506344,
      "reconstruction": 0.3212055961787701,
      "alignment": 0.00012984931468963624
    },
    {
      "step": 1900,
      "loss": 0.31101560026407243,
      "reconstruction": 0.31100361824035644,
      "alignment": 0.00011981964111328125
    },
    {
      "step": 2000,
      "loss": 0.30983208000659945,
      "reconstruction": 0.3098213727772236,
      "alignment": 0.00010706603527069092
    },
    {
      "step": 2100,
      "loss": 0.29810124218463896,
      "reconstruction": 0.2980914144217968,
      "alignment": 9.82743501663208e-05
    },
    {
      "step": 2200,
      "loss": 0.3086543433368206,
      "reconstruction": 0.3086454521119595,
      "alignment": 8.889853954315186e-05
    },
    {
      "step": 2300,
      "loss": 0.3026883037388325,
      "reconstruction": 0.30267965570092203,
      "alignment": 8.647501468658447e-05
    },
    {
      "step": 2400,
      "loss": 0.29984878897666933,
      "reconstruction": 0.29984075665473936,
      "alignment": 8.03142786026001e-05
    },
    {
      "step": 2500,
      "loss": 0.31973460257053377,
      "reconstruction": 0.3197269847989082,
      "alignment": 7.618725299835205e-05
    },
    {
      "step": 2600,
      "loss": 0.33170426994562147,
      "reconstruction": 0.33169713109731674,
      "alignment": 7.138967514038086e-05
    },
    {
      "step": 2700,
      "loss": 0.307210049778223,
      "reconstruction": 0.30720344707369807,
      "alignment": 6.603658199310303e-05
    },
    {
      "step": 2800,
      "loss": 0.31926607474684715,
      "reconstruction": 0.31925990551710126,
      "alignment": 6.170094013214112e-05
    },
    {
      "step": 2900,
      "loss": 0.30435737982392314,
      "reconstruction": 0.30435131132602694,
      "alignment": 6.0686469078063963e-05
    },
    {
      "step": 3000,
      "loss": 0.32779229134321214,
      "reconstruction": 0.3277867515385151,
      "alignment": 5.540192127227783e-05
    }
  ]
}
