loaded hierarchy pretraining: experiments/brics_hierarchical/pretrain/random_assignment_seed42.pt; condition=random_assignment seed=42
{"epoch": 1, "train": {"loss": 0.22499705505268378, "mse": 0.22354530355730517, "align": 9.598625375364448e-05, "reconstruct": 0.06609361473145631}, "val": {"mse": 0.49617356061935425, "rmse": 0.7043958834486146, "mae": 0.42771247029304504, "ci": 0.7825748250301223, "rm2": 0.33520690863044084, "pearson": 0.5936900369211082, "spearman": 0.5206723542128818, "r2": 0.34639883041381836, "bias": -0.04033088684082031}, "val_delta_abs_mean": 0.44533446431159973, "val_gate_mean": 0.8320327997207642}
{"epoch": 2, "train": {"loss": 0.22331683153199244, "mse": 0.22171512470359442, "align": 3.8587503028326826e-05, "reconstruct": 0.06342448316793521}, "val": {"mse": 0.49100640416145325, "rmse": 0.7007184913797075, "mae": 0.41544610261917114, "ci": 0.7917644605241397, "rm2": 0.3422498942505587, "pearson": 0.602686317860858, "spearman": 0.5379258192334347, "r2": 0.35320544242858887, "bias": -0.058746080845594406}, "val_delta_abs_mean": 0.4187694787979126, "val_gate_mean": 0.7444523572921753}
{"epoch": 3, "train": {"loss": 0.22299440904319878, "mse": 0.22143762978820447, "align": 2.7506065928719092e-05, "reconstruct": 0.06060729290215173}, "val": {"mse": 0.4939999282360077, "rmse": 0.702851284580179, "mae": 0.41728559136390686, "ci": 0.7883318655768609, "rm2": 0.3400904231652426, "pearson": 0.5983101025889886, "spearman": 0.5311172522867781, "r2": 0.3492621183395386, "bias": -0.0582059882581234}, "val_delta_abs_mean": 0.5815751552581787, "val_gate_mean": 0.7955974340438843}
{"epoch": 4, "train": {"loss": 0.22207645045169636, "mse": 0.22051406467174375, "align": 1.52922094390449e-05, "reconstruct": 0.05524632512706816}, "val": {"mse": 0.4859952926635742, "rmse": 0.6971336261173852, "mae": 0.4061534106731415, "ci": 0.7968995036240415, "rm2": 0.34912228001184265, "pearson": 0.6129335563790584, "spearman": 0.5473040935921483, "r2": 0.35980653762817383, "bias": -0.07705556601285934}, "val_delta_abs_mean": 0.6224844455718994, "val_gate_mean": 0.7872381806373596}
{"epoch": 5, "train": {"loss": 0.22178852338427424, "mse": 0.22020115047159583, "align": 1.1676536713204716e-05, "reconstruct": 0.05345739826059346}, "val": {"mse": 0.4891864061355591, "rmse": 0.6994186200949751, "mae": 0.4119160771369934, "ci": 0.7920369662817913, "rm2": 0.3453727452325464, "pearson": 0.6068379414885638, "spearman": 0.5380267721158607, "r2": 0.3556029200553894, "bias": -0.06912003457546234}, "val_delta_abs_mean": 0.6095783710479736, "val_gate_mean": 0.7830600738525391}
{"epoch": 6, "train": {"loss": 0.2216638051101812, "mse": 0.22005113701515322, "align": 1.0634680575650547e-05, "reconstruct": 0.05403547046491429}, "val": {"mse": 0.4944525361061096, "rmse": 0.7031731906906787, "mae": 0.422692209482193, "ci": 0.7878104793738804, "rm2": 0.33794774998053884, "pearson": 0.5956769752668424, "spearman": 0.5305231014495257, "r2": 0.34866589307785034, "bias": -0.04297866299748421}, "val_delta_abs_mean": 0.3447798192501068, "val_gate_mean": 0.5897493958473206}
{"epoch": 7, "train": {"loss": 0.22124727541596756, "mse": 0.2196210908207763, "align": 7.555392268900579e-06, "reconstruct": 0.05008096389828982}, "val": {"mse": 0.49253445863723755, "rmse": 0.7018079927139884, "mae": 0.41865211725234985, "ci": 0.7885797276897621, "rm2": 0.33962312761785385, "pearson": 0.6006445710774637, "spearman": 0.5319677861512998, "r2": 0.3511925935745239, "bias": -0.054931093007326126}, "val_delta_abs_mean": 0.4676906168460846, "val_gate_mean": 0.6303086280822754}
{"epoch": 8, "train": {"loss": 0.22113130009658094, "mse": 0.21948299587670977, "align": 5.6579595719860165e-06, "reconstruct": 0.05311713370713231}, "val": {"mse": 0.487397164106369, "rmse": 0.6981383559913958, "mae": 0.4178910553455353, "ci": 0.7914542764666634, "rm2": 0.3464301697580108, "pearson": 0.6041300602849817, "spearman": 0.5365244676208845, "r2": 0.3579598665237427, "bias": -0.046531789004802704}, "val_delta_abs_mean": 0.5292795896530151, "val_gate_mean": 0.7149975299835205}
{"epoch": 9, "train": {"loss": 0.22067391652912632, "mse": 0.21910675067845145, "align": 4.740867484369899e-06, "reconstruct": 0.046994054701659495}, "val": {"mse": 0.49311017990112305, "rmse": 0.7022180429902973, "mae": 0.41488170623779297, "ci": 0.787896833963749, "rm2": 0.3405199788276241, "pearson": 0.603910841257517, "spearman": 0.5303211059252807, "r2": 0.35043424367904663, "bias": -0.07287106662988663}, "val_delta_abs_mean": 0.7385000586509705, "val_gate_mean": 0.8114217519760132}
{"epoch": 10, "train": {"loss": 0.220672047662129, "mse": 0.21904904064308567, "align": 3.846677306573614e-06, "reconstruct": 0.045846884413697185}, "val": {"mse": 0.47825220227241516, "rmse": 0.6915578083373907, "mae": 0.40605834126472473, "ci": 0.8008492077781045, "rm2": 0.35620087615133894, "pearson": 0.6177118250688087, "spearman": 0.5541797102695851, "r2": 0.37000638246536255, "bias": -0.059919290244579315}, "val_delta_abs_mean": 0.6585392355918884, "val_gate_mean": 0.7617323398590088}
{"epoch": 11, "train": {"loss": 0.22020550443538633, "mse": 0.21864095608048092, "align": 3.3264464520393536e-06, "reconstruct": 0.04304415028019728}, "val": {"mse": 0.496042937040329, "rmse": 0.7043031570569089, "mae": 0.4159722924232483, "ci": 0.7880414371684819, "rm2": 0.338516402223176, "pearson": 0.5978734656368399, "spearman": 0.5309818533302049, "r2": 0.3465709090232849, "bias": -0.0676051676273346}, "val_delta_abs_mean": 0.6478148102760315, "val_gate_mean": 0.7964298129081726}
{"epoch": 12, "train": {"loss": 0.2198825694331538, "mse": 0.21828627370888246, "align": 2.5388411083682342e-06, "reconstruct": 0.041645336689957756}, "val": {"mse": 0.4942460358142853, "rmse": 0.703026340768456, "mae": 0.4047200679779053, "ci": 0.7976139656553132, "rm2": 0.34202133605939294, "pearson": 0.6112996228230944, "spearman": 0.5493884852856147, "r2": 0.3489379286766052, "bias": -0.09935498982667923}, "val_delta_abs_mean": 0.7660551071166992, "val_gate_mean": 0.8054857850074768}
{"epoch": 13, "train": {"loss": 0.21978886879975543, "mse": 0.21820468445439145, "align": 2.3864295010480864e-06, "reconstruct": 0.04108083201155369}, "val": {"mse": 0.4925626218318939, "rmse": 0.7018280571706249, "mae": 0.40566253662109375, "ci": 0.7970880987896508, "rm2": 0.34354489316107967, "pearson": 0.6062907183341308, "spearman": 0.5475703083677532, "r2": 0.35115545988082886, "bias": -0.08358944207429886}, "val_delta_abs_mean": 0.8244753479957581, "val_gate_mean": 0.8505285382270813}
{"epoch": 14, "train": {"loss": 0.21976095408020457, "mse": 0.2180052010586898, "align": 2.1528139533970874e-06, "reconstruct": 0.04223811739121937}, "val": {"mse": 0.4855334460735321, "rmse": 0.6968023005656139, "mae": 0.40415242314338684, "ci": 0.7999681465616617, "rm2": 0.34977467025926584, "pearson": 0.6148029502918646, "spearman": 0.5529157143232695, "r2": 0.36041492223739624, "bias": -0.0810161605477333}, "val_delta_abs_mean": 0.7277222275733948, "val_gate_mean": 0.7940893173217773}
{"epoch": 15, "train": {"loss": 0.21936290862873128, "mse": 0.21766414511900406, "align": 1.8461372391647584e-06, "reconstruct": 0.03931968292013231}, "val": {"mse": 0.4885982275009155, "rmse": 0.6989980168075697, "mae": 0.408572793006897, "ci": 0.7951652834996745, "rm2": 0.3484903004023566, "pearson": 0.6064448955333949, "spearman": 0.5435448182434753, "r2": 0.3563777208328247, "bias": -0.07121296226978302}, "val_delta_abs_mean": 0.7803613543510437, "val_gate_mean": 0.8365181684494019}
{"epoch": 16, "train": {"loss": 0.2191384883241175, "mse": 0.21735506295251172, "align": 1.6379714459740325e-06, "reconstruct": 0.039068572281108355}, "val": {"mse": 0.4864955544471741, "rmse": 0.6974923328949029, "mae": 0.41075530648231506, "ci": 0.7987272066652709, "rm2": 0.34736810320775463, "pearson": 0.6096315595393743, "spearman": 0.5495016941601574, "r2": 0.35914748907089233, "bias": -0.0654812604188919}, "val_delta_abs_mean": 0.6509862542152405, "val_gate_mean": 0.7698954939842224}
{"epoch": 17, "train": {"loss": 0.21881079305075607, "mse": 0.2171066024382741, "align": 1.3716815123260107e-06, "reconstruct": 0.039738676771399625}, "val": {"mse": 0.48501384258270264, "rmse": 0.6964293521834807, "mae": 0.41207948327064514, "ci": 0.7925834034624932, "rm2": 0.3517341083839488, "pearson": 0.6067608364162235, "spearman": 0.5388518505657544, "r2": 0.36109936237335205, "bias": -0.053190141916275024}, "val_delta_abs_mean": 0.8070940375328064, "val_gate_mean": 0.8205013871192932}
{"epoch": 18, "train": {"loss": 0.2186614775710447, "mse": 0.21687489379022698, "align": 1.2291858409038004e-06, "reconstruct": 0.0385610579843957}, "val": {"mse": 0.4872789680957794, "rmse": 0.6980537000086594, "mae": 0.41551652550697327, "ci": 0.7878385853488847, "rm2": 0.34982425871371614, "pearson": 0.6033656107521062, "spearman": 0.5295591596547774, "r2": 0.358115553855896, "bias": -0.05015340447425842}, "val_delta_abs_mean": 0.974598228931427, "val_gate_mean": 0.8704106211662292}
{"epoch": 19, "train": {"loss": 0.2186296484052498, "mse": 0.21685548471431249, "align": 1.2236769876271685e-06, "reconstruct": 0.03833382594815815}, "val": {"mse": 0.48769766092300415, "rmse": 0.6983535357703892, "mae": 0.4106955826282501, "ci": 0.7941707800507862, "rm2": 0.3477237184728615, "pearson": 0.6073738109783353, "spearman": 0.5418341029819848, "r2": 0.3575640320777893, "bias": -0.06676481664180756}, "val_delta_abs_mean": 0.6567709445953369, "val_gate_mean": 0.760705292224884}
{"epoch": 20, "train": {"loss": 0.2187322338821914, "mse": 0.2169611811411212, "align": 1.0682986332820012e-06, "reconstruct": 0.03755589300280438}, "val": {"mse": 0.48883432149887085, "rmse": 0.6991668767174765, "mae": 0.4115617275238037, "ci": 0.7912571273086615, "rm2": 0.34778760136351866, "pearson": 0.6055969783499009, "spearman": 0.5365843508945618, "r2": 0.3560667037963867, "bias": -0.06812281906604767}, "val_delta_abs_mean": 0.6912564039230347, "val_gate_mean": 0.8119224309921265}
{"epoch": 21, "train": {"loss": 0.2184556068235129, "mse": 0.2168354705826798, "align": 1.0874648519736161e-06, "reconstruct": 0.034380357031790876}, "val": {"mse": 0.47894614934921265, "rmse": 0.6920593539207549, "mae": 0.405243843793869, "ci": 0.7986098947696002, "rm2": 0.3564864187055159, "pearson": 0.6194198125359675, "spearman": 0.5501501998248101, "r2": 0.3690922260284424, "bias": -0.07147707790136337}, "val_delta_abs_mean": 0.7701238989830017, "val_gate_mean": 0.8068735599517822}
{"epoch": 22, "train": {"loss": 0.21818374047853656, "mse": 0.21638507640222918, "align": 8.707144290934722e-07, "reconstruct": 0.03514865827368763}, "val": {"mse": 0.483814001083374, "rmse": 0.6955673950692154, "mae": 0.4095640778541565, "ci": 0.7949349367045296, "rm2": 0.3523304339319703, "pearson": 0.6104791084253943, "spearman": 0.5432240135874362, "r2": 0.3626798987388611, "bias": -0.06229173764586449}, "val_delta_abs_mean": 0.7152576446533203, "val_gate_mean": 0.8452600836753845}
{"epoch": 23, "train": {"loss": 0.21826741452555437, "mse": 0.21658076995362718, "align": 8.780595667956481e-07, "reconstruct": 0.03455478310064263}, "val": {"mse": 0.47685644030570984, "rmse": 0.6905479275949714, "mae": 0.4053846299648285, "ci": 0.7980174289631665, "rm2": 0.360449384803749, "pearson": 0.6188102322957293, "spearman": 0.5477431786668824, "r2": 0.371845006942749, "bias": -0.065102718770504}, "val_delta_abs_mean": 0.8792904019355774, "val_gate_mean": 0.8156269788742065}
{"epoch": 24, "train": {"loss": 0.2182489083736455, "mse": 0.2163794758093303, "align": 8.98993209246849e-07, "reconstruct": 0.03501520625392626}, "val": {"mse": 0.4848370850086212, "rmse": 0.6963024378878917, "mae": 0.4104860723018646, "ci": 0.7900404237240498, "rm2": 0.3501520224377068, "pearson": 0.6121661393209434, "spearman": 0.534644846050746, "r2": 0.3613322377204895, "bias": -0.07010919600725174}, "val_delta_abs_mean": 0.768519401550293, "val_gate_mean": 0.8212186098098755}
{"epoch": 25, "train": {"loss": 0.21808598468355786, "mse": 0.21628159217739445, "align": 7.557630240544211e-07, "reconstruct": 0.03408475837008469}, "val": {"mse": 0.47784435749053955, "rmse": 0.6912628714827229, "mae": 0.4037836492061615, "ci": 0.798559181814701, "rm2": 0.358062083219759, "pearson": 0.6236431073900103, "spearman": 0.5493419626320865, "r2": 0.37054359912872314, "bias": -0.08096779882907867}, "val_delta_abs_mean": 0.8693971037864685, "val_gate_mean": 0.8083328008651733}
{"epoch": 26, "train": {"loss": 0.21787409157154822, "mse": 0.21597648892364088, "align": 7.359713209803552e-07, "reconstruct": 0.03561130932648722}, "val": {"mse": 0.4839385747909546, "rmse": 0.6956569375712102, "mae": 0.4147213101387024, "ci": 0.7896377750821387, "rm2": 0.35131948335863256, "pearson": 0.6090340948739292, "spearman": 0.5331975067431979, "r2": 0.36251580715179443, "bias": -0.05431706830859184}, "val_delta_abs_mean": 0.7084353566169739, "val_gate_mean": 0.8100424408912659}
{"epoch": 27, "train": {"loss": 0.21764321791215593, "mse": 0.2158033788172632, "align": 6.904314672268653e-07, "reconstruct": 0.03162285792775387}, "val": {"mse": 0.4893009662628174, "rmse": 0.6995005119818122, "mae": 0.40910661220550537, "ci": 0.7954406405881236, "rm2": 0.3479078214021405, "pearson": 0.6044317046424352, "spearman": 0.5441852431244293, "r2": 0.3554520010948181, "bias": -0.06707165390253067}, "val_delta_abs_mean": 0.6648690700531006, "val_gate_mean": 0.8322446346282959}
{"epoch": 28, "train": {"loss": 0.21851998779112536, "mse": 0.21667215070346788, "align": 6.896969534566476e-07, "reconstruct": 0.03564897247962134}, "val": {"mse": 0.4875810146331787, "rmse": 0.6982700155621596, "mae": 0.39964836835861206, "ci": 0.8027793550615603, "rm2": 0.350573485228106, "pearson": 0.6130180089487556, "spearman": 0.5589478834068532, "r2": 0.35771769285202026, "bias": -0.0894307792186737}, "val_delta_abs_mean": 0.7606220841407776, "val_gate_mean": 0.810170590877533}
{"epoch": 29, "train": {"loss": 0.21796046143330083, "mse": 0.2162872532859073, "align": 6.473132135595614e-07, "reconstruct": 0.033827118705404016}, "val": {"mse": 0.4931059777736664, "rmse": 0.7022150509449839, "mae": 0.41072627902030945, "ci": 0.7917662935225096, "rm2": 0.34236941534679993, "pearson": 0.6018945602525265, "spearman": 0.5380267562246102, "r2": 0.35043972730636597, "bias": -0.07105734944343567}, "val_delta_abs_mean": 0.6313539147377014, "val_gate_mean": 0.780227780342102}
{"epoch": 30, "train": {"loss": 0.21746144512682777, "mse": 0.21572031300000993, "align": 6.353831031823555e-07, "reconstruct": 0.031537902071000386}, "val": {"mse": 0.48188549280166626, "rmse": 0.6941797265850295, "mae": 0.4068838953971863, "ci": 0.7930137507464377, "rm2": 0.35507247222848587, "pearson": 0.6151335284523013, "spearman": 0.540113158078844, "r2": 0.365220308303833, "bias": -0.07281745970249176}, "val_delta_abs_mean": 0.7333363890647888, "val_gate_mean": 0.7877314686775208}
{"epoch": 31, "train": {"loss": 0.21788661604989443, "mse": 0.21617908865755672, "align": 6.448916134733753e-07, "reconstruct": 0.03254469767710673}, "val": {"mse": 0.47774142026901245, "rmse": 0.6911884115557874, "mae": 0.40093761682510376, "ci": 0.7987194673388204, "rm2": 0.36053979889232823, "pearson": 0.6209725555787425, "spearman": 0.5501929268527367, "r2": 0.37067919969558716, "bias": -0.07853265106678009}, "val_delta_abs_mean": 0.8429971933364868, "val_gate_mean": 0.8315686583518982}
{"epoch": 32, "train": {"loss": 0.21721517432797022, "mse": 0.2153596323565591, "align": 5.831924567750986e-07, "reconstruct": 0.030351285281398074}, "val": {"mse": 0.4834080934524536, "rmse": 0.6952755521751456, "mae": 0.40585511922836304, "ci": 0.7941282137553086, "rm2": 0.3549833401298747, "pearson": 0.6123393263512747, "spearman": 0.5416025542031129, "r2": 0.3632146120071411, "bias": -0.07260864228010178}, "val_delta_abs_mean": 0.8510764241218567, "val_gate_mean": 0.8417971134185791}
{"epoch": 33, "train": {"loss": 0.21742051183571998, "mse": 0.2155806311611791, "align": 5.785673153782598e-07, "reconstruct": 0.03093728667358766}, "val": {"mse": 0.4807974100112915, "rmse": 0.6933955653242178, "mae": 0.4104425013065338, "ci": 0.7942834076172894, "rm2": 0.35516482272436195, "pearson": 0.6134455084858169, "spearman": 0.5422017377322759, "r2": 0.3666536211967468, "bias": -0.05905687063932419}, "val_delta_abs_mean": 0.6311274766921997, "val_gate_mean": 0.7570436596870422}
{"epoch": 34, "train": {"loss": 0.21728819361794174, "mse": 0.21548488214963482, "align": 5.113593054033512e-07, "reconstruct": 0.030964249607110673}, "val": {"mse": 0.481497198343277, "rmse": 0.6938999916005743, "mae": 0.4135793447494507, "ci": 0.7902451085420168, "rm2": 0.3539642477500901, "pearson": 0.6116357162085149, "spearman": 0.5342502869491722, "r2": 0.36573177576065063, "bias": -0.053285352885723114}, "val_delta_abs_mean": 0.8130226731300354, "val_gate_mean": 0.7729175090789795}
{"epoch": 35, "train": {"loss": 0.21726483006191355, "mse": 0.21541666215183622, "align": 5.130865604411285e-07, "reconstruct": 0.02868410640194348}, "val": {"mse": 0.4761183261871338, "rmse": 0.6900132797179586, "mae": 0.4038419723510742, "ci": 0.798652868398049, "rm2": 0.3622048297469437, "pearson": 0.619277288599257, "spearman": 0.5492862623748381, "r2": 0.3728172779083252, "bias": -0.06581826508045197}, "val_delta_abs_mean": 0.9021836519241333, "val_gate_mean": 0.8102337718009949}
{"epoch": 36, "train": {"loss": 0.21702601105660485, "mse": 0.2151600142665257, "align": 4.830805252499744e-07, "reconstruct": 0.028840274733918123}, "val": {"mse": 0.48791709542274475, "rmse": 0.6985106265639377, "mae": 0.41229209303855896, "ci": 0.795206627796239, "rm2": 0.3458222647488182, "pearson": 0.6092527173705298, "spearman": 0.5430811158821206, "r2": 0.35727494955062866, "bias": -0.06965108215808868}, "val_delta_abs_mean": 0.764475405216217, "val_gate_mean": 0.7980360984802246}
{"epoch": 37, "train": {"loss": 0.21692012821966958, "mse": 0.21508379975055678, "align": 4.873785784835132e-07, "reconstruct": 0.027215004401519798}, "val": {"mse": 0.48055151104927063, "rmse": 0.6932182275800822, "mae": 0.4108642041683197, "ci": 0.7934846276610045, "rm2": 0.3546338309488768, "pearson": 0.6145267967634452, "spearman": 0.5401711093503685, "r2": 0.3669775128364563, "bias": -0.06030340865254402}, "val_delta_abs_mean": 0.6217262148857117, "val_gate_mean": 0.7955042123794556}
{"epoch": 38, "train": {"loss": 0.21682250410206477, "mse": 0.21497146202382403, "align": 4.565290001343749e-07, "reconstruct": 0.028488308777511722}, "val": {"mse": 0.48890912532806396, "rmse": 0.6992203696461252, "mae": 0.41924959421157837, "ci": 0.7844805323353132, "rm2": 0.3455208722627921, "pearson": 0.6042814863748434, "spearman": 0.5235618526804761, "r2": 0.355968177318573, "bias": -0.057879481464624405}, "val_delta_abs_mean": 0.6976867318153381, "val_gate_mean": 0.7803576588630676}
{"epoch": 39, "train": {"loss": 0.2170387843744443, "mse": 0.21519214783591556, "align": 4.5263837250775367e-07, "reconstruct": 0.0284646810872115}, "val": {"mse": 0.48539844155311584, "rmse": 0.696705419494578, "mae": 0.4143044352531433, "ci": 0.7891302382001748, "rm2": 0.3506975306886188, "pearson": 0.6087713127105059, "spearman": 0.5324140159152323, "r2": 0.360592782497406, "bias": -0.06301393359899521}, "val_delta_abs_mean": 0.6603634357452393, "val_gate_mean": 0.7842073440551758}
{"epoch": 40, "train": {"loss": 0.2166853767816206, "mse": 0.21477626145741036, "align": 4.3060295940122626e-07, "reconstruct": 0.02875420181782755}, "val": {"mse": 0.48537105321884155, "rmse": 0.6966857636114302, "mae": 0.40225616097450256, "ci": 0.7968575483280204, "rm2": 0.35346658940727915, "pearson": 0.6139647901998676, "spearman": 0.54756859772422, "r2": 0.3606288433074951, "bias": -0.08617539703845978}, "val_delta_abs_mean": 0.8215678334236145, "val_gate_mean": 0.8132854104042053}
{"epoch": 41, "train": {"loss": 0.21679394089149603, "mse": 0.21499545349085586, "align": 4.594670552152452e-07, "reconstruct": 0.026720160302992353}, "val": {"mse": 0.4838375449180603, "rmse": 0.6955843190570503, "mae": 0.4036921262741089, "ci": 0.794861820436221, "rm2": 0.3548129104748045, "pearson": 0.6180786804547553, "spearman": 0.5437917153040216, "r2": 0.3626488447189331, "bias": -0.09161578118801117}, "val_delta_abs_mean": 0.846342921257019, "val_gate_mean": 0.8460291028022766}
{"epoch": 42, "train": {"loss": 0.2165350165945097, "mse": 0.21463368314745063, "align": 4.322900457171948e-07, "reconstruct": 0.027336482345072324}, "val": {"mse": 0.4879930913448334, "rmse": 0.698565022989867, "mae": 0.4102005958557129, "ci": 0.7933693524301892, "rm2": 0.3478736816907432, "pearson": 0.6108716674396469, "spearman": 0.5414158676510664, "r2": 0.3571748733520508, "bias": -0.08002723753452301}, "val_delta_abs_mean": 0.6762266755104065, "val_gate_mean": 0.7891567945480347}
{"epoch": 43, "train": {"loss": 0.21679816454221462, "mse": 0.21506146141220772, "align": 4.2861747686610684e-07, "reconstruct": 0.026456677774581574}, "val": {"mse": 0.48543307185173035, "rmse": 0.6967302719501502, "mae": 0.41227808594703674, "ci": 0.7874884826602427, "rm2": 0.351689958777664, "pearson": 0.6118983797115, "spearman": 0.5304938063127488, "r2": 0.36054712533950806, "bias": -0.07666325569152832}, "val_delta_abs_mean": 0.7807697057723999, "val_gate_mean": 0.7869488000869751}
{"epoch": 44, "train": {"loss": 0.21671555596623898, "mse": 0.21488748187106166, "align": 4.2729764743524715e-07, "reconstruct": 0.026701854951206288}, "val": {"mse": 0.49703556299209595, "rmse": 0.7050074914439534, "mae": 0.4133009612560272, "ci": 0.7862571150886724, "rm2": 0.340383772530312, "pearson": 0.6008767010668935, "spearman": 0.5284478992879246, "r2": 0.34526336193084717, "bias": -0.08694221079349518}, "val_delta_abs_mean": 0.7126892805099487, "val_gate_mean": 0.7859318852424622}
{"epoch": 45, "train": {"loss": 0.21665620326255597, "mse": 0.2147253767076259, "align": 4.032767517936004e-07, "reconstruct": 0.02757146439372581}, "val": {"mse": 0.4841342270374298, "rmse": 0.6957975474499962, "mae": 0.41092658042907715, "ci": 0.7943383975683851, "rm2": 0.34991577198775864, "pearson": 0.6129564318300929, "spearman": 0.5422768446375371, "r2": 0.36225807666778564, "bias": -0.06738609075546265}, "val_delta_abs_mean": 0.7358632683753967, "val_gate_mean": 0.8159710764884949}
{"epoch": 46, "train": {"loss": 0.21655773904626105, "mse": 0.21468286080833027, "align": 3.867501919637048e-07, "reconstruct": 0.02577570866378437}, "val": {"mse": 0.4857347905635834, "rmse": 0.696946763077054, "mae": 0.41280466318130493, "ci": 0.7884060001775972, "rm2": 0.3509709826168366, "pearson": 0.6091696984721194, "spearman": 0.5313972679545536, "r2": 0.36014968156814575, "bias": -0.06759581714868546}, "val_delta_abs_mean": 0.7705721259117126, "val_gate_mean": 0.7882646918296814}
{"epoch": 47, "train": {"loss": 0.2161982639931136, "mse": 0.21439881127137955, "align": 4.128254308064289e-07, "reconstruct": 0.02724190472500655}, "val": {"mse": 0.49290382862091064, "rmse": 0.7020710994058299, "mae": 0.410266637802124, "ci": 0.7905102823061889, "rm2": 0.34500198454105885, "pearson": 0.6046415553712611, "spearman": 0.536221517784484, "r2": 0.3507060408592224, "bias": -0.0840829536318779}, "val_delta_abs_mean": 0.7504279017448425, "val_gate_mean": 0.7829092741012573}
{"epoch": 48, "train": {"loss": 0.21634328884363196, "mse": 0.21444468843049766, "align": 4.0401126556381796e-07, "reconstruct": 0.02664638192495908}, "val": {"mse": 0.48125380277633667, "rmse": 0.6937245871210971, "mae": 0.40495526790618896, "ci": 0.7966282198653031, "rm2": 0.3570864713000149, "pearson": 0.6143211590013669, "spearman": 0.5462393651569121, "r2": 0.36605238914489746, "bias": -0.0703018307685852}, "val_delta_abs_mean": 0.82463538646698, "val_gate_mean": 0.8148559927940369}
{"epoch": 49, "train": {"loss": 0.2161931105110842, "mse": 0.2142794156907738, "align": 3.691218614784829e-07, "reconstruct": 0.02514473254459476}, "val": {"mse": 0.484229177236557, "rmse": 0.6958657753019306, "mae": 0.41006597876548767, "ci": 0.7927834039512928, "rm2": 0.3526151315755406, "pearson": 0.6096636283235319, "spearman": 0.5397439868333642, "r2": 0.3621329665184021, "bias": -0.06264009326696396}, "val_delta_abs_mean": 0.7222805619239807, "val_gate_mean": 0.8038522601127625}
{"epoch": 50, "train": {"loss": 0.21641724110811683, "mse": 0.21457381371189566, "align": 3.6691832016783016e-07, "reconstruct": 0.025257196196683897}, "val": {"mse": 0.48194003105163574, "rmse": 0.6942190079878509, "mae": 0.40838825702667236, "ci": 0.7944836117725746, "rm2": 0.3545068020427397, "pearson": 0.6142119834460018, "spearman": 0.542220177322329, "r2": 0.36514848470687866, "bias": -0.06865889579057693}, "val_delta_abs_mean": 0.6813864707946777, "val_gate_mean": 0.7530835866928101}
{"epoch": 51, "train": {"loss": 0.21627998268413764, "mse": 0.21436604804436396, "align": 3.674347751625144e-07, "reconstruct": 0.025913646835068072}, "val": {"mse": 0.4826645255088806, "rmse": 0.6947406174313407, "mae": 0.40498462319374084, "ci": 0.7947310665525048, "rm2": 0.3539449049816091, "pearson": 0.6189209929779573, "spearman": 0.5439686358082816, "r2": 0.3641940951347351, "bias": -0.08561993390321732}, "val_delta_abs_mean": 0.7376155257225037, "val_gate_mean": 0.744121253490448}
{"epoch": 52, "train": {"loss": 0.216445080400133, "mse": 0.21461631057982475, "align": 3.2798909034629846e-07, "reconstruct": 0.02563853325546247}, "val": {"mse": 0.47864338755607605, "rmse": 0.6918405795817965, "mae": 0.41238072514533997, "ci": 0.7889308487108319, "rm2": 0.3578367577953286, "pearson": 0.6174139561090561, "spearman": 0.5321386494483831, "r2": 0.3694911003112793, "bias": -0.0659419447183609}, "val_delta_abs_mean": 0.7592145204544067, "val_gate_mean": 0.7200826406478882}
{"epoch": 53, "train": {"loss": 0.21607981304742724, "mse": 0.21413719774302498, "align": 3.7808522483066934e-07, "reconstruct": 0.02648782338672691}, "val": {"mse": 0.4837771952152252, "rmse": 0.6955409371239232, "mae": 0.4079712927341461, "ci": 0.7936699641628452, "rm2": 0.352691695955153, "pearson": 0.6153991165133277, "spearman": 0.5408184262304081, "r2": 0.3627283573150635, "bias": -0.07957964390516281}, "val_delta_abs_mean": 0.785051167011261, "val_gate_mean": 0.814057469367981}
{"epoch": 54, "train": {"loss": 0.21617342137023368, "mse": 0.21425774832931924, "align": 3.4760290336663976e-07, "reconstruct": 0.024423324260647285}, "val": {"mse": 0.49041748046875, "rmse": 0.7002981368451225, "mae": 0.4079899489879608, "ci": 0.791532280730625, "rm2": 0.3477450050295688, "pearson": 0.6064021011950486, "spearman": 0.537083258805024, "r2": 0.35398125648498535, "bias": -0.08071190118789673}, "val_delta_abs_mean": 0.7420499920845032, "val_gate_mean": 0.7864070534706116}
{"epoch": 55, "train": {"loss": 0.2159900747040898, "mse": 0.21409560566551247, "align": 3.581041549252192e-07, "reconstruct": 0.02535765463472147}, "val": {"mse": 0.4848156273365021, "rmse": 0.6962870294185453, "mae": 0.4034996032714844, "ci": 0.798084435236909, "rm2": 0.3525407468521173, "pearson": 0.6155308043630586, "spearman": 0.5496175872758899, "r2": 0.36136049032211304, "bias": -0.08542060852050781}, "val_delta_abs_mean": 0.7776326537132263, "val_gate_mean": 0.8010279536247253}
{
  "guardrail": "validation only; test indices and metrics were not accessed",
  "condition": "random_assignment",
  "seed": 42,
  "best_epoch": 35,
  "epoch0_max_abs_difference": 1.9073486328125e-06,
  "baseline": {
    "mse": 0.48946526646614075,
    "rmse": 0.6996179432133947,
    "mae": 0.43143847584724426,
    "ci": 0.7885622123720057,
    "rm2": 0.3410284448121984,
    "pearson": 0.5995077496596147,
    "spearman": 0.5319472626673567,
    "r2": 0.35523557662963867,
    "bias": -0.015189344994723797
  },
  "best": {
    "mse": 0.4761183261871338,
    "rmse": 0.6900132797179586,
    "mae": 0.4038419723510742,
    "ci": 0.7986504244002226,
    "rm2": 0.3622048805205762,
    "pearson": 0.6192772941618719,
    "spearman": 0.5492890447179383,
    "r2": 0.3728172779083252,
    "bias": -0.06581826508045197
  },
  "relative_mse_gain": 0.027268411455157352,
  "delta_abs_mean": 0.9021836519241333,
  "atom_gate_mean": 0.8102337718009949,
  "drug_bootstrap": {
    "drugs": 7,
    "improved": 5,
    "worsened": 2,
    "improvements": [
      -0.01710492931306362,
      0.04442453011870384,
      0.004359700717031956,
      0.015567747876048088,
      0.06972823292016983,
      0.06314726173877716,
      -0.0866943895816803
    ],
    "mean": 0.01334687921085528,
    "ci95": [
      -0.02612933436674731,
      0.047157566861382554
    ],
    "probability_positive": 0.76885
  },
  "args": {
    "project": "/data1/ztx/MyModel-MDTA",
    "checkpoint": "outputs/Refine_experiment/davis/cold_start/drug_cold_5fold_seed42/baseline/fold_1/best_model.pt",
    "global_cache": "experiments/pdbbind_to_davis_transfer/data/global_predictions/fold1_with_features.pt",
    "drug_cache": "experiments/brics_hierarchical/data/fold1_drug_encoder_inputs_chem.pt",
    "split": "data/splits/davis_drug_cold_5fold_seed42/fold_1/split.json",
    "condition": "random_assignment",
    "seed": 42,
    "device": "cuda:0",
    "batch_size": 128,
    "epochs": 100,
    "patience": 20,
    "lr": 0.0003,
    "weight_decay": 1e-05,
    "lambda_align": 0.05,
    "lambda_reconstruct": 0.02,
    "lambda_delta": 0.001,
    "output_dir": "experiments/brics_hierarchical/outputs/pretrained_random_assignment_seed42"
  },
  "history": [
    {
      "epoch": 1,
      "train": {
        "loss": 0.22499705505268378,
        "mse": 0.22354530355730517,
        "align": 9.598625375364448e-05,
        "reconstruct": 0.06609361473145631
      },
      "val": {
        "mse": 0.49617356061935425,
        "rmse": 0.7043958834486146,
        "mae": 0.42771247029304504,
        "ci": 0.7825748250301223,
        "rm2": 0.33520690863044084,
        "pearson": 0.5936900369211082,
        "spearman": 0.5206723542128818,
        "r2": 0.34639883041381836,
        "bias": -0.04033088684082031
      },
      "val_delta_abs_mean": 0.44533446431159973,
      "val_gate_mean": 0.8320327997207642
    },
    {
      "epoch": 2,
      "train": {
        "loss": 0.22331683153199244,
        "mse": 0.22171512470359442,
        "align": 3.8587503028326826e-05,
        "reconstruct": 0.06342448316793521
      },
      "val": {
        "mse": 0.49100640416145325,
        "rmse": 0.7007184913797075,
        "mae": 0.41544610261917114,
        "ci": 0.7917644605241397,
        "rm2": 0.3422498942505587,
        "pearson": 0.602686317860858,
        "spearman": 0.5379258192334347,
        "r2": 0.35320544242858887,
        "bias": -0.058746080845594406
      },
      "val_delta_abs_mean": 0.4187694787979126,
      "val_gate_mean": 0.7444523572921753
    },
    {
      "epoch": 3,
      "train": {
        "loss": 0.22299440904319878,
        "mse": 0.22143762978820447,
        "align": 2.7506065928719092e-05,
        "reconstruct": 0.06060729290215173
      },
      "val": {
        "mse": 0.4939999282360077,
        "rmse": 0.702851284580179,
        "mae": 0.41728559136390686,
        "ci": 0.7883318655768609,
        "rm2": 0.3400904231652426,
        "pearson": 0.5983101025889886,
        "spearman": 0.5311172522867781,
        "r2": 0.3492621183395386,
        "bias": -0.0582059882581234
      },
      "val_delta_abs_mean": 0.5815751552581787,
      "val_gate_mean": 0.7955974340438843
    },
    {
      "epoch": 4,
      "train": {
        "loss": 0.22207645045169636,
        "mse": 0.22051406467174375,
        "align": 1.52922094390449e-05,
        "reconstruct": 0.05524632512706816
      },
      "val": {
        "mse": 0.4859952926635742,
        "rmse": 0.6971336261173852,
        "mae": 0.4061534106731415,
        "ci": 0.7968995036240415,
        "rm2": 0.34912228001184265,
        "pearson": 0.6129335563790584,
        "spearman": 0.5473040935921483,
        "r2": 0.35980653762817383,
        "bias": -0.07705556601285934
      },
      "val_delta_abs_mean": 0.6224844455718994,
      "val_gate_mean": 0.7872381806373596
    },
    {
      "epoch": 5,
      "train": {
        "loss": 0.22178852338427424,
        "mse": 0.22020115047159583,
        "align": 1.1676536713204716e-05,
        "reconstruct": 0.05345739826059346
      },
      "val": {
        "mse": 0.4891864061355591,
        "rmse": 0.6994186200949751,
        "mae": 0.4119160771369934,
        "ci": 0.7920369662817913,
        "rm2": 0.3453727452325464,
        "pearson": 0.6068379414885638,
        "spearman": 0.5380267721158607,
        "r2": 0.3556029200553894,
        "bias": -0.06912003457546234
      },
      "val_delta_abs_mean": 0.6095783710479736,
      "val_gate_mean": 0.7830600738525391
    },
    {
      "epoch": 6,
      "train": {
        "loss": 0.2216638051101812,
        "mse": 0.22005113701515322,
        "align": 1.0634680575650547e-05,
        "reconstruct": 0.05403547046491429
      },
      "val": {
        "mse": 0.4944525361061096,
        "rmse": 0.7031731906906787,
        "mae": 0.422692209482193,
        "ci": 0.7878104793738804,
        "rm2": 0.33794774998053884,
        "pearson": 0.5956769752668424,
        "spearman": 0.5305231014495257,
        "r2": 0.34866589307785034,
        "bias": -0.04297866299748421
      },
      "val_delta_abs_mean": 0.3447798192501068,
      "val_gate_mean": 0.5897493958473206
    },
    {
      "epoch": 7,
      "train": {
        "loss": 0.22124727541596756,
        "mse": 0.2196210908207763,
        "align": 7.555392268900579e-06,
        "reconstruct": 0.05008096389828982
      },
      "val": {
        "mse": 0.49253445863723755,
        "rmse": 0.7018079927139884,
        "mae": 0.41865211725234985,
        "ci": 0.7885797276897621,
        "rm2": 0.33962312761785385,
        "pearson": 0.6006445710774637,
        "spearman": 0.5319677861512998,
        "r2": 0.3511925935745239,
        "bias": -0.054931093007326126
      },
      "val_delta_abs_mean": 0.4676906168460846,
      "val_gate_mean": 0.6303086280822754
    },
    {
      "epoch": 8,
      "train": {
        "loss": 0.22113130009658094,
        "mse": 0.21948299587670977,
        "align": 5.6579595719860165e-06,
        "reconstruct": 0.05311713370713231
      },
      "val": {
        "mse": 0.487397164106369,
        "rmse": 0.6981383559913958,
        "mae": 0.4178910553455353,
        "ci": 0.7914542764666634,
        "rm2": 0.3464301697580108,
        "pearson": 0.6041300602849817,
        "spearman": 0.5365244676208845,
        "r2": 0.3579598665237427,
        "bias": -0.046531789004802704
      },
      "val_delta_abs_mean": 0.5292795896530151,
      "val_gate_mean": 0.7149975299835205
    },
    {
      "epoch": 9,
      "train": {
        "loss": 0.22067391652912632,
        "mse": 0.21910675067845145,
        "align": 4.740867484369899e-06,
        "reconstruct": 0.046994054701659495
      },
      "val": {
        "mse": 0.49311017990112305,
        "rmse": 0.7022180429902973,
        "mae": 0.41488170623779297,
        "ci": 0.787896833963749,
        "rm2": 0.3405199788276241,
        "pearson": 0.603910841257517,
        "spearman": 0.5303211059252807,
        "r2": 0.35043424367904663,
        "bias": -0.07287106662988663
      },
      "val_delta_abs_mean": 0.7385000586509705,
      "val_gate_mean": 0.8114217519760132
    },
    {
      "epoch": 10,
      "train": {
        "loss": 0.220672047662129,
        "mse": 0.21904904064308567,
        "align": 3.846677306573614e-06,
        "reconstruct": 0.045846884413697185
      },
      "val": {
        "mse": 0.47825220227241516,
        "rmse": 0.6915578083373907,
        "mae": 0.40605834126472473,
        "ci": 0.8008492077781045,
        "rm2": 0.35620087615133894,
        "pearson": 0.6177118250688087,
        "spearman": 0.5541797102695851,
        "r2": 0.37000638246536255,
        "bias": -0.059919290244579315
      },
      "val_delta_abs_mean": 0.6585392355918884,
      "val_gate_mean": 0.7617323398590088
    },
    {
      "epoch": 11,
      "train": {
        "loss": 0.22020550443538633,
        "mse": 0.21864095608048092,
        "align": 3.3264464520393536e-06,
        "reconstruct": 0.04304415028019728
      },
      "val": {
        "mse": 0.496042937040329,
        "rmse": 0.7043031570569089,
        "mae": 0.4159722924232483,
        "ci": 0.7880414371684819,
        "rm2": 0.338516402223176,
        "pearson": 0.5978734656368399,
        "spearman": 0.5309818533302049,
        "r2": 0.3465709090232849,
        "bias": -0.0676051676273346
      },
      "val_delta_abs_mean": 0.6478148102760315,
      "val_gate_mean": 0.7964298129081726
    },
    {
      "epoch": 12,
      "train": {
        "loss": 0.2198825694331538,
        "mse": 0.21828627370888246,
        "align": 2.5388411083682342e-06,
        "reconstruct": 0.041645336689957756
      },
      "val": {
        "mse": 0.4942460358142853,
        "rmse": 0.703026340768456,
        "mae": 0.4047200679779053,
        "ci": 0.7976139656553132,
        "rm2": 0.34202133605939294,
        "pearson": 0.6112996228230944,
        "spearman": 0.5493884852856147,
        "r2": 0.3489379286766052,
        "bias": -0.09935498982667923
      },
      "val_delta_abs_mean": 0.7660551071166992,
      "val_gate_mean": 0.8054857850074768
    },
    {
      "epoch": 13,
      "train": {
        "loss": 0.21978886879975543,
        "mse": 0.21820468445439145,
        "align": 2.3864295010480864e-06,
        "reconstruct": 0.04108083201155369
      },
      "val": {
        "mse": 0.4925626218318939,
        "rmse": 0.7018280571706249,
        "mae": 0.40566253662109375,
        "ci": 0.7970880987896508,
        "rm2": 0.34354489316107967,
        "pearson": 0.6062907183341308,
        "spearman": 0.5475703083677532,
        "r2": 0.35115545988082886,
        "bias": -0.08358944207429886
      },
      "val_delta_abs_mean": 0.8244753479957581,
      "val_gate_mean": 0.8505285382270813
    },
    {
      "epoch": 14,
      "train": {
        "loss": 0.21976095408020457,
        "mse": 0.2180052010586898,
        "align": 2.1528139533970874e-06,
        "reconstruct": 0.04223811739121937
      },
      "val": {
        "mse": 0.4855334460735321,
        "rmse": 0.6968023005656139,
        "mae": 0.40415242314338684,
        "ci": 0.7999681465616617,
        "rm2": 0.34977467025926584,
        "pearson": 0.6148029502918646,
        "spearman": 0.5529157143232695,
        "r2": 0.36041492223739624,
        "bias": -0.0810161605477333
      },
      "val_delta_abs_mean": 0.7277222275733948,
      "val_gate_mean": 0.7940893173217773
    },
    {
      "epoch": 15,
      "train": {
        "loss": 0.21936290862873128,
        "mse": 0.21766414511900406,
        "align": 1.8461372391647584e-06,
        "reconstruct": 0.03931968292013231
      },
      "val": {
        "mse": 0.4885982275009155,
        "rmse": 0.6989980168075697,
        "mae": 0.408572793006897,
        "ci": 0.7951652834996745,
        "rm2": 0.3484903004023566,
        "pearson": 0.6064448955333949,
        "spearman": 0.5435448182434753,
        "r2": 0.3563777208328247,
        "bias": -0.07121296226978302
      },
      "val_delta_abs_mean": 0.7803613543510437,
      "val_gate_mean": 0.8365181684494019
    },
    {
      "epoch": 16,
      "train": {
        "loss": 0.2191384883241175,
        "mse": 0.21735506295251172,
        "align": 1.6379714459740325e-06,
        "reconstruct": 0.039068572281108355
      },
      "val": {
        "mse": 0.4864955544471741,
        "rmse": 0.6974923328949029,
        "mae": 0.41075530648231506,
        "ci": 0.7987272066652709,
        "rm2": 0.34736810320775463,
        "pearson": 0.6096315595393743,
        "spearman": 0.5495016941601574,
        "r2": 0.35914748907089233,
        "bias": -0.0654812604188919
      },
      "val_delta_abs_mean": 0.6509862542152405,
      "val_gate_mean": 0.7698954939842224
    },
    {
      "epoch": 17,
      "train": {
        "loss": 0.21881079305075607,
        "mse": 0.2171066024382741,
        "align": 1.3716815123260107e-06,
        "reconstruct": 0.039738676771399625
      },
      "val": {
        "mse": 0.48501384258270264,
        "rmse": 0.6964293521834807,
        "mae": 0.41207948327064514,
        "ci": 0.7925834034624932,
        "rm2": 0.3517341083839488,
        "pearson": 0.6067608364162235,
        "spearman": 0.5388518505657544,
        "r2": 0.36109936237335205,
        "bias": -0.053190141916275024
      },
      "val_delta_abs_mean": 0.8070940375328064,
      "val_gate_mean": 0.8205013871192932
    },
    {
      "epoch": 18,
      "train": {
        "loss": 0.2186614775710447,
        "mse": 0.21687489379022698,
        "align": 1.2291858409038004e-06,
        "reconstruct": 0.0385610579843957
      },
      "val": {
        "mse": 0.4872789680957794,
        "rmse": 0.6980537000086594,
        "mae": 0.41551652550697327,
        "ci": 0.7878385853488847,
        "rm2": 0.34982425871371614,
        "pearson": 0.6033656107521062,
        "spearman": 0.5295591596547774,
        "r2": 0.358115553855896,
        "bias": -0.05015340447425842
      },
      "val_delta_abs_mean": 0.974598228931427,
      "val_gate_mean": 0.8704106211662292
    },
    {
      "epoch": 19,
      "train": {
        "loss": 0.2186296484052498,
        "mse": 0.21685548471431249,
        "align": 1.2236769876271685e-06,
        "reconstruct": 0.03833382594815815
      },
      "val": {
        "mse": 0.48769766092300415,
        "rmse": 0.6983535357703892,
        "mae": 0.4106955826282501,
        "ci": 0.7941707800507862,
        "rm2": 0.3477237184728615,
        "pearson": 0.6073738109783353,
        "spearman": 0.5418341029819848,
        "r2": 0.3575640320777893,
        "bias": -0.06676481664180756
      },
      "val_delta_abs_mean": 0.6567709445953369,
      "val_gate_mean": 0.760705292224884
    },
    {
      "epoch": 20,
      "train": {
        "loss": 0.2187322338821914,
        "mse": 0.2169611811411212,
        "align": 1.0682986332820012e-06,
        "reconstruct": 0.03755589300280438
      },
      "val": {
        "mse": 0.48883432149887085,
        "rmse": 0.6991668767174765,
        "mae": 0.4115617275238037,
        "ci": 0.7912571273086615,
        "rm2": 0.34778760136351866,
        "pearson": 0.6055969783499009,
        "spearman": 0.5365843508945618,
        "r2": 0.3560667037963867,
        "bias": -0.06812281906604767
      },
      "val_delta_abs_mean": 0.6912564039230347,
      "val_gate_mean": 0.8119224309921265
    },
    {
      "epoch": 21,
      "train": {
        "loss": 0.2184556068235129,
        "mse": 0.2168354705826798,
        "align": 1.0874648519736161e-06,
        "reconstruct": 0.034380357031790876
      },
      "val": {
        "mse": 0.47894614934921265,
        "rmse": 0.6920593539207549,
        "mae": 0.405243843793869,
        "ci": 0.7986098947696002,
        "rm2": 0.3564864187055159,
        "pearson": 0.6194198125359675,
        "spearman": 0.5501501998248101,
        "r2": 0.3690922260284424,
        "bias": -0.07147707790136337
      },
      "val_delta_abs_mean": 0.7701238989830017,
      "val_gate_mean": 0.8068735599517822
    },
    {
      "epoch": 22,
      "train": {
        "loss": 0.21818374047853656,
        "mse": 0.21638507640222918,
        "align": 8.707144290934722e-07,
        "reconstruct": 0.03514865827368763
      },
      "val": {
        "mse": 0.483814001083374,
        "rmse": 0.6955673950692154,
        "mae": 0.4095640778541565,
        "ci": 0.7949349367045296,
        "rm2": 0.3523304339319703,
        "pearson": 0.6104791084253943,
        "spearman": 0.5432240135874362,
        "r2": 0.3626798987388611,
        "bias": -0.06229173764586449
      },
      "val_delta_abs_mean": 0.7152576446533203,
      "val_gate_mean": 0.8452600836753845
    },
    {
      "epoch": 23,
      "train": {
        "loss": 0.21826741452555437,
        "mse": 0.21658076995362718,
        "align": 8.780595667956481e-07,
        "reconstruct": 0.03455478310064263
      },
      "val": {
        "mse": 0.47685644030570984,
        "rmse": 0.6905479275949714,
        "mae": 0.4053846299648285,
        "ci": 0.7980174289631665,
        "rm2": 0.360449384803749,
        "pearson": 0.6188102322957293,
        "spearman": 0.5477431786668824,
        "r2": 0.371845006942749,
        "bias": -0.065102718770504
      },
      "val_delta_abs_mean": 0.8792904019355774,
      "val_gate_mean": 0.8156269788742065
    },
    {
      "epoch": 24,
      "train": {
        "loss": 0.2182489083736455,
        "mse": 0.2163794758093303,
        "align": 8.98993209246849e-07,
        "reconstruct": 0.03501520625392626
      },
      "val": {
        "mse": 0.4848370850086212,
        "rmse": 0.6963024378878917,
        "mae": 0.4104860723018646,
        "ci": 0.7900404237240498,
        "rm2": 0.3501520224377068,
        "pearson": 0.6121661393209434,
        "spearman": 0.534644846050746,
        "r2": 0.3613322377204895,
        "bias": -0.07010919600725174
      },
      "val_delta_abs_mean": 0.768519401550293,
      "val_gate_mean": 0.8212186098098755
    },
    {
      "epoch": 25,
      "train": {
        "loss": 0.21808598468355786,
        "mse": 0.21628159217739445,
        "align": 7.557630240544211e-07,
        "reconstruct": 0.03408475837008469
      },
      "val": {
        "mse": 0.47784435749053955,
        "rmse": 0.6912628714827229,
        "mae": 0.4037836492061615,
        "ci": 0.798559181814701,
        "rm2": 0.358062083219759,
        "pearson": 0.6236431073900103,
        "spearman": 0.5493419626320865,
        "r2": 0.37054359912872314,
        "bias": -0.08096779882907867
      },
      "val_delta_abs_mean": 0.8693971037864685,
      "val_gate_mean": 0.8083328008651733
    },
    {
      "epoch": 26,
      "train": {
        "loss": 0.21787409157154822,
        "mse": 0.21597648892364088,
        "align": 7.359713209803552e-07,
        "reconstruct": 0.03561130932648722
      },
      "val": {
        "mse": 0.4839385747909546,
        "rmse": 0.6956569375712102,
        "mae": 0.4147213101387024,
        "ci": 0.7896377750821387,
        "rm2": 0.35131948335863256,
        "pearson": 0.6090340948739292,
        "spearman": 0.5331975067431979,
        "r2": 0.36251580715179443,
        "bias": -0.05431706830859184
      },
      "val_delta_abs_mean": 0.7084353566169739,
      "val_gate_mean": 0.8100424408912659
    },
    {
      "epoch": 27,
      "train": {
        "loss": 0.21764321791215593,
        "mse": 0.2158033788172632,
        "align": 6.904314672268653e-07,
        "reconstruct": 0.03162285792775387
      },
      "val": {
        "mse": 0.4893009662628174,
        "rmse": 0.6995005119818122,
        "mae": 0.40910661220550537,
        "ci": 0.7954406405881236,
        "rm2": 0.3479078214021405,
        "pearson": 0.6044317046424352,
        "spearman": 0.5441852431244293,
        "r2": 0.3554520010948181,
        "bias": -0.06707165390253067
      },
      "val_delta_abs_mean": 0.6648690700531006,
      "val_gate_mean": 0.8322446346282959
    },
    {
      "epoch": 28,
      "train": {
        "loss": 0.21851998779112536,
        "mse": 0.21667215070346788,
        "align": 6.896969534566476e-07,
        "reconstruct": 0.03564897247962134
      },
      "val": {
        "mse": 0.4875810146331787,
        "rmse": 0.6982700155621596,
        "mae": 0.39964836835861206,
        "ci": 0.8027793550615603,
        "rm2": 0.350573485228106,
        "pearson": 0.6130180089487556,
        "spearman": 0.5589478834068532,
        "r2": 0.35771769285202026,
        "bias": -0.0894307792186737
      },
      "val_delta_abs_mean": 0.7606220841407776,
      "val_gate_mean": 0.810170590877533
    },
    {
      "epoch": 29,
      "train": {
        "loss": 0.21796046143330083,
        "mse": 0.2162872532859073,
        "align": 6.473132135595614e-07,
        "reconstruct": 0.033827118705404016
      },
      "val": {
        "mse": 0.4931059777736664,
        "rmse": 0.7022150509449839,
        "mae": 0.41072627902030945,
        "ci": 0.7917662935225096,
        "rm2": 0.34236941534679993,
        "pearson": 0.6018945602525265,
        "spearman": 0.5380267562246102,
        "r2": 0.35043972730636597,
        "bias": -0.07105734944343567
      },
      "val_delta_abs_mean": 0.6313539147377014,
      "val_gate_mean": 0.780227780342102
    },
    {
      "epoch": 30,
      "train": {
        "loss": 0.21746144512682777,
        "mse": 0.21572031300000993,
        "align": 6.353831031823555e-07,
        "reconstruct": 0.031537902071000386
      },
      "val": {
        "mse": 0.48188549280166626,
        "rmse": 0.6941797265850295,
        "mae": 0.4068838953971863,
        "ci": 0.7930137507464377,
        "rm2": 0.35507247222848587,
        "pearson": 0.6151335284523013,
        "spearman": 0.540113158078844,
        "r2": 0.365220308303833,
        "bias": -0.07281745970249176
      },
      "val_delta_abs_mean": 0.7333363890647888,
      "val_gate_mean": 0.7877314686775208
    },
    {
      "epoch": 31,
      "train": {
        "loss": 0.21788661604989443,
        "mse": 0.21617908865755672,
        "align": 6.448916134733753e-07,
        "reconstruct": 0.03254469767710673
      },
      "val": {
        "mse": 0.47774142026901245,
        "rmse": 0.6911884115557874,
        "mae": 0.40093761682510376,
        "ci": 0.7987194673388204,
        "rm2": 0.36053979889232823,
        "pearson": 0.6209725555787425,
        "spearman": 0.5501929268527367,
        "r2": 0.37067919969558716,
        "bias": -0.07853265106678009
      },
      "val_delta_abs_mean": 0.8429971933364868,
      "val_gate_mean": 0.8315686583518982
    },
    {
      "epoch": 32,
      "train": {
        "loss": 0.21721517432797022,
        "mse": 0.2153596323565591,
        "align": 5.831924567750986e-07,
        "reconstruct": 0.030351285281398074
      },
      "val": {
        "mse": 0.4834080934524536,
        "rmse": 0.6952755521751456,
        "mae": 0.40585511922836304,
        "ci": 0.7941282137553086,
        "rm2": 0.3549833401298747,
        "pearson": 0.6123393263512747,
        "spearman": 0.5416025542031129,
        "r2": 0.3632146120071411,
        "bias": -0.07260864228010178
      },
      "val_delta_abs_mean": 0.8510764241218567,
      "val_gate_mean": 0.8417971134185791
    },
    {
      "epoch": 33,
      "train": {
        "loss": 0.21742051183571998,
        "mse": 0.2155806311611791,
        "align": 5.785673153782598e-07,
        "reconstruct": 0.03093728667358766
      },
      "val": {
        "mse": 0.4807974100112915,
        "rmse": 0.6933955653242178,
        "mae": 0.4104425013065338,
        "ci": 0.7942834076172894,
        "rm2": 0.35516482272436195,
        "pearson": 0.6134455084858169,
        "spearman": 0.5422017377322759,
        "r2": 0.3666536211967468,
        "bias": -0.05905687063932419
      },
      "val_delta_abs_mean": 0.6311274766921997,
      "val_gate_mean": 0.7570436596870422
    },
    {
      "epoch": 34,
      "train": {
        "loss": 0.21728819361794174,
        "mse": 0.21548488214963482,
        "align": 5.113593054033512e-07,
        "reconstruct": 0.030964249607110673
      },
      "val": {
        "mse": 0.481497198343277,
        "rmse": 0.6938999916005743,
        "mae": 0.4135793447494507,
        "ci": 0.7902451085420168,
        "rm2": 0.3539642477500901,
        "pearson": 0.6116357162085149,
        "spearman": 0.5342502869491722,
        "r2": 0.36573177576065063,
        "bias": -0.053285352885723114
      },
      "val_delta_abs_mean": 0.8130226731300354,
      "val_gate_mean": 0.7729175090789795
    },
    {
      "epoch": 35,
      "train": {
        "loss": 0.21726483006191355,
        "mse": 0.21541666215183622,
        "align": 5.130865604411285e-07,
        "reconstruct": 0.02868410640194348
      },
      "val": {
        "mse": 0.4761183261871338,
        "rmse": 0.6900132797179586,
        "mae": 0.4038419723510742,
        "ci": 0.798652868398049,
        "rm2": 0.3622048297469437,
        "pearson": 0.619277288599257,
        "spearman": 0.5492862623748381,
        "r2": 0.3728172779083252,
        "bias": -0.06581826508045197
      },
      "val_delta_abs_mean": 0.9021836519241333,
      "val_gate_mean": 0.8102337718009949
    },
    {
      "epoch": 36,
      "train": {
        "loss": 0.21702601105660485,
        "mse": 0.2151600142665257,
        "align": 4.830805252499744e-07,
        "reconstruct": 0.028840274733918123
      },
      "val": {
        "mse": 0.48791709542274475,
        "rmse": 0.6985106265639377,
        "mae": 0.41229209303855896,
        "ci": 0.795206627796239,
        "rm2": 0.3458222647488182,
        "pearson": 0.6092527173705298,
        "spearman": 0.5430811158821206,
        "r2": 0.35727494955062866,
        "bias": -0.06965108215808868
      },
      "val_delta_abs_mean": 0.764475405216217,
      "val_gate_mean": 0.7980360984802246
    },
    {
      "epoch": 37,
      "train": {
        "loss": 0.21692012821966958,
        "mse": 0.21508379975055678,
        "align": 4.873785784835132e-07,
        "reconstruct": 0.027215004401519798
      },
      "val": {
        "mse": 0.48055151104927063,
        "rmse": 0.6932182275800822,
        "mae": 0.4108642041683197,
        "ci": 0.7934846276610045,
        "rm2": 0.3546338309488768,
        "pearson": 0.6145267967634452,
        "spearman": 0.5401711093503685,
        "r2": 0.3669775128364563,
        "bias": -0.06030340865254402
      },
      "val_delta_abs_mean": 0.6217262148857117,
      "val_gate_mean": 0.7955042123794556
    },
    {
      "epoch": 38,
      "train": {
        "loss": 0.21682250410206477,
        "mse": 0.21497146202382403,
        "align": 4.565290001343749e-07,
        "reconstruct": 0.028488308777511722
      },
      "val": {
        "mse": 0.48890912532806396,
        "rmse": 0.6992203696461252,
        "mae": 0.41924959421157837,
        "ci": 0.7844805323353132,
        "rm2": 0.3455208722627921,
        "pearson": 0.6042814863748434,
        "spearman": 0.5235618526804761,
        "r2": 0.355968177318573,
        "bias": -0.057879481464624405
      },
      "val_delta_abs_mean": 0.6976867318153381,
      "val_gate_mean": 0.7803576588630676
    },
    {
      "epoch": 39,
      "train": {
        "loss": 0.2170387843744443,
        "mse": 0.21519214783591556,
        "align": 4.5263837250775367e-07,
        "reconstruct": 0.0284646810872115
      },
      "val": {
        "mse": 0.48539844155311584,
        "rmse": 0.696705419494578,
        "mae": 0.4143044352531433,
        "ci": 0.7891302382001748,
        "rm2": 0.3506975306886188,
        "pearson": 0.6087713127105059,
        "spearman": 0.5324140159152323,
        "r2": 0.360592782497406,
        "bias": -0.06301393359899521
      },
      "val_delta_abs_mean": 0.6603634357452393,
      "val_gate_mean": 0.7842073440551758
    },
    {
      "epoch": 40,
      "train": {
        "loss": 0.2166853767816206,
        "mse": 0.21477626145741036,
        "align": 4.3060295940122626e-07,
        "reconstruct": 0.02875420181782755
      },
      "val": {
        "mse": 0.48537105321884155,
        "rmse": 0.6966857636114302,
        "mae": 0.40225616097450256,
        "ci": 0.7968575483280204,
        "rm2": 0.35346658940727915,
        "pearson": 0.6139647901998676,
        "spearman": 0.54756859772422,
        "r2": 0.3606288433074951,
        "bias": -0.08617539703845978
      },
      "val_delta_abs_mean": 0.8215678334236145,
      "val_gate_mean": 0.8132854104042053
    },
    {
      "epoch": 41,
      "train": {
        "loss": 0.21679394089149603,
        "mse": 0.21499545349085586,
        "align": 4.594670552152452e-07,
        "reconstruct": 0.026720160302992353
      },
      "val": {
        "mse": 0.4838375449180603,
        "rmse": 0.6955843190570503,
        "mae": 0.4036921262741089,
        "ci": 0.794861820436221,
        "rm2": 0.3548129104748045,
        "pearson": 0.6180786804547553,
        "spearman": 0.5437917153040216,
        "r2": 0.3626488447189331,
        "bias": -0.09161578118801117
      },
      "val_delta_abs_mean": 0.846342921257019,
      "val_gate_mean": 0.8460291028022766
    },
    {
      "epoch": 42,
      "train": {
        "loss": 0.2165350165945097,
        "mse": 0.21463368314745063,
        "align": 4.322900457171948e-07,
        "reconstruct": 0.027336482345072324
      },
      "val": {
        "mse": 0.4879930913448334,
        "rmse": 0.698565022989867,
        "mae": 0.4102005958557129,
        "ci": 0.7933693524301892,
        "rm2": 0.3478736816907432,
        "pearson": 0.6108716674396469,
        "spearman": 0.5414158676510664,
        "r2": 0.3571748733520508,
        "bias": -0.08002723753452301
      },
      "val_delta_abs_mean": 0.6762266755104065,
      "val_gate_mean": 0.7891567945480347
    },
    {
      "epoch": 43,
      "train": {
        "loss": 0.21679816454221462,
        "mse": 0.21506146141220772,
        "align": 4.2861747686610684e-07,
        "reconstruct": 0.026456677774581574
      },
      "val": {
        "mse": 0.48543307185173035,
        "rmse": 0.6967302719501502,
        "mae": 0.41227808594703674,
        "ci": 0.7874884826602427,
        "rm2": 0.351689958777664,
        "pearson": 0.6118983797115,
        "spearman": 0.5304938063127488,
        "r2": 0.36054712533950806,
        "bias": -0.07666325569152832
      },
      "val_delta_abs_mean": 0.7807697057723999,
      "val_gate_mean": 0.7869488000869751
    },
    {
      "epoch": 44,
      "train": {
        "loss": 0.21671555596623898,
        "mse": 0.21488748187106166,
        "align": 4.2729764743524715e-07,
        "reconstruct": 0.026701854951206288
      },
      "val": {
        "mse": 0.49703556299209595,
        "rmse": 0.7050074914439534,
        "mae": 0.4133009612560272,
        "ci": 0.7862571150886724,
        "rm2": 0.340383772530312,
        "pearson": 0.6008767010668935,
        "spearman": 0.5284478992879246,
        "r2": 0.34526336193084717,
        "bias": -0.08694221079349518
      },
      "val_delta_abs_mean": 0.7126892805099487,
      "val_gate_mean": 0.7859318852424622
    },
    {
      "epoch": 45,
      "train": {
        "loss": 0.21665620326255597,
        "mse": 0.2147253767076259,
        "align": 4.032767517936004e-07,
        "reconstruct": 0.02757146439372581
      },
      "val": {
        "mse": 0.4841342270374298,
        "rmse": 0.6957975474499962,
        "mae": 0.41092658042907715,
        "ci": 0.7943383975683851,
        "rm2": 0.34991577198775864,
        "pearson": 0.6129564318300929,
        "spearman": 0.5422768446375371,
        "r2": 0.36225807666778564,
        "bias": -0.06738609075546265
      },
      "val_delta_abs_mean": 0.7358632683753967,
      "val_gate_mean": 0.8159710764884949
    },
    {
      "epoch": 46,
      "train": {
        "loss": 0.21655773904626105,
        "mse": 0.21468286080833027,
        "align": 3.867501919637048e-07,
        "reconstruct": 0.02577570866378437
      },
      "val": {
        "mse": 0.4857347905635834,
        "rmse": 0.696946763077054,
        "mae": 0.41280466318130493,
        "ci": 0.7884060001775972,
        "rm2": 0.3509709826168366,
        "pearson": 0.6091696984721194,
        "spearman": 0.5313972679545536,
        "r2": 0.36014968156814575,
        "bias": -0.06759581714868546
      },
      "val_delta_abs_mean": 0.7705721259117126,
      "val_gate_mean": 0.7882646918296814
    },
    {
      "epoch": 47,
      "train": {
        "loss": 0.2161982639931136,
        "mse": 0.21439881127137955,
        "align": 4.128254308064289e-07,
        "reconstruct": 0.02724190472500655
      },
      "val": {
        "mse": 0.49290382862091064,
        "rmse": 0.7020710994058299,
        "mae": 0.410266637802124,
        "ci": 0.7905102823061889,
        "rm2": 0.34500198454105885,
        "pearson": 0.6046415553712611,
        "spearman": 0.536221517784484,
        "r2": 0.3507060408592224,
        "bias": -0.0840829536318779
      },
      "val_delta_abs_mean": 0.7504279017448425,
      "val_gate_mean": 0.7829092741012573
    },
    {
      "epoch": 48,
      "train": {
        "loss": 0.21634328884363196,
        "mse": 0.21444468843049766,
        "align": 4.0401126556381796e-07,
        "reconstruct": 0.02664638192495908
      },
      "val": {
        "mse": 0.48125380277633667,
        "rmse": 0.6937245871210971,
        "mae": 0.40495526790618896,
        "ci": 0.7966282198653031,
        "rm2": 0.3570864713000149,
        "pearson": 0.6143211590013669,
        "spearman": 0.5462393651569121,
        "r2": 0.36605238914489746,
        "bias": -0.0703018307685852
      },
      "val_delta_abs_mean": 0.82463538646698,
      "val_gate_mean": 0.8148559927940369
    },
    {
      "epoch": 49,
      "train": {
        "loss": 0.2161931105110842,
        "mse": 0.2142794156907738,
        "align": 3.691218614784829e-07,
        "reconstruct": 0.02514473254459476
      },
      "val": {
        "mse": 0.484229177236557,
        "rmse": 0.6958657753019306,
        "mae": 0.41006597876548767,
        "ci": 0.7927834039512928,
        "rm2": 0.3526151315755406,
        "pearson": 0.6096636283235319,
        "spearman": 0.5397439868333642,
        "r2": 0.3621329665184021,
        "bias": -0.06264009326696396
      },
      "val_delta_abs_mean": 0.7222805619239807,
      "val_gate_mean": 0.8038522601127625
    },
    {
      "epoch": 50,
      "train": {
        "loss": 0.21641724110811683,
        "mse": 0.21457381371189566,
        "align": 3.6691832016783016e-07,
        "reconstruct": 0.025257196196683897
      },
      "val": {
        "mse": 0.48194003105163574,
        "rmse": 0.6942190079878509,
        "mae": 0.40838825702667236,
        "ci": 0.7944836117725746,
        "rm2": 0.3545068020427397,
        "pearson": 0.6142119834460018,
        "spearman": 0.542220177322329,
        "r2": 0.36514848470687866,
        "bias": -0.06865889579057693
      },
      "val_delta_abs_mean": 0.6813864707946777,
      "val_gate_mean": 0.7530835866928101
    },
    {
      "epoch": 51,
      "train": {
        "loss": 0.21627998268413764,
        "mse": 0.21436604804436396,
        "align": 3.674347751625144e-07,
        "reconstruct": 0.025913646835068072
      },
      "val": {
        "mse": 0.4826645255088806,
        "rmse": 0.6947406174313407,
        "mae": 0.40498462319374084,
        "ci": 0.7947310665525048,
        "rm2": 0.3539449049816091,
        "pearson": 0.6189209929779573,
        "spearman": 0.5439686358082816,
        "r2": 0.3641940951347351,
        "bias": -0.08561993390321732
      },
      "val_delta_abs_mean": 0.7376155257225037,
      "val_gate_mean": 0.744121253490448
    },
    {
      "epoch": 52,
      "train": {
        "loss": 0.216445080400133,
        "mse": 0.21461631057982475,
        "align": 3.2798909034629846e-07,
        "reconstruct": 0.02563853325546247
      },
      "val": {
        "mse": 0.47864338755607605,
        "rmse": 0.6918405795817965,
        "mae": 0.41238072514533997,
        "ci": 0.7889308487108319,
        "rm2": 0.3578367577953286,
        "pearson": 0.6174139561090561,
        "spearman": 0.5321386494483831,
        "r2": 0.3694911003112793,
        "bias": -0.0659419447183609
      },
      "val_delta_abs_mean": 0.7592145204544067,
      "val_gate_mean": 0.7200826406478882
    },
    {
      "epoch": 53,
      "train": {
        "loss": 0.21607981304742724,
        "mse": 0.21413719774302498,
        "align": 3.7808522483066934e-07,
        "reconstruct": 0.02648782338672691
      },
      "val": {
        "mse": 0.4837771952152252,
        "rmse": 0.6955409371239232,
        "mae": 0.4079712927341461,
        "ci": 0.7936699641628452,
        "rm2": 0.352691695955153,
        "pearson": 0.6153991165133277,
        "spearman": 0.5408184262304081,
        "r2": 0.3627283573150635,
        "bias": -0.07957964390516281
      },
      "val_delta_abs_mean": 0.785051167011261,
      "val_gate_mean": 0.814057469367981
    },
    {
      "epoch": 54,
      "train": {
        "loss": 0.21617342137023368,
        "mse": 0.21425774832931924,
        "align": 3.4760290336663976e-07,
        "reconstruct": 0.024423324260647285
      },
      "val": {
        "mse": 0.49041748046875,
        "rmse": 0.7002981368451225,
        "mae": 0.4079899489879608,
        "ci": 0.791532280730625,
        "rm2": 0.3477450050295688,
        "pearson": 0.6064021011950486,
        "spearman": 0.537083258805024,
        "r2": 0.35398125648498535,
        "bias": -0.08071190118789673
      },
      "val_delta_abs_mean": 0.7420499920845032,
      "val_gate_mean": 0.7864070534706116
    },
    {
      "epoch": 55,
      "train": {
        "loss": 0.2159900747040898,
        "mse": 0.21409560566551247,
        "align": 3.581041549252192e-07,
        "reconstruct": 0.02535765463472147
      },
      "val": {
        "mse": 0.4848156273365021,
        "rmse": 0.6962870294185453,
        "mae": 0.4034996032714844,
        "ci": 0.798084435236909,
        "rm2": 0.3525407468521173,
        "pearson": 0.6155308043630586,
        "spearman": 0.5496175872758899,
        "r2": 0.36136049032211304,
        "bias": -0.08542060852050781
      },
      "val_delta_abs_mean": 0.7776326537132263,
      "val_gate_mean": 0.8010279536247253
    }
  ]
}
