{"step": 100, "loss": 0.43188770443201063, "reconstruction": 0.4234866766631603, "alignment": 0.0840102905035019}
{"step": 200, "loss": 0.25240476086735725, "reconstruction": 0.25183554872870445, "alignment": 0.005692131519317627}
{"step": 300, "loss": 0.20499633640050888, "reconstruction": 0.2045768392086029, "alignment": 0.0041949725151062016}
{"step": 400, "loss": 0.19212431132793426, "reconstruction": 0.19181229189038276, "alignment": 0.003120189905166626}
{"step": 500, "loss": 0.16850531935691834, "reconstruction": 0.1682645684480667, "alignment": 0.002407512664794922}
{"step": 600, "loss": 0.15369303442537785, "reconstruction": 0.15347681671380997, "alignment": 0.002162182331085205}
{"step": 700, "loss": 0.15955343283712864, "reconstruction": 0.1593496423214674, "alignment": 0.0020379048585891725}
{"step": 800, "loss": 0.15258586548268796, "reconstruction": 0.1524095533043146, "alignment": 0.0017631173133850098}
{"step": 900, "loss": 0.13455395080149174, "reconstruction": 0.13440736718475818, "alignment": 0.0014658403396606446}
{"step": 1000, "loss": 0.1296658702939749, "reconstruction": 0.12953751616179943, "alignment": 0.001283542513847351}
{"step": 1100, "loss": 0.12650257840752602, "reconstruction": 0.1263917577266693, "alignment": 0.0011082029342651368}
{"step": 1200, "loss": 0.12346348218619824, "reconstruction": 0.12336269155144691, "alignment": 0.0010079121589660644}
{"step": 1300, "loss": 0.12146217592060565, "reconstruction": 0.1213730526715517, "alignment": 0.0008912307024002076}
{"step": 1400, "loss": 0.1086152347922325, "reconstruction": 0.10853740051388741, "alignment": 0.0007783472537994385}
{"step": 1500, "loss": 0.10268164206296206, "reconstruction": 0.10261596728116273, "alignment": 0.0006567454338073731}
{"step": 1600, "loss": 0.10982163734734059, "reconstruction": 0.10975334111601115, "alignment": 0.0006829571723937989}
{"step": 1700, "loss": 0.10009605213999748, "reconstruction": 0.10003545962274074, "alignment": 0.000605926513671875}
{"step": 1800, "loss": 0.09722539268434048, "reconstruction": 0.097169079631567, "alignment": 0.0005631262063980103}
{"step": 1900, "loss": 0.09393465049564838, "reconstruction": 0.0938858462497592, "alignment": 0.0004880410432815552}
{"step": 2000, "loss": 0.0940738345310092, "reconstruction": 0.09402782343327999, "alignment": 0.0004601103067398071}
{"step": 2100, "loss": 0.08895138964056969, "reconstruction": 0.08890804577618837, "alignment": 0.00043343603610992434}
{"step": 2200, "loss": 0.08491273280233144, "reconstruction": 0.08487182803452015, "alignment": 0.000409049391746521}
{"step": 2300, "loss": 0.07820636494085192, "reconstruction": 0.07817074177786708, "alignment": 0.0003562343120574951}
{"step": 2400, "loss": 0.07857613362371922, "reconstruction": 0.07854450378566981, "alignment": 0.00031630277633666994}
{"step": 2500, "loss": 0.07688871301710605, "reconstruction": 0.07685908298939466, "alignment": 0.0002963036298751831}
{"step": 2600, "loss": 0.08030916009098292, "reconstruction": 0.08027973636984825, "alignment": 0.0002942371368408203}
{"step": 2700, "loss": 0.06979104649275542, "reconstruction": 0.06976598531007766, "alignment": 0.0002506124973297119}
{"step": 2800, "loss": 0.06884689018130302, "reconstruction": 0.06882219281047583, "alignment": 0.0002469724416732788}
{"step": 2900, "loss": 0.07247873479500413, "reconstruction": 0.07245769331231713, "alignment": 0.00021041750907897948}
{"step": 3000, "loss": 0.06724220950156451, "reconstruction": 0.06722050167620182, "alignment": 0.00021708011627197266}
{
  "guardrail": "unique training drugs only; validation/test rows and labels were not used",
  "condition": "random_assignment",
  "seed": 42,
  "training_drugs": 47,
  "steps": 3000,
  "history": [
    {
      "step": 100,
      "loss": 0.43188770443201063,
      "reconstruction": 0.4234866766631603,
      "alignment": 0.0840102905035019
    },
    {
      "step": 200,
      "loss": 0.25240476086735725,
      "reconstruction": 0.25183554872870445,
      "alignment": 0.005692131519317627
    },
    {
      "step": 300,
      "loss": 0.20499633640050888,
      "reconstruction": 0.2045768392086029,
      "alignment": 0.0041949725151062016
    },
    {
      "step": 400,
      "loss": 0.19212431132793426,
      "reconstruction": 0.19181229189038276,
      "alignment": 0.003120189905166626
    },
    {
      "step": 500,
      "loss": 0.16850531935691834,
      "reconstruction": 0.1682645684480667,
      "alignment": 0.002407512664794922
    },
    {
      "step": 600,
      "loss": 0.15369303442537785,
      "reconstruction": 0.15347681671380997,
      "alignment": 0.002162182331085205
    },
    {
      "step": 700,
      "loss": 0.15955343283712864,
      "reconstruction": 0.1593496423214674,
      "alignment": 0.0020379048585891725
    },
    {
      "step": 800,
      "loss": 0.15258586548268796,
      "reconstruction": 0.1524095533043146,
      "alignment": 0.0017631173133850098
    },
    {
      "step": 900,
      "loss": 0.13455395080149174,
      "reconstruction": 0.13440736718475818,
      "alignment": 0.0014658403396606446
    },
    {
      "step": 1000,
      "loss": 0.1296658702939749,
      "reconstruction": 0.12953751616179943,
      "alignment": 0.001283542513847351
    },
    {
      "step": 1100,
      "loss": 0.12650257840752602,
      "reconstruction": 0.1263917577266693,
      "alignment": 0.0011082029342651368
    },
    {
      "step": 1200,
      "loss": 0.12346348218619824,
      "reconstruction": 0.12336269155144691,
      "alignment": 0.0010079121589660644
    },
    {
      "step": 1300,
      "loss": 0.12146217592060565,
      "reconstruction": 0.1213730526715517,
      "alignment": 0.0008912307024002076
    },
    {
      "step": 1400,
      "loss": 0.1086152347922325,
      "reconstruction": 0.10853740051388741,
      "alignment": 0.0007783472537994385
    },
    {
      "step": 1500,
      "loss": 0.10268164206296206,
      "reconstruction": 0.10261596728116273,
      "alignment": 0.0006567454338073731
    },
    {
      "step": 1600,
      "loss": 0.10982163734734059,
      "reconstruction": 0.10975334111601115,
      "alignment": 0.0006829571723937989
    },
    {
      "step": 1700,
      "loss": 0.10009605213999748,
      "reconstruction": 0.10003545962274074,
      "alignment": 0.000605926513671875
    },
    {
      "step": 1800,
      "loss": 0.09722539268434048,
      "reconstruction": 0.097169079631567,
      "alignment": 0.0005631262063980103
    },
    {
      "step": 1900,
      "loss": 0.09393465049564838,
      "reconstruction": 0.0938858462497592,
      "alignment": 0.0004880410432815552
    },
    {
      "step": 2000,
      "loss": 0.0940738345310092,
      "reconstruction": 0.09402782343327999,
      "alignment": 0.0004601103067398071
    },
    {
      "step": 2100,
      "loss": 0.08895138964056969,
      "reconstruction": 0.08890804577618837,
      "alignment": 0.00043343603610992434
    },
    {
      "step": 2200,
      "loss": 0.08491273280233144,
      "reconstruction": 0.08487182803452015,
      "alignment": 0.000409049391746521
    },
    {
      "step": 2300,
      "loss": 0.07820636494085192,
      "reconstruction": 0.07817074177786708,
      "alignment": 0.0003562343120574951
    },
    {
      "step": 2400,
      "loss": 0.07857613362371922,
      "reconstruction": 0.07854450378566981,
      "alignment": 0.00031630277633666994
    },
    {
      "step": 2500,
      "loss": 0.07688871301710605,
      "reconstruction": 0.07685908298939466,
      "alignment": 0.0002963036298751831
    },
    {
      "step": 2600,
      "loss": 0.08030916009098292,
      "reconstruction": 0.08027973636984825,
      "alignment": 0.0002942371368408203
    },
    {
      "step": 2700,
      "loss": 0.06979104649275542,
      "reconstruction": 0.06976598531007766,
      "alignment": 0.0002506124973297119
    },
    {
      "step": 2800,
      "loss": 0.06884689018130302,
      "reconstruction": 0.06882219281047583,
      "alignment": 0.0002469724416732788
    },
    {
      "step": 2900,
      "loss": 0.07247873479500413,
      "reconstruction": 0.07245769331231713,
      "alignment": 0.00021041750907897948
    },
    {
      "step": 3000,
      "loss": 0.06724220950156451,
      "reconstruction": 0.06722050167620182,
      "alignment": 0.00021708011627197266
    }
  ]
}
