{"step": 100, "loss": 0.4366457036137581, "reconstruction": 0.42792671665549276, "alignment": 0.08718985497951508}
{"step": 200, "loss": 0.24049795299768448, "reconstruction": 0.24003501117229462, "alignment": 0.004629412889480591}
{"step": 300, "loss": 0.21357972972095013, "reconstruction": 0.2132264430075884, "alignment": 0.0035328739881515503}
{"step": 400, "loss": 0.17935414880514144, "reconstruction": 0.17910235188901424, "alignment": 0.002517971396446228}
{"step": 500, "loss": 0.165353998914361, "reconstruction": 0.1651355156302452, "alignment": 0.0021848279237747193}
{"step": 600, "loss": 0.154987176284194, "reconstruction": 0.15481919206678868, "alignment": 0.0016798424720764161}
{"step": 700, "loss": 0.14949168547987937, "reconstruction": 0.1493413257598877, "alignment": 0.0015035992860794067}
{"step": 800, "loss": 0.1464267860352993, "reconstruction": 0.14629098378121852, "alignment": 0.0013580191135406493}
{"step": 900, "loss": 0.13413848601281642, "reconstruction": 0.13403174944221974, "alignment": 0.0010673564672470093}
{"step": 1000, "loss": 0.12117593035101891, "reconstruction": 0.12108318120241165, "alignment": 0.0009274893999099732}
{"step": 1100, "loss": 0.1187602736800909, "reconstruction": 0.11867116618901491, "alignment": 0.0008910757303237915}
{"step": 1200, "loss": 0.11166690453886986, "reconstruction": 0.1115909318625927, "alignment": 0.0007597219944000244}
{"step": 1300, "loss": 0.10608138747513295, "reconstruction": 0.10601262729614973, "alignment": 0.000687602162361145}
{"step": 1400, "loss": 0.10082313444465399, "reconstruction": 0.1007608138024807, "alignment": 0.0006232112646102905}
{"step": 1500, "loss": 0.09973585940897464, "reconstruction": 0.09968028519302606, "alignment": 0.0005557411909103394}
{"step": 1600, "loss": 0.10207096129655838, "reconstruction": 0.1020178223401308, "alignment": 0.0005313897132873535}
{"step": 1700, "loss": 0.09035009976476431, "reconstruction": 0.09030531849712134, "alignment": 0.0004478120803833008}
{"step": 1800, "loss": 0.0961914824321866, "reconstruction": 0.09615116626024246, "alignment": 0.0004031634330749512}
{"step": 1900, "loss": 0.08728369858115911, "reconstruction": 0.08724551796913146, "alignment": 0.00038180768489837647}
{"step": 2000, "loss": 0.08222032316029072, "reconstruction": 0.08218476559966803, "alignment": 0.000355573296546936}
{"step": 2100, "loss": 0.09367932774126529, "reconstruction": 0.09364629730582237, "alignment": 0.0003303033113479614}
{"step": 2200, "loss": 0.0835093244165182, "reconstruction": 0.08347981430590153, "alignment": 0.000295102596282959}
{"step": 2300, "loss": 0.07507518785074353, "reconstruction": 0.07504747241735459, "alignment": 0.00027715742588043215}
{"step": 2400, "loss": 0.07696062728762626, "reconstruction": 0.0769344537705183, "alignment": 0.0002617383003234863}
{"step": 2500, "loss": 0.07554633434861899, "reconstruction": 0.07552320122718811, "alignment": 0.0002313297986984253}
{"step": 2600, "loss": 0.06419422041624784, "reconstruction": 0.0641731883957982, "alignment": 0.00021032273769378663}
{"step": 2700, "loss": 0.061895837392658, "reconstruction": 0.06187512792646885, "alignment": 0.00020709455013275145}
{"step": 2800, "loss": 0.06440534356981516, "reconstruction": 0.06438634287565946, "alignment": 0.00019000589847564697}
{"step": 2900, "loss": 0.06413624474778772, "reconstruction": 0.06411913832649589, "alignment": 0.0001710653305053711}
{"step": 3000, "loss": 0.05844199718907475, "reconstruction": 0.058425735514611006, "alignment": 0.00016261756420135498}
{
  "guardrail": "unique training drugs only; validation/test rows and labels were not used",
  "condition": "real",
  "seed": 44,
  "training_drugs": 47,
  "steps": 3000,
  "history": [
    {
      "step": 100,
      "loss": 0.4366457036137581,
      "reconstruction": 0.42792671665549276,
      "alignment": 0.08718985497951508
    },
    {
      "step": 200,
      "loss": 0.24049795299768448,
      "reconstruction": 0.24003501117229462,
      "alignment": 0.004629412889480591
    },
    {
      "step": 300,
      "loss": 0.21357972972095013,
      "reconstruction": 0.2132264430075884,
      "alignment": 0.0035328739881515503
    },
    {
      "step": 400,
      "loss": 0.17935414880514144,
      "reconstruction": 0.17910235188901424,
      "alignment": 0.002517971396446228
    },
    {
      "step": 500,
      "loss": 0.165353998914361,
      "reconstruction": 0.1651355156302452,
      "alignment": 0.0021848279237747193
    },
    {
      "step": 600,
      "loss": 0.154987176284194,
      "reconstruction": 0.15481919206678868,
      "alignment": 0.0016798424720764161
    },
    {
      "step": 700,
      "loss": 0.14949168547987937,
      "reconstruction": 0.1493413257598877,
      "alignment": 0.0015035992860794067
    },
    {
      "step": 800,
      "loss": 0.1464267860352993,
      "reconstruction": 0.14629098378121852,
      "alignment": 0.0013580191135406493
    },
    {
      "step": 900,
      "loss": 0.13413848601281642,
      "reconstruction": 0.13403174944221974,
      "alignment": 0.0010673564672470093
    },
    {
      "step": 1000,
      "loss": 0.12117593035101891,
      "reconstruction": 0.12108318120241165,
      "alignment": 0.0009274893999099732
    },
    {
      "step": 1100,
      "loss": 0.1187602736800909,
      "reconstruction": 0.11867116618901491,
      "alignment": 0.0008910757303237915
    },
    {
      "step": 1200,
      "loss": 0.11166690453886986,
      "reconstruction": 0.1115909318625927,
      "alignment": 0.0007597219944000244
    },
    {
      "step": 1300,
      "loss": 0.10608138747513295,
      "reconstruction": 0.10601262729614973,
      "alignment": 0.000687602162361145
    },
    {
      "step": 1400,
      "loss": 0.10082313444465399,
      "reconstruction": 0.1007608138024807,
      "alignment": 0.0006232112646102905
    },
    {
      "step": 1500,
      "loss": 0.09973585940897464,
      "reconstruction": 0.09968028519302606,
      "alignment": 0.0005557411909103394
    },
    {
      "step": 1600,
      "loss": 0.10207096129655838,
      "reconstruction": 0.1020178223401308,
      "alignment": 0.0005313897132873535
    },
    {
      "step": 1700,
      "loss": 0.09035009976476431,
      "reconstruction": 0.09030531849712134,
      "alignment": 0.0004478120803833008
    },
    {
      "step": 1800,
      "loss": 0.0961914824321866,
      "reconstruction": 0.09615116626024246,
      "alignment": 0.0004031634330749512
    },
    {
      "step": 1900,
      "loss": 0.08728369858115911,
      "reconstruction": 0.08724551796913146,
      "alignment": 0.00038180768489837647
    },
    {
      "step": 2000,
      "loss": 0.08222032316029072,
      "reconstruction": 0.08218476559966803,
      "alignment": 0.000355573296546936
    },
    {
      "step": 2100,
      "loss": 0.09367932774126529,
      "reconstruction": 0.09364629730582237,
      "alignment": 0.0003303033113479614
    },
    {
      "step": 2200,
      "loss": 0.0835093244165182,
      "reconstruction": 0.08347981430590153,
      "alignment": 0.000295102596282959
    },
    {
      "step": 2300,
      "loss": 0.07507518785074353,
      "reconstruction": 0.07504747241735459,
      "alignment": 0.00027715742588043215
    },
    {
      "step": 2400,
      "loss": 0.07696062728762626,
      "reconstruction": 0.0769344537705183,
      "alignment": 0.0002617383003234863
    },
    {
      "step": 2500,
      "loss": 0.07554633434861899,
      "reconstruction": 0.07552320122718811,
      "alignment": 0.0002313297986984253
    },
    {
      "step": 2600,
      "loss": 0.06419422041624784,
      "reconstruction": 0.0641731883957982,
      "alignment": 0.00021032273769378663
    },
    {
      "step": 2700,
      "loss": 0.061895837392658,
      "reconstruction": 0.06187512792646885,
      "alignment": 0.00020709455013275145
    },
    {
      "step": 2800,
      "loss": 0.06440534356981516,
      "reconstruction": 0.06438634287565946,
      "alignment": 0.00019000589847564697
    },
    {
      "step": 2900,
      "loss": 0.06413624474778772,
      "reconstruction": 0.06411913832649589,
      "alignment": 0.0001710653305053711
    },
    {
      "step": 3000,
      "loss": 0.05844199718907475,
      "reconstruction": 0.058425735514611006,
      "alignment": 0.00016261756420135498
    }
  ]
}
