loaded hierarchy pretraining: experiments/brics_hierarchical/pretrain/real_seed42.pt; condition=real seed=42
{"epoch": 1, "train": {"loss": 0.22496450109179741, "mse": 0.2235312852931399, "align": 9.520473110213298e-05, "reconstruct": 0.06567680118568733}, "val": {"mse": 0.49763190746307373, "rmse": 0.7054302995073813, "mae": 0.4259261190891266, "ci": 0.7839870484408515, "rm2": 0.3339058764878987, "pearson": 0.5924102206514542, "spearman": 0.5234385093178356, "r2": 0.3444778323173523, "bias": -0.04397339001297951}, "val_delta_abs_mean": 0.4155476689338684, "val_gate_mean": 0.7744094133377075}
{"epoch": 2, "train": {"loss": 0.22335687074266913, "mse": 0.22179348270289648, "align": 3.8431820539373676e-05, "reconstruct": 0.06301422639885065}, "val": {"mse": 0.48951056599617004, "rmse": 0.6996503169413776, "mae": 0.41437891125679016, "ci": 0.7939367672589016, "rm2": 0.3432167409168939, "pearson": 0.6046888060441193, "spearman": 0.5419911820995488, "r2": 0.3551759123802185, "bias": -0.057793863117694855}, "val_delta_abs_mean": 0.3744686245918274, "val_gate_mean": 0.6851633787155151}
{"epoch": 3, "train": {"loss": 0.2229786934310437, "mse": 0.22146349011003955, "align": 2.675505429061577e-05, "reconstruct": 0.0603996830125097}, "val": {"mse": 0.4937868118286133, "rmse": 0.7026996597612761, "mae": 0.416980504989624, "ci": 0.7892744340719366, "rm2": 0.3401903589476469, "pearson": 0.5984892055288973, "spearman": 0.532936409616315, "r2": 0.34954291582107544, "bias": -0.05754750594496727}, "val_delta_abs_mean": 0.5544330477714539, "val_gate_mean": 0.7461250424385071}
{"epoch": 4, "train": {"loss": 0.22212056852063006, "mse": 0.220591760643886, "align": 1.5549845882337546e-05, "reconstruct": 0.05574502589460274}, "val": {"mse": 0.48636260628700256, "rmse": 0.6973970219946473, "mae": 0.4071856141090393, "ci": 0.7966137595448298, "rm2": 0.3480931830993847, "pearson": 0.612195807283045, "spearman": 0.546863919165664, "r2": 0.3593226671218872, "bias": -0.07456549257040024}, "val_delta_abs_mean": 0.6147183775901794, "val_gate_mean": 0.7342875599861145}
{"epoch": 5, "train": {"loss": 0.2217617595617255, "mse": 0.22022071350274422, "align": 1.1245377130086996e-05, "reconstruct": 0.05279526899905777}, "val": {"mse": 0.4884236454963684, "rmse": 0.6988731254643924, "mae": 0.40967586636543274, "ci": 0.7946807609305766, "rm2": 0.3461914418068608, "pearson": 0.6087773371417069, "spearman": 0.5429949976329875, "r2": 0.35660767555236816, "bias": -0.07242923974990845}, "val_delta_abs_mean": 0.6048579216003418, "val_gate_mean": 0.741775631904602}
{"epoch": 6, "train": {"loss": 0.2218176321384479, "mse": 0.22021550715509045, "align": 1.0622526668108977e-05, "reconstruct": 0.05528390255853601}, "val": {"mse": 0.4947560131549835, "rmse": 0.7033889487012029, "mae": 0.4252423346042633, "ci": 0.7883357352400862, "rm2": 0.33774039499157305, "pearson": 0.5939191844891624, "spearman": 0.5312443973238375, "r2": 0.3482661247253418, "bias": -0.034009285271167755}, "val_delta_abs_mean": 0.306331992149353, "val_gate_mean": 0.4503563940525055}
{"epoch": 7, "train": {"loss": 0.22137657109308348, "mse": 0.21980244657084816, "align": 7.134682291841971e-06, "reconstruct": 0.05078178535115045}, "val": {"mse": 0.49522924423217773, "rmse": 0.7037252618971254, "mae": 0.4168708026409149, "ci": 0.791078308134358, "rm2": 0.337569069452767, "pearson": 0.5974196609794735, "spearman": 0.5369227969536908, "r2": 0.34764277935028076, "bias": -0.05739689618349075}, "val_delta_abs_mean": 0.45359861850738525, "val_gate_mean": 0.5473489761352539}
{"epoch": 8, "train": {"loss": 0.22094685688673663, "mse": 0.21933494108229018, "align": 4.882152355749017e-06, "reconstruct": 0.05074988946295673}, "val": {"mse": 0.4888463020324707, "rmse": 0.6991754443860787, "mae": 0.41784968972206116, "ci": 0.7912789196226141, "rm2": 0.34469406192850666, "pearson": 0.603054523560676, "spearman": 0.5364900919640648, "r2": 0.35605090856552124, "bias": -0.04929274320602417}, "val_delta_abs_mean": 0.4755271077156067, "val_gate_mean": 0.6635386943817139}
{"epoch": 9, "train": {"loss": 0.22065324047147292, "mse": 0.21911378691150993, "align": 4.759637754232257e-06, "reconstruct": 0.04682193568891449}, "val": {"mse": 0.49298402667045593, "rmse": 0.7021282124159774, "mae": 0.4136485755443573, "ci": 0.7902369618825952, "rm2": 0.3414837939543493, "pearson": 0.6028387414203286, "spearman": 0.5343372137703309, "r2": 0.35060036182403564, "bias": -0.07125452160835266}, "val_delta_abs_mean": 0.7293116450309753, "val_gate_mean": 0.7786479592323303}
{"epoch": 10, "train": {"loss": 0.22073053406133475, "mse": 0.2190959398953302, "align": 3.9732948561036985e-06, "reconstruct": 0.04700489180999816}, "val": {"mse": 0.4847193956375122, "rmse": 0.6962179225196032, "mae": 0.40911805629730225, "ci": 0.7981793438191702, "rm2": 0.3507160743219385, "pearson": 0.6089548883559931, "spearman": 0.5489013644314804, "r2": 0.3614872694015503, "bias": -0.05869663506746292}, "val_delta_abs_mean": 0.6954516768455505, "val_gate_mean": 0.742512583732605}
{"epoch": 11, "train": {"loss": 0.2203620563447619, "mse": 0.2188174809119671, "align": 3.2942770442593552e-06, "reconstruct": 0.04351180617300243}, "val": {"mse": 0.4956616461277008, "rmse": 0.7040324183783733, "mae": 0.41762280464172363, "ci": 0.7876434728557381, "rm2": 0.33872306461471224, "pearson": 0.5963737285679447, "spearman": 0.5300854766541381, "r2": 0.34707319736480713, "bias": -0.05944415554404259}, "val_delta_abs_mean": 0.639248251914978, "val_gate_mean": 0.7661021947860718}
{"epoch": 12, "train": {"loss": 0.21995695411464622, "mse": 0.21839179347365265, "align": 2.5120715244771016e-06, "reconstruct": 0.04141103068573408}, "val": {"mse": 0.49236229062080383, "rmse": 0.7016853216512398, "mae": 0.4089066684246063, "ci": 0.7947827978398317, "rm2": 0.34283528868960533, "pearson": 0.6067503134132017, "spearman": 0.5433383439616442, "r2": 0.3514193892478943, "bias": -0.08199621737003326}, "val_delta_abs_mean": 0.7071306705474854, "val_gate_mean": 0.749397337436676}
{"epoch": 13, "train": {"loss": 0.2197882043717972, "mse": 0.21820571777611023, "align": 2.2006376859048476e-06, "reconstruct": 0.040740594262106765}, "val": {"mse": 0.4987587034702301, "rmse": 0.7062285065545217, "mae": 0.4100898206233978, "ci": 0.7952045911313836, "rm2": 0.33632873429963933, "pearson": 0.5982785156908922, "spearman": 0.5436888250763843, "r2": 0.34299349784851074, "bias": -0.0807616338133812}, "val_delta_abs_mean": 0.8249331712722778, "val_gate_mean": 0.812768280506134}
{"epoch": 14, "train": {"loss": 0.21987879114596529, "mse": 0.2181609607963988, "align": 1.985752239394397e-06, "reconstruct": 0.04142895610838959}, "val": {"mse": 0.48662126064300537, "rmse": 0.6975824400334382, "mae": 0.40892982482910156, "ci": 0.7957329019948725, "rm2": 0.34787835820499413, "pearson": 0.6114178324517207, "spearman": 0.5447566603447161, "r2": 0.3589819073677063, "bias": -0.07335017621517181}, "val_delta_abs_mean": 0.6689892411231995, "val_gate_mean": 0.7140453457832336}
{"epoch": 15, "train": {"loss": 0.2194999671537837, "mse": 0.21782033012870922, "align": 1.7429380544491884e-06, "reconstruct": 0.0394230407849277}, "val": {"mse": 0.48693692684173584, "rmse": 0.6978086606239104, "mae": 0.4077588617801666, "ci": 0.7947255675573952, "rm2": 0.350452583910982, "pearson": 0.608311317074302, "spearman": 0.5423933013312353, "r2": 0.3585661053657532, "bias": -0.07131589204072952}, "val_delta_abs_mean": 0.858687162399292, "val_gate_mean": 0.7828314900398254}
{"epoch": 16, "train": {"loss": 0.21912894352712473, "mse": 0.21736405193633543, "align": 1.5598949275554357e-06, "reconstruct": 0.03817090569931056}, "val": {"mse": 0.49406251311302185, "rmse": 0.7028958053033336, "mae": 0.4112098217010498, "ci": 0.7966606028365039, "rm2": 0.34058441634826314, "pearson": 0.6008354137286078, "spearman": 0.5462725587537998, "r2": 0.349179744720459, "bias": -0.0695318877696991}, "val_delta_abs_mean": 0.7049718499183655, "val_gate_mean": 0.7834662795066833}
{"epoch": 17, "train": {"loss": 0.2189051108363963, "mse": 0.21719456213930177, "align": 1.2102376809877187e-06, "reconstruct": 0.039428938678372084}, "val": {"mse": 0.48846471309661865, "rmse": 0.698902506145613, "mae": 0.41005533933639526, "ci": 0.7969738418912633, "rm2": 0.34816318414222375, "pearson": 0.6038995322983827, "spearman": 0.5465472092589279, "r2": 0.3565536141395569, "bias": -0.059181395918130875}, "val_delta_abs_mean": 0.7530237436294556, "val_gate_mean": 0.7272205948829651}
{"epoch": 18, "train": {"loss": 0.21869658027104283, "mse": 0.21692182203568106, "align": 1.2130667066808222e-06, "reconstruct": 0.039258217555078495}, "val": {"mse": 0.48378580808639526, "rmse": 0.6955471285875567, "mae": 0.407991886138916, "ci": 0.7962361618806401, "rm2": 0.3554688641092726, "pearson": 0.6081371796613978, "spearman": 0.5444724928589869, "r2": 0.36271703243255615, "bias": -0.058238010853528976}, "val_delta_abs_mean": 0.9770710468292236, "val_gate_mean": 0.7879921197891235}
{"epoch": 19, "train": {"loss": 0.21861708483699885, "mse": 0.2168364035614969, "align": 1.1154854046296508e-06, "reconstruct": 0.03743551754281233}, "val": {"mse": 0.49333426356315613, "rmse": 0.7023775790578427, "mae": 0.417673796415329, "ci": 0.7912630336367421, "rm2": 0.34030600980484227, "pearson": 0.5991354998914982, "spearman": 0.5359392661944872, "r2": 0.3501390218734741, "bias": -0.05702865496277809}, "val_delta_abs_mean": 0.6703747510910034, "val_gate_mean": 0.7432034611701965}
{"epoch": 20, "train": {"loss": 0.21870537804457776, "mse": 0.2169097376802813, "align": 1.017100728142304e-06, "reconstruct": 0.03730866035780606}, "val": {"mse": 0.48888230323791504, "rmse": 0.6992011893853692, "mae": 0.41292986273765564, "ci": 0.7928308582424234, "rm2": 0.34661251087704914, "pearson": 0.6045598590756623, "spearman": 0.5391987133072152, "r2": 0.3560035228729248, "bias": -0.0616292841732502}, "val_delta_abs_mean": 0.6971253156661987, "val_gate_mean": 0.7615495920181274}
{"epoch": 21, "train": {"loss": 0.21849867770678041, "mse": 0.21686114098679815, "align": 1.0048320528241384e-06, "reconstruct": 0.034622612671735276}, "val": {"mse": 0.48030737042427063, "rmse": 0.6930421130236392, "mae": 0.4127834737300873, "ci": 0.795813146590175, "rm2": 0.3547189004085468, "pearson": 0.6124415954119189, "spearman": 0.5439026732216327, "r2": 0.3672991394996643, "bias": -0.048934560269117355}, "val_delta_abs_mean": 0.6351200342178345, "val_gate_mean": 0.6964329481124878}
{"epoch": 22, "train": {"loss": 0.21849412968932946, "mse": 0.21673757896864507, "align": 8.996186936293e-07, "reconstruct": 0.03530053185809935}, "val": {"mse": 0.48562178015708923, "rmse": 0.6968656830100685, "mae": 0.41221684217453003, "ci": 0.7939428772534678, "rm2": 0.3492299671567721, "pearson": 0.6086831975208938, "spearman": 0.5407748470449136, "r2": 0.3602985143661499, "bias": -0.06062131002545357}, "val_delta_abs_mean": 0.6958038806915283, "val_gate_mean": 0.7839487195014954}
{"epoch": 23, "train": {"loss": 0.21829709751671175, "mse": 0.21668106729966838, "align": 8.347232543528108e-07, "reconstruct": 0.03369035436172418}, "val": {"mse": 0.4807969927787781, "rmse": 0.6933952644623254, "mae": 0.4090689420700073, "ci": 0.7952526564219708, "rm2": 0.35524647122928654, "pearson": 0.6144287959551612, "spearman": 0.5426965649717321, "r2": 0.3666541576385498, "bias": -0.06331793963909149}, "val_delta_abs_mean": 0.8129106163978577, "val_gate_mean": 0.7881936430931091}
{"epoch": 24, "train": {"loss": 0.21821333965765588, "mse": 0.21637769281301805, "align": 8.336214836974845e-07, "reconstruct": 0.03475260493187125}, "val": {"mse": 0.4856525957584381, "rmse": 0.6968877928034313, "mae": 0.4097194969654083, "ci": 0.791599490670853, "rm2": 0.3504548563875871, "pearson": 0.6106440261366136, "spearman": 0.5371070704491244, "r2": 0.36025792360305786, "bias": -0.07112064212560654}, "val_delta_abs_mean": 0.7889952063560486, "val_gate_mean": 0.7863613367080688}
{"epoch": 25, "train": {"loss": 0.21804916946470446, "mse": 0.21624188886474252, "align": 7.097468840280556e-07, "reconstruct": 0.03403909035228588}, "val": {"mse": 0.4880618155002594, "rmse": 0.698614210777493, "mae": 0.4061397612094879, "ci": 0.7972483843137702, "rm2": 0.34693923934725823, "pearson": 0.6138220412327196, "spearman": 0.5470367335519473, "r2": 0.35708433389663696, "bias": -0.08552627265453339}, "val_delta_abs_mean": 0.8349028825759888, "val_gate_mean": 0.7766473889350891}
{"epoch": 26, "train": {"loss": 0.21802608701943363, "mse": 0.21613654669306442, "align": 7.542939965139859e-07, "reconstruct": 0.03579867643911094}, "val": {"mse": 0.48559725284576416, "rmse": 0.6968480844816639, "mae": 0.41160979866981506, "ci": 0.7919546850216335, "rm2": 0.3492413077492037, "pearson": 0.6098012289605316, "spearman": 0.537450511313549, "r2": 0.36033087968826294, "bias": -0.0647733137011528}, "val_delta_abs_mean": 0.6712478995323181, "val_gate_mean": 0.7688790559768677}
{"epoch": 27, "train": {"loss": 0.2176952984173626, "mse": 0.2158678132817228, "align": 6.757411918225136e-07, "reconstruct": 0.03148310816289716}, "val": {"mse": 0.48804616928100586, "rmse": 0.6986030126481032, "mae": 0.4084886908531189, "ci": 0.7967809697294576, "rm2": 0.34811851388464965, "pearson": 0.6069245250980588, "spearman": 0.5464047987293709, "r2": 0.3571048974990845, "bias": -0.06844883412122726}, "val_delta_abs_mean": 0.6899144053459167, "val_gate_mean": 0.8011907935142517}
{"epoch": 28, "train": {"loss": 0.2177378122293193, "mse": 0.21589126338771783, "align": 6.892895278497301e-07, "reconstruct": 0.03206539292096851}, "val": {"mse": 0.4877963662147522, "rmse": 0.6984242021971692, "mae": 0.40362828969955444, "ci": 0.7991086739926859, "rm2": 0.3497103986778925, "pearson": 0.6118005586217, "spearman": 0.5513521861535067, "r2": 0.3574339747428894, "bias": -0.08558831363916397}, "val_delta_abs_mean": 0.8240323066711426, "val_gate_mean": 0.7581168413162231}
{"epoch": 29, "train": {"loss": 0.21750943518366658, "mse": 0.21569186441877916, "align": 6.7717005064114e-07, "reconstruct": 0.03296941845943462}, "val": {"mse": 0.49273568391799927, "rmse": 0.7019513401354821, "mae": 0.4182984232902527, "ci": 0.7841644419497563, "rm2": 0.34116904713191865, "pearson": 0.6007495553248449, "spearman": 0.5235166752287503, "r2": 0.35092753171920776, "bias": -0.061332106590270996}, "val_delta_abs_mean": 0.7209426760673523, "val_gate_mean": 0.798103928565979}
{"epoch": 30, "train": {"loss": 0.21722272552906335, "mse": 0.2153776611491164, "align": 6.497061217015983e-07, "reconstruct": 0.030941259955532388}, "val": {"mse": 0.47631052136421204, "rmse": 0.6901525348531381, "mae": 0.40679630637168884, "ci": 0.7927968459393383, "rm2": 0.3596139484778964, "pearson": 0.6235863616288962, "spearman": 0.5383339490182035, "r2": 0.3725641369819641, "bias": -0.07571729272603989}, "val_delta_abs_mean": 0.8605843186378479, "val_gate_mean": 0.7461495399475098}
{"epoch": 31, "train": {"loss": 0.21769692825751158, "mse": 0.2159179900721314, "align": 6.05227869881626e-07, "reconstruct": 0.031829617903909015}, "val": {"mse": 0.48034030199050903, "rmse": 0.6930658713214127, "mae": 0.4082507789134979, "ci": 0.7948388061233551, "rm2": 0.355760133791136, "pearson": 0.6157436323508565, "spearman": 0.5425062440081928, "r2": 0.3672557473182678, "bias": -0.06637316942214966}, "val_delta_abs_mean": 0.7649451494216919, "val_gate_mean": 0.7768697142601013}
{"epoch": 32, "train": {"loss": 0.21721274357371922, "mse": 0.21530684343649195, "align": 6.581128613372918e-07, "reconstruct": 0.030313317882474697}, "val": {"mse": 0.4880807399749756, "rmse": 0.6986277549417684, "mae": 0.41241514682769775, "ci": 0.7908206700301508, "rm2": 0.34794269951672574, "pearson": 0.6063568868691726, "spearman": 0.5352325131227103, "r2": 0.35705941915512085, "bias": -0.06615781038999557}, "val_delta_abs_mean": 0.7793868184089661, "val_gate_mean": 0.7777255773544312}
{"epoch": 33, "train": {"loss": 0.21737496729011632, "mse": 0.21553234563398213, "align": 5.571172179323745e-07, "reconstruct": 0.030096815551752285}, "val": {"mse": 0.48967301845550537, "rmse": 0.6997664027770306, "mae": 0.41687989234924316, "ci": 0.7886803389336186, "rm2": 0.3450373528627891, "pearson": 0.6029360081469871, "spearman": 0.5316689531093445, "r2": 0.35496193170547485, "bias": -0.056805044412612915}, "val_delta_abs_mean": 0.6405999064445496, "val_gate_mean": 0.7369312644004822}
{"epoch": 34, "train": {"loss": 0.21746958296986668, "mse": 0.2156455453850714, "align": 5.242132963821589e-07, "reconstruct": 0.030700412452008597}, "val": {"mse": 0.49138304591178894, "rmse": 0.7009871938286668, "mae": 0.4176752269268036, "ci": 0.7892671020784572, "rm2": 0.3432868511784115, "pearson": 0.6002646699379297, "spearman": 0.5320411778440586, "r2": 0.3527093529701233, "bias": -0.05395882949233055}, "val_delta_abs_mean": 0.7464697957038879, "val_gate_mean": 0.7523450255393982}
{"epoch": 35, "train": {"loss": 0.21722221072098627, "mse": 0.21535414448857043, "align": 5.200644412581955e-07, "reconstruct": 0.02870988464993434}, "val": {"mse": 0.48558172583580017, "rmse": 0.696836943506729, "mae": 0.4120071232318878, "ci": 0.7918597764393721, "rm2": 0.351023221754193, "pearson": 0.6075980789845632, "spearman": 0.5366789362186127, "r2": 0.3603512644767761, "bias": -0.06017524003982544}, "val_delta_abs_mean": 0.807905912399292, "val_gate_mean": 0.82163405418396}
{"epoch": 36, "train": {"loss": 0.21711014311025792, "mse": 0.2152492437352801, "align": 5.032796539309578e-07, "reconstruct": 0.028582568837291548}, "val": {"mse": 0.49029529094696045, "rmse": 0.7002108903373043, "mae": 0.41547852754592896, "ci": 0.7915650710347968, "rm2": 0.34305262805874237, "pearson": 0.6063185186049326, "spearman": 0.5362041545917985, "r2": 0.3541421890258789, "bias": -0.06869058310985565}, "val_delta_abs_mean": 0.8098309636116028, "val_gate_mean": 0.786799967288971}
{"epoch": 37, "train": {"loss": 0.21693590173790633, "mse": 0.21508393302320275, "align": 4.796661838962286e-07, "reconstruct": 0.027058569596072723}, "val": {"mse": 0.48818647861480713, "rmse": 0.6987034267948077, "mae": 0.4166775941848755, "ci": 0.7893483650061874, "rm2": 0.345952627324184, "pearson": 0.6051995741044982, "spearman": 0.5322126500548556, "r2": 0.35692012310028076, "bias": -0.05723785236477852}, "val_delta_abs_mean": 0.6569663286209106, "val_gate_mean": 0.7683077454566956}
{"epoch": 38, "train": {"loss": 0.21682199712688843, "mse": 0.21496296019621622, "align": 4.3354101448209656e-07, "reconstruct": 0.02791293287515078}, "val": {"mse": 0.49275317788124084, "rmse": 0.7019638009764042, "mae": 0.42559313774108887, "ci": 0.7793377499089611, "rm2": 0.3406992759426336, "pearson": 0.5982346492136811, "spearman": 0.5136045026754045, "r2": 0.3509044647216797, "bias": -0.04882166534662247}, "val_delta_abs_mean": 0.7588591575622559, "val_gate_mean": 0.7869763374328613}
{"epoch": 39, "train": {"loss": 0.2170407103742754, "mse": 0.21519840672100038, "align": 4.6402333594612614e-07, "reconstruct": 0.027794709667467322}, "val": {"mse": 0.49665015935897827, "rmse": 0.7047341054319552, "mae": 0.4184127748012543, "ci": 0.78950987252922, "rm2": 0.3369551538075145, "pearson": 0.5974676289648148, "spearman": 0.5322874805855722, "r2": 0.34577101469039917, "bias": -0.06649012118577957}, "val_delta_abs_mean": 0.7835003733634949, "val_gate_mean": 0.7895198464393616}
{"epoch": 40, "train": {"loss": 0.21668444105985363, "mse": 0.21471373783411046, "align": 4.577799688992767e-07, "reconstruct": 0.02985343328576965}, "val": {"mse": 0.48699143528938293, "rmse": 0.697847716403359, "mae": 0.403300940990448, "ci": 0.7975298513967854, "rm2": 0.35188837339222384, "pearson": 0.6108323422436912, "spearman": 0.5481975138551303, "r2": 0.3584943413734436, "bias": -0.08290029317140579}, "val_delta_abs_mean": 0.8728570938110352, "val_gate_mean": 0.7555745840072632}
{"epoch": 41, "train": {"loss": 0.2166393265971679, "mse": 0.21481003536676618, "align": 4.862768078281868e-07, "reconstruct": 0.02694793706439716}, "val": {"mse": 0.4864925742149353, "rmse": 0.697490196500951, "mae": 0.4019843637943268, "ci": 0.7979589766818167, "rm2": 0.3519210699979027, "pearson": 0.6153801092081974, "spearman": 0.5494023736841961, "r2": 0.3591514825820923, "bias": -0.0924692451953888}, "val_delta_abs_mean": 0.8376464247703552, "val_gate_mean": 0.8049919009208679}
{"epoch": 42, "train": {"loss": 0.2165250838910396, "mse": 0.21460680422429873, "align": 4.701175048834001e-07, "reconstruct": 0.027709717934844846}, "val": {"mse": 0.4901937246322632, "rmse": 0.7001383610631996, "mae": 0.41176360845565796, "ci": 0.7903027461574245, "rm2": 0.3451768477194407, "pearson": 0.6069408041598958, "spearman": 0.5355551335238427, "r2": 0.35427600145339966, "bias": -0.07539578527212143}, "val_delta_abs_mean": 0.6432269215583801, "val_gate_mean": 0.778412401676178}
{"epoch": 43, "train": {"loss": 0.2165838507382188, "mse": 0.21478454906092098, "align": 4.4069678535288817e-07, "reconstruct": 0.026519646454407735}, "val": {"mse": 0.4905698895454407, "rmse": 0.7004069456719005, "mae": 0.4094856083393097, "ci": 0.788278301291164, "rm2": 0.3474506734494209, "pearson": 0.6100065838165928, "spearman": 0.5320445911603623, "r2": 0.35378050804138184, "bias": -0.09086597710847855}, "val_delta_abs_mean": 0.7917715907096863, "val_gate_mean": 0.7789789438247681}
{"epoch": 44, "train": {"loss": 0.216663152386872, "mse": 0.21479836644991607, "align": 4.4933306054177455e-07, "reconstruct": 0.02825924496157352}, "val": {"mse": 0.49750351905822754, "rmse": 0.7053392935731198, "mae": 0.41194799542427063, "ci": 0.7897601786399477, "rm2": 0.339396060543216, "pearson": 0.6003652778894975, "spearman": 0.5343835107893663, "r2": 0.3446469306945801, "bias": -0.08607655763626099}, "val_delta_abs_mean": 0.7925903797149658, "val_gate_mean": 0.7766748666763306}
{"epoch": 45, "train": {"loss": 0.21646651311456452, "mse": 0.2145387291043202, "align": 4.2567942178523655e-07, "reconstruct": 0.027574358436888612}, "val": {"mse": 0.4866475462913513, "rmse": 0.6976012803108602, "mae": 0.40940016508102417, "ci": 0.7932648715231075, "rm2": 0.3490357905527487, "pearson": 0.6099987672453995, "spearman": 0.5403162335880027, "r2": 0.3589473366737366, "bias": -0.07200948148965836}, "val_delta_abs_mean": 0.749859631061554, "val_gate_mean": 0.7875388860702515}
{"epoch": 46, "train": {"loss": 0.21656588507511165, "mse": 0.21461948634048988, "align": 3.7867054049131144e-07, "reconstruct": 0.025669352744749102}, "val": {"mse": 0.4871590733528137, "rmse": 0.6979678168460303, "mae": 0.41313469409942627, "ci": 0.7880385858376844, "rm2": 0.3490186071524769, "pearson": 0.608455326530728, "spearman": 0.5306911960290778, "r2": 0.3582735061645508, "bias": -0.07008089870214462}, "val_delta_abs_mean": 0.7196972966194153, "val_gate_mean": 0.7843611240386963}
{"epoch": 47, "train": {"loss": 0.2162431454442171, "mse": 0.21442282792778644, "align": 4.1833428408306073e-07, "reconstruct": 0.027583115477636033}, "val": {"mse": 0.48696503043174744, "rmse": 0.6978287973649034, "mae": 0.4079543948173523, "ci": 0.791809878150415, "rm2": 0.3504787462852684, "pearson": 0.6116469187778909, "spearman": 0.5376063997810208, "r2": 0.35852909088134766, "bias": -0.08221834152936935}, "val_delta_abs_mean": 0.8178662061691284, "val_gate_mean": 0.7774450778961182}
{"epoch": 48, "train": {"loss": 0.21623486707520873, "mse": 0.21427868336189512, "align": 3.764669991806587e-07, "reconstruct": 0.02693606790503421}, "val": {"mse": 0.48219138383865356, "rmse": 0.6944000171649289, "mae": 0.4087463319301605, "ci": 0.7968844323041115, "rm2": 0.35340441613624246, "pearson": 0.6134629394501683, "spearman": 0.5462951043754237, "r2": 0.3648173213005066, "bias": -0.0649363100528717}, "val_delta_abs_mean": 0.7673346400260925, "val_gate_mean": 0.7585678100585938}
{"epoch": 49, "train": {"loss": 0.2162165661180422, "mse": 0.2142495092969663, "align": 3.7573248541044115e-07, "reconstruct": 0.02573863408141196}, "val": {"mse": 0.4814992845058441, "rmse": 0.6939014948145336, "mae": 0.4125079810619354, "ci": 0.7901640492807722, "rm2": 0.35588785972608594, "pearson": 0.6117536072391463, "spearman": 0.5332561701737903, "r2": 0.36572903394699097, "bias": -0.05870473384857178}, "val_delta_abs_mean": 0.7788550853729248, "val_gate_mean": 0.8095898032188416}
{"epoch": 50, "train": {"loss": 0.21640349587505747, "mse": 0.2145291158361546, "align": 3.60307696235872e-07, "reconstruct": 0.025211209336069237}, "val": {"mse": 0.48158276081085205, "rmse": 0.6939616421754534, "mae": 0.40765124559402466, "ci": 0.7955192558515418, "rm2": 0.35475541992142795, "pearson": 0.6155994883942137, "spearman": 0.5438187819241642, "r2": 0.36561906337738037, "bias": -0.07169466465711594}, "val_delta_abs_mean": 0.7435310482978821, "val_gate_mean": 0.770715057849884}
{
  "guardrail": "validation only; test indices and metrics were not accessed",
  "condition": "real",
  "seed": 42,
  "best_epoch": 30,
  "epoch0_max_abs_difference": 1.9073486328125e-06,
  "baseline": {
    "mse": 0.48946526646614075,
    "rmse": 0.6996179432133947,
    "mae": 0.43143847584724426,
    "ci": 0.7885622123720057,
    "rm2": 0.3410284448121984,
    "pearson": 0.5995077496596147,
    "spearman": 0.5319472626673567,
    "r2": 0.35523557662963867,
    "bias": -0.015189344994723797
  },
  "best": {
    "mse": 0.47631052136421204,
    "rmse": 0.6901525348531381,
    "mae": 0.40679627656936646,
    "ci": 0.7927980679382516,
    "rm2": 0.3596139484778964,
    "pearson": 0.6235863607619881,
    "spearman": 0.5383320746579153,
    "r2": 0.3725641369819641,
    "bias": -0.07571728527545929
  },
  "relative_mse_gain": 0.0268757478889234,
  "delta_abs_mean": 0.8605842590332031,
  "atom_gate_mean": 0.7461495399475098,
  "drug_bootstrap": {
    "drugs": 7,
    "improved": 5,
    "worsened": 2,
    "improvements": [
      -0.03562741354107857,
      0.06424789875745773,
      0.03369799256324768,
      0.013115335255861282,
      0.051909204572439194,
      0.06235646456480026,
      -0.09761658310890198
    ],
    "mean": 0.013154699866260802,
    "ci95": [
      -0.03105941947017397,
      0.04996113745229585
    ],
    "probability_positive": 0.74515
  },
  "args": {
    "project": "/data1/ztx/MyModel-MDTA",
    "checkpoint": "outputs/Refine_experiment/davis/cold_start/drug_cold_5fold_seed42/baseline/fold_1/best_model.pt",
    "global_cache": "experiments/pdbbind_to_davis_transfer/data/global_predictions/fold1_with_features.pt",
    "drug_cache": "experiments/brics_hierarchical/data/fold1_drug_encoder_inputs_chem.pt",
    "split": "data/splits/davis_drug_cold_5fold_seed42/fold_1/split.json",
    "condition": "real",
    "seed": 42,
    "device": "cuda:0",
    "batch_size": 128,
    "epochs": 100,
    "patience": 20,
    "lr": 0.0003,
    "weight_decay": 1e-05,
    "lambda_align": 0.05,
    "lambda_reconstruct": 0.02,
    "lambda_delta": 0.001,
    "output_dir": "experiments/brics_hierarchical/outputs/pretrained_real_seed42"
  },
  "history": [
    {
      "epoch": 1,
      "train": {
        "loss": 0.22496450109179741,
        "mse": 0.2235312852931399,
        "align": 9.520473110213298e-05,
        "reconstruct": 0.06567680118568733
      },
      "val": {
        "mse": 0.49763190746307373,
        "rmse": 0.7054302995073813,
        "mae": 0.4259261190891266,
        "ci": 0.7839870484408515,
        "rm2": 0.3339058764878987,
        "pearson": 0.5924102206514542,
        "spearman": 0.5234385093178356,
        "r2": 0.3444778323173523,
        "bias": -0.04397339001297951
      },
      "val_delta_abs_mean": 0.4155476689338684,
      "val_gate_mean": 0.7744094133377075
    },
    {
      "epoch": 2,
      "train": {
        "loss": 0.22335687074266913,
        "mse": 0.22179348270289648,
        "align": 3.8431820539373676e-05,
        "reconstruct": 0.06301422639885065
      },
      "val": {
        "mse": 0.48951056599617004,
        "rmse": 0.6996503169413776,
        "mae": 0.41437891125679016,
        "ci": 0.7939367672589016,
        "rm2": 0.3432167409168939,
        "pearson": 0.6046888060441193,
        "spearman": 0.5419911820995488,
        "r2": 0.3551759123802185,
        "bias": -0.057793863117694855
      },
      "val_delta_abs_mean": 0.3744686245918274,
      "val_gate_mean": 0.6851633787155151
    },
    {
      "epoch": 3,
      "train": {
        "loss": 0.2229786934310437,
        "mse": 0.22146349011003955,
        "align": 2.675505429061577e-05,
        "reconstruct": 0.0603996830125097
      },
      "val": {
        "mse": 0.4937868118286133,
        "rmse": 0.7026996597612761,
        "mae": 0.416980504989624,
        "ci": 0.7892744340719366,
        "rm2": 0.3401903589476469,
        "pearson": 0.5984892055288973,
        "spearman": 0.532936409616315,
        "r2": 0.34954291582107544,
        "bias": -0.05754750594496727
      },
      "val_delta_abs_mean": 0.5544330477714539,
      "val_gate_mean": 0.7461250424385071
    },
    {
      "epoch": 4,
      "train": {
        "loss": 0.22212056852063006,
        "mse": 0.220591760643886,
        "align": 1.5549845882337546e-05,
        "reconstruct": 0.05574502589460274
      },
      "val": {
        "mse": 0.48636260628700256,
        "rmse": 0.6973970219946473,
        "mae": 0.4071856141090393,
        "ci": 0.7966137595448298,
        "rm2": 0.3480931830993847,
        "pearson": 0.612195807283045,
        "spearman": 0.546863919165664,
        "r2": 0.3593226671218872,
        "bias": -0.07456549257040024
      },
      "val_delta_abs_mean": 0.6147183775901794,
      "val_gate_mean": 0.7342875599861145
    },
    {
      "epoch": 5,
      "train": {
        "loss": 0.2217617595617255,
        "mse": 0.22022071350274422,
        "align": 1.1245377130086996e-05,
        "reconstruct": 0.05279526899905777
      },
      "val": {
        "mse": 0.4884236454963684,
        "rmse": 0.6988731254643924,
        "mae": 0.40967586636543274,
        "ci": 0.7946807609305766,
        "rm2": 0.3461914418068608,
        "pearson": 0.6087773371417069,
        "spearman": 0.5429949976329875,
        "r2": 0.35660767555236816,
        "bias": -0.07242923974990845
      },
      "val_delta_abs_mean": 0.6048579216003418,
      "val_gate_mean": 0.741775631904602
    },
    {
      "epoch": 6,
      "train": {
        "loss": 0.2218176321384479,
        "mse": 0.22021550715509045,
        "align": 1.0622526668108977e-05,
        "reconstruct": 0.05528390255853601
      },
      "val": {
        "mse": 0.4947560131549835,
        "rmse": 0.7033889487012029,
        "mae": 0.4252423346042633,
        "ci": 0.7883357352400862,
        "rm2": 0.33774039499157305,
        "pearson": 0.5939191844891624,
        "spearman": 0.5312443973238375,
        "r2": 0.3482661247253418,
        "bias": -0.034009285271167755
      },
      "val_delta_abs_mean": 0.306331992149353,
      "val_gate_mean": 0.4503563940525055
    },
    {
      "epoch": 7,
      "train": {
        "loss": 0.22137657109308348,
        "mse": 0.21980244657084816,
        "align": 7.134682291841971e-06,
        "reconstruct": 0.05078178535115045
      },
      "val": {
        "mse": 0.49522924423217773,
        "rmse": 0.7037252618971254,
        "mae": 0.4168708026409149,
        "ci": 0.791078308134358,
        "rm2": 0.337569069452767,
        "pearson": 0.5974196609794735,
        "spearman": 0.5369227969536908,
        "r2": 0.34764277935028076,
        "bias": -0.05739689618349075
      },
      "val_delta_abs_mean": 0.45359861850738525,
      "val_gate_mean": 0.5473489761352539
    },
    {
      "epoch": 8,
      "train": {
        "loss": 0.22094685688673663,
        "mse": 0.21933494108229018,
        "align": 4.882152355749017e-06,
        "reconstruct": 0.05074988946295673
      },
      "val": {
        "mse": 0.4888463020324707,
        "rmse": 0.6991754443860787,
        "mae": 0.41784968972206116,
        "ci": 0.7912789196226141,
        "rm2": 0.34469406192850666,
        "pearson": 0.603054523560676,
        "spearman": 0.5364900919640648,
        "r2": 0.35605090856552124,
        "bias": -0.04929274320602417
      },
      "val_delta_abs_mean": 0.4755271077156067,
      "val_gate_mean": 0.6635386943817139
    },
    {
      "epoch": 9,
      "train": {
        "loss": 0.22065324047147292,
        "mse": 0.21911378691150993,
        "align": 4.759637754232257e-06,
        "reconstruct": 0.04682193568891449
      },
      "val": {
        "mse": 0.49298402667045593,
        "rmse": 0.7021282124159774,
        "mae": 0.4136485755443573,
        "ci": 0.7902369618825952,
        "rm2": 0.3414837939543493,
        "pearson": 0.6028387414203286,
        "spearman": 0.5343372137703309,
        "r2": 0.35060036182403564,
        "bias": -0.07125452160835266
      },
      "val_delta_abs_mean": 0.7293116450309753,
      "val_gate_mean": 0.7786479592323303
    },
    {
      "epoch": 10,
      "train": {
        "loss": 0.22073053406133475,
        "mse": 0.2190959398953302,
        "align": 3.9732948561036985e-06,
        "reconstruct": 0.04700489180999816
      },
      "val": {
        "mse": 0.4847193956375122,
        "rmse": 0.6962179225196032,
        "mae": 0.40911805629730225,
        "ci": 0.7981793438191702,
        "rm2": 0.3507160743219385,
        "pearson": 0.6089548883559931,
        "spearman": 0.5489013644314804,
        "r2": 0.3614872694015503,
        "bias": -0.05869663506746292
      },
      "val_delta_abs_mean": 0.6954516768455505,
      "val_gate_mean": 0.742512583732605
    },
    {
      "epoch": 11,
      "train": {
        "loss": 0.2203620563447619,
        "mse": 0.2188174809119671,
        "align": 3.2942770442593552e-06,
        "reconstruct": 0.04351180617300243
      },
      "val": {
        "mse": 0.4956616461277008,
        "rmse": 0.7040324183783733,
        "mae": 0.41762280464172363,
        "ci": 0.7876434728557381,
        "rm2": 0.33872306461471224,
        "pearson": 0.5963737285679447,
        "spearman": 0.5300854766541381,
        "r2": 0.34707319736480713,
        "bias": -0.05944415554404259
      },
      "val_delta_abs_mean": 0.639248251914978,
      "val_gate_mean": 0.7661021947860718
    },
    {
      "epoch": 12,
      "train": {
        "loss": 0.21995695411464622,
        "mse": 0.21839179347365265,
        "align": 2.5120715244771016e-06,
        "reconstruct": 0.04141103068573408
      },
      "val": {
        "mse": 0.49236229062080383,
        "rmse": 0.7016853216512398,
        "mae": 0.4089066684246063,
        "ci": 0.7947827978398317,
        "rm2": 0.34283528868960533,
        "pearson": 0.6067503134132017,
        "spearman": 0.5433383439616442,
        "r2": 0.3514193892478943,
        "bias": -0.08199621737003326
      },
      "val_delta_abs_mean": 0.7071306705474854,
      "val_gate_mean": 0.749397337436676
    },
    {
      "epoch": 13,
      "train": {
        "loss": 0.2197882043717972,
        "mse": 0.21820571777611023,
        "align": 2.2006376859048476e-06,
        "reconstruct": 0.040740594262106765
      },
      "val": {
        "mse": 0.4987587034702301,
        "rmse": 0.7062285065545217,
        "mae": 0.4100898206233978,
        "ci": 0.7952045911313836,
        "rm2": 0.33632873429963933,
        "pearson": 0.5982785156908922,
        "spearman": 0.5436888250763843,
        "r2": 0.34299349784851074,
        "bias": -0.0807616338133812
      },
      "val_delta_abs_mean": 0.8249331712722778,
      "val_gate_mean": 0.812768280506134
    },
    {
      "epoch": 14,
      "train": {
        "loss": 0.21987879114596529,
        "mse": 0.2181609607963988,
        "align": 1.985752239394397e-06,
        "reconstruct": 0.04142895610838959
      },
      "val": {
        "mse": 0.48662126064300537,
        "rmse": 0.6975824400334382,
        "mae": 0.40892982482910156,
        "ci": 0.7957329019948725,
        "rm2": 0.34787835820499413,
        "pearson": 0.6114178324517207,
        "spearman": 0.5447566603447161,
        "r2": 0.3589819073677063,
        "bias": -0.07335017621517181
      },
      "val_delta_abs_mean": 0.6689892411231995,
      "val_gate_mean": 0.7140453457832336
    },
    {
      "epoch": 15,
      "train": {
        "loss": 0.2194999671537837,
        "mse": 0.21782033012870922,
        "align": 1.7429380544491884e-06,
        "reconstruct": 0.0394230407849277
      },
      "val": {
        "mse": 0.48693692684173584,
        "rmse": 0.6978086606239104,
        "mae": 0.4077588617801666,
        "ci": 0.7947255675573952,
        "rm2": 0.350452583910982,
        "pearson": 0.608311317074302,
        "spearman": 0.5423933013312353,
        "r2": 0.3585661053657532,
        "bias": -0.07131589204072952
      },
      "val_delta_abs_mean": 0.858687162399292,
      "val_gate_mean": 0.7828314900398254
    },
    {
      "epoch": 16,
      "train": {
        "loss": 0.21912894352712473,
        "mse": 0.21736405193633543,
        "align": 1.5598949275554357e-06,
        "reconstruct": 0.03817090569931056
      },
      "val": {
        "mse": 0.49406251311302185,
        "rmse": 0.7028958053033336,
        "mae": 0.4112098217010498,
        "ci": 0.7966606028365039,
        "rm2": 0.34058441634826314,
        "pearson": 0.6008354137286078,
        "spearman": 0.5462725587537998,
        "r2": 0.349179744720459,
        "bias": -0.0695318877696991
      },
      "val_delta_abs_mean": 0.7049718499183655,
      "val_gate_mean": 0.7834662795066833
    },
    {
      "epoch": 17,
      "train": {
        "loss": 0.2189051108363963,
        "mse": 0.21719456213930177,
        "align": 1.2102376809877187e-06,
        "reconstruct": 0.039428938678372084
      },
      "val": {
        "mse": 0.48846471309661865,
        "rmse": 0.698902506145613,
        "mae": 0.41005533933639526,
        "ci": 0.7969738418912633,
        "rm2": 0.34816318414222375,
        "pearson": 0.6038995322983827,
        "spearman": 0.5465472092589279,
        "r2": 0.3565536141395569,
        "bias": -0.059181395918130875
      },
      "val_delta_abs_mean": 0.7530237436294556,
      "val_gate_mean": 0.7272205948829651
    },
    {
      "epoch": 18,
      "train": {
        "loss": 0.21869658027104283,
        "mse": 0.21692182203568106,
        "align": 1.2130667066808222e-06,
        "reconstruct": 0.039258217555078495
      },
      "val": {
        "mse": 0.48378580808639526,
        "rmse": 0.6955471285875567,
        "mae": 0.407991886138916,
        "ci": 0.7962361618806401,
        "rm2": 0.3554688641092726,
        "pearson": 0.6081371796613978,
        "spearman": 0.5444724928589869,
        "r2": 0.36271703243255615,
        "bias": -0.058238010853528976
      },
      "val_delta_abs_mean": 0.9770710468292236,
      "val_gate_mean": 0.7879921197891235
    },
    {
      "epoch": 19,
      "train": {
        "loss": 0.21861708483699885,
        "mse": 0.2168364035614969,
        "align": 1.1154854046296508e-06,
        "reconstruct": 0.03743551754281233
      },
      "val": {
        "mse": 0.49333426356315613,
        "rmse": 0.7023775790578427,
        "mae": 0.417673796415329,
        "ci": 0.7912630336367421,
        "rm2": 0.34030600980484227,
        "pearson": 0.5991354998914982,
        "spearman": 0.5359392661944872,
        "r2": 0.3501390218734741,
        "bias": -0.05702865496277809
      },
      "val_delta_abs_mean": 0.6703747510910034,
      "val_gate_mean": 0.7432034611701965
    },
    {
      "epoch": 20,
      "train": {
        "loss": 0.21870537804457776,
        "mse": 0.2169097376802813,
        "align": 1.017100728142304e-06,
        "reconstruct": 0.03730866035780606
      },
      "val": {
        "mse": 0.48888230323791504,
        "rmse": 0.6992011893853692,
        "mae": 0.41292986273765564,
        "ci": 0.7928308582424234,
        "rm2": 0.34661251087704914,
        "pearson": 0.6045598590756623,
        "spearman": 0.5391987133072152,
        "r2": 0.3560035228729248,
        "bias": -0.0616292841732502
      },
      "val_delta_abs_mean": 0.6971253156661987,
      "val_gate_mean": 0.7615495920181274
    },
    {
      "epoch": 21,
      "train": {
        "loss": 0.21849867770678041,
        "mse": 0.21686114098679815,
        "align": 1.0048320528241384e-06,
        "reconstruct": 0.034622612671735276
      },
      "val": {
        "mse": 0.48030737042427063,
        "rmse": 0.6930421130236392,
        "mae": 0.4127834737300873,
        "ci": 0.795813146590175,
        "rm2": 0.3547189004085468,
        "pearson": 0.6124415954119189,
        "spearman": 0.5439026732216327,
        "r2": 0.3672991394996643,
        "bias": -0.048934560269117355
      },
      "val_delta_abs_mean": 0.6351200342178345,
      "val_gate_mean": 0.6964329481124878
    },
    {
      "epoch": 22,
      "train": {
        "loss": 0.21849412968932946,
        "mse": 0.21673757896864507,
        "align": 8.996186936293e-07,
        "reconstruct": 0.03530053185809935
      },
      "val": {
        "mse": 0.48562178015708923,
        "rmse": 0.6968656830100685,
        "mae": 0.41221684217453003,
        "ci": 0.7939428772534678,
        "rm2": 0.3492299671567721,
        "pearson": 0.6086831975208938,
        "spearman": 0.5407748470449136,
        "r2": 0.3602985143661499,
        "bias": -0.06062131002545357
      },
      "val_delta_abs_mean": 0.6958038806915283,
      "val_gate_mean": 0.7839487195014954
    },
    {
      "epoch": 23,
      "train": {
        "loss": 0.21829709751671175,
        "mse": 0.21668106729966838,
        "align": 8.347232543528108e-07,
        "reconstruct": 0.03369035436172418
      },
      "val": {
        "mse": 0.4807969927787781,
        "rmse": 0.6933952644623254,
        "mae": 0.4090689420700073,
        "ci": 0.7952526564219708,
        "rm2": 0.35524647122928654,
        "pearson": 0.6144287959551612,
        "spearman": 0.5426965649717321,
        "r2": 0.3666541576385498,
        "bias": -0.06331793963909149
      },
      "val_delta_abs_mean": 0.8129106163978577,
      "val_gate_mean": 0.7881936430931091
    },
    {
      "epoch": 24,
      "train": {
        "loss": 0.21821333965765588,
        "mse": 0.21637769281301805,
        "align": 8.336214836974845e-07,
        "reconstruct": 0.03475260493187125
      },
      "val": {
        "mse": 0.4856525957584381,
        "rmse": 0.6968877928034313,
        "mae": 0.4097194969654083,
        "ci": 0.791599490670853,
        "rm2": 0.3504548563875871,
        "pearson": 0.6106440261366136,
        "spearman": 0.5371070704491244,
        "r2": 0.36025792360305786,
        "bias": -0.07112064212560654
      },
      "val_delta_abs_mean": 0.7889952063560486,
      "val_gate_mean": 0.7863613367080688
    },
    {
      "epoch": 25,
      "train": {
        "loss": 0.21804916946470446,
        "mse": 0.21624188886474252,
        "align": 7.097468840280556e-07,
        "reconstruct": 0.03403909035228588
      },
      "val": {
        "mse": 0.4880618155002594,
        "rmse": 0.698614210777493,
        "mae": 0.4061397612094879,
        "ci": 0.7972483843137702,
        "rm2": 0.34693923934725823,
        "pearson": 0.6138220412327196,
        "spearman": 0.5470367335519473,
        "r2": 0.35708433389663696,
        "bias": -0.08552627265453339
      },
      "val_delta_abs_mean": 0.8349028825759888,
      "val_gate_mean": 0.7766473889350891
    },
    {
      "epoch": 26,
      "train": {
        "loss": 0.21802608701943363,
        "mse": 0.21613654669306442,
        "align": 7.542939965139859e-07,
        "reconstruct": 0.03579867643911094
      },
      "val": {
        "mse": 0.48559725284576416,
        "rmse": 0.6968480844816639,
        "mae": 0.41160979866981506,
        "ci": 0.7919546850216335,
        "rm2": 0.3492413077492037,
        "pearson": 0.6098012289605316,
        "spearman": 0.537450511313549,
        "r2": 0.36033087968826294,
        "bias": -0.0647733137011528
      },
      "val_delta_abs_mean": 0.6712478995323181,
      "val_gate_mean": 0.7688790559768677
    },
    {
      "epoch": 27,
      "train": {
        "loss": 0.2176952984173626,
        "mse": 0.2158678132817228,
        "align": 6.757411918225136e-07,
        "reconstruct": 0.03148310816289716
      },
      "val": {
        "mse": 0.48804616928100586,
        "rmse": 0.6986030126481032,
        "mae": 0.4084886908531189,
        "ci": 0.7967809697294576,
        "rm2": 0.34811851388464965,
        "pearson": 0.6069245250980588,
        "spearman": 0.5464047987293709,
        "r2": 0.3571048974990845,
        "bias": -0.06844883412122726
      },
      "val_delta_abs_mean": 0.6899144053459167,
      "val_gate_mean": 0.8011907935142517
    },
    {
      "epoch": 28,
      "train": {
        "loss": 0.2177378122293193,
        "mse": 0.21589126338771783,
        "align": 6.892895278497301e-07,
        "reconstruct": 0.03206539292096851
      },
      "val": {
        "mse": 0.4877963662147522,
        "rmse": 0.6984242021971692,
        "mae": 0.40362828969955444,
        "ci": 0.7991086739926859,
        "rm2": 0.3497103986778925,
        "pearson": 0.6118005586217,
        "spearman": 0.5513521861535067,
        "r2": 0.3574339747428894,
        "bias": -0.08558831363916397
      },
      "val_delta_abs_mean": 0.8240323066711426,
      "val_gate_mean": 0.7581168413162231
    },
    {
      "epoch": 29,
      "train": {
        "loss": 0.21750943518366658,
        "mse": 0.21569186441877916,
        "align": 6.7717005064114e-07,
        "reconstruct": 0.03296941845943462
      },
      "val": {
        "mse": 0.49273568391799927,
        "rmse": 0.7019513401354821,
        "mae": 0.4182984232902527,
        "ci": 0.7841644419497563,
        "rm2": 0.34116904713191865,
        "pearson": 0.6007495553248449,
        "spearman": 0.5235166752287503,
        "r2": 0.35092753171920776,
        "bias": -0.061332106590270996
      },
      "val_delta_abs_mean": 0.7209426760673523,
      "val_gate_mean": 0.798103928565979
    },
    {
      "epoch": 30,
      "train": {
        "loss": 0.21722272552906335,
        "mse": 0.2153776611491164,
        "align": 6.497061217015983e-07,
        "reconstruct": 0.030941259955532388
      },
      "val": {
        "mse": 0.47631052136421204,
        "rmse": 0.6901525348531381,
        "mae": 0.40679630637168884,
        "ci": 0.7927968459393383,
        "rm2": 0.3596139484778964,
        "pearson": 0.6235863616288962,
        "spearman": 0.5383339490182035,
        "r2": 0.3725641369819641,
        "bias": -0.07571729272603989
      },
      "val_delta_abs_mean": 0.8605843186378479,
      "val_gate_mean": 0.7461495399475098
    },
    {
      "epoch": 31,
      "train": {
        "loss": 0.21769692825751158,
        "mse": 0.2159179900721314,
        "align": 6.05227869881626e-07,
        "reconstruct": 0.031829617903909015
      },
      "val": {
        "mse": 0.48034030199050903,
        "rmse": 0.6930658713214127,
        "mae": 0.4082507789134979,
        "ci": 0.7948388061233551,
        "rm2": 0.355760133791136,
        "pearson": 0.6157436323508565,
        "spearman": 0.5425062440081928,
        "r2": 0.3672557473182678,
        "bias": -0.06637316942214966
      },
      "val_delta_abs_mean": 0.7649451494216919,
      "val_gate_mean": 0.7768697142601013
    },
    {
      "epoch": 32,
      "train": {
        "loss": 0.21721274357371922,
        "mse": 0.21530684343649195,
        "align": 6.581128613372918e-07,
        "reconstruct": 0.030313317882474697
      },
      "val": {
        "mse": 0.4880807399749756,
        "rmse": 0.6986277549417684,
        "mae": 0.41241514682769775,
        "ci": 0.7908206700301508,
        "rm2": 0.34794269951672574,
        "pearson": 0.6063568868691726,
        "spearman": 0.5352325131227103,
        "r2": 0.35705941915512085,
        "bias": -0.06615781038999557
      },
      "val_delta_abs_mean": 0.7793868184089661,
      "val_gate_mean": 0.7777255773544312
    },
    {
      "epoch": 33,
      "train": {
        "loss": 0.21737496729011632,
        "mse": 0.21553234563398213,
        "align": 5.571172179323745e-07,
        "reconstruct": 0.030096815551752285
      },
      "val": {
        "mse": 0.48967301845550537,
        "rmse": 0.6997664027770306,
        "mae": 0.41687989234924316,
        "ci": 0.7886803389336186,
        "rm2": 0.3450373528627891,
        "pearson": 0.6029360081469871,
        "spearman": 0.5316689531093445,
        "r2": 0.35496193170547485,
        "bias": -0.056805044412612915
      },
      "val_delta_abs_mean": 0.6405999064445496,
      "val_gate_mean": 0.7369312644004822
    },
    {
      "epoch": 34,
      "train": {
        "loss": 0.21746958296986668,
        "mse": 0.2156455453850714,
        "align": 5.242132963821589e-07,
        "reconstruct": 0.030700412452008597
      },
      "val": {
        "mse": 0.49138304591178894,
        "rmse": 0.7009871938286668,
        "mae": 0.4176752269268036,
        "ci": 0.7892671020784572,
        "rm2": 0.3432868511784115,
        "pearson": 0.6002646699379297,
        "spearman": 0.5320411778440586,
        "r2": 0.3527093529701233,
        "bias": -0.05395882949233055
      },
      "val_delta_abs_mean": 0.7464697957038879,
      "val_gate_mean": 0.7523450255393982
    },
    {
      "epoch": 35,
      "train": {
        "loss": 0.21722221072098627,
        "mse": 0.21535414448857043,
        "align": 5.200644412581955e-07,
        "reconstruct": 0.02870988464993434
      },
      "val": {
        "mse": 0.48558172583580017,
        "rmse": 0.696836943506729,
        "mae": 0.4120071232318878,
        "ci": 0.7918597764393721,
        "rm2": 0.351023221754193,
        "pearson": 0.6075980789845632,
        "spearman": 0.5366789362186127,
        "r2": 0.3603512644767761,
        "bias": -0.06017524003982544
      },
      "val_delta_abs_mean": 0.807905912399292,
      "val_gate_mean": 0.82163405418396
    },
    {
      "epoch": 36,
      "train": {
        "loss": 0.21711014311025792,
        "mse": 0.2152492437352801,
        "align": 5.032796539309578e-07,
        "reconstruct": 0.028582568837291548
      },
      "val": {
        "mse": 0.49029529094696045,
        "rmse": 0.7002108903373043,
        "mae": 0.41547852754592896,
        "ci": 0.7915650710347968,
        "rm2": 0.34305262805874237,
        "pearson": 0.6063185186049326,
        "spearman": 0.5362041545917985,
        "r2": 0.3541421890258789,
        "bias": -0.06869058310985565
      },
      "val_delta_abs_mean": 0.8098309636116028,
      "val_gate_mean": 0.786799967288971
    },
    {
      "epoch": 37,
      "train": {
        "loss": 0.21693590173790633,
        "mse": 0.21508393302320275,
        "align": 4.796661838962286e-07,
        "reconstruct": 0.027058569596072723
      },
      "val": {
        "mse": 0.48818647861480713,
        "rmse": 0.6987034267948077,
        "mae": 0.4166775941848755,
        "ci": 0.7893483650061874,
        "rm2": 0.345952627324184,
        "pearson": 0.6051995741044982,
        "spearman": 0.5322126500548556,
        "r2": 0.35692012310028076,
        "bias": -0.05723785236477852
      },
      "val_delta_abs_mean": 0.6569663286209106,
      "val_gate_mean": 0.7683077454566956
    },
    {
      "epoch": 38,
      "train": {
        "loss": 0.21682199712688843,
        "mse": 0.21496296019621622,
        "align": 4.3354101448209656e-07,
        "reconstruct": 0.02791293287515078
      },
      "val": {
        "mse": 0.49275317788124084,
        "rmse": 0.7019638009764042,
        "mae": 0.42559313774108887,
        "ci": 0.7793377499089611,
        "rm2": 0.3406992759426336,
        "pearson": 0.5982346492136811,
        "spearman": 0.5136045026754045,
        "r2": 0.3509044647216797,
        "bias": -0.04882166534662247
      },
      "val_delta_abs_mean": 0.7588591575622559,
      "val_gate_mean": 0.7869763374328613
    },
    {
      "epoch": 39,
      "train": {
        "loss": 0.2170407103742754,
        "mse": 0.21519840672100038,
        "align": 4.6402333594612614e-07,
        "reconstruct": 0.027794709667467322
      },
      "val": {
        "mse": 0.49665015935897827,
        "rmse": 0.7047341054319552,
        "mae": 0.4184127748012543,
        "ci": 0.78950987252922,
        "rm2": 0.3369551538075145,
        "pearson": 0.5974676289648148,
        "spearman": 0.5322874805855722,
        "r2": 0.34577101469039917,
        "bias": -0.06649012118577957
      },
      "val_delta_abs_mean": 0.7835003733634949,
      "val_gate_mean": 0.7895198464393616
    },
    {
      "epoch": 40,
      "train": {
        "loss": 0.21668444105985363,
        "mse": 0.21471373783411046,
        "align": 4.577799688992767e-07,
        "reconstruct": 0.02985343328576965
      },
      "val": {
        "mse": 0.48699143528938293,
        "rmse": 0.697847716403359,
        "mae": 0.403300940990448,
        "ci": 0.7975298513967854,
        "rm2": 0.35188837339222384,
        "pearson": 0.6108323422436912,
        "spearman": 0.5481975138551303,
        "r2": 0.3584943413734436,
        "bias": -0.08290029317140579
      },
      "val_delta_abs_mean": 0.8728570938110352,
      "val_gate_mean": 0.7555745840072632
    },
    {
      "epoch": 41,
      "train": {
        "loss": 0.2166393265971679,
        "mse": 0.21481003536676618,
        "align": 4.862768078281868e-07,
        "reconstruct": 0.02694793706439716
      },
      "val": {
        "mse": 0.4864925742149353,
        "rmse": 0.697490196500951,
        "mae": 0.4019843637943268,
        "ci": 0.7979589766818167,
        "rm2": 0.3519210699979027,
        "pearson": 0.6153801092081974,
        "spearman": 0.5494023736841961,
        "r2": 0.3591514825820923,
        "bias": -0.0924692451953888
      },
      "val_delta_abs_mean": 0.8376464247703552,
      "val_gate_mean": 0.8049919009208679
    },
    {
      "epoch": 42,
      "train": {
        "loss": 0.2165250838910396,
        "mse": 0.21460680422429873,
        "align": 4.701175048834001e-07,
        "reconstruct": 0.027709717934844846
      },
      "val": {
        "mse": 0.4901937246322632,
        "rmse": 0.7001383610631996,
        "mae": 0.41176360845565796,
        "ci": 0.7903027461574245,
        "rm2": 0.3451768477194407,
        "pearson": 0.6069408041598958,
        "spearman": 0.5355551335238427,
        "r2": 0.35427600145339966,
        "bias": -0.07539578527212143
      },
      "val_delta_abs_mean": 0.6432269215583801,
      "val_gate_mean": 0.778412401676178
    },
    {
      "epoch": 43,
      "train": {
        "loss": 0.2165838507382188,
        "mse": 0.21478454906092098,
        "align": 4.4069678535288817e-07,
        "reconstruct": 0.026519646454407735
      },
      "val": {
        "mse": 0.4905698895454407,
        "rmse": 0.7004069456719005,
        "mae": 0.4094856083393097,
        "ci": 0.788278301291164,
        "rm2": 0.3474506734494209,
        "pearson": 0.6100065838165928,
        "spearman": 0.5320445911603623,
        "r2": 0.35378050804138184,
        "bias": -0.09086597710847855
      },
      "val_delta_abs_mean": 0.7917715907096863,
      "val_gate_mean": 0.7789789438247681
    },
    {
      "epoch": 44,
      "train": {
        "loss": 0.216663152386872,
        "mse": 0.21479836644991607,
        "align": 4.4933306054177455e-07,
        "reconstruct": 0.02825924496157352
      },
      "val": {
        "mse": 0.49750351905822754,
        "rmse": 0.7053392935731198,
        "mae": 0.41194799542427063,
        "ci": 0.7897601786399477,
        "rm2": 0.339396060543216,
        "pearson": 0.6003652778894975,
        "spearman": 0.5343835107893663,
        "r2": 0.3446469306945801,
        "bias": -0.08607655763626099
      },
      "val_delta_abs_mean": 0.7925903797149658,
      "val_gate_mean": 0.7766748666763306
    },
    {
      "epoch": 45,
      "train": {
        "loss": 0.21646651311456452,
        "mse": 0.2145387291043202,
        "align": 4.2567942178523655e-07,
        "reconstruct": 0.027574358436888612
      },
      "val": {
        "mse": 0.4866475462913513,
        "rmse": 0.6976012803108602,
        "mae": 0.40940016508102417,
        "ci": 0.7932648715231075,
        "rm2": 0.3490357905527487,
        "pearson": 0.6099987672453995,
        "spearman": 0.5403162335880027,
        "r2": 0.3589473366737366,
        "bias": -0.07200948148965836
      },
      "val_delta_abs_mean": 0.749859631061554,
      "val_gate_mean": 0.7875388860702515
    },
    {
      "epoch": 46,
      "train": {
        "loss": 0.21656588507511165,
        "mse": 0.21461948634048988,
        "align": 3.7867054049131144e-07,
        "reconstruct": 0.025669352744749102
      },
      "val": {
        "mse": 0.4871590733528137,
        "rmse": 0.6979678168460303,
        "mae": 0.41313469409942627,
        "ci": 0.7880385858376844,
        "rm2": 0.3490186071524769,
        "pearson": 0.608455326530728,
        "spearman": 0.5306911960290778,
        "r2": 0.3582735061645508,
        "bias": -0.07008089870214462
      },
      "val_delta_abs_mean": 0.7196972966194153,
      "val_gate_mean": 0.7843611240386963
    },
    {
      "epoch": 47,
      "train": {
        "loss": 0.2162431454442171,
        "mse": 0.21442282792778644,
        "align": 4.1833428408306073e-07,
        "reconstruct": 0.027583115477636033
      },
      "val": {
        "mse": 0.48696503043174744,
        "rmse": 0.6978287973649034,
        "mae": 0.4079543948173523,
        "ci": 0.791809878150415,
        "rm2": 0.3504787462852684,
        "pearson": 0.6116469187778909,
        "spearman": 0.5376063997810208,
        "r2": 0.35852909088134766,
        "bias": -0.08221834152936935
      },
      "val_delta_abs_mean": 0.8178662061691284,
      "val_gate_mean": 0.7774450778961182
    },
    {
      "epoch": 48,
      "train": {
        "loss": 0.21623486707520873,
        "mse": 0.21427868336189512,
        "align": 3.764669991806587e-07,
        "reconstruct": 0.02693606790503421
      },
      "val": {
        "mse": 0.48219138383865356,
        "rmse": 0.6944000171649289,
        "mae": 0.4087463319301605,
        "ci": 0.7968844323041115,
        "rm2": 0.35340441613624246,
        "pearson": 0.6134629394501683,
        "spearman": 0.5462951043754237,
        "r2": 0.3648173213005066,
        "bias": -0.0649363100528717
      },
      "val_delta_abs_mean": 0.7673346400260925,
      "val_gate_mean": 0.7585678100585938
    },
    {
      "epoch": 49,
      "train": {
        "loss": 0.2162165661180422,
        "mse": 0.2142495092969663,
        "align": 3.7573248541044115e-07,
        "reconstruct": 0.02573863408141196
      },
      "val": {
        "mse": 0.4814992845058441,
        "rmse": 0.6939014948145336,
        "mae": 0.4125079810619354,
        "ci": 0.7901640492807722,
        "rm2": 0.35588785972608594,
        "pearson": 0.6117536072391463,
        "spearman": 0.5332561701737903,
        "r2": 0.36572903394699097,
        "bias": -0.05870473384857178
      },
      "val_delta_abs_mean": 0.7788550853729248,
      "val_gate_mean": 0.8095898032188416
    },
    {
      "epoch": 50,
      "train": {
        "loss": 0.21640349587505747,
        "mse": 0.2145291158361546,
        "align": 3.60307696235872e-07,
        "reconstruct": 0.025211209336069237
      },
      "val": {
        "mse": 0.48158276081085205,
        "rmse": 0.6939616421754534,
        "mae": 0.40765124559402466,
        "ci": 0.7955192558515418,
        "rm2": 0.35475541992142795,
        "pearson": 0.6155994883942137,
        "spearman": 0.5438187819241642,
        "r2": 0.36561906337738037,
        "bias": -0.07169466465711594
      },
      "val_delta_abs_mean": 0.7435310482978821,
      "val_gate_mean": 0.770715057849884
    }
  ]
}
