{"epoch": 1, "train": {"loss": 0.22595021366654156, "mse": 0.22385229355744107, "align": 0.03769142964329953, "reconstruct": 0.0019210259122467808}, "val": {"mse": 0.49203890562057495, "rmse": 0.7014548493100429, "mae": 0.42091065645217896, "ci": 0.7902921555001764, "rm2": 0.3394959888569933, "pearson": 0.6001053589932078, "spearman": 0.5348247562358243, "r2": 0.351845383644104, "bias": -0.04775093495845795}, "val_delta_abs_mean": 0.3914298713207245, "val_gate_mean": 0.7510247230529785}
{"epoch": 2, "train": {"loss": 0.22314406613637017, "mse": 0.22271046088062513, "align": 0.0006780364383250559, "reconstruct": 0.0001827178360678057}, "val": {"mse": 0.4941239655017853, "rmse": 0.7029395176697532, "mae": 0.4281892776489258, "ci": 0.7863685206562623, "rm2": 0.33725607308794353, "pearson": 0.5949379011765713, "spearman": 0.5275713112308791, "r2": 0.34909874200820923, "bias": -0.03152516856789589}, "val_delta_abs_mean": 0.39424455165863037, "val_gate_mean": 0.727790355682373}
{"epoch": 3, "train": {"loss": 0.22290727117700412, "mse": 0.2224916699842297, "align": 0.00044232919056169727, "reconstruct": 0.00010269998242296667}, "val": {"mse": 0.49451199173927307, "rmse": 0.7032154660836699, "mae": 0.42548274993896484, "ci": 0.7860218802978745, "rm2": 0.33792840651701894, "pearson": 0.5951583371299338, "spearman": 0.5263716234790844, "r2": 0.3485875725746155, "bias": -0.040389444679021835}, "val_delta_abs_mean": 0.6589950323104858, "val_gate_mean": 0.7434679269790649}
{"epoch": 4, "train": {"loss": 0.22260595263169614, "mse": 0.22203218651722242, "align": 0.00031341188415544974, "reconstruct": 6.547659659321151e-05}, "val": {"mse": 0.49145546555519104, "rmse": 0.7010388473937739, "mae": 0.41734379529953003, "ci": 0.7914282071565144, "rm2": 0.3419322519429235, "pearson": 0.6012874030753532, "spearman": 0.5365335608127947, "r2": 0.3526139259338379, "bias": -0.05559699982404709}, "val_delta_abs_mean": 0.6413815021514893, "val_gate_mean": 0.7182884216308594}
{"epoch": 5, "train": {"loss": 0.2225588527782895, "mse": 0.22192274038398807, "align": 0.0002493782762821455, "reconstruct": 4.649942340527163e-05}, "val": {"mse": 0.4918249249458313, "rmse": 0.7013023063885012, "mae": 0.4178982973098755, "ci": 0.7900259634035766, "rm2": 0.34157846023222505, "pearson": 0.6010220161450011, "spearman": 0.533888039711426, "r2": 0.3521272540092468, "bias": -0.05646613985300064}, "val_delta_abs_mean": 0.6825291514396667, "val_gate_mean": 0.7058680653572083}
{"epoch": 6, "train": {"loss": 0.2225865273046645, "mse": 0.2219811492625818, "align": 0.00020748838212775395, "reconstruct": 3.435103595243916e-05}, "val": {"mse": 0.49326229095458984, "rmse": 0.702326342204669, "mae": 0.4259619414806366, "ci": 0.7865412298359996, "rm2": 0.33870307953010803, "pearson": 0.5963321850650783, "spearman": 0.5276930651240437, "r2": 0.350233793258667, "bias": -0.03632550314068794}, "val_delta_abs_mean": 0.45759937167167664, "val_gate_mean": 0.4224659502506256}
{"epoch": 7, "train": {"loss": 0.22240605957456785, "mse": 0.22175680437761242, "align": 0.0001905358215262987, "reconstruct": 2.7201848880257912e-05}, "val": {"mse": 0.49324020743370056, "rmse": 0.7023106203338382, "mae": 0.41925790905952454, "ci": 0.7888192394767564, "rm2": 0.3396432128623981, "pearson": 0.5991965732000865, "spearman": 0.532168492921916, "r2": 0.35026293992996216, "bias": -0.05466517060995102}, "val_delta_abs_mean": 0.5645850300788879, "val_gate_mean": 0.5508657097816467}
{"epoch": 8, "train": {"loss": 0.22224303178293386, "mse": 0.22162787531468203, "align": 0.00015825285676974725, "reconstruct": 2.434856444800946e-05}, "val": {"mse": 0.4901992976665497, "rmse": 0.7001423410039916, "mae": 0.41538381576538086, "ci": 0.7918787174225274, "rm2": 0.343611935595061, "pearson": 0.6039138151105453, "spearman": 0.5376587214525663, "r2": 0.3542686700820923, "bias": -0.06118186190724373}, "val_delta_abs_mean": 0.6861264705657959, "val_gate_mean": 0.5784673690795898}
{"epoch": 9, "train": {"loss": 0.2222071218185892, "mse": 0.2214898034317656, "align": 0.00013437083013778222, "reconstruct": 1.890554135230536e-05}, "val": {"mse": 0.4942447543144226, "rmse": 0.7030254293511883, "mae": 0.4214681088924408, "ci": 0.7875884829046426, "rm2": 0.3388739111053352, "pearson": 0.5968665238804393, "spearman": 0.5295137265865836, "r2": 0.3489396572113037, "bias": -0.05024386942386627}, "val_delta_abs_mean": 0.6379466652870178, "val_gate_mean": 0.5441714525222778}
{"epoch": 10, "train": {"loss": 0.22226233056055933, "mse": 0.2214917443915764, "align": 0.0001091581285200691, "reconstruct": 1.3996377044804612e-05}, "val": {"mse": 0.4934387505054474, "rmse": 0.7024519560122581, "mae": 0.4221663177013397, "ci": 0.7870161800802772, "rm2": 0.3397272637416689, "pearson": 0.5973927081563237, "spearman": 0.5281274297461287, "r2": 0.35000139474868774, "bias": -0.0479782372713089}, "val_delta_abs_mean": 0.665766179561615, "val_gate_mean": 0.5831282138824463}
{"epoch": 11, "train": {"loss": 0.22221668426543145, "mse": 0.2213894987348483, "align": 0.00011819816822379962, "reconstruct": 1.3721871635358415e-05}, "val": {"mse": 0.4937228560447693, "rmse": 0.7026541510905413, "mae": 0.4249068796634674, "ci": 0.7865697431439751, "rm2": 0.3386918486665314, "pearson": 0.5960582925538059, "spearman": 0.5275486780553897, "r2": 0.34962713718414307, "bias": -0.03986683487892151}, "val_delta_abs_mean": 0.5128369331359863, "val_gate_mean": 0.6676569581031799}
{"epoch": 12, "train": {"loss": 0.22202403954871067, "mse": 0.22131472129291896, "align": 9.792318951926355e-05, "reconstruct": 1.0540692133168489e-05}, "val": {"mse": 0.4952404499053955, "rmse": 0.7037332235338868, "mae": 0.41446417570114136, "ci": 0.7894121126161612, "rm2": 0.34003297405945887, "pearson": 0.5996921431810156, "spearman": 0.5329856401124531, "r2": 0.34762805700302124, "bias": -0.07210710644721985}, "val_delta_abs_mean": 0.9787729382514954, "val_gate_mean": 0.5767544507980347}
{"epoch": 13, "train": {"loss": 0.22220729516814278, "mse": 0.2213236003112802, "align": 0.00010198359885619283, "reconstruct": 1.0164294099551703e-05}, "val": {"mse": 0.49619972705841064, "rmse": 0.7044144568777749, "mae": 0.4208269417285919, "ci": 0.7872007019161757, "rm2": 0.3369824261267851, "pearson": 0.5955299628653139, "spearman": 0.5288703800283123, "r2": 0.3463643789291382, "bias": -0.055541835725307465}, "val_delta_abs_mean": 0.6639789938926697, "val_gate_mean": 0.4196791350841522}
{"epoch": 14, "train": {"loss": 0.22220588252888018, "mse": 0.22142322244979976, "align": 6.861347338227572e-05, "reconstruct": 6.883917957461695e-06}, "val": {"mse": 0.49412575364112854, "rmse": 0.7029407895698816, "mae": 0.4163079261779785, "ci": 0.7895860437948117, "rm2": 0.3397557402866743, "pearson": 0.5999595993740667, "spearman": 0.5336067067496192, "r2": 0.349096417427063, "bias": -0.06481695920228958}, "val_delta_abs_mean": 0.688447117805481, "val_gate_mean": 0.48845764994621277}
{"epoch": 15, "train": {"loss": 0.2220128755806683, "mse": 0.22118958411644132, "align": 5.8029491471936684e-05, "reconstruct": 5.513984862539952e-06}, "val": {"mse": 0.49478790163993835, "rmse": 0.7034116160826024, "mae": 0.4194471538066864, "ci": 0.787437566038858, "rm2": 0.3392695447619972, "pearson": 0.597288001583082, "spearman": 0.5290275708970701, "r2": 0.3482241630554199, "bias": -0.05790596455335617}, "val_delta_abs_mean": 0.8248091340065002, "val_gate_mean": 0.4662289321422577}
{"epoch": 16, "train": {"loss": 0.22204503823579924, "mse": 0.22117032163197328, "align": 4.912628938824217e-05, "reconstruct": 4.680363266458097e-06}, "val": {"mse": 0.49352774024009705, "rmse": 0.7025152953780416, "mae": 0.41988882422447205, "ci": 0.7884638414594903, "rm2": 0.34029825986073203, "pearson": 0.5978126084310401, "spearman": 0.5309099577592409, "r2": 0.34988415241241455, "bias": -0.05254970118403435}, "val_delta_abs_mean": 0.6963708400726318, "val_gate_mean": 0.40634089708328247}
{"epoch": 17, "train": {"loss": 0.22204377112781576, "mse": 0.22119643739101413, "align": 4.496089048928242e-05, "reconstruct": 4.426279657787696e-06}, "val": {"mse": 0.49479714035987854, "rmse": 0.7034181831313991, "mae": 0.41877126693725586, "ci": 0.7883139429261334, "rm2": 0.3389912724183898, "pearson": 0.5975670346642494, "spearman": 0.5308343231555693, "r2": 0.34821200370788574, "bias": -0.058457840234041214}, "val_delta_abs_mean": 0.7020425200462341, "val_gate_mean": 0.37984007596969604}
{"epoch": 18, "train": {"loss": 0.22204529442043017, "mse": 0.22124780542503666, "align": 3.855758880735695e-05, "reconstruct": 3.818031507635009e-06}, "val": {"mse": 0.49432897567749023, "rmse": 0.7030853260291315, "mae": 0.42661815881729126, "ci": 0.7839420381475474, "rm2": 0.3389415960551202, "pearson": 0.5946060345686104, "spearman": 0.521728471800642, "r2": 0.34882867336273193, "bias": -0.03791074827313423}, "val_delta_abs_mean": 0.7569122314453125, "val_gate_mean": 0.386709988117218}
{"epoch": 19, "train": {"loss": 0.22212536448955858, "mse": 0.22121173414669174, "align": 3.905227235482083e-05, "reconstruct": 3.752278819933199e-06}, "val": {"mse": 0.49242326617240906, "rmse": 0.7017287696627587, "mae": 0.4190122187137604, "ci": 0.7896070214428222, "rm2": 0.34102105171069647, "pearson": 0.5997668505611666, "spearman": 0.5331223100317991, "r2": 0.35133904218673706, "bias": -0.05430075153708458}, "val_delta_abs_mean": 0.633739173412323, "val_gate_mean": 0.2825154960155487}
{"epoch": 20, "train": {"loss": 0.22207935838597426, "mse": 0.2212616473485132, "align": 3.920028835629733e-05, "reconstruct": 3.6720335108126815e-06}, "val": {"mse": 0.4946557879447937, "rmse": 0.7033177005769112, "mae": 0.4189128279685974, "ci": 0.7880937794552655, "rm2": 0.3392197238838205, "pearson": 0.5975768138410474, "spearman": 0.5303409032303469, "r2": 0.34839820861816406, "bias": -0.05797869339585304}, "val_delta_abs_mean": 0.7188823819160461, "val_gate_mean": 0.3169563114643097}
{
  "guardrail": "validation only; test indices and metrics were not accessed",
  "condition": "random_assignment",
  "seed": 42,
  "best_epoch": 0,
  "epoch0_max_abs_difference": 1.9073486328125e-06,
  "baseline": {
    "mse": 0.48946526646614075,
    "rmse": 0.6996179432133947,
    "mae": 0.43143847584724426,
    "ci": 0.7885622123720057,
    "rm2": 0.3410284448121984,
    "pearson": 0.5995077496596147,
    "spearman": 0.5319472626673567,
    "r2": 0.35523557662963867,
    "bias": -0.015189344994723797
  },
  "best": {
    "mse": 0.48946526646614075,
    "rmse": 0.6996179432133947,
    "mae": 0.43143847584724426,
    "ci": 0.7885683223665719,
    "rm2": 0.34102838978785627,
    "pearson": 0.5995077184676597,
    "spearman": 0.5319483491333816,
    "r2": 0.35523557662963867,
    "bias": -0.01518935989588499
  },
  "relative_mse_gain": 0.0,
  "delta_abs_mean": 0.0,
  "atom_gate_mean": 0.5777438879013062,
  "drug_bootstrap": {
    "drugs": 7,
    "improved": 4,
    "worsened": 3,
    "improvements": [
      -3.506460544144829e-08,
      -1.7684622832803143e-07,
      3.676248283568384e-08,
      2.1462932764393372e-08,
      -8.558738784358866e-08,
      1.33754491926652e-08,
      1.896928658595698e-08
    ],
    "mean": -2.9561152890624143e-08,
    "ci95": [
      -8.805032804458182e-08,
      1.674669765718164e-08
    ],
    "probability_positive": 0.1315
  },
  "args": {
    "project": "/data1/ztx/MyModel-MDTA",
    "checkpoint": "outputs/Refine_experiment/davis/cold_start/drug_cold_5fold_seed42/baseline/fold_1/best_model.pt",
    "global_cache": "experiments/pdbbind_to_davis_transfer/data/global_predictions/fold1_with_features.pt",
    "drug_cache": "experiments/brics_hierarchical/data/fold1_drug_encoder_inputs.pt",
    "split": "data/splits/davis_drug_cold_5fold_seed42/fold_1/split.json",
    "condition": "random_assignment",
    "seed": 42,
    "device": "cuda:0",
    "batch_size": 128,
    "epochs": 100,
    "patience": 20,
    "lr": 0.0003,
    "weight_decay": 1e-05,
    "lambda_align": 0.05,
    "lambda_reconstruct": 0.02,
    "lambda_delta": 0.001,
    "output_dir": "experiments/brics_hierarchical/outputs/random_assignment_seed42"
  },
  "history": [
    {
      "epoch": 1,
      "train": {
        "loss": 0.22595021366654156,
        "mse": 0.22385229355744107,
        "align": 0.03769142964329953,
        "reconstruct": 0.0019210259122467808
      },
      "val": {
        "mse": 0.49203890562057495,
        "rmse": 0.7014548493100429,
        "mae": 0.42091065645217896,
        "ci": 0.7902921555001764,
        "rm2": 0.3394959888569933,
        "pearson": 0.6001053589932078,
        "spearman": 0.5348247562358243,
        "r2": 0.351845383644104,
        "bias": -0.04775093495845795
      },
      "val_delta_abs_mean": 0.3914298713207245,
      "val_gate_mean": 0.7510247230529785
    },
    {
      "epoch": 2,
      "train": {
        "loss": 0.22314406613637017,
        "mse": 0.22271046088062513,
        "align": 0.0006780364383250559,
        "reconstruct": 0.0001827178360678057
      },
      "val": {
        "mse": 0.4941239655017853,
        "rmse": 0.7029395176697532,
        "mae": 0.4281892776489258,
        "ci": 0.7863685206562623,
        "rm2": 0.33725607308794353,
        "pearson": 0.5949379011765713,
        "spearman": 0.5275713112308791,
        "r2": 0.34909874200820923,
        "bias": -0.03152516856789589
      },
      "val_delta_abs_mean": 0.39424455165863037,
      "val_gate_mean": 0.727790355682373
    },
    {
      "epoch": 3,
      "train": {
        "loss": 0.22290727117700412,
        "mse": 0.2224916699842297,
        "align": 0.00044232919056169727,
        "reconstruct": 0.00010269998242296667
      },
      "val": {
        "mse": 0.49451199173927307,
        "rmse": 0.7032154660836699,
        "mae": 0.42548274993896484,
        "ci": 0.7860218802978745,
        "rm2": 0.33792840651701894,
        "pearson": 0.5951583371299338,
        "spearman": 0.5263716234790844,
        "r2": 0.3485875725746155,
        "bias": -0.040389444679021835
      },
      "val_delta_abs_mean": 0.6589950323104858,
      "val_gate_mean": 0.7434679269790649
    },
    {
      "epoch": 4,
      "train": {
        "loss": 0.22260595263169614,
        "mse": 0.22203218651722242,
        "align": 0.00031341188415544974,
        "reconstruct": 6.547659659321151e-05
      },
      "val": {
        "mse": 0.49145546555519104,
        "rmse": 0.7010388473937739,
        "mae": 0.41734379529953003,
        "ci": 0.7914282071565144,
        "rm2": 0.3419322519429235,
        "pearson": 0.6012874030753532,
        "spearman": 0.5365335608127947,
        "r2": 0.3526139259338379,
        "bias": -0.05559699982404709
      },
      "val_delta_abs_mean": 0.6413815021514893,
      "val_gate_mean": 0.7182884216308594
    },
    {
      "epoch": 5,
      "train": {
        "loss": 0.2225588527782895,
        "mse": 0.22192274038398807,
        "align": 0.0002493782762821455,
        "reconstruct": 4.649942340527163e-05
      },
      "val": {
        "mse": 0.4918249249458313,
        "rmse": 0.7013023063885012,
        "mae": 0.4178982973098755,
        "ci": 0.7900259634035766,
        "rm2": 0.34157846023222505,
        "pearson": 0.6010220161450011,
        "spearman": 0.533888039711426,
        "r2": 0.3521272540092468,
        "bias": -0.05646613985300064
      },
      "val_delta_abs_mean": 0.6825291514396667,
      "val_gate_mean": 0.7058680653572083
    },
    {
      "epoch": 6,
      "train": {
        "loss": 0.2225865273046645,
        "mse": 0.2219811492625818,
        "align": 0.00020748838212775395,
        "reconstruct": 3.435103595243916e-05
      },
      "val": {
        "mse": 0.49326229095458984,
        "rmse": 0.702326342204669,
        "mae": 0.4259619414806366,
        "ci": 0.7865412298359996,
        "rm2": 0.33870307953010803,
        "pearson": 0.5963321850650783,
        "spearman": 0.5276930651240437,
        "r2": 0.350233793258667,
        "bias": -0.03632550314068794
      },
      "val_delta_abs_mean": 0.45759937167167664,
      "val_gate_mean": 0.4224659502506256
    },
    {
      "epoch": 7,
      "train": {
        "loss": 0.22240605957456785,
        "mse": 0.22175680437761242,
        "align": 0.0001905358215262987,
        "reconstruct": 2.7201848880257912e-05
      },
      "val": {
        "mse": 0.49324020743370056,
        "rmse": 0.7023106203338382,
        "mae": 0.41925790905952454,
        "ci": 0.7888192394767564,
        "rm2": 0.3396432128623981,
        "pearson": 0.5991965732000865,
        "spearman": 0.532168492921916,
        "r2": 0.35026293992996216,
        "bias": -0.05466517060995102
      },
      "val_delta_abs_mean": 0.5645850300788879,
      "val_gate_mean": 0.5508657097816467
    },
    {
      "epoch": 8,
      "train": {
        "loss": 0.22224303178293386,
        "mse": 0.22162787531468203,
        "align": 0.00015825285676974725,
        "reconstruct": 2.434856444800946e-05
      },
      "val": {
        "mse": 0.4901992976665497,
        "rmse": 0.7001423410039916,
        "mae": 0.41538381576538086,
        "ci": 0.7918787174225274,
        "rm2": 0.343611935595061,
        "pearson": 0.6039138151105453,
        "spearman": 0.5376587214525663,
        "r2": 0.3542686700820923,
        "bias": -0.06118186190724373
      },
      "val_delta_abs_mean": 0.6861264705657959,
      "val_gate_mean": 0.5784673690795898
    },
    {
      "epoch": 9,
      "train": {
        "loss": 0.2222071218185892,
        "mse": 0.2214898034317656,
        "align": 0.00013437083013778222,
        "reconstruct": 1.890554135230536e-05
      },
      "val": {
        "mse": 0.4942447543144226,
        "rmse": 0.7030254293511883,
        "mae": 0.4214681088924408,
        "ci": 0.7875884829046426,
        "rm2": 0.3388739111053352,
        "pearson": 0.5968665238804393,
        "spearman": 0.5295137265865836,
        "r2": 0.3489396572113037,
        "bias": -0.05024386942386627
      },
      "val_delta_abs_mean": 0.6379466652870178,
      "val_gate_mean": 0.5441714525222778
    },
    {
      "epoch": 10,
      "train": {
        "loss": 0.22226233056055933,
        "mse": 0.2214917443915764,
        "align": 0.0001091581285200691,
        "reconstruct": 1.3996377044804612e-05
      },
      "val": {
        "mse": 0.4934387505054474,
        "rmse": 0.7024519560122581,
        "mae": 0.4221663177013397,
        "ci": 0.7870161800802772,
        "rm2": 0.3397272637416689,
        "pearson": 0.5973927081563237,
        "spearman": 0.5281274297461287,
        "r2": 0.35000139474868774,
        "bias": -0.0479782372713089
      },
      "val_delta_abs_mean": 0.665766179561615,
      "val_gate_mean": 0.5831282138824463
    },
    {
      "epoch": 11,
      "train": {
        "loss": 0.22221668426543145,
        "mse": 0.2213894987348483,
        "align": 0.00011819816822379962,
        "reconstruct": 1.3721871635358415e-05
      },
      "val": {
        "mse": 0.4937228560447693,
        "rmse": 0.7026541510905413,
        "mae": 0.4249068796634674,
        "ci": 0.7865697431439751,
        "rm2": 0.3386918486665314,
        "pearson": 0.5960582925538059,
        "spearman": 0.5275486780553897,
        "r2": 0.34962713718414307,
        "bias": -0.03986683487892151
      },
      "val_delta_abs_mean": 0.5128369331359863,
      "val_gate_mean": 0.6676569581031799
    },
    {
      "epoch": 12,
      "train": {
        "loss": 0.22202403954871067,
        "mse": 0.22131472129291896,
        "align": 9.792318951926355e-05,
        "reconstruct": 1.0540692133168489e-05
      },
      "val": {
        "mse": 0.4952404499053955,
        "rmse": 0.7037332235338868,
        "mae": 0.41446417570114136,
        "ci": 0.7894121126161612,
        "rm2": 0.34003297405945887,
        "pearson": 0.5996921431810156,
        "spearman": 0.5329856401124531,
        "r2": 0.34762805700302124,
        "bias": -0.07210710644721985
      },
      "val_delta_abs_mean": 0.9787729382514954,
      "val_gate_mean": 0.5767544507980347
    },
    {
      "epoch": 13,
      "train": {
        "loss": 0.22220729516814278,
        "mse": 0.2213236003112802,
        "align": 0.00010198359885619283,
        "reconstruct": 1.0164294099551703e-05
      },
      "val": {
        "mse": 0.49619972705841064,
        "rmse": 0.7044144568777749,
        "mae": 0.4208269417285919,
        "ci": 0.7872007019161757,
        "rm2": 0.3369824261267851,
        "pearson": 0.5955299628653139,
        "spearman": 0.5288703800283123,
        "r2": 0.3463643789291382,
        "bias": -0.055541835725307465
      },
      "val_delta_abs_mean": 0.6639789938926697,
      "val_gate_mean": 0.4196791350841522
    },
    {
      "epoch": 14,
      "train": {
        "loss": 0.22220588252888018,
        "mse": 0.22142322244979976,
        "align": 6.861347338227572e-05,
        "reconstruct": 6.883917957461695e-06
      },
      "val": {
        "mse": 0.49412575364112854,
        "rmse": 0.7029407895698816,
        "mae": 0.4163079261779785,
        "ci": 0.7895860437948117,
        "rm2": 0.3397557402866743,
        "pearson": 0.5999595993740667,
        "spearman": 0.5336067067496192,
        "r2": 0.349096417427063,
        "bias": -0.06481695920228958
      },
      "val_delta_abs_mean": 0.688447117805481,
      "val_gate_mean": 0.48845764994621277
    },
    {
      "epoch": 15,
      "train": {
        "loss": 0.2220128755806683,
        "mse": 0.22118958411644132,
        "align": 5.8029491471936684e-05,
        "reconstruct": 5.513984862539952e-06
      },
      "val": {
        "mse": 0.49478790163993835,
        "rmse": 0.7034116160826024,
        "mae": 0.4194471538066864,
        "ci": 0.787437566038858,
        "rm2": 0.3392695447619972,
        "pearson": 0.597288001583082,
        "spearman": 0.5290275708970701,
        "r2": 0.3482241630554199,
        "bias": -0.05790596455335617
      },
      "val_delta_abs_mean": 0.8248091340065002,
      "val_gate_mean": 0.4662289321422577
    },
    {
      "epoch": 16,
      "train": {
        "loss": 0.22204503823579924,
        "mse": 0.22117032163197328,
        "align": 4.912628938824217e-05,
        "reconstruct": 4.680363266458097e-06
      },
      "val": {
        "mse": 0.49352774024009705,
        "rmse": 0.7025152953780416,
        "mae": 0.41988882422447205,
        "ci": 0.7884638414594903,
        "rm2": 0.34029825986073203,
        "pearson": 0.5978126084310401,
        "spearman": 0.5309099577592409,
        "r2": 0.34988415241241455,
        "bias": -0.05254970118403435
      },
      "val_delta_abs_mean": 0.6963708400726318,
      "val_gate_mean": 0.40634089708328247
    },
    {
      "epoch": 17,
      "train": {
        "loss": 0.22204377112781576,
        "mse": 0.22119643739101413,
        "align": 4.496089048928242e-05,
        "reconstruct": 4.426279657787696e-06
      },
      "val": {
        "mse": 0.49479714035987854,
        "rmse": 0.7034181831313991,
        "mae": 0.41877126693725586,
        "ci": 0.7883139429261334,
        "rm2": 0.3389912724183898,
        "pearson": 0.5975670346642494,
        "spearman": 0.5308343231555693,
        "r2": 0.34821200370788574,
        "bias": -0.058457840234041214
      },
      "val_delta_abs_mean": 0.7020425200462341,
      "val_gate_mean": 0.37984007596969604
    },
    {
      "epoch": 18,
      "train": {
        "loss": 0.22204529442043017,
        "mse": 0.22124780542503666,
        "align": 3.855758880735695e-05,
        "reconstruct": 3.818031507635009e-06
      },
      "val": {
        "mse": 0.49432897567749023,
        "rmse": 0.7030853260291315,
        "mae": 0.42661815881729126,
        "ci": 0.7839420381475474,
        "rm2": 0.3389415960551202,
        "pearson": 0.5946060345686104,
        "spearman": 0.521728471800642,
        "r2": 0.34882867336273193,
        "bias": -0.03791074827313423
      },
      "val_delta_abs_mean": 0.7569122314453125,
      "val_gate_mean": 0.386709988117218
    },
    {
      "epoch": 19,
      "train": {
        "loss": 0.22212536448955858,
        "mse": 0.22121173414669174,
        "align": 3.905227235482083e-05,
        "reconstruct": 3.752278819933199e-06
      },
      "val": {
        "mse": 0.49242326617240906,
        "rmse": 0.7017287696627587,
        "mae": 0.4190122187137604,
        "ci": 0.7896070214428222,
        "rm2": 0.34102105171069647,
        "pearson": 0.5997668505611666,
        "spearman": 0.5331223100317991,
        "r2": 0.35133904218673706,
        "bias": -0.05430075153708458
      },
      "val_delta_abs_mean": 0.633739173412323,
      "val_gate_mean": 0.2825154960155487
    },
    {
      "epoch": 20,
      "train": {
        "loss": 0.22207935838597426,
        "mse": 0.2212616473485132,
        "align": 3.920028835629733e-05,
        "reconstruct": 3.6720335108126815e-06
      },
      "val": {
        "mse": 0.4946557879447937,
        "rmse": 0.7033177005769112,
        "mae": 0.4189128279685974,
        "ci": 0.7880937794552655,
        "rm2": 0.3392197238838205,
        "pearson": 0.5975768138410474,
        "spearman": 0.5303409032303469,
        "r2": 0.34839820861816406,
        "bias": -0.05797869339585304
      },
      "val_delta_abs_mean": 0.7188823819160461,
      "val_gate_mean": 0.3169563114643097
    }
  ]
}
