{"epoch": 1, "train": {"loss": 0.22597719622499574, "mse": 0.2238829083166155, "align": 0.0376947156455871, "reconstruct": 0.0019217288663158335}, "val": {"mse": 0.49217572808265686, "rmse": 0.7015523701639507, "mae": 0.42145466804504395, "ci": 0.7902768805137609, "rm2": 0.33922173943591005, "pearson": 0.5997571598874682, "spearman": 0.5347647848891164, "r2": 0.3516651391983032, "bias": -0.04640593379735947}, "val_delta_abs_mean": 0.36995309591293335, "val_gate_mean": 0.7377393245697021}
{"epoch": 2, "train": {"loss": 0.22315425441189818, "mse": 0.2227282274288129, "align": 0.0006749990976406519, "reconstruct": 0.00018261880094578507}, "val": {"mse": 0.494402676820755, "rmse": 0.703137736734955, "mae": 0.42794185876846313, "ci": 0.7863691316557189, "rm2": 0.3370610459724794, "pearson": 0.594666056688116, "spearman": 0.5275494024816914, "r2": 0.3487316370010376, "bias": -0.032423343509435654}, "val_delta_abs_mean": 0.40799370408058167, "val_gate_mean": 0.7253556847572327}
{"epoch": 3, "train": {"loss": 0.22290182918743415, "mse": 0.22248168238876667, "align": 0.0004414096826123838, "reconstruct": 0.00010286923787216365}, "val": {"mse": 0.49422088265419006, "rmse": 0.7030084513390932, "mae": 0.4249430000782013, "ci": 0.7866121057729673, "rm2": 0.3381554004578245, "pearson": 0.595697542005598, "spearman": 0.5274015963852163, "r2": 0.3489711284637451, "bias": -0.0413094237446785}, "val_delta_abs_mean": 0.6476123332977295, "val_gate_mean": 0.7390577793121338}
{"epoch": 4, "train": {"loss": 0.22261109255247813, "mse": 0.22203673932766266, "align": 0.0003135088514498961, "reconstruct": 6.569223665956818e-05}, "val": {"mse": 0.49157193303108215, "rmse": 0.7011219102489111, "mae": 0.41840967535972595, "ci": 0.7911685323874519, "rm2": 0.34184859192849854, "pearson": 0.600379341567531, "spearman": 0.5358376697789552, "r2": 0.35246050357818604, "bias": -0.05220424383878708}, "val_delta_abs_mean": 0.6381091475486755, "val_gate_mean": 0.7144625782966614}
{"epoch": 5, "train": {"loss": 0.22259160886961857, "mse": 0.221941959559401, "align": 0.000257043633296192, "reconstruct": 4.718700944350324e-05}, "val": {"mse": 0.49135759472846985, "rmse": 0.7009690397788406, "mae": 0.4175814688205719, "ci": 0.7903593654404043, "rm2": 0.34201214232892296, "pearson": 0.6016619181177223, "spearman": 0.5343881164075496, "r2": 0.35274285078048706, "bias": -0.05663803592324257}, "val_delta_abs_mean": 0.675613284111023, "val_gate_mean": 0.705969512462616}
{"epoch": 6, "train": {"loss": 0.2225672207292859, "mse": 0.22195722123559036, "align": 0.00021150356148392653, "reconstruct": 3.4697320266937275e-05}, "val": {"mse": 0.4931705594062805, "rmse": 0.7022610336664569, "mae": 0.42481085658073425, "ci": 0.7871638382822932, "rm2": 0.3391497615748973, "pearson": 0.5966707854596508, "spearman": 0.528602776524762, "r2": 0.3503546714782715, "bias": -0.039123471826314926}, "val_delta_abs_mean": 0.5082467794418335, "val_gate_mean": 0.496260404586792}
{"epoch": 7, "train": {"loss": 0.2223741410584724, "mse": 0.22171456751177743, "align": 0.0001852430243274986, "reconstruct": 2.678283253906795e-05}, "val": {"mse": 0.4937761425971985, "rmse": 0.702692068118887, "mae": 0.42112600803375244, "ci": 0.7879394002592267, "rm2": 0.33894913566235774, "pearson": 0.5976719028894831, "spearman": 0.5303138561372704, "r2": 0.34955692291259766, "bias": -0.05020697042346001}, "val_delta_abs_mean": 0.5614562630653381, "val_gate_mean": 0.5448668003082275}
{"epoch": 8, "train": {"loss": 0.22226171799329014, "mse": 0.22165444848500032, "align": 0.00015086102579766315, "reconstruct": 2.3480361771318237e-05}, "val": {"mse": 0.4902118444442749, "rmse": 0.7001513011087496, "mae": 0.41602593660354614, "ci": 0.7916172096550949, "rm2": 0.3435410153242222, "pearson": 0.6034132139856899, "spearman": 0.5371215998402279, "r2": 0.3542520999908447, "bias": -0.05910187587141991}, "val_delta_abs_mean": 0.6880693435668945, "val_gate_mean": 0.5790002942085266}
{"epoch": 9, "train": {"loss": 0.222215792766558, "mse": 0.22151604291764262, "align": 0.00013804929805258717, "reconstruct": 1.922281509917496e-05}, "val": {"mse": 0.4939006567001343, "rmse": 0.7027806604482897, "mae": 0.4217872619628906, "ci": 0.7876679128340028, "rm2": 0.33902305260144305, "pearson": 0.5971326620797344, "spearman": 0.5297302782829113, "r2": 0.3493928909301758, "bias": -0.04886807128787041}, "val_delta_abs_mean": 0.6239016652107239, "val_gate_mean": 0.5382341742515564}
{"epoch": 10, "train": {"loss": 0.22226215985496842, "mse": 0.22151804951027565, "align": 0.00011214151687269503, "reconstruct": 1.4220334716200838e-05}, "val": {"mse": 0.4930965304374695, "rmse": 0.7022083241015229, "mae": 0.42237231135368347, "ci": 0.7872725961855711, "rm2": 0.33993926962122395, "pearson": 0.5976898829908239, "spearman": 0.528477441959799, "r2": 0.350452184677124, "bias": -0.04692649841308594}, "val_delta_abs_mean": 0.6570807695388794, "val_gate_mean": 0.5884900093078613}
{"epoch": 11, "train": {"loss": 0.22224581972534943, "mse": 0.2214259288834231, "align": 0.00011459604957237549, "reconstruct": 1.33393636468063e-05}, "val": {"mse": 0.49329930543899536, "rmse": 0.702352693053138, "mae": 0.4245171546936035, "ci": 0.7868982571851499, "rm2": 0.3391318770654496, "pearson": 0.5966854395345266, "spearman": 0.5281115295196225, "r2": 0.3501850366592407, "bias": -0.04060385376214981}, "val_delta_abs_mean": 0.5305898785591125, "val_gate_mean": 0.6334254741668701}
{"epoch": 12, "train": {"loss": 0.2220458634986023, "mse": 0.2213507821754552, "align": 9.427240359217367e-05, "reconstruct": 1.0432625376151657e-05}, "val": {"mse": 0.49511900544166565, "rmse": 0.7036469323756522, "mae": 0.4161533713340759, "ci": 0.7880459178311637, "rm2": 0.3399305715061234, "pearson": 0.5987112331893769, "spearman": 0.5303799368641238, "r2": 0.3477880358695984, "bias": -0.06764007359743118}, "val_delta_abs_mean": 0.980026364326477, "val_gate_mean": 0.5765531063079834}
{"epoch": 13, "train": {"loss": 0.22220892630516764, "mse": 0.22132762869897288, "align": 0.00010276708403668413, "reconstruct": 1.0551116365052176e-05}, "val": {"mse": 0.4957536458969116, "rmse": 0.7040977530832715, "mae": 0.42047035694122314, "ci": 0.7871481559629067, "rm2": 0.3375339673027827, "pearson": 0.596174336638531, "spearman": 0.5287222788591934, "r2": 0.346951961517334, "bias": -0.05622958019375801}, "val_delta_abs_mean": 0.6763483881950378, "val_gate_mean": 0.42443981766700745}
{"epoch": 14, "train": {"loss": 0.22222233148273954, "mse": 0.22143765787187938, "align": 6.848343001461424e-05, "reconstruct": 6.766918883898722e-06}, "val": {"mse": 0.4940352141857147, "rmse": 0.7028763861346565, "mae": 0.41550391912460327, "ci": 0.7902563101987214, "rm2": 0.3399432690260555, "pearson": 0.6006150629866794, "spearman": 0.5349031609370888, "r2": 0.34921568632125854, "bias": -0.06699220091104507}, "val_delta_abs_mean": 0.6943473219871521, "val_gate_mean": 0.46729525923728943}
{"epoch": 15, "train": {"loss": 0.2220329728830741, "mse": 0.22122882038593017, "align": 5.7490794482148046e-05, "reconstruct": 5.4657558631946125e-06}, "val": {"mse": 0.49506592750549316, "rmse": 0.7036092150515747, "mae": 0.4213006794452667, "ci": 0.7863958119653246, "rm2": 0.3387463083412624, "pearson": 0.5961251390034551, "spearman": 0.5270582643812328, "r2": 0.34785789251327515, "bias": -0.053500380367040634}, "val_delta_abs_mean": 0.8213381171226501, "val_gate_mean": 0.45839518308639526}
{"epoch": 16, "train": {"loss": 0.2220469030213675, "mse": 0.22116287686866803, "align": 4.865970099248911e-05, "reconstruct": 4.605711257092198e-06}, "val": {"mse": 0.4935656487941742, "rmse": 0.702542275449794, "mae": 0.4198492765426636, "ci": 0.7882585456420668, "rm2": 0.3403098217161003, "pearson": 0.5977834190628507, "spearman": 0.5305480183267465, "r2": 0.3498342037200928, "bias": -0.05276871845126152}, "val_delta_abs_mean": 0.6981793642044067, "val_gate_mean": 0.4060858190059662}
{"epoch": 17, "train": {"loss": 0.22204178409161185, "mse": 0.22118223242406448, "align": 4.4416219836721936e-05, "reconstruct": 4.316285714464474e-06}, "val": {"mse": 0.4949134588241577, "rmse": 0.703500859149552, "mae": 0.4189222753047943, "ci": 0.7881599710630658, "rm2": 0.33890235845888333, "pearson": 0.5973334509081927, "spearman": 0.5305592264721068, "r2": 0.3480587601661682, "bias": -0.05814722925424576}, "val_delta_abs_mean": 0.7075067758560181, "val_gate_mean": 0.36823880672454834}
{"epoch": 18, "train": {"loss": 0.2220329654346454, "mse": 0.22122296107633632, "align": 3.7953215957410965e-05, "reconstruct": 3.715349864872808e-06}, "val": {"mse": 0.49447202682495117, "rmse": 0.7031870496709615, "mae": 0.4267214238643646, "ci": 0.7838013046060398, "rm2": 0.3388252461066446, "pearson": 0.5943867192640603, "spearman": 0.5214675526191351, "r2": 0.3486402630805969, "bias": -0.037671711295843124}, "val_delta_abs_mean": 0.7612989544868469, "val_gate_mean": 0.3797568380832672}
{"epoch": 19, "train": {"loss": 0.2221207606734492, "mse": 0.22121190203473373, "align": 3.795766320875408e-05, "reconstruct": 3.62446205645742e-06}, "val": {"mse": 0.4924682676792145, "rmse": 0.7017608336742758, "mae": 0.4193958640098572, "ci": 0.7896243330940931, "rm2": 0.340907075883811, "pearson": 0.5994582877932955, "spearman": 0.5331580381341642, "r2": 0.3512797951698303, "bias": -0.052935414016246796}, "val_delta_abs_mean": 0.6139177083969116, "val_gate_mean": 0.2571728527545929}
{"epoch": 20, "train": {"loss": 0.22209802634323297, "mse": 0.22129625084167887, "align": 4.017618745264149e-05, "reconstruct": 3.86179694114369e-06}, "val": {"mse": 0.49482467770576477, "rmse": 0.7034377568099147, "mae": 0.41901373863220215, "ci": 0.7879730052293407, "rm2": 0.33907010700806156, "pearson": 0.597327133151314, "spearman": 0.5301845249364735, "r2": 0.34817570447921753, "bias": -0.05785365402698517}, "val_delta_abs_mean": 0.7133036851882935, "val_gate_mean": 0.3110722303390503}
{
  "guardrail": "validation only; test indices and metrics were not accessed",
  "condition": "real",
  "seed": 42,
  "best_epoch": 0,
  "epoch0_max_abs_difference": 1.9073486328125e-06,
  "baseline": {
    "mse": 0.48946526646614075,
    "rmse": 0.6996179432133947,
    "mae": 0.43143847584724426,
    "ci": 0.7885622123720057,
    "rm2": 0.3410284448121984,
    "pearson": 0.5995077496596147,
    "spearman": 0.5319472626673567,
    "r2": 0.35523557662963867,
    "bias": -0.015189344994723797
  },
  "best": {
    "mse": 0.48946526646614075,
    "rmse": 0.6996179432133947,
    "mae": 0.43143847584724426,
    "ci": 0.7885683223665719,
    "rm2": 0.34102838978785627,
    "pearson": 0.5995077184676597,
    "spearman": 0.5319483491333816,
    "r2": 0.35523557662963867,
    "bias": -0.01518935989588499
  },
  "relative_mse_gain": 0.0,
  "delta_abs_mean": 0.0,
  "atom_gate_mean": 0.5777170658111572,
  "drug_bootstrap": {
    "drugs": 7,
    "improved": 4,
    "worsened": 3,
    "improvements": [
      -3.506460544144829e-08,
      -1.7684622832803143e-07,
      3.676248283568384e-08,
      2.1462932764393372e-08,
      -8.558738784358866e-08,
      1.33754491926652e-08,
      1.896928658595698e-08
    ],
    "mean": -2.9561152890624143e-08,
    "ci95": [
      -8.805032804458182e-08,
      1.674669765718164e-08
    ],
    "probability_positive": 0.1315
  },
  "args": {
    "project": "/data1/ztx/MyModel-MDTA",
    "checkpoint": "outputs/Refine_experiment/davis/cold_start/drug_cold_5fold_seed42/baseline/fold_1/best_model.pt",
    "global_cache": "experiments/pdbbind_to_davis_transfer/data/global_predictions/fold1_with_features.pt",
    "drug_cache": "experiments/brics_hierarchical/data/fold1_drug_encoder_inputs.pt",
    "split": "data/splits/davis_drug_cold_5fold_seed42/fold_1/split.json",
    "condition": "real",
    "seed": 42,
    "device": "cuda:0",
    "batch_size": 128,
    "epochs": 100,
    "patience": 20,
    "lr": 0.0003,
    "weight_decay": 1e-05,
    "lambda_align": 0.05,
    "lambda_reconstruct": 0.02,
    "lambda_delta": 0.001,
    "output_dir": "experiments/brics_hierarchical/outputs/real_seed42"
  },
  "history": [
    {
      "epoch": 1,
      "train": {
        "loss": 0.22597719622499574,
        "mse": 0.2238829083166155,
        "align": 0.0376947156455871,
        "reconstruct": 0.0019217288663158335
      },
      "val": {
        "mse": 0.49217572808265686,
        "rmse": 0.7015523701639507,
        "mae": 0.42145466804504395,
        "ci": 0.7902768805137609,
        "rm2": 0.33922173943591005,
        "pearson": 0.5997571598874682,
        "spearman": 0.5347647848891164,
        "r2": 0.3516651391983032,
        "bias": -0.04640593379735947
      },
      "val_delta_abs_mean": 0.36995309591293335,
      "val_gate_mean": 0.7377393245697021
    },
    {
      "epoch": 2,
      "train": {
        "loss": 0.22315425441189818,
        "mse": 0.2227282274288129,
        "align": 0.0006749990976406519,
        "reconstruct": 0.00018261880094578507
      },
      "val": {
        "mse": 0.494402676820755,
        "rmse": 0.703137736734955,
        "mae": 0.42794185876846313,
        "ci": 0.7863691316557189,
        "rm2": 0.3370610459724794,
        "pearson": 0.594666056688116,
        "spearman": 0.5275494024816914,
        "r2": 0.3487316370010376,
        "bias": -0.032423343509435654
      },
      "val_delta_abs_mean": 0.40799370408058167,
      "val_gate_mean": 0.7253556847572327
    },
    {
      "epoch": 3,
      "train": {
        "loss": 0.22290182918743415,
        "mse": 0.22248168238876667,
        "align": 0.0004414096826123838,
        "reconstruct": 0.00010286923787216365
      },
      "val": {
        "mse": 0.49422088265419006,
        "rmse": 0.7030084513390932,
        "mae": 0.4249430000782013,
        "ci": 0.7866121057729673,
        "rm2": 0.3381554004578245,
        "pearson": 0.595697542005598,
        "spearman": 0.5274015963852163,
        "r2": 0.3489711284637451,
        "bias": -0.0413094237446785
      },
      "val_delta_abs_mean": 0.6476123332977295,
      "val_gate_mean": 0.7390577793121338
    },
    {
      "epoch": 4,
      "train": {
        "loss": 0.22261109255247813,
        "mse": 0.22203673932766266,
        "align": 0.0003135088514498961,
        "reconstruct": 6.569223665956818e-05
      },
      "val": {
        "mse": 0.49157193303108215,
        "rmse": 0.7011219102489111,
        "mae": 0.41840967535972595,
        "ci": 0.7911685323874519,
        "rm2": 0.34184859192849854,
        "pearson": 0.600379341567531,
        "spearman": 0.5358376697789552,
        "r2": 0.35246050357818604,
        "bias": -0.05220424383878708
      },
      "val_delta_abs_mean": 0.6381091475486755,
      "val_gate_mean": 0.7144625782966614
    },
    {
      "epoch": 5,
      "train": {
        "loss": 0.22259160886961857,
        "mse": 0.221941959559401,
        "align": 0.000257043633296192,
        "reconstruct": 4.718700944350324e-05
      },
      "val": {
        "mse": 0.49135759472846985,
        "rmse": 0.7009690397788406,
        "mae": 0.4175814688205719,
        "ci": 0.7903593654404043,
        "rm2": 0.34201214232892296,
        "pearson": 0.6016619181177223,
        "spearman": 0.5343881164075496,
        "r2": 0.35274285078048706,
        "bias": -0.05663803592324257
      },
      "val_delta_abs_mean": 0.675613284111023,
      "val_gate_mean": 0.705969512462616
    },
    {
      "epoch": 6,
      "train": {
        "loss": 0.2225672207292859,
        "mse": 0.22195722123559036,
        "align": 0.00021150356148392653,
        "reconstruct": 3.4697320266937275e-05
      },
      "val": {
        "mse": 0.4931705594062805,
        "rmse": 0.7022610336664569,
        "mae": 0.42481085658073425,
        "ci": 0.7871638382822932,
        "rm2": 0.3391497615748973,
        "pearson": 0.5966707854596508,
        "spearman": 0.528602776524762,
        "r2": 0.3503546714782715,
        "bias": -0.039123471826314926
      },
      "val_delta_abs_mean": 0.5082467794418335,
      "val_gate_mean": 0.496260404586792
    },
    {
      "epoch": 7,
      "train": {
        "loss": 0.2223741410584724,
        "mse": 0.22171456751177743,
        "align": 0.0001852430243274986,
        "reconstruct": 2.678283253906795e-05
      },
      "val": {
        "mse": 0.4937761425971985,
        "rmse": 0.702692068118887,
        "mae": 0.42112600803375244,
        "ci": 0.7879394002592267,
        "rm2": 0.33894913566235774,
        "pearson": 0.5976719028894831,
        "spearman": 0.5303138561372704,
        "r2": 0.34955692291259766,
        "bias": -0.05020697042346001
      },
      "val_delta_abs_mean": 0.5614562630653381,
      "val_gate_mean": 0.5448668003082275
    },
    {
      "epoch": 8,
      "train": {
        "loss": 0.22226171799329014,
        "mse": 0.22165444848500032,
        "align": 0.00015086102579766315,
        "reconstruct": 2.3480361771318237e-05
      },
      "val": {
        "mse": 0.4902118444442749,
        "rmse": 0.7001513011087496,
        "mae": 0.41602593660354614,
        "ci": 0.7916172096550949,
        "rm2": 0.3435410153242222,
        "pearson": 0.6034132139856899,
        "spearman": 0.5371215998402279,
        "r2": 0.3542520999908447,
        "bias": -0.05910187587141991
      },
      "val_delta_abs_mean": 0.6880693435668945,
      "val_gate_mean": 0.5790002942085266
    },
    {
      "epoch": 9,
      "train": {
        "loss": 0.222215792766558,
        "mse": 0.22151604291764262,
        "align": 0.00013804929805258717,
        "reconstruct": 1.922281509917496e-05
      },
      "val": {
        "mse": 0.4939006567001343,
        "rmse": 0.7027806604482897,
        "mae": 0.4217872619628906,
        "ci": 0.7876679128340028,
        "rm2": 0.33902305260144305,
        "pearson": 0.5971326620797344,
        "spearman": 0.5297302782829113,
        "r2": 0.3493928909301758,
        "bias": -0.04886807128787041
      },
      "val_delta_abs_mean": 0.6239016652107239,
      "val_gate_mean": 0.5382341742515564
    },
    {
      "epoch": 10,
      "train": {
        "loss": 0.22226215985496842,
        "mse": 0.22151804951027565,
        "align": 0.00011214151687269503,
        "reconstruct": 1.4220334716200838e-05
      },
      "val": {
        "mse": 0.4930965304374695,
        "rmse": 0.7022083241015229,
        "mae": 0.42237231135368347,
        "ci": 0.7872725961855711,
        "rm2": 0.33993926962122395,
        "pearson": 0.5976898829908239,
        "spearman": 0.528477441959799,
        "r2": 0.350452184677124,
        "bias": -0.04692649841308594
      },
      "val_delta_abs_mean": 0.6570807695388794,
      "val_gate_mean": 0.5884900093078613
    },
    {
      "epoch": 11,
      "train": {
        "loss": 0.22224581972534943,
        "mse": 0.2214259288834231,
        "align": 0.00011459604957237549,
        "reconstruct": 1.33393636468063e-05
      },
      "val": {
        "mse": 0.49329930543899536,
        "rmse": 0.702352693053138,
        "mae": 0.4245171546936035,
        "ci": 0.7868982571851499,
        "rm2": 0.3391318770654496,
        "pearson": 0.5966854395345266,
        "spearman": 0.5281115295196225,
        "r2": 0.3501850366592407,
        "bias": -0.04060385376214981
      },
      "val_delta_abs_mean": 0.5305898785591125,
      "val_gate_mean": 0.6334254741668701
    },
    {
      "epoch": 12,
      "train": {
        "loss": 0.2220458634986023,
        "mse": 0.2213507821754552,
        "align": 9.427240359217367e-05,
        "reconstruct": 1.0432625376151657e-05
      },
      "val": {
        "mse": 0.49511900544166565,
        "rmse": 0.7036469323756522,
        "mae": 0.4161533713340759,
        "ci": 0.7880459178311637,
        "rm2": 0.3399305715061234,
        "pearson": 0.5987112331893769,
        "spearman": 0.5303799368641238,
        "r2": 0.3477880358695984,
        "bias": -0.06764007359743118
      },
      "val_delta_abs_mean": 0.980026364326477,
      "val_gate_mean": 0.5765531063079834
    },
    {
      "epoch": 13,
      "train": {
        "loss": 0.22220892630516764,
        "mse": 0.22132762869897288,
        "align": 0.00010276708403668413,
        "reconstruct": 1.0551116365052176e-05
      },
      "val": {
        "mse": 0.4957536458969116,
        "rmse": 0.7040977530832715,
        "mae": 0.42047035694122314,
        "ci": 0.7871481559629067,
        "rm2": 0.3375339673027827,
        "pearson": 0.596174336638531,
        "spearman": 0.5287222788591934,
        "r2": 0.346951961517334,
        "bias": -0.05622958019375801
      },
      "val_delta_abs_mean": 0.6763483881950378,
      "val_gate_mean": 0.42443981766700745
    },
    {
      "epoch": 14,
      "train": {
        "loss": 0.22222233148273954,
        "mse": 0.22143765787187938,
        "align": 6.848343001461424e-05,
        "reconstruct": 6.766918883898722e-06
      },
      "val": {
        "mse": 0.4940352141857147,
        "rmse": 0.7028763861346565,
        "mae": 0.41550391912460327,
        "ci": 0.7902563101987214,
        "rm2": 0.3399432690260555,
        "pearson": 0.6006150629866794,
        "spearman": 0.5349031609370888,
        "r2": 0.34921568632125854,
        "bias": -0.06699220091104507
      },
      "val_delta_abs_mean": 0.6943473219871521,
      "val_gate_mean": 0.46729525923728943
    },
    {
      "epoch": 15,
      "train": {
        "loss": 0.2220329728830741,
        "mse": 0.22122882038593017,
        "align": 5.7490794482148046e-05,
        "reconstruct": 5.4657558631946125e-06
      },
      "val": {
        "mse": 0.49506592750549316,
        "rmse": 0.7036092150515747,
        "mae": 0.4213006794452667,
        "ci": 0.7863958119653246,
        "rm2": 0.3387463083412624,
        "pearson": 0.5961251390034551,
        "spearman": 0.5270582643812328,
        "r2": 0.34785789251327515,
        "bias": -0.053500380367040634
      },
      "val_delta_abs_mean": 0.8213381171226501,
      "val_gate_mean": 0.45839518308639526
    },
    {
      "epoch": 16,
      "train": {
        "loss": 0.2220469030213675,
        "mse": 0.22116287686866803,
        "align": 4.865970099248911e-05,
        "reconstruct": 4.605711257092198e-06
      },
      "val": {
        "mse": 0.4935656487941742,
        "rmse": 0.702542275449794,
        "mae": 0.4198492765426636,
        "ci": 0.7882585456420668,
        "rm2": 0.3403098217161003,
        "pearson": 0.5977834190628507,
        "spearman": 0.5305480183267465,
        "r2": 0.3498342037200928,
        "bias": -0.05276871845126152
      },
      "val_delta_abs_mean": 0.6981793642044067,
      "val_gate_mean": 0.4060858190059662
    },
    {
      "epoch": 17,
      "train": {
        "loss": 0.22204178409161185,
        "mse": 0.22118223242406448,
        "align": 4.4416219836721936e-05,
        "reconstruct": 4.316285714464474e-06
      },
      "val": {
        "mse": 0.4949134588241577,
        "rmse": 0.703500859149552,
        "mae": 0.4189222753047943,
        "ci": 0.7881599710630658,
        "rm2": 0.33890235845888333,
        "pearson": 0.5973334509081927,
        "spearman": 0.5305592264721068,
        "r2": 0.3480587601661682,
        "bias": -0.05814722925424576
      },
      "val_delta_abs_mean": 0.7075067758560181,
      "val_gate_mean": 0.36823880672454834
    },
    {
      "epoch": 18,
      "train": {
        "loss": 0.2220329654346454,
        "mse": 0.22122296107633632,
        "align": 3.7953215957410965e-05,
        "reconstruct": 3.715349864872808e-06
      },
      "val": {
        "mse": 0.49447202682495117,
        "rmse": 0.7031870496709615,
        "mae": 0.4267214238643646,
        "ci": 0.7838013046060398,
        "rm2": 0.3388252461066446,
        "pearson": 0.5943867192640603,
        "spearman": 0.5214675526191351,
        "r2": 0.3486402630805969,
        "bias": -0.037671711295843124
      },
      "val_delta_abs_mean": 0.7612989544868469,
      "val_gate_mean": 0.3797568380832672
    },
    {
      "epoch": 19,
      "train": {
        "loss": 0.2221207606734492,
        "mse": 0.22121190203473373,
        "align": 3.795766320875408e-05,
        "reconstruct": 3.62446205645742e-06
      },
      "val": {
        "mse": 0.4924682676792145,
        "rmse": 0.7017608336742758,
        "mae": 0.4193958640098572,
        "ci": 0.7896243330940931,
        "rm2": 0.340907075883811,
        "pearson": 0.5994582877932955,
        "spearman": 0.5331580381341642,
        "r2": 0.3512797951698303,
        "bias": -0.052935414016246796
      },
      "val_delta_abs_mean": 0.6139177083969116,
      "val_gate_mean": 0.2571728527545929
    },
    {
      "epoch": 20,
      "train": {
        "loss": 0.22209802634323297,
        "mse": 0.22129625084167887,
        "align": 4.017618745264149e-05,
        "reconstruct": 3.86179694114369e-06
      },
      "val": {
        "mse": 0.49482467770576477,
        "rmse": 0.7034377568099147,
        "mae": 0.41901373863220215,
        "ci": 0.7879730052293407,
        "rm2": 0.33907010700806156,
        "pearson": 0.597327133151314,
        "spearman": 0.5301845249364735,
        "r2": 0.34817570447921753,
        "bias": -0.05785365402698517
      },
      "val_delta_abs_mean": 0.7133036851882935,
      "val_gate_mean": 0.3110722303390503
    }
  ]
}
