{"epoch0_max_abs_difference_vs_frozen": 9.5367431640625e-07, "frozen_metrics": {"mse": 0.48082873225212097, "rmse": 0.6934181510835442, "mae": 0.4076375663280487, "ci": 0.7984551082405904, "rm2": 0.3543160581979541, "pearson": 0.6163423197081244, "spearman": 0.5485955793818521, "r2": 0.36661237478256226, "bias": -0.06813604384660721}, "trainable_parameters": {"branch": 508059, "drug_egnn_layer3": 115841}}
{"epoch": 1, "train": {"loss": 0.2176107507738099, "mse": 0.21600031976958287, "align": 1.2613265567396492e-06, "reconstruct": 0.03189710559022344}, "val": {"mse": 0.4861539900302887, "rmse": 0.6972474381668883, "mae": 0.4054937958717346, "ci": 0.7994453346932824, "rm2": 0.35091526742504375, "pearson": 0.6086287373368809, "spearman": 0.5512645590097993, "r2": 0.35959750413894653, "bias": -0.06828450411558151}, "val_delta_abs_mean": 0.8334724307060242, "val_gate_mean": 0.941753625869751}
{"epoch": 2, "train": {"loss": 0.21750033102464064, "mse": 0.21569535563015507, "align": 1.0021923939624191e-06, "reconstruct": 0.032663342848605205}, "val": {"mse": 0.48615869879722595, "rmse": 0.6972508148415647, "mae": 0.4045046269893646, "ci": 0.7994811799947372, "rm2": 0.3509567263604706, "pearson": 0.6098494703065611, "spearman": 0.5515916956578958, "r2": 0.3595912456512451, "bias": -0.07281392812728882}, "val_delta_abs_mean": 0.852849543094635, "val_gate_mean": 0.9422495365142822}
{"epoch": 3, "train": {"loss": 0.21709288350998912, "mse": 0.21534637989616376, "align": 9.449691805514057e-07, "reconstruct": 0.030300427487515803}, "val": {"mse": 0.4938053488731384, "rmse": 0.7027128495147491, "mae": 0.4026884138584137, "ci": 0.8008050121507425, "rm2": 0.34312678722601003, "pearson": 0.607758824878696, "spearman": 0.5547502710062855, "r2": 0.34951847791671753, "bias": -0.09274590015411377}, "val_delta_abs_mean": 0.888543426990509, "val_gate_mean": 0.9506450891494751}
{"epoch": 4, "train": {"loss": 0.21701623200208214, "mse": 0.21528143894500815, "align": 8.880443633595433e-07, "reconstruct": 0.030149996504825978}, "val": {"mse": 0.48683232069015503, "rmse": 0.697733703278088, "mae": 0.4070644974708557, "ci": 0.798129038197242, "rm2": 0.34980566634472704, "pearson": 0.6078891008344209, "spearman": 0.548820885604241, "r2": 0.3587039113044739, "bias": -0.06762880086898804}, "val_delta_abs_mean": 0.8521714210510254, "val_gate_mean": 0.9473323225975037}
{"epoch": 5, "train": {"loss": 0.21716154387461573, "mse": 0.2153523549504949, "align": 8.637365482764053e-07, "reconstruct": 0.030447290079293195}, "val": {"mse": 0.4883992671966553, "rmse": 0.698855684098409, "mae": 0.40831536054611206, "ci": 0.7971610113914739, "rm2": 0.3475601544904737, "pearson": 0.6066677895097127, "spearman": 0.5471348945624754, "r2": 0.3566398024559021, "bias": -0.06860468536615372}, "val_delta_abs_mean": 0.7950753569602966, "val_gate_mean": 0.9471254944801331}
{"epoch": 6, "train": {"loss": 0.21698806996586303, "mse": 0.21520351418186867, "align": 8.332542268123758e-07, "reconstruct": 0.031428743118662866}, "val": {"mse": 0.49129635095596313, "rmse": 0.700925353340827, "mae": 0.40278691053390503, "ci": 0.8004995124224337, "rm2": 0.3456769131910574, "pearson": 0.6081042859064849, "spearman": 0.5539902961875796, "r2": 0.35282349586486816, "bias": -0.08611880987882614}, "val_delta_abs_mean": 0.846458911895752, "val_gate_mean": 0.951511025428772}
{"epoch": 7, "train": {"loss": 0.21692088162349854, "mse": 0.21511216891463802, "align": 7.498869138926804e-07, "reconstruct": 0.03057586650711184}, "val": {"mse": 0.4891889989376068, "rmse": 0.6994204736334266, "mae": 0.4052119255065918, "ci": 0.7998760893101979, "rm2": 0.3465449533105822, "pearson": 0.6085197801494293, "spearman": 0.5525307093547929, "r2": 0.3555995225906372, "bias": -0.07724625617265701}, "val_delta_abs_mean": 0.8215724229812622, "val_gate_mean": 0.950249433517456}
{"epoch": 8, "train": {"loss": 0.21692322105487777, "mse": 0.21512479596381537, "align": 7.413309761474116e-07, "reconstruct": 0.02907892632262934}, "val": {"mse": 0.48623618483543396, "rmse": 0.6973063780257814, "mae": 0.40402835607528687, "ci": 0.8006170279845898, "rm2": 0.3502259118183975, "pearson": 0.6110369968721715, "spearman": 0.5537199327916918, "r2": 0.35948920249938965, "bias": -0.07554709166288376}, "val_delta_abs_mean": 0.8424615263938904, "val_gate_mean": 0.9524666666984558}
{"epoch": 9, "train": {"loss": 0.21690014035694635, "mse": 0.21503707487216822, "align": 7.279203614521109e-07, "reconstruct": 0.02919658727580227}, "val": {"mse": 0.4902760684490204, "rmse": 0.7001971639824175, "mae": 0.4060063362121582, "ci": 0.797675065600975, "rm2": 0.345973745025601, "pearson": 0.6082411264137926, "spearman": 0.5485643610712495, "r2": 0.35416752099990845, "bias": -0.08148228377103806}, "val_delta_abs_mean": 0.8196505308151245, "val_gate_mean": 0.9561907052993774}
{"epoch": 10, "train": {"loss": 0.21688225704832648, "mse": 0.2150879893166803, "align": 7.422146880272046e-07, "reconstruct": 0.02942702016667933}, "val": {"mse": 0.49122875928878784, "rmse": 0.7008771356584461, "mae": 0.40723738074302673, "ci": 0.7966471608484583, "rm2": 0.34506210738937937, "pearson": 0.6053071103544333, "spearman": 0.5466374526946124, "r2": 0.3529125452041626, "bias": -0.07645402103662491}, "val_delta_abs_mean": 0.8115329742431641, "val_gate_mean": 0.9502999186515808}
{"epoch": 11, "train": {"loss": 0.2167545988348091, "mse": 0.21493736214026962, "align": 6.625199439585972e-07, "reconstruct": 0.027371095982812833}, "val": {"mse": 0.49211418628692627, "rmse": 0.7015085076368827, "mae": 0.405425488948822, "ci": 0.7982263907773298, "rm2": 0.3446845000110976, "pearson": 0.6046385631020333, "spearman": 0.5498178045802672, "r2": 0.35174620151519775, "bias": -0.07888145744800568}, "val_delta_abs_mean": 0.8488994240760803, "val_gate_mean": 0.9502442479133606}
{"epoch": 12, "train": {"loss": 0.21679286361587075, "mse": 0.21492034670127255, "align": 6.285027749753956e-07, "reconstruct": 0.029787695426804116}, "val": {"mse": 0.48928558826446533, "rmse": 0.6994895197674268, "mae": 0.4034897983074188, "ci": 0.7988416672301439, "rm2": 0.34803333641719486, "pearson": 0.6080007214852055, "spearman": 0.5509375087101179, "r2": 0.35547226667404175, "bias": -0.07961361110210419}, "val_delta_abs_mean": 0.8512501120567322, "val_gate_mean": 0.9535869359970093}
{"epoch": 13, "train": {"loss": 0.21662772786655152, "mse": 0.21478297058652498, "align": 6.487133804340386e-07, "reconstruct": 0.027958894088215887}, "val": {"mse": 0.48979321122169495, "rmse": 0.6998522781428199, "mae": 0.40734657645225525, "ci": 0.7967942080510176, "rm2": 0.3463993540791583, "pearson": 0.6062581751589964, "spearman": 0.5470227326532461, "r2": 0.3548036217689514, "bias": -0.07361288368701935}, "val_delta_abs_mean": 0.7933021187782288, "val_gate_mean": 0.9539756178855896}
{"epoch": 14, "train": {"loss": 0.21660338205329216, "mse": 0.21479673498723761, "align": 6.151438057795633e-07, "reconstruct": 0.028519799300000793}, "val": {"mse": 0.4901482164859772, "rmse": 0.7001058609138886, "mae": 0.40716075897216797, "ci": 0.7959398271441804, "rm2": 0.34616982677095604, "pearson": 0.6059830025665449, "spearman": 0.5456301405355696, "r2": 0.3543359637260437, "bias": -0.07442464679479599}, "val_delta_abs_mean": 0.807658314704895, "val_gate_mean": 0.9582945108413696}
{"epoch": 15, "train": {"loss": 0.21662014059896728, "mse": 0.21476000519434413, "align": 5.910540494719586e-07, "reconstruct": 0.027960989070865982}, "val": {"mse": 0.49089300632476807, "rmse": 0.7006375713054276, "mae": 0.40757790207862854, "ci": 0.7967640654111579, "rm2": 0.3455678639040467, "pearson": 0.6040512173548142, "spearman": 0.5471485043519829, "r2": 0.353354811668396, "bias": -0.07130307704210281}, "val_delta_abs_mean": 0.7838690280914307, "val_gate_mean": 0.9496371150016785}
{
  "guardrail": "validation only; test indices and metrics were not accessed",
  "condition": "real",
  "seed": 43,
  "best_epoch": 0,
  "epoch0_max_abs_difference_vs_frozen": 9.5367431640625e-07,
  "p13d_baseline": {
    "mse": 0.48946526646614075,
    "rmse": 0.6996179432133947,
    "mae": 0.43143847584724426,
    "ci": 0.7885622123720057,
    "rm2": 0.3410284448121984,
    "pearson": 0.5995077496596147,
    "spearman": 0.5319472626673567,
    "r2": 0.35523557662963867,
    "bias": -0.015189344994723797
  },
  "frozen_brics_baseline": {
    "mse": 0.48082873225212097,
    "rmse": 0.6934181510835442,
    "mae": 0.4076375663280487,
    "ci": 0.7984551082405904,
    "rm2": 0.3543160581979541,
    "pearson": 0.6163423197081244,
    "spearman": 0.5485955793818521,
    "r2": 0.36661237478256226,
    "bias": -0.06813604384660721
  },
  "best": {
    "mse": 0.48082873225212097,
    "rmse": 0.6934181510835442,
    "mae": 0.40763750672340393,
    "ci": 0.7984496092454808,
    "rm2": 0.3543160581979541,
    "pearson": 0.6163423185067896,
    "spearman": 0.548595632066572,
    "r2": 0.36661237478256226,
    "bias": -0.06813604384660721
  },
  "relative_mse_gain_vs_frozen": 0.0,
  "relative_mse_gain_vs_p13d": 0.01764483571301012,
  "delta_abs_mean": 0.8109321594238281,
  "graph_gate_mean": 0.9268352389335632,
  "drug_bootstrap_vs_p13d": {
    "drugs": 7,
    "improved": 5,
    "worsened": 2,
    "improvements": [
      -0.034552011638879776,
      0.03459202125668526,
      0.005850193090736866,
      0.013898128643631935,
      0.054444290697574615,
      0.046231675893068314,
      -0.06000857055187225
    ],
    "mean": 0.008636532484420709,
    "ci95": [
      -0.021389495315296308,
      0.035844328590402603
    ],
    "probability_positive": 0.7297
  },
  "drug_bootstrap_vs_frozen": {
    "drugs": 7,
    "improved": 4,
    "worsened": 3,
    "improvements": [
      3.7241394412745876e-09,
      -5.823531434856477e-09,
      -3.1476665718344066e-09,
      2.027586765152023e-09,
      2.9092224185234272e-09,
      6.020937082240607e-09,
      -1.1833248159121013e-08
    ],
    "mean": -8.746514940887501e-10,
    "ci95": [
      -5.4662600160578936e-09,
      3.1119773329685843e-09
    ],
    "probability_positive": 0.36505
  },
  "trainable_parameters": {
    "branch": 508059,
    "drug_egnn_layer3": 115841
  },
  "args": {
    "project": "/data1/ztx/MyModel-MDTA",
    "checkpoint": "outputs/Refine_experiment/davis/cold_start/drug_cold_5fold_seed42/baseline/fold_1/best_model.pt",
    "clean_checkpoint": "experiments/brics_hierarchical/outputs/graph_real_seed43/best.pt",
    "reference_predictions": "experiments/brics_hierarchical/outputs/graph_real_seed43/validation_predictions.npz",
    "global_cache": "experiments/pdbbind_to_davis_transfer/data/global_predictions/fold1_with_features.pt",
    "drug_cache": "experiments/brics_hierarchical/data/fold1_drug_encoder_inputs_chem.pt",
    "layer2_cache": "experiments/brics_hierarchical/data/fold1_drug_egnn_layer2_inputs.pt",
    "split": "data/splits/davis_drug_cold_5fold_seed42/fold_1/split.json",
    "condition": "real",
    "seed": 43,
    "device": "cuda:1",
    "batch_size": 128,
    "epochs": 80,
    "patience": 15,
    "branch_lr": 0.0001,
    "layer3_lr": 1e-05,
    "weight_decay": 1e-05,
    "lambda_align": 0.05,
    "lambda_reconstruct": 0.02,
    "lambda_delta": 0.001,
    "output_dir": "experiments/brics_hierarchical/outputs/unfreeze_l3_real_seed43"
  },
  "history": [
    {
      "epoch": 1,
      "train": {
        "loss": 0.2176107507738099,
        "mse": 0.21600031976958287,
        "align": 1.2613265567396492e-06,
        "reconstruct": 0.03189710559022344
      },
      "val": {
        "mse": 0.4861539900302887,
        "rmse": 0.6972474381668883,
        "mae": 0.4054937958717346,
        "ci": 0.7994453346932824,
        "rm2": 0.35091526742504375,
        "pearson": 0.6086287373368809,
        "spearman": 0.5512645590097993,
        "r2": 0.35959750413894653,
        "bias": -0.06828450411558151
      },
      "val_delta_abs_mean": 0.8334724307060242,
      "val_gate_mean": 0.941753625869751
    },
    {
      "epoch": 2,
      "train": {
        "loss": 0.21750033102464064,
        "mse": 0.21569535563015507,
        "align": 1.0021923939624191e-06,
        "reconstruct": 0.032663342848605205
      },
      "val": {
        "mse": 0.48615869879722595,
        "rmse": 0.6972508148415647,
        "mae": 0.4045046269893646,
        "ci": 0.7994811799947372,
        "rm2": 0.3509567263604706,
        "pearson": 0.6098494703065611,
        "spearman": 0.5515916956578958,
        "r2": 0.3595912456512451,
        "bias": -0.07281392812728882
      },
      "val_delta_abs_mean": 0.852849543094635,
      "val_gate_mean": 0.9422495365142822
    },
    {
      "epoch": 3,
      "train": {
        "loss": 0.21709288350998912,
        "mse": 0.21534637989616376,
        "align": 9.449691805514057e-07,
        "reconstruct": 0.030300427487515803
      },
      "val": {
        "mse": 0.4938053488731384,
        "rmse": 0.7027128495147491,
        "mae": 0.4026884138584137,
        "ci": 0.8008050121507425,
        "rm2": 0.34312678722601003,
        "pearson": 0.607758824878696,
        "spearman": 0.5547502710062855,
        "r2": 0.34951847791671753,
        "bias": -0.09274590015411377
      },
      "val_delta_abs_mean": 0.888543426990509,
      "val_gate_mean": 0.9506450891494751
    },
    {
      "epoch": 4,
      "train": {
        "loss": 0.21701623200208214,
        "mse": 0.21528143894500815,
        "align": 8.880443633595433e-07,
        "reconstruct": 0.030149996504825978
      },
      "val": {
        "mse": 0.48683232069015503,
        "rmse": 0.697733703278088,
        "mae": 0.4070644974708557,
        "ci": 0.798129038197242,
        "rm2": 0.34980566634472704,
        "pearson": 0.6078891008344209,
        "spearman": 0.548820885604241,
        "r2": 0.3587039113044739,
        "bias": -0.06762880086898804
      },
      "val_delta_abs_mean": 0.8521714210510254,
      "val_gate_mean": 0.9473323225975037
    },
    {
      "epoch": 5,
      "train": {
        "loss": 0.21716154387461573,
        "mse": 0.2153523549504949,
        "align": 8.637365482764053e-07,
        "reconstruct": 0.030447290079293195
      },
      "val": {
        "mse": 0.4883992671966553,
        "rmse": 0.698855684098409,
        "mae": 0.40831536054611206,
        "ci": 0.7971610113914739,
        "rm2": 0.3475601544904737,
        "pearson": 0.6066677895097127,
        "spearman": 0.5471348945624754,
        "r2": 0.3566398024559021,
        "bias": -0.06860468536615372
      },
      "val_delta_abs_mean": 0.7950753569602966,
      "val_gate_mean": 0.9471254944801331
    },
    {
      "epoch": 6,
      "train": {
        "loss": 0.21698806996586303,
        "mse": 0.21520351418186867,
        "align": 8.332542268123758e-07,
        "reconstruct": 0.031428743118662866
      },
      "val": {
        "mse": 0.49129635095596313,
        "rmse": 0.700925353340827,
        "mae": 0.40278691053390503,
        "ci": 0.8004995124224337,
        "rm2": 0.3456769131910574,
        "pearson": 0.6081042859064849,
        "spearman": 0.5539902961875796,
        "r2": 0.35282349586486816,
        "bias": -0.08611880987882614
      },
      "val_delta_abs_mean": 0.846458911895752,
      "val_gate_mean": 0.951511025428772
    },
    {
      "epoch": 7,
      "train": {
        "loss": 0.21692088162349854,
        "mse": 0.21511216891463802,
        "align": 7.498869138926804e-07,
        "reconstruct": 0.03057586650711184
      },
      "val": {
        "mse": 0.4891889989376068,
        "rmse": 0.6994204736334266,
        "mae": 0.4052119255065918,
        "ci": 0.7998760893101979,
        "rm2": 0.3465449533105822,
        "pearson": 0.6085197801494293,
        "spearman": 0.5525307093547929,
        "r2": 0.3555995225906372,
        "bias": -0.07724625617265701
      },
      "val_delta_abs_mean": 0.8215724229812622,
      "val_gate_mean": 0.950249433517456
    },
    {
      "epoch": 8,
      "train": {
        "loss": 0.21692322105487777,
        "mse": 0.21512479596381537,
        "align": 7.413309761474116e-07,
        "reconstruct": 0.02907892632262934
      },
      "val": {
        "mse": 0.48623618483543396,
        "rmse": 0.6973063780257814,
        "mae": 0.40402835607528687,
        "ci": 0.8006170279845898,
        "rm2": 0.3502259118183975,
        "pearson": 0.6110369968721715,
        "spearman": 0.5537199327916918,
        "r2": 0.35948920249938965,
        "bias": -0.07554709166288376
      },
      "val_delta_abs_mean": 0.8424615263938904,
      "val_gate_mean": 0.9524666666984558
    },
    {
      "epoch": 9,
      "train": {
        "loss": 0.21690014035694635,
        "mse": 0.21503707487216822,
        "align": 7.279203614521109e-07,
        "reconstruct": 0.02919658727580227
      },
      "val": {
        "mse": 0.4902760684490204,
        "rmse": 0.7001971639824175,
        "mae": 0.4060063362121582,
        "ci": 0.797675065600975,
        "rm2": 0.345973745025601,
        "pearson": 0.6082411264137926,
        "spearman": 0.5485643610712495,
        "r2": 0.35416752099990845,
        "bias": -0.08148228377103806
      },
      "val_delta_abs_mean": 0.8196505308151245,
      "val_gate_mean": 0.9561907052993774
    },
    {
      "epoch": 10,
      "train": {
        "loss": 0.21688225704832648,
        "mse": 0.2150879893166803,
        "align": 7.422146880272046e-07,
        "reconstruct": 0.02942702016667933
      },
      "val": {
        "mse": 0.49122875928878784,
        "rmse": 0.7008771356584461,
        "mae": 0.40723738074302673,
        "ci": 0.7966471608484583,
        "rm2": 0.34506210738937937,
        "pearson": 0.6053071103544333,
        "spearman": 0.5466374526946124,
        "r2": 0.3529125452041626,
        "bias": -0.07645402103662491
      },
      "val_delta_abs_mean": 0.8115329742431641,
      "val_gate_mean": 0.9502999186515808
    },
    {
      "epoch": 11,
      "train": {
        "loss": 0.2167545988348091,
        "mse": 0.21493736214026962,
        "align": 6.625199439585972e-07,
        "reconstruct": 0.027371095982812833
      },
      "val": {
        "mse": 0.49211418628692627,
        "rmse": 0.7015085076368827,
        "mae": 0.405425488948822,
        "ci": 0.7982263907773298,
        "rm2": 0.3446845000110976,
        "pearson": 0.6046385631020333,
        "spearman": 0.5498178045802672,
        "r2": 0.35174620151519775,
        "bias": -0.07888145744800568
      },
      "val_delta_abs_mean": 0.8488994240760803,
      "val_gate_mean": 0.9502442479133606
    },
    {
      "epoch": 12,
      "train": {
        "loss": 0.21679286361587075,
        "mse": 0.21492034670127255,
        "align": 6.285027749753956e-07,
        "reconstruct": 0.029787695426804116
      },
      "val": {
        "mse": 0.48928558826446533,
        "rmse": 0.6994895197674268,
        "mae": 0.4034897983074188,
        "ci": 0.7988416672301439,
        "rm2": 0.34803333641719486,
        "pearson": 0.6080007214852055,
        "spearman": 0.5509375087101179,
        "r2": 0.35547226667404175,
        "bias": -0.07961361110210419
      },
      "val_delta_abs_mean": 0.8512501120567322,
      "val_gate_mean": 0.9535869359970093
    },
    {
      "epoch": 13,
      "train": {
        "loss": 0.21662772786655152,
        "mse": 0.21478297058652498,
        "align": 6.487133804340386e-07,
        "reconstruct": 0.027958894088215887
      },
      "val": {
        "mse": 0.48979321122169495,
        "rmse": 0.6998522781428199,
        "mae": 0.40734657645225525,
        "ci": 0.7967942080510176,
        "rm2": 0.3463993540791583,
        "pearson": 0.6062581751589964,
        "spearman": 0.5470227326532461,
        "r2": 0.3548036217689514,
        "bias": -0.07361288368701935
      },
      "val_delta_abs_mean": 0.7933021187782288,
      "val_gate_mean": 0.9539756178855896
    },
    {
      "epoch": 14,
      "train": {
        "loss": 0.21660338205329216,
        "mse": 0.21479673498723761,
        "align": 6.151438057795633e-07,
        "reconstruct": 0.028519799300000793
      },
      "val": {
        "mse": 0.4901482164859772,
        "rmse": 0.7001058609138886,
        "mae": 0.40716075897216797,
        "ci": 0.7959398271441804,
        "rm2": 0.34616982677095604,
        "pearson": 0.6059830025665449,
        "spearman": 0.5456301405355696,
        "r2": 0.3543359637260437,
        "bias": -0.07442464679479599
      },
      "val_delta_abs_mean": 0.807658314704895,
      "val_gate_mean": 0.9582945108413696
    },
    {
      "epoch": 15,
      "train": {
        "loss": 0.21662014059896728,
        "mse": 0.21476000519434413,
        "align": 5.910540494719586e-07,
        "reconstruct": 0.027960989070865982
      },
      "val": {
        "mse": 0.49089300632476807,
        "rmse": 0.7006375713054276,
        "mae": 0.40757790207862854,
        "ci": 0.7967640654111579,
        "rm2": 0.3455678639040467,
        "pearson": 0.6040512173548142,
        "spearman": 0.5471485043519829,
        "r2": 0.353354811668396,
        "bias": -0.07130307704210281
      },
      "val_delta_abs_mean": 0.7838690280914307,
      "val_gate_mean": 0.9496371150016785
    }
  ]
}
