{"epoch": 1, "train": {"loss": 0.21246991043653413, "mse": 0.21246965975788729, "adjustment": 0.0002500664276707596}, "val": {"mse": 0.47464311122894287, "rmse": 0.6889434746254172, "mae": 0.4095327854156494, "ci": 0.7909941938758303, "rm2": 0.3607184245289889, "pearson": 0.6238165810155547, "spearman": 0.5360756266733742, "r2": 0.37476056814193726, "bias": -0.06874796748161316}, "val_multiplier_mean": 1.0154283046722412, "val_multiplier_min": 1.001328468322754, "val_multiplier_max": 1.040683627128601}
{"epoch": 2, "train": {"loss": 0.21244251474277615, "mse": 0.21244112983427757, "adjustment": 0.0013847276454653705}, "val": {"mse": 0.47457417845726013, "rmse": 0.6888934449225512, "mae": 0.40936416387557983, "ci": 0.7909408332566189, "rm2": 0.36086668227563745, "pearson": 0.6241249645111089, "spearman": 0.5359620519053502, "r2": 0.3748513460159302, "bias": -0.06969853490591049}, "val_multiplier_mean": 1.0305297374725342, "val_multiplier_min": 1.0092408657073975, "val_multiplier_max": 1.0756208896636963}
{"epoch": 3, "train": {"loss": 0.21242062084838034, "mse": 0.2124186985799366, "adjustment": 0.0019227575406821644}, "val": {"mse": 0.47454601526260376, "rmse": 0.6888730037260886, "mae": 0.40925347805023193, "ci": 0.790821892029064, "rm2": 0.36094665308246393, "pearson": 0.6243536987042828, "spearman": 0.5357347699698478, "r2": 0.37488847970962524, "bias": -0.0704641044139862}, "val_multiplier_mean": 1.041243314743042, "val_multiplier_min": 1.0121707916259766, "val_multiplier_max": 1.096771001815796}
{"epoch": 4, "train": {"loss": 0.21240023588197712, "mse": 0.2123965870155411, "adjustment": 0.003649547851139747}, "val": {"mse": 0.4745003283023834, "rmse": 0.6888398422727764, "mae": 0.4091225862503052, "ci": 0.7907216881181787, "rm2": 0.36106154470130725, "pearson": 0.6246192163225497, "spearman": 0.5355572499301701, "r2": 0.3749486804008484, "bias": -0.0713157057762146}, "val_multiplier_mean": 1.0525527000427246, "val_multiplier_min": 1.0149346590042114, "val_multiplier_max": 1.1175212860107422}
{"epoch": 5, "train": {"loss": 0.2123889076998962, "mse": 0.21238428950553634, "adjustment": 0.004618384401043449}, "val": {"mse": 0.47435861825942993, "rmse": 0.6887369732048875, "mae": 0.40901631116867065, "ci": 0.7906100788841032, "rm2": 0.36123752556692984, "pearson": 0.6249509702197087, "spearman": 0.535321616135785, "r2": 0.3751353621482849, "bias": -0.07191260904073715}, "val_multiplier_mean": 1.0599008798599243, "val_multiplier_min": 1.0181586742401123, "val_multiplier_max": 1.1249350309371948}
{"epoch": 6, "train": {"loss": 0.2123813309407365, "mse": 0.21237448861357497, "adjustment": 0.006842161670118811}, "val": {"mse": 0.47420042753219604, "rmse": 0.6886221224533786, "mae": 0.40888532996177673, "ci": 0.7905579402638051, "rm2": 0.36143594996329864, "pearson": 0.62529592117216, "spearman": 0.5352501002071715, "r2": 0.3753436803817749, "bias": -0.07249992340803146}, "val_multiplier_mean": 1.0673338174819946, "val_multiplier_min": 1.0215392112731934, "val_multiplier_max": 1.1399073600769043}
{"epoch": 7, "train": {"loss": 0.2123687446527696, "mse": 0.2123618435867427, "adjustment": 0.006901192283013064}, "val": {"mse": 0.47421443462371826, "rmse": 0.6886322927540636, "mae": 0.4088456332683563, "ci": 0.7904575326864343, "rm2": 0.3614567236590329, "pearson": 0.6253659824298335, "spearman": 0.53507278959392, "r2": 0.3753252625465393, "bias": -0.07285691797733307}, "val_multiplier_mean": 1.0722036361694336, "val_multiplier_min": 1.0230716466903687, "val_multiplier_max": 1.1487908363342285}
{"epoch": 8, "train": {"loss": 0.2123700598871856, "mse": 0.21236271322809308, "adjustment": 0.007346847413255337}, "val": {"mse": 0.4741171598434448, "rmse": 0.6885616601608348, "mae": 0.4088188111782074, "ci": 0.7904318707092564, "rm2": 0.36156330227739725, "pearson": 0.6255483272639655, "spearman": 0.5349959761909462, "r2": 0.3754534125328064, "bias": -0.07308188080787659}, "val_multiplier_mean": 1.0746415853500366, "val_multiplier_min": 1.0198982954025269, "val_multiplier_max": 1.1618150472640991}
{"epoch": 9, "train": {"loss": 0.21235939551044775, "mse": 0.21235155003401593, "adjustment": 0.007846322117650045}, "val": {"mse": 0.4740432798862457, "rmse": 0.688508010037825, "mae": 0.4087551534175873, "ci": 0.7903685304322536, "rm2": 0.3616698856720829, "pearson": 0.6257202104161175, "spearman": 0.5348941719694235, "r2": 0.37555068731307983, "bias": -0.07342058420181274}, "val_multiplier_mean": 1.0792045593261719, "val_multiplier_min": 1.0203819274902344, "val_multiplier_max": 1.168984055519104}
{"epoch": 10, "train": {"loss": 0.21235736064907676, "mse": 0.21234764187561142, "adjustment": 0.009718443284262572}, "val": {"mse": 0.47389891743659973, "rmse": 0.6884031648943806, "mae": 0.4086686074733734, "ci": 0.7903288154675735, "rm2": 0.3618378686664271, "pearson": 0.625982898230399, "spearman": 0.5348022738751407, "r2": 0.3757408857345581, "bias": -0.07375318557024002}, "val_multiplier_mean": 1.0840214490890503, "val_multiplier_min": 1.0231821537017822, "val_multiplier_max": 1.177273154258728}
{"epoch": 11, "train": {"loss": 0.212352692146262, "mse": 0.21234258769424885, "adjustment": 0.010103699845074747}, "val": {"mse": 0.4738740622997284, "rmse": 0.6883851119102797, "mae": 0.40863892436027527, "ci": 0.7902854345061536, "rm2": 0.36188423879348514, "pearson": 0.6260814348973077, "spearman": 0.534669693641515, "r2": 0.3757736086845398, "bias": -0.07401502877473831}, "val_multiplier_mean": 1.0876621007919312, "val_multiplier_min": 1.0228108167648315, "val_multiplier_max": 1.1874059438705444}
{"epoch": 12, "train": {"loss": 0.21234824053804718, "mse": 0.2123383835526177, "adjustment": 0.009856634077265367}, "val": {"mse": 0.47387051582336426, "rmse": 0.6883825359662782, "mae": 0.40868043899536133, "ci": 0.7902406278793349, "rm2": 0.3618848754233815, "pearson": 0.6260770912829298, "spearman": 0.5345928719105744, "r2": 0.3757782578468323, "bias": -0.07398194074630737}, "val_multiplier_mean": 1.0861753225326538, "val_multiplier_min": 1.0173683166503906, "val_multiplier_max": 1.1890672445297241}
{"epoch": 13, "train": {"loss": 0.21234817803910255, "mse": 0.21233735397448034, "adjustment": 0.010823743465469772}, "val": {"mse": 0.47376924753189087, "rmse": 0.6883089767915939, "mae": 0.4085940420627594, "ci": 0.7902854345061536, "rm2": 0.36201759977751374, "pearson": 0.6262672391369477, "spearman": 0.5346509216187564, "r2": 0.3759117126464844, "bias": -0.07426902651786804}, "val_multiplier_mean": 1.0904347896575928, "val_multiplier_min": 1.020788311958313, "val_multiplier_max": 1.1901253461837769}
{"epoch": 14, "train": {"loss": 0.21234602619206766, "mse": 0.21233451561529781, "adjustment": 0.011510493633155932}, "val": {"mse": 0.4738245904445648, "rmse": 0.6883491777031224, "mae": 0.4086245596408844, "ci": 0.7902506075371264, "rm2": 0.36196626395208314, "pearson": 0.6262084689692523, "spearman": 0.5345648745478303, "r2": 0.3758387565612793, "bias": -0.0743018090724945}, "val_multiplier_mean": 1.090404987335205, "val_multiplier_min": 1.0173171758651733, "val_multiplier_max": 1.1949174404144287}
{"epoch": 15, "train": {"loss": 0.21234219984874192, "mse": 0.21233054908313295, "adjustment": 0.011651037314508077}, "val": {"mse": 0.47390347719192505, "rmse": 0.6884064767213663, "mae": 0.4086110293865204, "ci": 0.7901251489820341, "rm2": 0.36192617621846984, "pearson": 0.6261860748590319, "spearman": 0.5343665534184514, "r2": 0.3757348656654358, "bias": -0.07461565732955933}, "val_multiplier_mean": 1.0948479175567627, "val_multiplier_min": 1.0169198513031006, "val_multiplier_max": 1.2027220726013184}
{"epoch": 16, "train": {"loss": 0.21234454066379016, "mse": 0.2123329723315713, "adjustment": 0.011568168659866734}, "val": {"mse": 0.47386297583580017, "rmse": 0.6883770593474191, "mae": 0.4085862338542938, "ci": 0.7901337029744269, "rm2": 0.36197884630524807, "pearson": 0.6262603871424146, "spearman": 0.5343727029868899, "r2": 0.37578821182250977, "bias": -0.07472331821918488}, "val_multiplier_mean": 1.096120834350586, "val_multiplier_min": 1.015650987625122, "val_multiplier_max": 1.205175757408142}
{"epoch": 17, "train": {"loss": 0.21233954715512995, "mse": 0.21232679928417578, "adjustment": 0.012748163709739949}, "val": {"mse": 0.47392207384109497, "rmse": 0.688419983615449, "mae": 0.40864989161491394, "ci": 0.7901037640010525, "rm2": 0.36191010574943716, "pearson": 0.6261587295567379, "spearman": 0.534314241023681, "r2": 0.3757103681564331, "bias": -0.07460734993219376}, "val_multiplier_mean": 1.093464970588684, "val_multiplier_min": 1.0088125467300415, "val_multiplier_max": 1.2070857286453247}
{"epoch": 18, "train": {"loss": 0.21233295344222988, "mse": 0.21232010654963807, "adjustment": 0.012846552547366158}, "val": {"mse": 0.47396957874298096, "rmse": 0.68845448560016, "mae": 0.4086110293865204, "ci": 0.7900842120184408, "rm2": 0.3619120056033125, "pearson": 0.6261825571759829, "spearman": 0.5343098708496923, "r2": 0.37564778327941895, "bias": -0.0749722495675087}, "val_multiplier_mean": 1.0989172458648682, "val_multiplier_min": 1.0115857124328613, "val_multiplier_max": 1.2102265357971191}
{"epoch": 19, "train": {"loss": 0.21233144622284258, "mse": 0.21231829158332702, "adjustment": 0.013154490861535658}, "val": {"mse": 0.47393032908439636, "rmse": 0.6884259793793348, "mae": 0.4085982143878937, "ci": 0.7900705663639096, "rm2": 0.36195450616565233, "pearson": 0.6262504643960102, "spearman": 0.5342789577323663, "r2": 0.375699520111084, "bias": -0.07504286617040634}, "val_multiplier_mean": 1.0999995470046997, "val_multiplier_min": 1.0130360126495361, "val_multiplier_max": 1.211318850517273}
{"epoch": 20, "train": {"loss": 0.21233592822299927, "mse": 0.2123222642254414, "adjustment": 0.013664057042191126}, "val": {"mse": 0.4738154709339142, "rmse": 0.6883425534818505, "mae": 0.40859782695770264, "ci": 0.7900838046854697, "rm2": 0.3620570137148673, "pearson": 0.626388858578822, "spearman": 0.5342399307379144, "r2": 0.3758507966995239, "bias": -0.075013667345047}, "val_multiplier_mean": 1.098934292793274, "val_multiplier_min": 1.010601282119751, "val_multiplier_max": 1.2130544185638428}
{"epoch": 21, "train": {"loss": 0.21232809460207877, "mse": 0.21231506425032684, "adjustment": 0.013030890037528105}, "val": {"mse": 0.47391167283058167, "rmse": 0.688412429311515, "mae": 0.4086783826351166, "ci": 0.7899919511004915, "rm2": 0.36194496680093974, "pearson": 0.6262342030178264, "spearman": 0.5341196015307793, "r2": 0.37572407722473145, "bias": -0.07485654205083847}, "val_multiplier_mean": 1.0960867404937744, "val_multiplier_min": 1.006687045097351, "val_multiplier_max": 1.212599515914917}
{"epoch": 22, "train": {"loss": 0.2123330020291681, "mse": 0.2123194162903225, "adjustment": 0.013585655853622824}, "val": {"mse": 0.4740240275859833, "rmse": 0.6884940287220966, "mae": 0.40861013531684875, "ci": 0.7900139470809298, "rm2": 0.3619097895195881, "pearson": 0.6262025236221818, "spearman": 0.5341794643545474, "r2": 0.37557607889175415, "bias": -0.07535625249147415}, "val_multiplier_mean": 1.1036022901535034, "val_multiplier_min": 1.0086935758590698, "val_multiplier_max": 1.2166355848312378}
{"epoch": 23, "train": {"loss": 0.21232213535127045, "mse": 0.21230927165954533, "adjustment": 0.012863779264066738}, "val": {"mse": 0.4738289713859558, "rmse": 0.6883523599043994, "mae": 0.40865084528923035, "ci": 0.7900251487376344, "rm2": 0.3620342361428651, "pearson": 0.6263742855184529, "spearman": 0.5341385207879236, "r2": 0.37583303451538086, "bias": -0.0749945119023323}, "val_multiplier_mean": 1.0979537963867188, "val_multiplier_min": 1.0076590776443481, "val_multiplier_max": 1.2167270183563232}
{"epoch": 24, "train": {"loss": 0.2123251623011673, "mse": 0.2123115181440888, "adjustment": 0.01364425719320513}, "val": {"mse": 0.47395920753479004, "rmse": 0.6884469533194189, "mae": 0.4086324870586395, "ci": 0.789986859438353, "rm2": 0.361969258155218, "pearson": 0.6262970385818837, "spearman": 0.5340945431324807, "r2": 0.3756614327430725, "bias": -0.0753919929265976}, "val_multiplier_mean": 1.1037110090255737, "val_multiplier_min": 1.0093454122543335, "val_multiplier_max": 1.2174267768859863}
{"epoch": 25, "train": {"loss": 0.21232160940784983, "mse": 0.2123080843582045, "adjustment": 0.013525426831525715}, "val": {"mse": 0.4738607704639435, "rmse": 0.6883754574822838, "mae": 0.40858715772628784, "ci": 0.7899886924367229, "rm2": 0.3620755805688094, "pearson": 0.6264396337109288, "spearman": 0.5340909304592981, "r2": 0.37579113245010376, "bias": -0.07548488676548004}, "val_multiplier_mean": 1.1048372983932495, "val_multiplier_min": 1.0091320276260376, "val_multiplier_max": 1.2183802127838135}
{"epoch": 26, "train": {"loss": 0.21232257151759784, "mse": 0.21230742008231357, "adjustment": 0.015151559526307517}, "val": {"mse": 0.47389131784439087, "rmse": 0.6883976451473311, "mae": 0.40859076380729675, "ci": 0.7899567167984932, "rm2": 0.36206382442464585, "pearson": 0.6264339132808421, "spearman": 0.5340429414842602, "r2": 0.37575089931488037, "bias": -0.0756230354309082}, "val_multiplier_mean": 1.1066179275512695, "val_multiplier_min": 1.0082511901855469, "val_multiplier_max": 1.2211520671844482}
{"epoch": 27, "train": {"loss": 0.21231562441176005, "mse": 0.21230045947835066, "adjustment": 0.01516550465901094}, "val": {"mse": 0.47391191124916077, "rmse": 0.6884126024770034, "mae": 0.4086437523365021, "ci": 0.7898964315187735, "rm2": 0.36203097217747343, "pearson": 0.6263968197130029, "spearman": 0.5339350994928362, "r2": 0.37572377920150757, "bias": -0.07555562257766724}, "val_multiplier_mean": 1.1051868200302124, "val_multiplier_min": 1.0057730674743652, "val_multiplier_max": 1.222851276397705}
{"epoch": 28, "train": {"loss": 0.21231448303904882, "mse": 0.21230020951413323, "adjustment": 0.01427336330919643}, "val": {"mse": 0.47390884160995483, "rmse": 0.6884103729680101, "mae": 0.40864354372024536, "ci": 0.7898966351852591, "rm2": 0.36205141068223506, "pearson": 0.6264341032095884, "spearman": 0.5338916628042044, "r2": 0.3757278323173523, "bias": -0.07569754868745804}, "val_multiplier_mean": 1.1071068048477173, "val_multiplier_min": 1.0070216655731201, "val_multiplier_max": 1.2232325077056885}
{"epoch": 29, "train": {"loss": 0.21231603035542806, "mse": 0.21230156808629627, "adjustment": 0.014461951646453506}, "val": {"mse": 0.4739362597465515, "rmse": 0.6884302867731427, "mae": 0.40863415598869324, "ci": 0.78985732755355, "rm2": 0.36205350231048644, "pearson": 0.6264541515775798, "spearman": 0.5338381185959397, "r2": 0.3756917119026184, "bias": -0.07592657953500748}, "val_multiplier_mean": 1.1104375123977661, "val_multiplier_min": 1.008618950843811, "val_multiplier_max": 1.2252458333969116}
{"epoch": 30, "train": {"loss": 0.21231179842349712, "mse": 0.2122971926429991, "adjustment": 0.014605891914584357}, "val": {"mse": 0.4739905893802643, "rmse": 0.6884697447094275, "mae": 0.4086403548717499, "ci": 0.7898408305682213, "rm2": 0.36201094561158187, "pearson": 0.6264058764964099, "spearman": 0.5338293945761075, "r2": 0.37562012672424316, "bias": -0.07600542902946472}, "val_multiplier_mean": 1.1115723848342896, "val_multiplier_min": 1.0091973543167114, "val_multiplier_max": 1.2251763343811035}
{"epoch": 31, "train": {"loss": 0.2123078608336136, "mse": 0.21229328672902192, "adjustment": 0.014574197007900335}, "val": {"mse": 0.4740055799484253, "rmse": 0.6884806314983924, "mae": 0.40868908166885376, "ci": 0.7898070219316218, "rm2": 0.3619893296670207, "pearson": 0.6263756875731379, "spearman": 0.5337375819178571, "r2": 0.3756003975868225, "bias": -0.07595282047986984}, "val_multiplier_mean": 1.1101264953613281, "val_multiplier_min": 1.0050764083862305, "val_multiplier_max": 1.2265617847442627}
{"epoch": 32, "train": {"loss": 0.21230521065054678, "mse": 0.21228998069688815, "adjustment": 0.015230212074866667}, "val": {"mse": 0.47413671016693115, "rmse": 0.6885758565088752, "mae": 0.40870416164398193, "ci": 0.7897595676404912, "rm2": 0.36189763267007147, "pearson": 0.6262666218125325, "spearman": 0.5337219325501174, "r2": 0.37542760372161865, "bias": -0.07619228959083557}, "val_multiplier_mean": 1.1133440732955933, "val_multiplier_min": 1.0043525695800781, "val_multiplier_max": 1.2269682884216309}
{"epoch": 33, "train": {"loss": 0.2123070814183854, "mse": 0.21229123864568575, "adjustment": 0.01584268215574956}, "val": {"mse": 0.4741888642311096, "rmse": 0.6886137264323952, "mae": 0.4087510108947754, "ci": 0.7897249443379495, "rm2": 0.3618395203936521, "pearson": 0.6261970826389083, "spearman": 0.5336662996497321, "r2": 0.3753589391708374, "bias": -0.07615712285041809}, "val_multiplier_mean": 1.1125733852386475, "val_multiplier_min": 1.0027772188186646, "val_multiplier_max": 1.2282421588897705}
{
  "guardrail": "validation only; test indices and metrics were not accessed",
  "condition": "shuffled_reliability",
  "seed": 42,
  "best_epoch": 13,
  "epoch0_max_abs_difference_vs_frozen": 9.5367431640625e-07,
  "p13d_baseline": {
    "mse": 0.48946526646614075,
    "rmse": 0.6996179432133947,
    "mae": 0.43143847584724426,
    "ci": 0.7885622123720057,
    "rm2": 0.3410284448121984,
    "pearson": 0.5995077496596147,
    "spearman": 0.5319472626673567,
    "r2": 0.35523557662963867,
    "bias": -0.015189344994723797
  },
  "frozen_brics_baseline": {
    "mse": 0.4746934473514557,
    "rmse": 0.6889800050447442,
    "mae": 0.40972059965133667,
    "ci": 0.7910689394760232,
    "rm2": 0.3605742919179668,
    "pearson": 0.6235646084719532,
    "spearman": 0.5361599679231639,
    "r2": 0.37469422817230225,
    "bias": -0.06786005944013596
  },
  "best": {
    "mse": 0.47376924753189087,
    "rmse": 0.6883089767915939,
    "mae": 0.4085940420627594,
    "ci": 0.7902850271731825,
    "rm2": 0.3620176318220901,
    "pearson": 0.6262672408253785,
    "spearman": 0.5346495211656214,
    "r2": 0.3759117126464844,
    "bias": -0.07426902651786804
  },
  "relative_mse_gain_vs_frozen": 0.0019469403353287835,
  "relative_mse_gain_vs_p13d": 0.03206768694247208,
  "multiplier": {
    "mean": 1.0904347896575928,
    "std": 0.06572619080543518,
    "min": 1.020788311958313,
    "max": 1.1901253461837769
  },
  "drug_bootstrap_vs_frozen": {
    "drugs": 7,
    "improved": 5,
    "worsened": 2,
    "improvements": [
      -0.003193387296050787,
      0.013806098140776157,
      0.0007856709416955709,
      7.394620479317382e-05,
      0.00032286407076753676,
      0.008760812692344189,
      -0.014086462557315826
    ],
    "mean": 0.0009242203138585735,
    "ci95": [
      -0.005185021714299053,
      0.0068350481378729455
    ],
    "probability_positive": 0.61795
  },
  "drug_bootstrap_vs_p13d": {
    "drugs": 7,
    "improved": 5,
    "worsened": 2,
    "improvements": [
      -0.03105594962835312,
      0.07272382080554962,
      0.02879178337752819,
      0.01520261075347662,
      0.060018666088581085,
      0.04511256143450737,
      -0.0809214785695076
    ],
    "mean": 0.015696002037397454,
    "ci95": [
      -0.023742908079709326,
      0.05013947228768042
    ],
    "probability_positive": 0.79985
  },
  "trainable_parameters": 161,
  "args": {
    "project": "/data1/ztx/MyModel-MDTA",
    "checkpoint": "outputs/Refine_experiment/davis/cold_start/drug_cold_5fold_seed42/baseline/fold_1/best_model.pt",
    "clean_checkpoint": "experiments/brics_hierarchical/outputs/graph_real_seed42/best.pt",
    "reference_predictions": "experiments/brics_hierarchical/outputs/graph_real_seed42/validation_predictions.npz",
    "global_cache": "experiments/pdbbind_to_davis_transfer/data/global_predictions/fold1_with_features.pt",
    "drug_cache": "experiments/brics_hierarchical/data/fold1_drug_encoder_inputs_chem.pt",
    "reliability_cache": "experiments/brics_hierarchical/data/fold1_brics_reliability.pt",
    "split": "data/splits/davis_drug_cold_5fold_seed42/fold_1/split.json",
    "condition": "shuffled_reliability",
    "clean_condition": "real",
    "seed": 42,
    "device": "cuda:1",
    "batch_size": 128,
    "epochs": 100,
    "patience": 20,
    "lr": 0.001,
    "weight_decay": 0.0001,
    "max_adjustment": 0.25,
    "lambda_adjustment": 0.001,
    "output_dir": "experiments/brics_hierarchical/outputs/reliability_shuffled_seed42"
  },
  "history": [
    {
      "epoch": 1,
      "train": {
        "loss": 0.21246991043653413,
        "mse": 0.21246965975788729,
        "adjustment": 0.0002500664276707596
      },
      "val": {
        "mse": 0.47464311122894287,
        "rmse": 0.6889434746254172,
        "mae": 0.4095327854156494,
        "ci": 0.7909941938758303,
        "rm2": 0.3607184245289889,
        "pearson": 0.6238165810155547,
        "spearman": 0.5360756266733742,
        "r2": 0.37476056814193726,
        "bias": -0.06874796748161316
      },
      "val_multiplier_mean": 1.0154283046722412,
      "val_multiplier_min": 1.001328468322754,
      "val_multiplier_max": 1.040683627128601
    },
    {
      "epoch": 2,
      "train": {
        "loss": 0.21244251474277615,
        "mse": 0.21244112983427757,
        "adjustment": 0.0013847276454653705
      },
      "val": {
        "mse": 0.47457417845726013,
        "rmse": 0.6888934449225512,
        "mae": 0.40936416387557983,
        "ci": 0.7909408332566189,
        "rm2": 0.36086668227563745,
        "pearson": 0.6241249645111089,
        "spearman": 0.5359620519053502,
        "r2": 0.3748513460159302,
        "bias": -0.06969853490591049
      },
      "val_multiplier_mean": 1.0305297374725342,
      "val_multiplier_min": 1.0092408657073975,
      "val_multiplier_max": 1.0756208896636963
    },
    {
      "epoch": 3,
      "train": {
        "loss": 0.21242062084838034,
        "mse": 0.2124186985799366,
        "adjustment": 0.0019227575406821644
      },
      "val": {
        "mse": 0.47454601526260376,
        "rmse": 0.6888730037260886,
        "mae": 0.40925347805023193,
        "ci": 0.790821892029064,
        "rm2": 0.36094665308246393,
        "pearson": 0.6243536987042828,
        "spearman": 0.5357347699698478,
        "r2": 0.37488847970962524,
        "bias": -0.0704641044139862
      },
      "val_multiplier_mean": 1.041243314743042,
      "val_multiplier_min": 1.0121707916259766,
      "val_multiplier_max": 1.096771001815796
    },
    {
      "epoch": 4,
      "train": {
        "loss": 0.21240023588197712,
        "mse": 0.2123965870155411,
        "adjustment": 0.003649547851139747
      },
      "val": {
        "mse": 0.4745003283023834,
        "rmse": 0.6888398422727764,
        "mae": 0.4091225862503052,
        "ci": 0.7907216881181787,
        "rm2": 0.36106154470130725,
        "pearson": 0.6246192163225497,
        "spearman": 0.5355572499301701,
        "r2": 0.3749486804008484,
        "bias": -0.0713157057762146
      },
      "val_multiplier_mean": 1.0525527000427246,
      "val_multiplier_min": 1.0149346590042114,
      "val_multiplier_max": 1.1175212860107422
    },
    {
      "epoch": 5,
      "train": {
        "loss": 0.2123889076998962,
        "mse": 0.21238428950553634,
        "adjustment": 0.004618384401043449
      },
      "val": {
        "mse": 0.47435861825942993,
        "rmse": 0.6887369732048875,
        "mae": 0.40901631116867065,
        "ci": 0.7906100788841032,
        "rm2": 0.36123752556692984,
        "pearson": 0.6249509702197087,
        "spearman": 0.535321616135785,
        "r2": 0.3751353621482849,
        "bias": -0.07191260904073715
      },
      "val_multiplier_mean": 1.0599008798599243,
      "val_multiplier_min": 1.0181586742401123,
      "val_multiplier_max": 1.1249350309371948
    },
    {
      "epoch": 6,
      "train": {
        "loss": 0.2123813309407365,
        "mse": 0.21237448861357497,
        "adjustment": 0.006842161670118811
      },
      "val": {
        "mse": 0.47420042753219604,
        "rmse": 0.6886221224533786,
        "mae": 0.40888532996177673,
        "ci": 0.7905579402638051,
        "rm2": 0.36143594996329864,
        "pearson": 0.62529592117216,
        "spearman": 0.5352501002071715,
        "r2": 0.3753436803817749,
        "bias": -0.07249992340803146
      },
      "val_multiplier_mean": 1.0673338174819946,
      "val_multiplier_min": 1.0215392112731934,
      "val_multiplier_max": 1.1399073600769043
    },
    {
      "epoch": 7,
      "train": {
        "loss": 0.2123687446527696,
        "mse": 0.2123618435867427,
        "adjustment": 0.006901192283013064
      },
      "val": {
        "mse": 0.47421443462371826,
        "rmse": 0.6886322927540636,
        "mae": 0.4088456332683563,
        "ci": 0.7904575326864343,
        "rm2": 0.3614567236590329,
        "pearson": 0.6253659824298335,
        "spearman": 0.53507278959392,
        "r2": 0.3753252625465393,
        "bias": -0.07285691797733307
      },
      "val_multiplier_mean": 1.0722036361694336,
      "val_multiplier_min": 1.0230716466903687,
      "val_multiplier_max": 1.1487908363342285
    },
    {
      "epoch": 8,
      "train": {
        "loss": 0.2123700598871856,
        "mse": 0.21236271322809308,
        "adjustment": 0.007346847413255337
      },
      "val": {
        "mse": 0.4741171598434448,
        "rmse": 0.6885616601608348,
        "mae": 0.4088188111782074,
        "ci": 0.7904318707092564,
        "rm2": 0.36156330227739725,
        "pearson": 0.6255483272639655,
        "spearman": 0.5349959761909462,
        "r2": 0.3754534125328064,
        "bias": -0.07308188080787659
      },
      "val_multiplier_mean": 1.0746415853500366,
      "val_multiplier_min": 1.0198982954025269,
      "val_multiplier_max": 1.1618150472640991
    },
    {
      "epoch": 9,
      "train": {
        "loss": 0.21235939551044775,
        "mse": 0.21235155003401593,
        "adjustment": 0.007846322117650045
      },
      "val": {
        "mse": 0.4740432798862457,
        "rmse": 0.688508010037825,
        "mae": 0.4087551534175873,
        "ci": 0.7903685304322536,
        "rm2": 0.3616698856720829,
        "pearson": 0.6257202104161175,
        "spearman": 0.5348941719694235,
        "r2": 0.37555068731307983,
        "bias": -0.07342058420181274
      },
      "val_multiplier_mean": 1.0792045593261719,
      "val_multiplier_min": 1.0203819274902344,
      "val_multiplier_max": 1.168984055519104
    },
    {
      "epoch": 10,
      "train": {
        "loss": 0.21235736064907676,
        "mse": 0.21234764187561142,
        "adjustment": 0.009718443284262572
      },
      "val": {
        "mse": 0.47389891743659973,
        "rmse": 0.6884031648943806,
        "mae": 0.4086686074733734,
        "ci": 0.7903288154675735,
        "rm2": 0.3618378686664271,
        "pearson": 0.625982898230399,
        "spearman": 0.5348022738751407,
        "r2": 0.3757408857345581,
        "bias": -0.07375318557024002
      },
      "val_multiplier_mean": 1.0840214490890503,
      "val_multiplier_min": 1.0231821537017822,
      "val_multiplier_max": 1.177273154258728
    },
    {
      "epoch": 11,
      "train": {
        "loss": 0.212352692146262,
        "mse": 0.21234258769424885,
        "adjustment": 0.010103699845074747
      },
      "val": {
        "mse": 0.4738740622997284,
        "rmse": 0.6883851119102797,
        "mae": 0.40863892436027527,
        "ci": 0.7902854345061536,
        "rm2": 0.36188423879348514,
        "pearson": 0.6260814348973077,
        "spearman": 0.534669693641515,
        "r2": 0.3757736086845398,
        "bias": -0.07401502877473831
      },
      "val_multiplier_mean": 1.0876621007919312,
      "val_multiplier_min": 1.0228108167648315,
      "val_multiplier_max": 1.1874059438705444
    },
    {
      "epoch": 12,
      "train": {
        "loss": 0.21234824053804718,
        "mse": 0.2123383835526177,
        "adjustment": 0.009856634077265367
      },
      "val": {
        "mse": 0.47387051582336426,
        "rmse": 0.6883825359662782,
        "mae": 0.40868043899536133,
        "ci": 0.7902406278793349,
        "rm2": 0.3618848754233815,
        "pearson": 0.6260770912829298,
        "spearman": 0.5345928719105744,
        "r2": 0.3757782578468323,
        "bias": -0.07398194074630737
      },
      "val_multiplier_mean": 1.0861753225326538,
      "val_multiplier_min": 1.0173683166503906,
      "val_multiplier_max": 1.1890672445297241
    },
    {
      "epoch": 13,
      "train": {
        "loss": 0.21234817803910255,
        "mse": 0.21233735397448034,
        "adjustment": 0.010823743465469772
      },
      "val": {
        "mse": 0.47376924753189087,
        "rmse": 0.6883089767915939,
        "mae": 0.4085940420627594,
        "ci": 0.7902854345061536,
        "rm2": 0.36201759977751374,
        "pearson": 0.6262672391369477,
        "spearman": 0.5346509216187564,
        "r2": 0.3759117126464844,
        "bias": -0.07426902651786804
      },
      "val_multiplier_mean": 1.0904347896575928,
      "val_multiplier_min": 1.020788311958313,
      "val_multiplier_max": 1.1901253461837769
    },
    {
      "epoch": 14,
      "train": {
        "loss": 0.21234602619206766,
        "mse": 0.21233451561529781,
        "adjustment": 0.011510493633155932
      },
      "val": {
        "mse": 0.4738245904445648,
        "rmse": 0.6883491777031224,
        "mae": 0.4086245596408844,
        "ci": 0.7902506075371264,
        "rm2": 0.36196626395208314,
        "pearson": 0.6262084689692523,
        "spearman": 0.5345648745478303,
        "r2": 0.3758387565612793,
        "bias": -0.0743018090724945
      },
      "val_multiplier_mean": 1.090404987335205,
      "val_multiplier_min": 1.0173171758651733,
      "val_multiplier_max": 1.1949174404144287
    },
    {
      "epoch": 15,
      "train": {
        "loss": 0.21234219984874192,
        "mse": 0.21233054908313295,
        "adjustment": 0.011651037314508077
      },
      "val": {
        "mse": 0.47390347719192505,
        "rmse": 0.6884064767213663,
        "mae": 0.4086110293865204,
        "ci": 0.7901251489820341,
        "rm2": 0.36192617621846984,
        "pearson": 0.6261860748590319,
        "spearman": 0.5343665534184514,
        "r2": 0.3757348656654358,
        "bias": -0.07461565732955933
      },
      "val_multiplier_mean": 1.0948479175567627,
      "val_multiplier_min": 1.0169198513031006,
      "val_multiplier_max": 1.2027220726013184
    },
    {
      "epoch": 16,
      "train": {
        "loss": 0.21234454066379016,
        "mse": 0.2123329723315713,
        "adjustment": 0.011568168659866734
      },
      "val": {
        "mse": 0.47386297583580017,
        "rmse": 0.6883770593474191,
        "mae": 0.4085862338542938,
        "ci": 0.7901337029744269,
        "rm2": 0.36197884630524807,
        "pearson": 0.6262603871424146,
        "spearman": 0.5343727029868899,
        "r2": 0.37578821182250977,
        "bias": -0.07472331821918488
      },
      "val_multiplier_mean": 1.096120834350586,
      "val_multiplier_min": 1.015650987625122,
      "val_multiplier_max": 1.205175757408142
    },
    {
      "epoch": 17,
      "train": {
        "loss": 0.21233954715512995,
        "mse": 0.21232679928417578,
        "adjustment": 0.012748163709739949
      },
      "val": {
        "mse": 0.47392207384109497,
        "rmse": 0.688419983615449,
        "mae": 0.40864989161491394,
        "ci": 0.7901037640010525,
        "rm2": 0.36191010574943716,
        "pearson": 0.6261587295567379,
        "spearman": 0.534314241023681,
        "r2": 0.3757103681564331,
        "bias": -0.07460734993219376
      },
      "val_multiplier_mean": 1.093464970588684,
      "val_multiplier_min": 1.0088125467300415,
      "val_multiplier_max": 1.2070857286453247
    },
    {
      "epoch": 18,
      "train": {
        "loss": 0.21233295344222988,
        "mse": 0.21232010654963807,
        "adjustment": 0.012846552547366158
      },
      "val": {
        "mse": 0.47396957874298096,
        "rmse": 0.68845448560016,
        "mae": 0.4086110293865204,
        "ci": 0.7900842120184408,
        "rm2": 0.3619120056033125,
        "pearson": 0.6261825571759829,
        "spearman": 0.5343098708496923,
        "r2": 0.37564778327941895,
        "bias": -0.0749722495675087
      },
      "val_multiplier_mean": 1.0989172458648682,
      "val_multiplier_min": 1.0115857124328613,
      "val_multiplier_max": 1.2102265357971191
    },
    {
      "epoch": 19,
      "train": {
        "loss": 0.21233144622284258,
        "mse": 0.21231829158332702,
        "adjustment": 0.013154490861535658
      },
      "val": {
        "mse": 0.47393032908439636,
        "rmse": 0.6884259793793348,
        "mae": 0.4085982143878937,
        "ci": 0.7900705663639096,
        "rm2": 0.36195450616565233,
        "pearson": 0.6262504643960102,
        "spearman": 0.5342789577323663,
        "r2": 0.375699520111084,
        "bias": -0.07504286617040634
      },
      "val_multiplier_mean": 1.0999995470046997,
      "val_multiplier_min": 1.0130360126495361,
      "val_multiplier_max": 1.211318850517273
    },
    {
      "epoch": 20,
      "train": {
        "loss": 0.21233592822299927,
        "mse": 0.2123222642254414,
        "adjustment": 0.013664057042191126
      },
      "val": {
        "mse": 0.4738154709339142,
        "rmse": 0.6883425534818505,
        "mae": 0.40859782695770264,
        "ci": 0.7900838046854697,
        "rm2": 0.3620570137148673,
        "pearson": 0.626388858578822,
        "spearman": 0.5342399307379144,
        "r2": 0.3758507966995239,
        "bias": -0.075013667345047
      },
      "val_multiplier_mean": 1.098934292793274,
      "val_multiplier_min": 1.010601282119751,
      "val_multiplier_max": 1.2130544185638428
    },
    {
      "epoch": 21,
      "train": {
        "loss": 0.21232809460207877,
        "mse": 0.21231506425032684,
        "adjustment": 0.013030890037528105
      },
      "val": {
        "mse": 0.47391167283058167,
        "rmse": 0.688412429311515,
        "mae": 0.4086783826351166,
        "ci": 0.7899919511004915,
        "rm2": 0.36194496680093974,
        "pearson": 0.6262342030178264,
        "spearman": 0.5341196015307793,
        "r2": 0.37572407722473145,
        "bias": -0.07485654205083847
      },
      "val_multiplier_mean": 1.0960867404937744,
      "val_multiplier_min": 1.006687045097351,
      "val_multiplier_max": 1.212599515914917
    },
    {
      "epoch": 22,
      "train": {
        "loss": 0.2123330020291681,
        "mse": 0.2123194162903225,
        "adjustment": 0.013585655853622824
      },
      "val": {
        "mse": 0.4740240275859833,
        "rmse": 0.6884940287220966,
        "mae": 0.40861013531684875,
        "ci": 0.7900139470809298,
        "rm2": 0.3619097895195881,
        "pearson": 0.6262025236221818,
        "spearman": 0.5341794643545474,
        "r2": 0.37557607889175415,
        "bias": -0.07535625249147415
      },
      "val_multiplier_mean": 1.1036022901535034,
      "val_multiplier_min": 1.0086935758590698,
      "val_multiplier_max": 1.2166355848312378
    },
    {
      "epoch": 23,
      "train": {
        "loss": 0.21232213535127045,
        "mse": 0.21230927165954533,
        "adjustment": 0.012863779264066738
      },
      "val": {
        "mse": 0.4738289713859558,
        "rmse": 0.6883523599043994,
        "mae": 0.40865084528923035,
        "ci": 0.7900251487376344,
        "rm2": 0.3620342361428651,
        "pearson": 0.6263742855184529,
        "spearman": 0.5341385207879236,
        "r2": 0.37583303451538086,
        "bias": -0.0749945119023323
      },
      "val_multiplier_mean": 1.0979537963867188,
      "val_multiplier_min": 1.0076590776443481,
      "val_multiplier_max": 1.2167270183563232
    },
    {
      "epoch": 24,
      "train": {
        "loss": 0.2123251623011673,
        "mse": 0.2123115181440888,
        "adjustment": 0.01364425719320513
      },
      "val": {
        "mse": 0.47395920753479004,
        "rmse": 0.6884469533194189,
        "mae": 0.4086324870586395,
        "ci": 0.789986859438353,
        "rm2": 0.361969258155218,
        "pearson": 0.6262970385818837,
        "spearman": 0.5340945431324807,
        "r2": 0.3756614327430725,
        "bias": -0.0753919929265976
      },
      "val_multiplier_mean": 1.1037110090255737,
      "val_multiplier_min": 1.0093454122543335,
      "val_multiplier_max": 1.2174267768859863
    },
    {
      "epoch": 25,
      "train": {
        "loss": 0.21232160940784983,
        "mse": 0.2123080843582045,
        "adjustment": 0.013525426831525715
      },
      "val": {
        "mse": 0.4738607704639435,
        "rmse": 0.6883754574822838,
        "mae": 0.40858715772628784,
        "ci": 0.7899886924367229,
        "rm2": 0.3620755805688094,
        "pearson": 0.6264396337109288,
        "spearman": 0.5340909304592981,
        "r2": 0.37579113245010376,
        "bias": -0.07548488676548004
      },
      "val_multiplier_mean": 1.1048372983932495,
      "val_multiplier_min": 1.0091320276260376,
      "val_multiplier_max": 1.2183802127838135
    },
    {
      "epoch": 26,
      "train": {
        "loss": 0.21232257151759784,
        "mse": 0.21230742008231357,
        "adjustment": 0.015151559526307517
      },
      "val": {
        "mse": 0.47389131784439087,
        "rmse": 0.6883976451473311,
        "mae": 0.40859076380729675,
        "ci": 0.7899567167984932,
        "rm2": 0.36206382442464585,
        "pearson": 0.6264339132808421,
        "spearman": 0.5340429414842602,
        "r2": 0.37575089931488037,
        "bias": -0.0756230354309082
      },
      "val_multiplier_mean": 1.1066179275512695,
      "val_multiplier_min": 1.0082511901855469,
      "val_multiplier_max": 1.2211520671844482
    },
    {
      "epoch": 27,
      "train": {
        "loss": 0.21231562441176005,
        "mse": 0.21230045947835066,
        "adjustment": 0.01516550465901094
      },
      "val": {
        "mse": 0.47391191124916077,
        "rmse": 0.6884126024770034,
        "mae": 0.4086437523365021,
        "ci": 0.7898964315187735,
        "rm2": 0.36203097217747343,
        "pearson": 0.6263968197130029,
        "spearman": 0.5339350994928362,
        "r2": 0.37572377920150757,
        "bias": -0.07555562257766724
      },
      "val_multiplier_mean": 1.1051868200302124,
      "val_multiplier_min": 1.0057730674743652,
      "val_multiplier_max": 1.222851276397705
    },
    {
      "epoch": 28,
      "train": {
        "loss": 0.21231448303904882,
        "mse": 0.21230020951413323,
        "adjustment": 0.01427336330919643
      },
      "val": {
        "mse": 0.47390884160995483,
        "rmse": 0.6884103729680101,
        "mae": 0.40864354372024536,
        "ci": 0.7898966351852591,
        "rm2": 0.36205141068223506,
        "pearson": 0.6264341032095884,
        "spearman": 0.5338916628042044,
        "r2": 0.3757278323173523,
        "bias": -0.07569754868745804
      },
      "val_multiplier_mean": 1.1071068048477173,
      "val_multiplier_min": 1.0070216655731201,
      "val_multiplier_max": 1.2232325077056885
    },
    {
      "epoch": 29,
      "train": {
        "loss": 0.21231603035542806,
        "mse": 0.21230156808629627,
        "adjustment": 0.014461951646453506
      },
      "val": {
        "mse": 0.4739362597465515,
        "rmse": 0.6884302867731427,
        "mae": 0.40863415598869324,
        "ci": 0.78985732755355,
        "rm2": 0.36205350231048644,
        "pearson": 0.6264541515775798,
        "spearman": 0.5338381185959397,
        "r2": 0.3756917119026184,
        "bias": -0.07592657953500748
      },
      "val_multiplier_mean": 1.1104375123977661,
      "val_multiplier_min": 1.008618950843811,
      "val_multiplier_max": 1.2252458333969116
    },
    {
      "epoch": 30,
      "train": {
        "loss": 0.21231179842349712,
        "mse": 0.2122971926429991,
        "adjustment": 0.014605891914584357
      },
      "val": {
        "mse": 0.4739905893802643,
        "rmse": 0.6884697447094275,
        "mae": 0.4086403548717499,
        "ci": 0.7898408305682213,
        "rm2": 0.36201094561158187,
        "pearson": 0.6264058764964099,
        "spearman": 0.5338293945761075,
        "r2": 0.37562012672424316,
        "bias": -0.07600542902946472
      },
      "val_multiplier_mean": 1.1115723848342896,
      "val_multiplier_min": 1.0091973543167114,
      "val_multiplier_max": 1.2251763343811035
    },
    {
      "epoch": 31,
      "train": {
        "loss": 0.2123078608336136,
        "mse": 0.21229328672902192,
        "adjustment": 0.014574197007900335
      },
      "val": {
        "mse": 0.4740055799484253,
        "rmse": 0.6884806314983924,
        "mae": 0.40868908166885376,
        "ci": 0.7898070219316218,
        "rm2": 0.3619893296670207,
        "pearson": 0.6263756875731379,
        "spearman": 0.5337375819178571,
        "r2": 0.3756003975868225,
        "bias": -0.07595282047986984
      },
      "val_multiplier_mean": 1.1101264953613281,
      "val_multiplier_min": 1.0050764083862305,
      "val_multiplier_max": 1.2265617847442627
    },
    {
      "epoch": 32,
      "train": {
        "loss": 0.21230521065054678,
        "mse": 0.21228998069688815,
        "adjustment": 0.015230212074866667
      },
      "val": {
        "mse": 0.47413671016693115,
        "rmse": 0.6885758565088752,
        "mae": 0.40870416164398193,
        "ci": 0.7897595676404912,
        "rm2": 0.36189763267007147,
        "pearson": 0.6262666218125325,
        "spearman": 0.5337219325501174,
        "r2": 0.37542760372161865,
        "bias": -0.07619228959083557
      },
      "val_multiplier_mean": 1.1133440732955933,
      "val_multiplier_min": 1.0043525695800781,
      "val_multiplier_max": 1.2269682884216309
    },
    {
      "epoch": 33,
      "train": {
        "loss": 0.2123070814183854,
        "mse": 0.21229123864568575,
        "adjustment": 0.01584268215574956
      },
      "val": {
        "mse": 0.4741888642311096,
        "rmse": 0.6886137264323952,
        "mae": 0.4087510108947754,
        "ci": 0.7897249443379495,
        "rm2": 0.3618395203936521,
        "pearson": 0.6261970826389083,
        "spearman": 0.5336662996497321,
        "r2": 0.3753589391708374,
        "bias": -0.07615712285041809
      },
      "val_multiplier_mean": 1.1125733852386475,
      "val_multiplier_min": 1.0027772188186646,
      "val_multiplier_max": 1.2282421588897705
    }
  ]
}
