{"epoch": 1, "train": {"loss": 0.21247396638068725, "mse": 0.2124738320077052, "adjustment": 0.0001341843600600697}, "val": {"mse": 0.4749545156955719, "rmse": 0.6891694390319204, "mae": 0.40961605310440063, "ci": 0.7906925638107466, "rm2": 0.36049729562884314, "pearson": 0.6236107146531941, "spearman": 0.5356055539151997, "r2": 0.374350368976593, "bias": -0.06953665614128113}, "val_multiplier_mean": 1.023219108581543, "val_multiplier_min": 1.005847454071045, "val_multiplier_max": 1.059046745300293}
{"epoch": 2, "train": {"loss": 0.2124405099118285, "mse": 0.212439697036055, "adjustment": 0.0008124224125416872}, "val": {"mse": 0.4752175211906433, "rmse": 0.6893602259999073, "mae": 0.4095761179924011, "ci": 0.7905021356467674, "rm2": 0.36042411121372914, "pearson": 0.6236731865629582, "spearman": 0.535339216522896, "r2": 0.37400388717651367, "bias": -0.07124990224838257}, "val_multiplier_mean": 1.0483516454696655, "val_multiplier_min": 1.0075862407684326, "val_multiplier_max": 1.1279391050338745}
{"epoch": 3, "train": {"loss": 0.21240775893985955, "mse": 0.2124057959317243, "adjustment": 0.0019630543227297007}, "val": {"mse": 0.47550591826438904, "rmse": 0.6895693716112897, "mae": 0.409685879945755, "ci": 0.7902371655490807, "rm2": 0.36028479767225663, "pearson": 0.6236798998101504, "spearman": 0.5349526285718854, "r2": 0.37362396717071533, "bias": -0.07274153083562851}, "val_multiplier_mean": 1.0714753866195679, "val_multiplier_min": 1.0071932077407837, "val_multiplier_max": 1.187211513519287}
{"epoch": 4, "train": {"loss": 0.21238605302217045, "mse": 0.21238139974401857, "adjustment": 0.004653074213967934}, "val": {"mse": 0.4756493866443634, "rmse": 0.6896733912834128, "mae": 0.40970513224601746, "ci": 0.7902239272275208, "rm2": 0.3602118511406445, "pearson": 0.6237259777713526, "spearman": 0.5349557024318065, "r2": 0.37343502044677734, "bias": -0.07359394431114197}, "val_multiplier_mean": 1.0849416255950928, "val_multiplier_min": 1.0048426389694214, "val_multiplier_max": 1.2163989543914795}
{"epoch": 5, "train": {"loss": 0.21236965253187395, "mse": 0.2123636324713592, "adjustment": 0.006020481904169369}, "val": {"mse": 0.47563061118125916, "rmse": 0.6896597792979224, "mae": 0.40968185663223267, "ci": 0.7902428682106759, "rm2": 0.36023500483708676, "pearson": 0.6237993896123981, "spearman": 0.5349885547187412, "r2": 0.37345975637435913, "bias": -0.07375950366258621}, "val_multiplier_mean": 1.0891047716140747, "val_multiplier_min": 0.995968759059906, "val_multiplier_max": 1.2268037796020508}
{"epoch": 6, "train": {"loss": 0.21235924602541872, "mse": 0.2123512119611418, "adjustment": 0.00803385094918911}, "val": {"mse": 0.47565197944641113, "rmse": 0.6896752710126782, "mae": 0.4096773564815521, "ci": 0.7903734184279065, "rm2": 0.3602120252932912, "pearson": 0.6237874915008575, "spearman": 0.5352074319528807, "r2": 0.37343156337738037, "bias": -0.07379795610904694}, "val_multiplier_mean": 1.0912739038467407, "val_multiplier_min": 0.9875507950782776, "val_multiplier_max": 1.2339121103286743}
{"epoch": 7, "train": {"loss": 0.21235578872289973, "mse": 0.21234631331809115, "adjustment": 0.009475262468185624}, "val": {"mse": 0.47560328245162964, "rmse": 0.6896399658166786, "mae": 0.40962958335876465, "ci": 0.7904027464018242, "rm2": 0.3602647929506615, "pearson": 0.6238857443721129, "spearman": 0.5352536820574895, "r2": 0.3734956979751587, "bias": -0.07392905652523041}, "val_multiplier_mean": 1.0943880081176758, "val_multiplier_min": 0.984602153301239, "val_multiplier_max": 1.2372580766677856}
{"epoch": 8, "train": {"loss": 0.21235439790672983, "mse": 0.21234529963098706, "adjustment": 0.009098281056428393}, "val": {"mse": 0.4756249189376831, "rmse": 0.6896556524365497, "mae": 0.40954989194869995, "ci": 0.790414762724471, "rm2": 0.3602929959436195, "pearson": 0.623979038316365, "spearman": 0.5353009359485529, "r2": 0.37346726655960083, "bias": -0.07441513240337372}, "val_multiplier_mean": 1.099657654762268, "val_multiplier_min": 0.9861953854560852, "val_multiplier_max": 1.2421954870224}
{"epoch": 9, "train": {"loss": 0.21234745497915644, "mse": 0.21233733378969763, "adjustment": 0.010121249148800224}, "val": {"mse": 0.4756121337413788, "rmse": 0.6896463831133887, "mae": 0.40948304533958435, "ci": 0.7904485713610705, "rm2": 0.3603287879369528, "pearson": 0.6240518426715804, "spearman": 0.5353774399804544, "r2": 0.3734840750694275, "bias": -0.07464611530303955}, "val_multiplier_mean": 1.1030265092849731, "val_multiplier_min": 0.9848747253417969, "val_multiplier_max": 1.2447593212127686}
{"epoch": 10, "train": {"loss": 0.2123459362743839, "mse": 0.2123342140027117, "adjustment": 0.011722510431833007}, "val": {"mse": 0.47559139132499695, "rmse": 0.6896313445058867, "mae": 0.40945857763290405, "ci": 0.7904776956685027, "rm2": 0.36034761053539066, "pearson": 0.6240872138974332, "spearman": 0.5354315107624626, "r2": 0.3735114336013794, "bias": -0.0746724084019661}, "val_multiplier_mean": 1.1043851375579834, "val_multiplier_min": 0.9833669066429138, "val_multiplier_max": 1.2455370426177979}
{"epoch": 11, "train": {"loss": 0.21234439184943532, "mse": 0.2123320058190445, "adjustment": 0.012386025999613266}, "val": {"mse": 0.47554656863212585, "rmse": 0.6895988461650192, "mae": 0.4093804359436035, "ci": 0.7905477569395282, "rm2": 0.3604160932214567, "pearson": 0.6241961103491558, "spearman": 0.5355623659520229, "r2": 0.37357044219970703, "bias": -0.07489699870347977}, "val_multiplier_mean": 1.1073625087738037, "val_multiplier_min": 0.9819443821907043, "val_multiplier_max": 1.2468663454055786}
{"epoch": 12, "train": {"loss": 0.21234233549134246, "mse": 0.21233046225126775, "adjustment": 0.011873173050774646}, "val": {"mse": 0.47555655241012573, "rmse": 0.6896060849572934, "mae": 0.4093606173992157, "ci": 0.7906204658748657, "rm2": 0.3604081955732906, "pearson": 0.6241709042193813, "spearman": 0.5357019791595597, "r2": 0.37355732917785645, "bias": -0.07486221194267273}, "val_multiplier_mean": 1.1071898937225342, "val_multiplier_min": 0.9754990339279175, "val_multiplier_max": 1.247735857963562}
{"epoch": 13, "train": {"loss": 0.21234015786316118, "mse": 0.2123273647349689, "adjustment": 0.01279318861706738}, "val": {"mse": 0.4755219519138336, "rmse": 0.6895809973555199, "mae": 0.4093412160873413, "ci": 0.7906143558802995, "rm2": 0.36043674977150986, "pearson": 0.6242303775922582, "spearman": 0.5356824339953246, "r2": 0.37360286712646484, "bias": -0.07490085810422897}, "val_multiplier_mean": 1.108954906463623, "val_multiplier_min": 0.9780629277229309, "val_multiplier_max": 1.247576117515564}
{"epoch": 14, "train": {"loss": 0.2123378573947248, "mse": 0.212324253670334, "adjustment": 0.013603345741060296}, "val": {"mse": 0.4755641520023346, "rmse": 0.6896115950318227, "mae": 0.4093449115753174, "ci": 0.7906750484929902, "rm2": 0.36039405500977756, "pearson": 0.6241456604459743, "spearman": 0.5357967485765779, "r2": 0.3735472559928894, "bias": -0.07479783147573471}, "val_multiplier_mean": 1.1074775457382202, "val_multiplier_min": 0.9703074097633362, "val_multiplier_max": 1.2482820749282837}
{"epoch": 15, "train": {"loss": 0.2123360246881847, "mse": 0.21232265576431883, "adjustment": 0.013369981572049907}, "val": {"mse": 0.47553595900535583, "rmse": 0.6895911535144255, "mae": 0.4092818796634674, "ci": 0.790694600475602, "rm2": 0.3604485246065856, "pearson": 0.6242439408089693, "spearman": 0.5358215446045762, "r2": 0.37358444929122925, "bias": -0.07505615055561066}, "val_multiplier_mean": 1.1103579998016357, "val_multiplier_min": 0.973275899887085, "val_multiplier_max": 1.248759388923645}
{"epoch": 16, "train": {"loss": 0.21233699321632057, "mse": 0.2123230630077319, "adjustment": 0.013930170738979382}, "val": {"mse": 0.4755043387413025, "rmse": 0.6895682263136133, "mae": 0.4092477858066559, "ci": 0.7907467390959, "rm2": 0.360488144808155, "pearson": 0.624316863310943, "spearman": 0.5359357653748779, "r2": 0.37362605333328247, "bias": -0.07518007606267929}, "val_multiplier_mean": 1.1122877597808838, "val_multiplier_min": 0.9756156802177429, "val_multiplier_max": 1.2488802671432495}
{"epoch": 17, "train": {"loss": 0.21233534722547623, "mse": 0.21232124615492554, "adjustment": 0.014101224476325393}, "val": {"mse": 0.4755942225456238, "rmse": 0.6896333972087081, "mae": 0.40932896733283997, "ci": 0.7907017288025958, "rm2": 0.360364820997439, "pearson": 0.6241114056463116, "spearman": 0.5358572816521948, "r2": 0.37350767850875854, "bias": -0.07480587065219879}, "val_multiplier_mean": 1.108290433883667, "val_multiplier_min": 0.9675081372261047, "val_multiplier_max": 1.2487982511520386}
{"epoch": 18, "train": {"loss": 0.2123332848399232, "mse": 0.21231915457962314, "adjustment": 0.014130145394113917}, "val": {"mse": 0.4755634069442749, "rmse": 0.689611054830384, "mae": 0.40928030014038086, "ci": 0.7907288164451726, "rm2": 0.36041946812602654, "pearson": 0.6242422474667533, "spearman": 0.5358968741331142, "r2": 0.3735482692718506, "bias": -0.07514522969722748}, "val_multiplier_mean": 1.1125096082687378, "val_multiplier_min": 0.9783204197883606, "val_multiplier_max": 1.248814344406128}
{"epoch": 19, "train": {"loss": 0.2123313025909702, "mse": 0.21231695038700535, "adjustment": 0.014351981499242125}, "val": {"mse": 0.4755479395389557, "rmse": 0.6895998401529366, "mae": 0.4092748761177063, "ci": 0.7907033581344801, "rm2": 0.3604297230692558, "pearson": 0.6242436262342372, "spearman": 0.5358502533509416, "r2": 0.37356865406036377, "bias": -0.07508107274770737}, "val_multiplier_mean": 1.1119188070297241, "val_multiplier_min": 0.9742400646209717, "val_multiplier_max": 1.2489349842071533}
{"epoch": 20, "train": {"loss": 0.21233509780066734, "mse": 0.21232011566650333, "adjustment": 0.01498289104550001}, "val": {"mse": 0.4756298065185547, "rmse": 0.6896591959211119, "mae": 0.4092775285243988, "ci": 0.790699895804226, "rm2": 0.3603595107633364, "pearson": 0.6241465268555758, "spearman": 0.5358525368238379, "r2": 0.3734607696533203, "bias": -0.07511424273252487}, "val_multiplier_mean": 1.111838698387146, "val_multiplier_min": 0.9736306071281433, "val_multiplier_max": 1.2491707801818848}
{
  "guardrail": "validation only; test indices and metrics were not accessed",
  "condition": "real",
  "seed": 42,
  "best_epoch": 0,
  "epoch0_max_abs_difference_vs_frozen": 9.5367431640625e-07,
  "p13d_baseline": {
    "mse": 0.48946526646614075,
    "rmse": 0.6996179432133947,
    "mae": 0.43143847584724426,
    "ci": 0.7885622123720057,
    "rm2": 0.3410284448121984,
    "pearson": 0.5995077496596147,
    "spearman": 0.5319472626673567,
    "r2": 0.35523557662963867,
    "bias": -0.015189344994723797
  },
  "frozen_brics_baseline": {
    "mse": 0.4746934473514557,
    "rmse": 0.6889800050447442,
    "mae": 0.40972059965133667,
    "ci": 0.7910689394760232,
    "rm2": 0.3605742919179668,
    "pearson": 0.6235646084719532,
    "spearman": 0.5361599679231639,
    "r2": 0.37469422817230225,
    "bias": -0.06786005944013596
  },
  "best": {
    "mse": 0.4746934473514557,
    "rmse": 0.6889800050447442,
    "mae": 0.40972059965133667,
    "ci": 0.7910699578084509,
    "rm2": 0.36057441373204213,
    "pearson": 0.6235646101069168,
    "spearman": 0.5361608502602975,
    "r2": 0.37469422817230225,
    "bias": -0.06786006689071655
  },
  "relative_mse_gain_vs_frozen": 0.0,
  "relative_mse_gain_vs_p13d": 0.030179504301367857,
  "multiplier": {
    "mean": 1.0,
    "std": 0.0,
    "min": 1.0,
    "max": 1.0
  },
  "drug_bootstrap_vs_frozen": {
    "drugs": 7,
    "improved": 4,
    "worsened": 3,
    "improvements": [
      4.672580655729064e-10,
      1.3992226702373017e-13,
      -2.5284776494771677e-09,
      9.137171019801826e-09,
      -3.4936449289091343e-09,
      1.0931451299711625e-08,
      -5.4137077043492354e-09
    ],
    "mean": 1.3000271463739777e-09,
    "ci95": [
      -2.768247970289699e-09,
      5.74909822882914e-09
    ],
    "probability_positive": 0.7026
  },
  "drug_bootstrap_vs_p13d": {
    "drugs": 7,
    "improved": 5,
    "worsened": 2,
    "improvements": [
      -0.027862560003995895,
      0.058917731046676636,
      0.028006108477711678,
      0.015128673985600471,
      0.05969579517841339,
      0.0363517589867115,
      -0.06683501601219177
    ],
    "mean": 0.014771784522703715,
    "ci95": [
      -0.018733099369066104,
      0.043749570314373286
    ],
    "probability_positive": 0.81655
  },
  "trainable_parameters": 161,
  "args": {
    "project": "/data1/ztx/MyModel-MDTA",
    "checkpoint": "outputs/Refine_experiment/davis/cold_start/drug_cold_5fold_seed42/baseline/fold_1/best_model.pt",
    "clean_checkpoint": "experiments/brics_hierarchical/outputs/graph_real_seed42/best.pt",
    "reference_predictions": "experiments/brics_hierarchical/outputs/graph_real_seed42/validation_predictions.npz",
    "global_cache": "experiments/pdbbind_to_davis_transfer/data/global_predictions/fold1_with_features.pt",
    "drug_cache": "experiments/brics_hierarchical/data/fold1_drug_encoder_inputs_chem.pt",
    "reliability_cache": "experiments/brics_hierarchical/data/fold1_brics_reliability.pt",
    "split": "data/splits/davis_drug_cold_5fold_seed42/fold_1/split.json",
    "condition": "real",
    "clean_condition": "real",
    "seed": 42,
    "device": "cuda:0",
    "batch_size": 128,
    "epochs": 100,
    "patience": 20,
    "lr": 0.001,
    "weight_decay": 0.0001,
    "max_adjustment": 0.25,
    "lambda_adjustment": 0.001,
    "output_dir": "experiments/brics_hierarchical/outputs/reliability_real_seed42"
  },
  "history": [
    {
      "epoch": 1,
      "train": {
        "loss": 0.21247396638068725,
        "mse": 0.2124738320077052,
        "adjustment": 0.0001341843600600697
      },
      "val": {
        "mse": 0.4749545156955719,
        "rmse": 0.6891694390319204,
        "mae": 0.40961605310440063,
        "ci": 0.7906925638107466,
        "rm2": 0.36049729562884314,
        "pearson": 0.6236107146531941,
        "spearman": 0.5356055539151997,
        "r2": 0.374350368976593,
        "bias": -0.06953665614128113
      },
      "val_multiplier_mean": 1.023219108581543,
      "val_multiplier_min": 1.005847454071045,
      "val_multiplier_max": 1.059046745300293
    },
    {
      "epoch": 2,
      "train": {
        "loss": 0.2124405099118285,
        "mse": 0.212439697036055,
        "adjustment": 0.0008124224125416872
      },
      "val": {
        "mse": 0.4752175211906433,
        "rmse": 0.6893602259999073,
        "mae": 0.4095761179924011,
        "ci": 0.7905021356467674,
        "rm2": 0.36042411121372914,
        "pearson": 0.6236731865629582,
        "spearman": 0.535339216522896,
        "r2": 0.37400388717651367,
        "bias": -0.07124990224838257
      },
      "val_multiplier_mean": 1.0483516454696655,
      "val_multiplier_min": 1.0075862407684326,
      "val_multiplier_max": 1.1279391050338745
    },
    {
      "epoch": 3,
      "train": {
        "loss": 0.21240775893985955,
        "mse": 0.2124057959317243,
        "adjustment": 0.0019630543227297007
      },
      "val": {
        "mse": 0.47550591826438904,
        "rmse": 0.6895693716112897,
        "mae": 0.409685879945755,
        "ci": 0.7902371655490807,
        "rm2": 0.36028479767225663,
        "pearson": 0.6236798998101504,
        "spearman": 0.5349526285718854,
        "r2": 0.37362396717071533,
        "bias": -0.07274153083562851
      },
      "val_multiplier_mean": 1.0714753866195679,
      "val_multiplier_min": 1.0071932077407837,
      "val_multiplier_max": 1.187211513519287
    },
    {
      "epoch": 4,
      "train": {
        "loss": 0.21238605302217045,
        "mse": 0.21238139974401857,
        "adjustment": 0.004653074213967934
      },
      "val": {
        "mse": 0.4756493866443634,
        "rmse": 0.6896733912834128,
        "mae": 0.40970513224601746,
        "ci": 0.7902239272275208,
        "rm2": 0.3602118511406445,
        "pearson": 0.6237259777713526,
        "spearman": 0.5349557024318065,
        "r2": 0.37343502044677734,
        "bias": -0.07359394431114197
      },
      "val_multiplier_mean": 1.0849416255950928,
      "val_multiplier_min": 1.0048426389694214,
      "val_multiplier_max": 1.2163989543914795
    },
    {
      "epoch": 5,
      "train": {
        "loss": 0.21236965253187395,
        "mse": 0.2123636324713592,
        "adjustment": 0.006020481904169369
      },
      "val": {
        "mse": 0.47563061118125916,
        "rmse": 0.6896597792979224,
        "mae": 0.40968185663223267,
        "ci": 0.7902428682106759,
        "rm2": 0.36023500483708676,
        "pearson": 0.6237993896123981,
        "spearman": 0.5349885547187412,
        "r2": 0.37345975637435913,
        "bias": -0.07375950366258621
      },
      "val_multiplier_mean": 1.0891047716140747,
      "val_multiplier_min": 0.995968759059906,
      "val_multiplier_max": 1.2268037796020508
    },
    {
      "epoch": 6,
      "train": {
        "loss": 0.21235924602541872,
        "mse": 0.2123512119611418,
        "adjustment": 0.00803385094918911
      },
      "val": {
        "mse": 0.47565197944641113,
        "rmse": 0.6896752710126782,
        "mae": 0.4096773564815521,
        "ci": 0.7903734184279065,
        "rm2": 0.3602120252932912,
        "pearson": 0.6237874915008575,
        "spearman": 0.5352074319528807,
        "r2": 0.37343156337738037,
        "bias": -0.07379795610904694
      },
      "val_multiplier_mean": 1.0912739038467407,
      "val_multiplier_min": 0.9875507950782776,
      "val_multiplier_max": 1.2339121103286743
    },
    {
      "epoch": 7,
      "train": {
        "loss": 0.21235578872289973,
        "mse": 0.21234631331809115,
        "adjustment": 0.009475262468185624
      },
      "val": {
        "mse": 0.47560328245162964,
        "rmse": 0.6896399658166786,
        "mae": 0.40962958335876465,
        "ci": 0.7904027464018242,
        "rm2": 0.3602647929506615,
        "pearson": 0.6238857443721129,
        "spearman": 0.5352536820574895,
        "r2": 0.3734956979751587,
        "bias": -0.07392905652523041
      },
      "val_multiplier_mean": 1.0943880081176758,
      "val_multiplier_min": 0.984602153301239,
      "val_multiplier_max": 1.2372580766677856
    },
    {
      "epoch": 8,
      "train": {
        "loss": 0.21235439790672983,
        "mse": 0.21234529963098706,
        "adjustment": 0.009098281056428393
      },
      "val": {
        "mse": 0.4756249189376831,
        "rmse": 0.6896556524365497,
        "mae": 0.40954989194869995,
        "ci": 0.790414762724471,
        "rm2": 0.3602929959436195,
        "pearson": 0.623979038316365,
        "spearman": 0.5353009359485529,
        "r2": 0.37346726655960083,
        "bias": -0.07441513240337372
      },
      "val_multiplier_mean": 1.099657654762268,
      "val_multiplier_min": 0.9861953854560852,
      "val_multiplier_max": 1.2421954870224
    },
    {
      "epoch": 9,
      "train": {
        "loss": 0.21234745497915644,
        "mse": 0.21233733378969763,
        "adjustment": 0.010121249148800224
      },
      "val": {
        "mse": 0.4756121337413788,
        "rmse": 0.6896463831133887,
        "mae": 0.40948304533958435,
        "ci": 0.7904485713610705,
        "rm2": 0.3603287879369528,
        "pearson": 0.6240518426715804,
        "spearman": 0.5353774399804544,
        "r2": 0.3734840750694275,
        "bias": -0.07464611530303955
      },
      "val_multiplier_mean": 1.1030265092849731,
      "val_multiplier_min": 0.9848747253417969,
      "val_multiplier_max": 1.2447593212127686
    },
    {
      "epoch": 10,
      "train": {
        "loss": 0.2123459362743839,
        "mse": 0.2123342140027117,
        "adjustment": 0.011722510431833007
      },
      "val": {
        "mse": 0.47559139132499695,
        "rmse": 0.6896313445058867,
        "mae": 0.40945857763290405,
        "ci": 0.7904776956685027,
        "rm2": 0.36034761053539066,
        "pearson": 0.6240872138974332,
        "spearman": 0.5354315107624626,
        "r2": 0.3735114336013794,
        "bias": -0.0746724084019661
      },
      "val_multiplier_mean": 1.1043851375579834,
      "val_multiplier_min": 0.9833669066429138,
      "val_multiplier_max": 1.2455370426177979
    },
    {
      "epoch": 11,
      "train": {
        "loss": 0.21234439184943532,
        "mse": 0.2123320058190445,
        "adjustment": 0.012386025999613266
      },
      "val": {
        "mse": 0.47554656863212585,
        "rmse": 0.6895988461650192,
        "mae": 0.4093804359436035,
        "ci": 0.7905477569395282,
        "rm2": 0.3604160932214567,
        "pearson": 0.6241961103491558,
        "spearman": 0.5355623659520229,
        "r2": 0.37357044219970703,
        "bias": -0.07489699870347977
      },
      "val_multiplier_mean": 1.1073625087738037,
      "val_multiplier_min": 0.9819443821907043,
      "val_multiplier_max": 1.2468663454055786
    },
    {
      "epoch": 12,
      "train": {
        "loss": 0.21234233549134246,
        "mse": 0.21233046225126775,
        "adjustment": 0.011873173050774646
      },
      "val": {
        "mse": 0.47555655241012573,
        "rmse": 0.6896060849572934,
        "mae": 0.4093606173992157,
        "ci": 0.7906204658748657,
        "rm2": 0.3604081955732906,
        "pearson": 0.6241709042193813,
        "spearman": 0.5357019791595597,
        "r2": 0.37355732917785645,
        "bias": -0.07486221194267273
      },
      "val_multiplier_mean": 1.1071898937225342,
      "val_multiplier_min": 0.9754990339279175,
      "val_multiplier_max": 1.247735857963562
    },
    {
      "epoch": 13,
      "train": {
        "loss": 0.21234015786316118,
        "mse": 0.2123273647349689,
        "adjustment": 0.01279318861706738
      },
      "val": {
        "mse": 0.4755219519138336,
        "rmse": 0.6895809973555199,
        "mae": 0.4093412160873413,
        "ci": 0.7906143558802995,
        "rm2": 0.36043674977150986,
        "pearson": 0.6242303775922582,
        "spearman": 0.5356824339953246,
        "r2": 0.37360286712646484,
        "bias": -0.07490085810422897
      },
      "val_multiplier_mean": 1.108954906463623,
      "val_multiplier_min": 0.9780629277229309,
      "val_multiplier_max": 1.247576117515564
    },
    {
      "epoch": 14,
      "train": {
        "loss": 0.2123378573947248,
        "mse": 0.212324253670334,
        "adjustment": 0.013603345741060296
      },
      "val": {
        "mse": 0.4755641520023346,
        "rmse": 0.6896115950318227,
        "mae": 0.4093449115753174,
        "ci": 0.7906750484929902,
        "rm2": 0.36039405500977756,
        "pearson": 0.6241456604459743,
        "spearman": 0.5357967485765779,
        "r2": 0.3735472559928894,
        "bias": -0.07479783147573471
      },
      "val_multiplier_mean": 1.1074775457382202,
      "val_multiplier_min": 0.9703074097633362,
      "val_multiplier_max": 1.2482820749282837
    },
    {
      "epoch": 15,
      "train": {
        "loss": 0.2123360246881847,
        "mse": 0.21232265576431883,
        "adjustment": 0.013369981572049907
      },
      "val": {
        "mse": 0.47553595900535583,
        "rmse": 0.6895911535144255,
        "mae": 0.4092818796634674,
        "ci": 0.790694600475602,
        "rm2": 0.3604485246065856,
        "pearson": 0.6242439408089693,
        "spearman": 0.5358215446045762,
        "r2": 0.37358444929122925,
        "bias": -0.07505615055561066
      },
      "val_multiplier_mean": 1.1103579998016357,
      "val_multiplier_min": 0.973275899887085,
      "val_multiplier_max": 1.248759388923645
    },
    {
      "epoch": 16,
      "train": {
        "loss": 0.21233699321632057,
        "mse": 0.2123230630077319,
        "adjustment": 0.013930170738979382
      },
      "val": {
        "mse": 0.4755043387413025,
        "rmse": 0.6895682263136133,
        "mae": 0.4092477858066559,
        "ci": 0.7907467390959,
        "rm2": 0.360488144808155,
        "pearson": 0.624316863310943,
        "spearman": 0.5359357653748779,
        "r2": 0.37362605333328247,
        "bias": -0.07518007606267929
      },
      "val_multiplier_mean": 1.1122877597808838,
      "val_multiplier_min": 0.9756156802177429,
      "val_multiplier_max": 1.2488802671432495
    },
    {
      "epoch": 17,
      "train": {
        "loss": 0.21233534722547623,
        "mse": 0.21232124615492554,
        "adjustment": 0.014101224476325393
      },
      "val": {
        "mse": 0.4755942225456238,
        "rmse": 0.6896333972087081,
        "mae": 0.40932896733283997,
        "ci": 0.7907017288025958,
        "rm2": 0.360364820997439,
        "pearson": 0.6241114056463116,
        "spearman": 0.5358572816521948,
        "r2": 0.37350767850875854,
        "bias": -0.07480587065219879
      },
      "val_multiplier_mean": 1.108290433883667,
      "val_multiplier_min": 0.9675081372261047,
      "val_multiplier_max": 1.2487982511520386
    },
    {
      "epoch": 18,
      "train": {
        "loss": 0.2123332848399232,
        "mse": 0.21231915457962314,
        "adjustment": 0.014130145394113917
      },
      "val": {
        "mse": 0.4755634069442749,
        "rmse": 0.689611054830384,
        "mae": 0.40928030014038086,
        "ci": 0.7907288164451726,
        "rm2": 0.36041946812602654,
        "pearson": 0.6242422474667533,
        "spearman": 0.5358968741331142,
        "r2": 0.3735482692718506,
        "bias": -0.07514522969722748
      },
      "val_multiplier_mean": 1.1125096082687378,
      "val_multiplier_min": 0.9783204197883606,
      "val_multiplier_max": 1.248814344406128
    },
    {
      "epoch": 19,
      "train": {
        "loss": 0.2123313025909702,
        "mse": 0.21231695038700535,
        "adjustment": 0.014351981499242125
      },
      "val": {
        "mse": 0.4755479395389557,
        "rmse": 0.6895998401529366,
        "mae": 0.4092748761177063,
        "ci": 0.7907033581344801,
        "rm2": 0.3604297230692558,
        "pearson": 0.6242436262342372,
        "spearman": 0.5358502533509416,
        "r2": 0.37356865406036377,
        "bias": -0.07508107274770737
      },
      "val_multiplier_mean": 1.1119188070297241,
      "val_multiplier_min": 0.9742400646209717,
      "val_multiplier_max": 1.2489349842071533
    },
    {
      "epoch": 20,
      "train": {
        "loss": 0.21233509780066734,
        "mse": 0.21232011566650333,
        "adjustment": 0.01498289104550001
      },
      "val": {
        "mse": 0.4756298065185547,
        "rmse": 0.6896591959211119,
        "mae": 0.4092775285243988,
        "ci": 0.790699895804226,
        "rm2": 0.3603595107633364,
        "pearson": 0.6241465268555758,
        "spearman": 0.5358525368238379,
        "r2": 0.3734607696533203,
        "bias": -0.07511424273252487
      },
      "val_multiplier_mean": 1.111838698387146,
      "val_multiplier_min": 0.9736306071281433,
      "val_multiplier_max": 1.2491707801818848
    }
  ]
}
