loaded clean BRICS graph pretraining: experiments/brics_hierarchical/pretrain/graph_real_seed44.pt; condition=real seed=44
{"epoch": 1, "train": {"loss": 0.22457638737257193, "mse": 0.22321936998868155, "align": 9.256428034275504e-05, "reconstruct": 0.06143397943822277}, "val": {"mse": 0.4937143921852112, "rmse": 0.7026481282869906, "mae": 0.425409197807312, "ci": 0.7855173984131937, "rm2": 0.33810796279245037, "pearson": 0.5965276321695637, "spearman": 0.5256072837645371, "r2": 0.34963828325271606, "bias": -0.04065968841314316}, "val_delta_abs_mean": 0.6559737324714661, "val_gate_mean": 0.9171651601791382}
{"epoch": 2, "train": {"loss": 0.22294474172560028, "mse": 0.22151396351346292, "align": 3.248108836929e-05, "reconstruct": 0.05823089684485884}, "val": {"mse": 0.4964021146297455, "rmse": 0.7045580988319881, "mae": 0.4295129179954529, "ci": 0.7833023217164685, "rm2": 0.3355595387158926, "pearson": 0.5916114656747044, "spearman": 0.5221112474629747, "r2": 0.34609776735305786, "bias": -0.029487092047929764}, "val_delta_abs_mean": 0.40745317935943604, "val_gate_mean": 0.8591903448104858}
{"epoch": 3, "train": {"loss": 0.22252201814503209, "mse": 0.22109537851917188, "align": 1.9235044927239888e-05, "reconstruct": 0.054566739491965575}, "val": {"mse": 0.4946161210536957, "rmse": 0.7032895001730765, "mae": 0.41270914673805237, "ci": 0.7906055982214213, "rm2": 0.3396099379050715, "pearson": 0.6000852847987964, "spearman": 0.5367545003796657, "r2": 0.3484504222869873, "bias": -0.06829378753900528}, "val_delta_abs_mean": 0.5134149789810181, "val_gate_mean": 0.865884006023407}
{"epoch": 4, "train": {"loss": 0.2217071062993806, "mse": 0.22024436057176283, "align": 1.2623106904239643e-05, "reconstruct": 0.05120643559254041}, "val": {"mse": 0.4926269054412842, "rmse": 0.7018738529403159, "mae": 0.4233688712120056, "ci": 0.7886198499874134, "rm2": 0.3406345802024011, "pearson": 0.5964328018449153, "spearman": 0.5317977759233778, "r2": 0.3510708212852478, "bias": -0.036133863031864166}, "val_delta_abs_mean": 0.49376553297042847, "val_gate_mean": 0.8861755728721619}
{"epoch": 5, "train": {"loss": 0.22149566573392923, "mse": 0.22001124275904757, "align": 9.64745389975631e-06, "reconstruct": 0.04917360474182022}, "val": {"mse": 0.4929986000061035, "rmse": 0.7021385903125561, "mae": 0.4160269796848297, "ci": 0.7933233238044574, "rm2": 0.34221697669096396, "pearson": 0.5968162797410423, "spearman": 0.5406248387563592, "r2": 0.35058116912841797, "bias": -0.047348909080028534}, "val_delta_abs_mean": 0.5672078132629395, "val_gate_mean": 0.8914963006973267}
{"epoch": 6, "train": {"loss": 0.22116185394490984, "mse": 0.21967023222364612, "align": 7.519022360497149e-06, "reconstruct": 0.04719373049119261}, "val": {"mse": 0.49526727199554443, "rmse": 0.7037522802773319, "mae": 0.4076771140098572, "ci": 0.7955369748357837, "rm2": 0.3404802921869441, "pearson": 0.6004082051885516, "spearman": 0.5459534311535509, "r2": 0.34759271144866943, "bias": -0.07561003416776657}, "val_delta_abs_mean": 0.5737584233283997, "val_gate_mean": 0.8897055387496948}
{"epoch": 7, "train": {"loss": 0.22079473749826006, "mse": 0.21939672053411147, "align": 5.81182873006894e-06, "reconstruct": 0.04418758948746815}, "val": {"mse": 0.4953775703907013, "rmse": 0.7038306404176372, "mae": 0.4093169867992401, "ci": 0.7926414484108719, "rm2": 0.3418810062223806, "pearson": 0.5971396081789683, "spearman": 0.5404416941465835, "r2": 0.34744739532470703, "bias": -0.0675160214304924}, "val_delta_abs_mean": 0.6634694933891296, "val_gate_mean": 0.9135134816169739}
{"epoch": 8, "train": {"loss": 0.22055932368444411, "mse": 0.2190108942069688, "align": 5.1525509757991935e-06, "reconstruct": 0.04629996056286768}, "val": {"mse": 0.4959864318370819, "rmse": 0.7042630416521102, "mae": 0.4166402518749237, "ci": 0.789112519215933, "rm2": 0.3396785505948125, "pearson": 0.5938475029460272, "spearman": 0.5334021196241637, "r2": 0.3466453552246094, "bias": -0.052106812596321106}, "val_delta_abs_mean": 0.603685736656189, "val_gate_mean": 0.8711631298065186}
{"epoch": 9, "train": {"loss": 0.2203488497247684, "mse": 0.21885221381727765, "align": 4.21371613290687e-06, "reconstruct": 0.04410801740325403}, "val": {"mse": 0.4951131343841553, "rmse": 0.7036427604858557, "mae": 0.4126528799533844, "ci": 0.7925253585141145, "rm2": 0.33962096361113064, "pearson": 0.598566078169187, "spearman": 0.5400513520790623, "r2": 0.3477957844734192, "bias": -0.06633254885673523}, "val_delta_abs_mean": 0.5506883859634399, "val_gate_mean": 0.866171658039093}
{"epoch": 10, "train": {"loss": 0.22015078954991837, "mse": 0.21861664622755245, "align": 3.2363881777440823e-06, "reconstruct": 0.041709553064080696}, "val": {"mse": 0.49788931012153625, "rmse": 0.7056127196426778, "mae": 0.40680792927742004, "ci": 0.7950375846132414, "rm2": 0.338480823582839, "pearson": 0.5986664392801956, "spearman": 0.5448885791182915, "r2": 0.3441387414932251, "bias": -0.08160391449928284}, "val_delta_abs_mean": 0.6516250371932983, "val_gate_mean": 0.8925313949584961}
{"epoch": 11, "train": {"loss": 0.21974106660772474, "mse": 0.21819358595562724, "align": 2.829737253318545e-06, "reconstruct": 0.04101882772750617}, "val": {"mse": 0.49968552589416504, "rmse": 0.7068843794385083, "mae": 0.40525898337364197, "ci": 0.7953035730433557, "rm2": 0.3373799619887889, "pearson": 0.6033112880074867, "spearman": 0.5451009159997436, "r2": 0.3417726159095764, "bias": -0.09941844642162323}, "val_delta_abs_mean": 0.7941387891769409, "val_gate_mean": 0.922937273979187}
{"epoch": 12, "train": {"loss": 0.2194508819770822, "mse": 0.2179177041400715, "align": 2.3338715977557207e-06, "reconstruct": 0.03998070295218314}, "val": {"mse": 0.5007777810096741, "rmse": 0.7076565416992018, "mae": 0.418860524892807, "ci": 0.7852907176147884, "rm2": 0.33384054052787615, "pearson": 0.5895945270472673, "spearman": 0.5265793567868595, "r2": 0.3403337597846985, "bias": -0.05790315940976143}, "val_delta_abs_mean": 0.6718593835830688, "val_gate_mean": 0.8828951120376587}
{"epoch": 13, "train": {"loss": 0.219224289052466, "mse": 0.21763955075030172, "align": 2.0491499591863016e-06, "reconstruct": 0.03816269925455048}, "val": {"mse": 0.49351203441619873, "rmse": 0.7025041170101416, "mae": 0.41051918268203735, "ci": 0.7912176160104668, "rm2": 0.3436309604901398, "pearson": 0.5991168026353665, "spearman": 0.5371964187331209, "r2": 0.3499048352241516, "bias": -0.06608108431100845}, "val_delta_abs_mean": 0.7177431583404541, "val_gate_mean": 0.9162365794181824}
{"epoch": 14, "train": {"loss": 0.21923531696761298, "mse": 0.21760017064235845, "align": 1.7227963096565034e-06, "reconstruct": 0.03896531909474673}, "val": {"mse": 0.4828588664531708, "rmse": 0.6948804691838524, "mae": 0.4043091833591461, "ci": 0.7980029686426933, "rm2": 0.352809580953063, "pearson": 0.6168740063868482, "spearman": 0.5495077277453998, "r2": 0.3639380931854248, "bias": -0.0786333903670311}, "val_delta_abs_mean": 0.7036064863204956, "val_gate_mean": 0.921423077583313}
{"epoch": 15, "train": {"loss": 0.21890767521907337, "mse": 0.21730939589302384, "align": 1.6077875207291538e-06, "reconstruct": 0.036736314579567594}, "val": {"mse": 0.48770248889923096, "rmse": 0.698356992446722, "mae": 0.41590216755867004, "ci": 0.7889514190258713, "rm2": 0.34787706924102846, "pearson": 0.6037600933114983, "spearman": 0.5323621346012023, "r2": 0.35755765438079834, "bias": -0.05143820494413376}, "val_delta_abs_mean": 0.650412380695343, "val_gate_mean": 0.892971396446228}
{"epoch": 16, "train": {"loss": 0.2187770264112216, "mse": 0.21717365048779116, "align": 1.5281616373265044e-06, "reconstruct": 0.037301938599573585}, "val": {"mse": 0.4875156879425049, "rmse": 0.6982232364670378, "mae": 0.4022273123264313, "ci": 0.7951347335268436, "rm2": 0.3519253440944721, "pearson": 0.6110820796960977, "spearman": 0.5441984306938905, "r2": 0.3578037619590759, "bias": -0.08660373836755753}, "val_delta_abs_mean": 0.8108401894569397, "val_gate_mean": 0.936204195022583}
{"epoch": 17, "train": {"loss": 0.21842882167711128, "mse": 0.2167789694508196, "align": 1.4706228125298506e-06, "reconstruct": 0.03427796367341743}, "val": {"mse": 0.4929669499397278, "rmse": 0.7021160516180553, "mae": 0.41619712114334106, "ci": 0.7886330883089735, "rm2": 0.34294476742170255, "pearson": 0.5974555278869034, "spearman": 0.5319193788962111, "r2": 0.35062289237976074, "bias": -0.05245044454932213}, "val_delta_abs_mean": 0.7495518922805786, "val_gate_mean": 0.9240187406539917}
{"epoch": 18, "train": {"loss": 0.21832723540142845, "mse": 0.21666658548414966, "align": 1.192242093617388e-06, "reconstruct": 0.03511990394267177}, "val": {"mse": 0.4874936640262604, "rmse": 0.6982074648886679, "mae": 0.40636491775512695, "ci": 0.7943825931957471, "rm2": 0.3503241851382454, "pearson": 0.6067718161336572, "spearman": 0.5429142837832385, "r2": 0.35783272981643677, "bias": -0.0689668208360672}, "val_delta_abs_mean": 0.7683716416358948, "val_gate_mean": 0.9276228547096252}
{"epoch": 19, "train": {"loss": 0.21841051266324685, "mse": 0.21674061539405645, "align": 1.25015965207681e-06, "reconstruct": 0.0347219744617055}, "val": {"mse": 0.4877186715602875, "rmse": 0.6983685785889049, "mae": 0.40587061643600464, "ci": 0.7951259758679654, "rm2": 0.3494047874367139, "pearson": 0.6091147923121127, "spearman": 0.5442675220572634, "r2": 0.35753631591796875, "bias": -0.07668805867433548}, "val_delta_abs_mean": 0.7527677416801453, "val_gate_mean": 0.9394716024398804}
{"epoch": 20, "train": {"loss": 0.2180905471359259, "mse": 0.21642584155639236, "align": 1.1481712674043332e-06, "reconstruct": 0.03230717091517986}, "val": {"mse": 0.4868665933609009, "rmse": 0.6977582628395747, "mae": 0.4029012620449066, "ci": 0.7917866601710636, "rm2": 0.3531468987919707, "pearson": 0.6092086887581277, "spearman": 0.5381293145550136, "r2": 0.3586587905883789, "bias": -0.07934451103210449}, "val_delta_abs_mean": 0.8534985184669495, "val_gate_mean": 0.9559945464134216}
{"epoch": 21, "train": {"loss": 0.21826490370499865, "mse": 0.21657046595057705, "align": 1.202198198237134e-06, "reconstruct": 0.0340352476359022}, "val": {"mse": 0.48736464977264404, "rmse": 0.6981150691488073, "mae": 0.40865546464920044, "ci": 0.7925583524847719, "rm2": 0.35047817776856816, "pearson": 0.6065918364204005, "spearman": 0.5391020072120255, "r2": 0.3580026626586914, "bias": -0.06769237667322159}, "val_delta_abs_mean": 0.8116151094436646, "val_gate_mean": 0.9354456067085266}
{"epoch": 22, "train": {"loss": 0.21790614718133933, "mse": 0.21623267288173348, "align": 9.030330349830457e-07, "reconstruct": 0.032026185706735544}, "val": {"mse": 0.4853724241256714, "rmse": 0.6966867474881888, "mae": 0.40215209126472473, "ci": 0.7954750602241798, "rm2": 0.35399640267392374, "pearson": 0.6118269149481649, "spearman": 0.5445563041619166, "r2": 0.3606269955635071, "bias": -0.08085308969020844}, "val_delta_abs_mean": 0.8818736672401428, "val_gate_mean": 0.9412834644317627}
{"epoch": 23, "train": {"loss": 0.21757673312854042, "mse": 0.2157977754685031, "align": 8.335124543097178e-07, "reconstruct": 0.03257791951508165}, "val": {"mse": 0.4934700131416321, "rmse": 0.7024742081682658, "mae": 0.40714582800865173, "ci": 0.7931302479761662, "rm2": 0.3443281171672212, "pearson": 0.6027338332488005, "spearman": 0.5408532332478246, "r2": 0.34996020793914795, "bias": -0.08023843914270401}, "val_delta_abs_mean": 0.7392760515213013, "val_gate_mean": 0.9400990009307861}
{"epoch": 24, "train": {"loss": 0.21749489814332834, "mse": 0.2158102206423157, "align": 7.808053529077767e-07, "reconstruct": 0.031692696494071214}, "val": {"mse": 0.4867614507675171, "rmse": 0.6976829156339699, "mae": 0.4030736982822418, "ci": 0.7973905435206766, "rm2": 0.3505824820368778, "pearson": 0.6110325298826736, "spearman": 0.5473157151938931, "r2": 0.35879725217819214, "bias": -0.07947520166635513}, "val_delta_abs_mean": 0.7911750078201294, "val_gate_mean": 0.9462433457374573}
{"epoch": 25, "train": {"loss": 0.21762026892746333, "mse": 0.21586348446498674, "align": 8.318253679937494e-07, "reconstruct": 0.031430082984395626}, "val": {"mse": 0.4938034415245056, "rmse": 0.7027114923811234, "mae": 0.4102453291416168, "ci": 0.788395002187378, "rm2": 0.3450023640463705, "pearson": 0.5990457406192742, "spearman": 0.532221631067498, "r2": 0.3495209813117981, "bias": -0.07038965821266174}, "val_delta_abs_mean": 0.8143206238746643, "val_gate_mean": 0.942406177520752}
{"epoch": 26, "train": {"loss": 0.2174835632064465, "mse": 0.21576045451755185, "align": 7.326660090143761e-07, "reconstruct": 0.030331192787941445}, "val": {"mse": 0.48981088399887085, "rmse": 0.699864904105693, "mae": 0.41076770424842834, "ci": 0.7930685370310477, "rm2": 0.3465655781021091, "pearson": 0.603450482489363, "spearman": 0.540205121766186, "r2": 0.35478031635284424, "bias": -0.06377604603767395}, "val_delta_abs_mean": 0.7084736824035645, "val_gate_mean": 0.9203163385391235}
{"epoch": 27, "train": {"loss": 0.21737770752141528, "mse": 0.21568747412668357, "align": 7.168337942328893e-07, "reconstruct": 0.029834414718153845}, "val": {"mse": 0.49285033345222473, "rmse": 0.7020330002586949, "mae": 0.4094701409339905, "ci": 0.7913679218767948, "rm2": 0.3429922293630717, "pearson": 0.6037721179155153, "spearman": 0.5377308505330425, "r2": 0.3507764935493469, "bias": -0.07690867781639099}, "val_delta_abs_mean": 0.6700660586357117, "val_gate_mean": 0.9362486600875854}
{"epoch": 28, "train": {"loss": 0.21736562181462496, "mse": 0.21569939130560156, "align": 7.745619858609273e-07, "reconstruct": 0.02860948518496012}, "val": {"mse": 0.49081340432167053, "rmse": 0.7005807621692667, "mae": 0.405483216047287, "ci": 0.7941532647330299, "rm2": 0.34643648863573745, "pearson": 0.6071877599273588, "spearman": 0.5421371758812352, "r2": 0.3534597158432007, "bias": -0.08260810375213623}, "val_delta_abs_mean": 0.7800431251525879, "val_gate_mean": 0.9474544525146484}
{"epoch": 29, "train": {"loss": 0.2171374860825685, "mse": 0.21533606565582794, "align": 9.234903911613713e-07, "reconstruct": 0.03042457359546622}, "val": {"mse": 0.4835677444934845, "rmse": 0.6953903540411561, "mae": 0.40750652551651, "ci": 0.7907614030828588, "rm2": 0.3536921801865218, "pearson": 0.6130129906729618, "spearman": 0.536211003260406, "r2": 0.36300432682037354, "bias": -0.07320986688137054}, "val_delta_abs_mean": 0.7735327482223511, "val_gate_mean": 0.9573230743408203}
{"epoch": 30, "train": {"loss": 0.2170677079587007, "mse": 0.21532362092530588, "align": 6.937367791928443e-07, "reconstruct": 0.029102692916548906}, "val": {"mse": 0.49749475717544556, "rmse": 0.7053330824337148, "mae": 0.4175020754337311, "ci": 0.7847624067512996, "rm2": 0.3379141797760181, "pearson": 0.5947317561218567, "spearman": 0.5257758909356177, "r2": 0.3446584939956665, "bias": -0.06443478912115097}, "val_delta_abs_mean": 0.7369713187217712, "val_gate_mean": 0.9272850751876831}
{"epoch": 31, "train": {"loss": 0.2171724751753792, "mse": 0.21543349744989654, "align": 8.075462448547605e-07, "reconstruct": 0.02856316226977029}, "val": {"mse": 0.49248751997947693, "rmse": 0.7017745506781198, "mae": 0.41288211941719055, "ci": 0.7894041696232251, "rm2": 0.3427128517891442, "pearson": 0.6027676877495839, "spearman": 0.533610511426761, "r2": 0.3512544631958008, "bias": -0.0707719698548317}, "val_delta_abs_mean": 0.6762251853942871, "val_gate_mean": 0.9340634346008301}
{"epoch": 32, "train": {"loss": 0.21697925418096017, "mse": 0.21518929598793277, "align": 6.557601219170635e-07, "reconstruct": 0.028227461185089328}, "val": {"mse": 0.4929017722606659, "rmse": 0.7020696349085793, "mae": 0.4105214476585388, "ci": 0.7879178116117596, "rm2": 0.344833868575726, "pearson": 0.6039324478342006, "spearman": 0.5314916552248857, "r2": 0.3507087230682373, "bias": -0.08164384216070175}, "val_delta_abs_mean": 0.7633824944496155, "val_gate_mean": 0.9469742774963379}
{"epoch": 33, "train": {"loss": 0.21684489239452318, "mse": 0.21508478437343873, "align": 6.211691140508794e-07, "reconstruct": 0.02704031806293191}, "val": {"mse": 0.49492523074150085, "rmse": 0.7035092257685758, "mae": 0.4112965166568756, "ci": 0.7869870557728451, "rm2": 0.3430799920913879, "pearson": 0.6002487146049076, "spearman": 0.5294599785299605, "r2": 0.3480432629585266, "bias": -0.0783977061510086}, "val_delta_abs_mean": 0.8236252665519714, "val_gate_mean": 0.9507654309272766}
{"epoch": 34, "train": {"loss": 0.21676876901708025, "mse": 0.2149710042022518, "align": 6.248416829019673e-07, "reconstruct": 0.028427613502804268}, "val": {"mse": 0.4855279326438904, "rmse": 0.6967983443177017, "mae": 0.4102303981781006, "ci": 0.7909783078899582, "rm2": 0.34952632874698697, "pearson": 0.611290000454219, "spearman": 0.536540589940841, "r2": 0.36042219400405884, "bias": -0.07018240541219711}, "val_delta_abs_mean": 0.6847848892211914, "val_gate_mean": 0.9371064305305481}
{
  "guardrail": "validation only; test indices and metrics were not accessed",
  "condition": "real",
  "seed": 44,
  "best_epoch": 14,
  "epoch0_max_abs_difference": 1.9073486328125e-06,
  "baseline": {
    "mse": 0.48946526646614075,
    "rmse": 0.6996179432133947,
    "mae": 0.43143847584724426,
    "ci": 0.7885622123720057,
    "rm2": 0.3410284448121984,
    "pearson": 0.5995077496596147,
    "spearman": 0.5319472626673567,
    "r2": 0.35523557662963867,
    "bias": -0.015189344994723797
  },
  "best": {
    "mse": 0.4828588664531708,
    "rmse": 0.6948804691838524,
    "mae": 0.4043091833591461,
    "ci": 0.7980084676378028,
    "rm2": 0.352809580953063,
    "pearson": 0.6168740095803196,
    "spearman": 0.5495088977474822,
    "r2": 0.3639380931854248,
    "bias": -0.0786333903670311
  },
  "relative_mse_gain": 0.01349717838135298,
  "delta_abs_mean": 0.7036064863204956,
  "atom_gate_mean": 0.921423077583313,
  "drug_bootstrap": {
    "drugs": 7,
    "improved": 5,
    "worsened": 2,
    "improvements": [
      -0.033932317048311234,
      0.036454375833272934,
      0.030866052955389023,
      0.012066331692039967,
      0.053895629942417145,
      0.004477356560528278,
      -0.05758298560976982
    ],
    "mean": 0.006606349189366613,
    "ci95": [
      -0.0219547442559685,
      0.032301300072244236
    ],
    "probability_positive": 0.69605
  },
  "args": {
    "project": "/data1/ztx/MyModel-MDTA",
    "checkpoint": "outputs/Refine_experiment/davis/cold_start/drug_cold_5fold_seed42/baseline/fold_1/best_model.pt",
    "global_cache": "experiments/pdbbind_to_davis_transfer/data/global_predictions/fold1_with_features.pt",
    "drug_cache": "experiments/brics_hierarchical/data/fold1_drug_encoder_inputs_chem.pt",
    "split": "data/splits/davis_drug_cold_5fold_seed42/fold_1/split.json",
    "condition": "real",
    "seed": 44,
    "device": "cuda:0",
    "batch_size": 128,
    "epochs": 100,
    "patience": 20,
    "lr": 0.0003,
    "weight_decay": 1e-05,
    "lambda_align": 0.05,
    "lambda_reconstruct": 0.02,
    "lambda_delta": 0.001,
    "output_dir": "experiments/brics_hierarchical/outputs/graph_real_seed44"
  },
  "history": [
    {
      "epoch": 1,
      "train": {
        "loss": 0.22457638737257193,
        "mse": 0.22321936998868155,
        "align": 9.256428034275504e-05,
        "reconstruct": 0.06143397943822277
      },
      "val": {
        "mse": 0.4937143921852112,
        "rmse": 0.7026481282869906,
        "mae": 0.425409197807312,
        "ci": 0.7855173984131937,
        "rm2": 0.33810796279245037,
        "pearson": 0.5965276321695637,
        "spearman": 0.5256072837645371,
        "r2": 0.34963828325271606,
        "bias": -0.04065968841314316
      },
      "val_delta_abs_mean": 0.6559737324714661,
      "val_gate_mean": 0.9171651601791382
    },
    {
      "epoch": 2,
      "train": {
        "loss": 0.22294474172560028,
        "mse": 0.22151396351346292,
        "align": 3.248108836929e-05,
        "reconstruct": 0.05823089684485884
      },
      "val": {
        "mse": 0.4964021146297455,
        "rmse": 0.7045580988319881,
        "mae": 0.4295129179954529,
        "ci": 0.7833023217164685,
        "rm2": 0.3355595387158926,
        "pearson": 0.5916114656747044,
        "spearman": 0.5221112474629747,
        "r2": 0.34609776735305786,
        "bias": -0.029487092047929764
      },
      "val_delta_abs_mean": 0.40745317935943604,
      "val_gate_mean": 0.8591903448104858
    },
    {
      "epoch": 3,
      "train": {
        "loss": 0.22252201814503209,
        "mse": 0.22109537851917188,
        "align": 1.9235044927239888e-05,
        "reconstruct": 0.054566739491965575
      },
      "val": {
        "mse": 0.4946161210536957,
        "rmse": 0.7032895001730765,
        "mae": 0.41270914673805237,
        "ci": 0.7906055982214213,
        "rm2": 0.3396099379050715,
        "pearson": 0.6000852847987964,
        "spearman": 0.5367545003796657,
        "r2": 0.3484504222869873,
        "bias": -0.06829378753900528
      },
      "val_delta_abs_mean": 0.5134149789810181,
      "val_gate_mean": 0.865884006023407
    },
    {
      "epoch": 4,
      "train": {
        "loss": 0.2217071062993806,
        "mse": 0.22024436057176283,
        "align": 1.2623106904239643e-05,
        "reconstruct": 0.05120643559254041
      },
      "val": {
        "mse": 0.4926269054412842,
        "rmse": 0.7018738529403159,
        "mae": 0.4233688712120056,
        "ci": 0.7886198499874134,
        "rm2": 0.3406345802024011,
        "pearson": 0.5964328018449153,
        "spearman": 0.5317977759233778,
        "r2": 0.3510708212852478,
        "bias": -0.036133863031864166
      },
      "val_delta_abs_mean": 0.49376553297042847,
      "val_gate_mean": 0.8861755728721619
    },
    {
      "epoch": 5,
      "train": {
        "loss": 0.22149566573392923,
        "mse": 0.22001124275904757,
        "align": 9.64745389975631e-06,
        "reconstruct": 0.04917360474182022
      },
      "val": {
        "mse": 0.4929986000061035,
        "rmse": 0.7021385903125561,
        "mae": 0.4160269796848297,
        "ci": 0.7933233238044574,
        "rm2": 0.34221697669096396,
        "pearson": 0.5968162797410423,
        "spearman": 0.5406248387563592,
        "r2": 0.35058116912841797,
        "bias": -0.047348909080028534
      },
      "val_delta_abs_mean": 0.5672078132629395,
      "val_gate_mean": 0.8914963006973267
    },
    {
      "epoch": 6,
      "train": {
        "loss": 0.22116185394490984,
        "mse": 0.21967023222364612,
        "align": 7.519022360497149e-06,
        "reconstruct": 0.04719373049119261
      },
      "val": {
        "mse": 0.49526727199554443,
        "rmse": 0.7037522802773319,
        "mae": 0.4076771140098572,
        "ci": 0.7955369748357837,
        "rm2": 0.3404802921869441,
        "pearson": 0.6004082051885516,
        "spearman": 0.5459534311535509,
        "r2": 0.34759271144866943,
        "bias": -0.07561003416776657
      },
      "val_delta_abs_mean": 0.5737584233283997,
      "val_gate_mean": 0.8897055387496948
    },
    {
      "epoch": 7,
      "train": {
        "loss": 0.22079473749826006,
        "mse": 0.21939672053411147,
        "align": 5.81182873006894e-06,
        "reconstruct": 0.04418758948746815
      },
      "val": {
        "mse": 0.4953775703907013,
        "rmse": 0.7038306404176372,
        "mae": 0.4093169867992401,
        "ci": 0.7926414484108719,
        "rm2": 0.3418810062223806,
        "pearson": 0.5971396081789683,
        "spearman": 0.5404416941465835,
        "r2": 0.34744739532470703,
        "bias": -0.0675160214304924
      },
      "val_delta_abs_mean": 0.6634694933891296,
      "val_gate_mean": 0.9135134816169739
    },
    {
      "epoch": 8,
      "train": {
        "loss": 0.22055932368444411,
        "mse": 0.2190108942069688,
        "align": 5.1525509757991935e-06,
        "reconstruct": 0.04629996056286768
      },
      "val": {
        "mse": 0.4959864318370819,
        "rmse": 0.7042630416521102,
        "mae": 0.4166402518749237,
        "ci": 0.789112519215933,
        "rm2": 0.3396785505948125,
        "pearson": 0.5938475029460272,
        "spearman": 0.5334021196241637,
        "r2": 0.3466453552246094,
        "bias": -0.052106812596321106
      },
      "val_delta_abs_mean": 0.603685736656189,
      "val_gate_mean": 0.8711631298065186
    },
    {
      "epoch": 9,
      "train": {
        "loss": 0.2203488497247684,
        "mse": 0.21885221381727765,
        "align": 4.21371613290687e-06,
        "reconstruct": 0.04410801740325403
      },
      "val": {
        "mse": 0.4951131343841553,
        "rmse": 0.7036427604858557,
        "mae": 0.4126528799533844,
        "ci": 0.7925253585141145,
        "rm2": 0.33962096361113064,
        "pearson": 0.598566078169187,
        "spearman": 0.5400513520790623,
        "r2": 0.3477957844734192,
        "bias": -0.06633254885673523
      },
      "val_delta_abs_mean": 0.5506883859634399,
      "val_gate_mean": 0.866171658039093
    },
    {
      "epoch": 10,
      "train": {
        "loss": 0.22015078954991837,
        "mse": 0.21861664622755245,
        "align": 3.2363881777440823e-06,
        "reconstruct": 0.041709553064080696
      },
      "val": {
        "mse": 0.49788931012153625,
        "rmse": 0.7056127196426778,
        "mae": 0.40680792927742004,
        "ci": 0.7950375846132414,
        "rm2": 0.338480823582839,
        "pearson": 0.5986664392801956,
        "spearman": 0.5448885791182915,
        "r2": 0.3441387414932251,
        "bias": -0.08160391449928284
      },
      "val_delta_abs_mean": 0.6516250371932983,
      "val_gate_mean": 0.8925313949584961
    },
    {
      "epoch": 11,
      "train": {
        "loss": 0.21974106660772474,
        "mse": 0.21819358595562724,
        "align": 2.829737253318545e-06,
        "reconstruct": 0.04101882772750617
      },
      "val": {
        "mse": 0.49968552589416504,
        "rmse": 0.7068843794385083,
        "mae": 0.40525898337364197,
        "ci": 0.7953035730433557,
        "rm2": 0.3373799619887889,
        "pearson": 0.6033112880074867,
        "spearman": 0.5451009159997436,
        "r2": 0.3417726159095764,
        "bias": -0.09941844642162323
      },
      "val_delta_abs_mean": 0.7941387891769409,
      "val_gate_mean": 0.922937273979187
    },
    {
      "epoch": 12,
      "train": {
        "loss": 0.2194508819770822,
        "mse": 0.2179177041400715,
        "align": 2.3338715977557207e-06,
        "reconstruct": 0.03998070295218314
      },
      "val": {
        "mse": 0.5007777810096741,
        "rmse": 0.7076565416992018,
        "mae": 0.418860524892807,
        "ci": 0.7852907176147884,
        "rm2": 0.33384054052787615,
        "pearson": 0.5895945270472673,
        "spearman": 0.5265793567868595,
        "r2": 0.3403337597846985,
        "bias": -0.05790315940976143
      },
      "val_delta_abs_mean": 0.6718593835830688,
      "val_gate_mean": 0.8828951120376587
    },
    {
      "epoch": 13,
      "train": {
        "loss": 0.219224289052466,
        "mse": 0.21763955075030172,
        "align": 2.0491499591863016e-06,
        "reconstruct": 0.03816269925455048
      },
      "val": {
        "mse": 0.49351203441619873,
        "rmse": 0.7025041170101416,
        "mae": 0.41051918268203735,
        "ci": 0.7912176160104668,
        "rm2": 0.3436309604901398,
        "pearson": 0.5991168026353665,
        "spearman": 0.5371964187331209,
        "r2": 0.3499048352241516,
        "bias": -0.06608108431100845
      },
      "val_delta_abs_mean": 0.7177431583404541,
      "val_gate_mean": 0.9162365794181824
    },
    {
      "epoch": 14,
      "train": {
        "loss": 0.21923531696761298,
        "mse": 0.21760017064235845,
        "align": 1.7227963096565034e-06,
        "reconstruct": 0.03896531909474673
      },
      "val": {
        "mse": 0.4828588664531708,
        "rmse": 0.6948804691838524,
        "mae": 0.4043091833591461,
        "ci": 0.7980029686426933,
        "rm2": 0.352809580953063,
        "pearson": 0.6168740063868482,
        "spearman": 0.5495077277453998,
        "r2": 0.3639380931854248,
        "bias": -0.0786333903670311
      },
      "val_delta_abs_mean": 0.7036064863204956,
      "val_gate_mean": 0.921423077583313
    },
    {
      "epoch": 15,
      "train": {
        "loss": 0.21890767521907337,
        "mse": 0.21730939589302384,
        "align": 1.6077875207291538e-06,
        "reconstruct": 0.036736314579567594
      },
      "val": {
        "mse": 0.48770248889923096,
        "rmse": 0.698356992446722,
        "mae": 0.41590216755867004,
        "ci": 0.7889514190258713,
        "rm2": 0.34787706924102846,
        "pearson": 0.6037600933114983,
        "spearman": 0.5323621346012023,
        "r2": 0.35755765438079834,
        "bias": -0.05143820494413376
      },
      "val_delta_abs_mean": 0.650412380695343,
      "val_gate_mean": 0.892971396446228
    },
    {
      "epoch": 16,
      "train": {
        "loss": 0.2187770264112216,
        "mse": 0.21717365048779116,
        "align": 1.5281616373265044e-06,
        "reconstruct": 0.037301938599573585
      },
      "val": {
        "mse": 0.4875156879425049,
        "rmse": 0.6982232364670378,
        "mae": 0.4022273123264313,
        "ci": 0.7951347335268436,
        "rm2": 0.3519253440944721,
        "pearson": 0.6110820796960977,
        "spearman": 0.5441984306938905,
        "r2": 0.3578037619590759,
        "bias": -0.08660373836755753
      },
      "val_delta_abs_mean": 0.8108401894569397,
      "val_gate_mean": 0.936204195022583
    },
    {
      "epoch": 17,
      "train": {
        "loss": 0.21842882167711128,
        "mse": 0.2167789694508196,
        "align": 1.4706228125298506e-06,
        "reconstruct": 0.03427796367341743
      },
      "val": {
        "mse": 0.4929669499397278,
        "rmse": 0.7021160516180553,
        "mae": 0.41619712114334106,
        "ci": 0.7886330883089735,
        "rm2": 0.34294476742170255,
        "pearson": 0.5974555278869034,
        "spearman": 0.5319193788962111,
        "r2": 0.35062289237976074,
        "bias": -0.05245044454932213
      },
      "val_delta_abs_mean": 0.7495518922805786,
      "val_gate_mean": 0.9240187406539917
    },
    {
      "epoch": 18,
      "train": {
        "loss": 0.21832723540142845,
        "mse": 0.21666658548414966,
        "align": 1.192242093617388e-06,
        "reconstruct": 0.03511990394267177
      },
      "val": {
        "mse": 0.4874936640262604,
        "rmse": 0.6982074648886679,
        "mae": 0.40636491775512695,
        "ci": 0.7943825931957471,
        "rm2": 0.3503241851382454,
        "pearson": 0.6067718161336572,
        "spearman": 0.5429142837832385,
        "r2": 0.35783272981643677,
        "bias": -0.0689668208360672
      },
      "val_delta_abs_mean": 0.7683716416358948,
      "val_gate_mean": 0.9276228547096252
    },
    {
      "epoch": 19,
      "train": {
        "loss": 0.21841051266324685,
        "mse": 0.21674061539405645,
        "align": 1.25015965207681e-06,
        "reconstruct": 0.0347219744617055
      },
      "val": {
        "mse": 0.4877186715602875,
        "rmse": 0.6983685785889049,
        "mae": 0.40587061643600464,
        "ci": 0.7951259758679654,
        "rm2": 0.3494047874367139,
        "pearson": 0.6091147923121127,
        "spearman": 0.5442675220572634,
        "r2": 0.35753631591796875,
        "bias": -0.07668805867433548
      },
      "val_delta_abs_mean": 0.7527677416801453,
      "val_gate_mean": 0.9394716024398804
    },
    {
      "epoch": 20,
      "train": {
        "loss": 0.2180905471359259,
        "mse": 0.21642584155639236,
        "align": 1.1481712674043332e-06,
        "reconstruct": 0.03230717091517986
      },
      "val": {
        "mse": 0.4868665933609009,
        "rmse": 0.6977582628395747,
        "mae": 0.4029012620449066,
        "ci": 0.7917866601710636,
        "rm2": 0.3531468987919707,
        "pearson": 0.6092086887581277,
        "spearman": 0.5381293145550136,
        "r2": 0.3586587905883789,
        "bias": -0.07934451103210449
      },
      "val_delta_abs_mean": 0.8534985184669495,
      "val_gate_mean": 0.9559945464134216
    },
    {
      "epoch": 21,
      "train": {
        "loss": 0.21826490370499865,
        "mse": 0.21657046595057705,
        "align": 1.202198198237134e-06,
        "reconstruct": 0.0340352476359022
      },
      "val": {
        "mse": 0.48736464977264404,
        "rmse": 0.6981150691488073,
        "mae": 0.40865546464920044,
        "ci": 0.7925583524847719,
        "rm2": 0.35047817776856816,
        "pearson": 0.6065918364204005,
        "spearman": 0.5391020072120255,
        "r2": 0.3580026626586914,
        "bias": -0.06769237667322159
      },
      "val_delta_abs_mean": 0.8116151094436646,
      "val_gate_mean": 0.9354456067085266
    },
    {
      "epoch": 22,
      "train": {
        "loss": 0.21790614718133933,
        "mse": 0.21623267288173348,
        "align": 9.030330349830457e-07,
        "reconstruct": 0.032026185706735544
      },
      "val": {
        "mse": 0.4853724241256714,
        "rmse": 0.6966867474881888,
        "mae": 0.40215209126472473,
        "ci": 0.7954750602241798,
        "rm2": 0.35399640267392374,
        "pearson": 0.6118269149481649,
        "spearman": 0.5445563041619166,
        "r2": 0.3606269955635071,
        "bias": -0.08085308969020844
      },
      "val_delta_abs_mean": 0.8818736672401428,
      "val_gate_mean": 0.9412834644317627
    },
    {
      "epoch": 23,
      "train": {
        "loss": 0.21757673312854042,
        "mse": 0.2157977754685031,
        "align": 8.335124543097178e-07,
        "reconstruct": 0.03257791951508165
      },
      "val": {
        "mse": 0.4934700131416321,
        "rmse": 0.7024742081682658,
        "mae": 0.40714582800865173,
        "ci": 0.7931302479761662,
        "rm2": 0.3443281171672212,
        "pearson": 0.6027338332488005,
        "spearman": 0.5408532332478246,
        "r2": 0.34996020793914795,
        "bias": -0.08023843914270401
      },
      "val_delta_abs_mean": 0.7392760515213013,
      "val_gate_mean": 0.9400990009307861
    },
    {
      "epoch": 24,
      "train": {
        "loss": 0.21749489814332834,
        "mse": 0.2158102206423157,
        "align": 7.808053529077767e-07,
        "reconstruct": 0.031692696494071214
      },
      "val": {
        "mse": 0.4867614507675171,
        "rmse": 0.6976829156339699,
        "mae": 0.4030736982822418,
        "ci": 0.7973905435206766,
        "rm2": 0.3505824820368778,
        "pearson": 0.6110325298826736,
        "spearman": 0.5473157151938931,
        "r2": 0.35879725217819214,
        "bias": -0.07947520166635513
      },
      "val_delta_abs_mean": 0.7911750078201294,
      "val_gate_mean": 0.9462433457374573
    },
    {
      "epoch": 25,
      "train": {
        "loss": 0.21762026892746333,
        "mse": 0.21586348446498674,
        "align": 8.318253679937494e-07,
        "reconstruct": 0.031430082984395626
      },
      "val": {
        "mse": 0.4938034415245056,
        "rmse": 0.7027114923811234,
        "mae": 0.4102453291416168,
        "ci": 0.788395002187378,
        "rm2": 0.3450023640463705,
        "pearson": 0.5990457406192742,
        "spearman": 0.532221631067498,
        "r2": 0.3495209813117981,
        "bias": -0.07038965821266174
      },
      "val_delta_abs_mean": 0.8143206238746643,
      "val_gate_mean": 0.942406177520752
    },
    {
      "epoch": 26,
      "train": {
        "loss": 0.2174835632064465,
        "mse": 0.21576045451755185,
        "align": 7.326660090143761e-07,
        "reconstruct": 0.030331192787941445
      },
      "val": {
        "mse": 0.48981088399887085,
        "rmse": 0.699864904105693,
        "mae": 0.41076770424842834,
        "ci": 0.7930685370310477,
        "rm2": 0.3465655781021091,
        "pearson": 0.603450482489363,
        "spearman": 0.540205121766186,
        "r2": 0.35478031635284424,
        "bias": -0.06377604603767395
      },
      "val_delta_abs_mean": 0.7084736824035645,
      "val_gate_mean": 0.9203163385391235
    },
    {
      "epoch": 27,
      "train": {
        "loss": 0.21737770752141528,
        "mse": 0.21568747412668357,
        "align": 7.168337942328893e-07,
        "reconstruct": 0.029834414718153845
      },
      "val": {
        "mse": 0.49285033345222473,
        "rmse": 0.7020330002586949,
        "mae": 0.4094701409339905,
        "ci": 0.7913679218767948,
        "rm2": 0.3429922293630717,
        "pearson": 0.6037721179155153,
        "spearman": 0.5377308505330425,
        "r2": 0.3507764935493469,
        "bias": -0.07690867781639099
      },
      "val_delta_abs_mean": 0.6700660586357117,
      "val_gate_mean": 0.9362486600875854
    },
    {
      "epoch": 28,
      "train": {
        "loss": 0.21736562181462496,
        "mse": 0.21569939130560156,
        "align": 7.745619858609273e-07,
        "reconstruct": 0.02860948518496012
      },
      "val": {
        "mse": 0.49081340432167053,
        "rmse": 0.7005807621692667,
        "mae": 0.405483216047287,
        "ci": 0.7941532647330299,
        "rm2": 0.34643648863573745,
        "pearson": 0.6071877599273588,
        "spearman": 0.5421371758812352,
        "r2": 0.3534597158432007,
        "bias": -0.08260810375213623
      },
      "val_delta_abs_mean": 0.7800431251525879,
      "val_gate_mean": 0.9474544525146484
    },
    {
      "epoch": 29,
      "train": {
        "loss": 0.2171374860825685,
        "mse": 0.21533606565582794,
        "align": 9.234903911613713e-07,
        "reconstruct": 0.03042457359546622
      },
      "val": {
        "mse": 0.4835677444934845,
        "rmse": 0.6953903540411561,
        "mae": 0.40750652551651,
        "ci": 0.7907614030828588,
        "rm2": 0.3536921801865218,
        "pearson": 0.6130129906729618,
        "spearman": 0.536211003260406,
        "r2": 0.36300432682037354,
        "bias": -0.07320986688137054
      },
      "val_delta_abs_mean": 0.7735327482223511,
      "val_gate_mean": 0.9573230743408203
    },
    {
      "epoch": 30,
      "train": {
        "loss": 0.2170677079587007,
        "mse": 0.21532362092530588,
        "align": 6.937367791928443e-07,
        "reconstruct": 0.029102692916548906
      },
      "val": {
        "mse": 0.49749475717544556,
        "rmse": 0.7053330824337148,
        "mae": 0.4175020754337311,
        "ci": 0.7847624067512996,
        "rm2": 0.3379141797760181,
        "pearson": 0.5947317561218567,
        "spearman": 0.5257758909356177,
        "r2": 0.3446584939956665,
        "bias": -0.06443478912115097
      },
      "val_delta_abs_mean": 0.7369713187217712,
      "val_gate_mean": 0.9272850751876831
    },
    {
      "epoch": 31,
      "train": {
        "loss": 0.2171724751753792,
        "mse": 0.21543349744989654,
        "align": 8.075462448547605e-07,
        "reconstruct": 0.02856316226977029
      },
      "val": {
        "mse": 0.49248751997947693,
        "rmse": 0.7017745506781198,
        "mae": 0.41288211941719055,
        "ci": 0.7894041696232251,
        "rm2": 0.3427128517891442,
        "pearson": 0.6027676877495839,
        "spearman": 0.533610511426761,
        "r2": 0.3512544631958008,
        "bias": -0.0707719698548317
      },
      "val_delta_abs_mean": 0.6762251853942871,
      "val_gate_mean": 0.9340634346008301
    },
    {
      "epoch": 32,
      "train": {
        "loss": 0.21697925418096017,
        "mse": 0.21518929598793277,
        "align": 6.557601219170635e-07,
        "reconstruct": 0.028227461185089328
      },
      "val": {
        "mse": 0.4929017722606659,
        "rmse": 0.7020696349085793,
        "mae": 0.4105214476585388,
        "ci": 0.7879178116117596,
        "rm2": 0.344833868575726,
        "pearson": 0.6039324478342006,
        "spearman": 0.5314916552248857,
        "r2": 0.3507087230682373,
        "bias": -0.08164384216070175
      },
      "val_delta_abs_mean": 0.7633824944496155,
      "val_gate_mean": 0.9469742774963379
    },
    {
      "epoch": 33,
      "train": {
        "loss": 0.21684489239452318,
        "mse": 0.21508478437343873,
        "align": 6.211691140508794e-07,
        "reconstruct": 0.02704031806293191
      },
      "val": {
        "mse": 0.49492523074150085,
        "rmse": 0.7035092257685758,
        "mae": 0.4112965166568756,
        "ci": 0.7869870557728451,
        "rm2": 0.3430799920913879,
        "pearson": 0.6002487146049076,
        "spearman": 0.5294599785299605,
        "r2": 0.3480432629585266,
        "bias": -0.0783977061510086
      },
      "val_delta_abs_mean": 0.8236252665519714,
      "val_gate_mean": 0.9507654309272766
    },
    {
      "epoch": 34,
      "train": {
        "loss": 0.21676876901708025,
        "mse": 0.2149710042022518,
        "align": 6.248416829019673e-07,
        "reconstruct": 0.028427613502804268
      },
      "val": {
        "mse": 0.4855279326438904,
        "rmse": 0.6967983443177017,
        "mae": 0.4102303981781006,
        "ci": 0.7909783078899582,
        "rm2": 0.34952632874698697,
        "pearson": 0.611290000454219,
        "spearman": 0.536540589940841,
        "r2": 0.36042219400405884,
        "bias": -0.07018240541219711
      },
      "val_delta_abs_mean": 0.6847848892211914,
      "val_gate_mean": 0.9371064305305481
    }
  ]
}
