{"epoch0_max_abs_difference_vs_frozen": 9.5367431640625e-07, "frozen_metrics": {"mse": 0.4893468916416168, "rmse": 0.6995333384776002, "mae": 0.4139883518218994, "ci": 0.7932662971885064, "rm2": 0.3450948672678542, "pearson": 0.604053672945403, "spearman": 0.5397273783522443, "r2": 0.3553915023803711, "bias": -0.059215862303972244}, "trainable_parameters": {"branch": 508059, "drug_egnn_layer3": 115841}}
{"epoch": 1, "train": {"loss": 0.2256408019974588, "mse": 0.21856718133448913, "align": 1.0113554532458834e-05, "reconstruct": 0.31063395502753904}, "val": {"mse": 0.49274545907974243, "rmse": 0.7019583029495003, "mae": 0.4122535288333893, "ci": 0.7922461317624402, "rm2": 0.3418930311909293, "pearson": 0.6031133712306865, "spearman": 0.5382544814259085, "r2": 0.3509146571159363, "bias": -0.0716019794344902}, "val_delta_abs_mean": 0.6563950181007385, "val_gate_mean": 0.82613605260849}
{"epoch": 2, "train": {"loss": 0.22536957910519495, "mse": 0.21827797798411708, "align": 7.959569947740461e-06, "reconstruct": 0.3079619955612558}, "val": {"mse": 0.4961380958557129, "rmse": 0.7043707091125474, "mae": 0.41354265809059143, "ci": 0.790173417939107, "rm2": 0.3386046380921253, "pearson": 0.5996989918686201, "spearman": 0.5345598569051808, "r2": 0.34644556045532227, "bias": -0.07447899132966995}, "val_delta_abs_mean": 0.6848827004432678, "val_gate_mean": 0.8302634954452515}
{"epoch": 3, "train": {"loss": 0.22521270405136382, "mse": 0.2181905750904343, "align": 7.1383146919712494e-06, "reconstruct": 0.3056159531678802}, "val": {"mse": 0.49521559476852417, "rmse": 0.7037155638242799, "mae": 0.4134688675403595, "ci": 0.7902630311927442, "rm2": 0.33944757736062214, "pearson": 0.6009300624725291, "spearman": 0.5346855342416531, "r2": 0.34766077995300293, "bias": -0.07450328767299652}, "val_delta_abs_mean": 0.7057744264602661, "val_gate_mean": 0.8458653688430786}
{"epoch": 4, "train": {"loss": 0.2252773486419937, "mse": 0.21806207432578292, "align": 6.359810432984233e-06, "reconstruct": 0.311922439352959}, "val": {"mse": 0.49417367577552795, "rmse": 0.7029748756360557, "mae": 0.4148939847946167, "ci": 0.7901821755979852, "rm2": 0.34020926730398426, "pearson": 0.6001592960255415, "spearman": 0.5343313345934835, "r2": 0.3490332365036011, "bias": -0.06701835989952087}, "val_delta_abs_mean": 0.6748631000518799, "val_gate_mean": 0.837131142616272}
{"epoch": 5, "train": {"loss": 0.2250322478575806, "mse": 0.2179950596485834, "align": 5.784462353739505e-06, "reconstruct": 0.30467573858103925}, "val": {"mse": 0.4930972158908844, "rmse": 0.7022088121711977, "mae": 0.4202530086040497, "ci": 0.7873962217422935, "rm2": 0.34101156824230006, "pearson": 0.5978940029550485, "spearman": 0.5289047744233856, "r2": 0.3504512906074524, "bias": -0.05108048766851425}, "val_delta_abs_mean": 0.6743736863136292, "val_gate_mean": 0.8334001302719116}
{"epoch": 6, "train": {"loss": 0.22519833515872967, "mse": 0.21802592992530104, "align": 5.415902854366345e-06, "reconstruct": 0.309352161299107}, "val": {"mse": 0.4945085346698761, "rmse": 0.7032130080351728, "mae": 0.42006421089172363, "ci": 0.7871190316554745, "rm2": 0.339315642586799, "pearson": 0.5968644897464322, "spearman": 0.5284367053196722, "r2": 0.3485921621322632, "bias": -0.05378839001059532}, "val_delta_abs_mean": 0.6440616846084595, "val_gate_mean": 0.8204267621040344}
{"epoch": 7, "train": {"loss": 0.22526720233632427, "mse": 0.21802087007512758, "align": 5.0317808444866994e-06, "reconstruct": 0.31355162739719294}, "val": {"mse": 0.49476203322410583, "rmse": 0.703393228019794, "mae": 0.41698479652404785, "ci": 0.7880226998518123, "rm2": 0.33938236807179184, "pearson": 0.5990148610461159, "spearman": 0.5302273491967634, "r2": 0.34825825691223145, "bias": -0.06493037194013596}, "val_delta_abs_mean": 0.6752640604972839, "val_gate_mean": 0.848067045211792}
{"epoch": 8, "train": {"loss": 0.22524634964102053, "mse": 0.21803167910947485, "align": 4.528133933670633e-06, "reconstruct": 0.3109557491311947}, "val": {"mse": 0.49415159225463867, "rmse": 0.7029591682698496, "mae": 0.41853997111320496, "ci": 0.7883292179125488, "rm2": 0.3398803256609352, "pearson": 0.5979070662182648, "spearman": 0.5309328981649086, "r2": 0.34906238317489624, "bias": -0.0571090467274189}, "val_delta_abs_mean": 0.6499767899513245, "val_gate_mean": 0.8339446187019348}
{"epoch": 9, "train": {"loss": 0.22512911205613328, "mse": 0.2179691710207108, "align": 4.414278560898078e-06, "reconstruct": 0.3107148439045004}, "val": {"mse": 0.49518460035324097, "rmse": 0.7036935415031468, "mae": 0.415750652551651, "ci": 0.7898190382542687, "rm2": 0.3393982142688896, "pearson": 0.5982627498026486, "spearman": 0.5336447747180758, "r2": 0.3477016091346741, "bias": -0.06516507267951965}, "val_delta_abs_mean": 0.7085173726081848, "val_gate_mean": 0.8530449271202087}
{"epoch": 10, "train": {"loss": 0.2251818482870315, "mse": 0.21794855991731515, "align": 3.902988116160685e-06, "reconstruct": 0.3099905958335875}, "val": {"mse": 0.4961552917957306, "rmse": 0.7043829156046664, "mae": 0.4164324104785919, "ci": 0.7889571216874665, "rm2": 0.3382568659248211, "pearson": 0.5976660735627161, "spearman": 0.532147292260372, "r2": 0.3464229106903076, "bias": -0.0670078694820404}, "val_delta_abs_mean": 0.6941568851470947, "val_gate_mean": 0.8504894971847534}
{"epoch": 11, "train": {"loss": 0.2250051087436851, "mse": 0.21780542604165437, "align": 3.5245528496113965e-06, "reconstruct": 0.30964259999117655}, "val": {"mse": 0.49683839082717896, "rmse": 0.7048676406440992, "mae": 0.419649213552475, "ci": 0.7871263636489539, "rm2": 0.337218593374582, "pearson": 0.5949910283252333, "spearman": 0.5285958052273538, "r2": 0.34552305936813354, "bias": -0.058942362666130066}, "val_delta_abs_mean": 0.6534309983253479, "val_gate_mean": 0.829645574092865}
{"epoch": 12, "train": {"loss": 0.22495644274839735, "mse": 0.21784402862947233, "align": 3.86940132633972e-06, "reconstruct": 0.3092196273860521}, "val": {"mse": 0.4984942376613617, "rmse": 0.7060412435979655, "mae": 0.41806450486183167, "ci": 0.7866972383639227, "rm2": 0.33614685744093187, "pearson": 0.5947099907965184, "spearman": 0.5279791808835846, "r2": 0.3433418869972229, "bias": -0.0674196258187294}, "val_delta_abs_mean": 0.7396496534347534, "val_gate_mean": 0.8622121214866638}
{"epoch": 13, "train": {"loss": 0.2250936452969672, "mse": 0.2177740309067889, "align": 3.136901730601409e-06, "reconstruct": 0.31351046576196495}, "val": {"mse": 0.49846142530441284, "rmse": 0.7060180063599035, "mae": 0.4179932177066803, "ci": 0.787377891758595, "rm2": 0.33583880910694824, "pearson": 0.5945999161213584, "spearman": 0.5293045864300572, "r2": 0.34338510036468506, "bias": -0.06605899333953857}, "val_delta_abs_mean": 0.6853694915771484, "val_gate_mean": 0.8494342565536499}
{"epoch": 14, "train": {"loss": 0.22488893448439992, "mse": 0.21773806303851445, "align": 3.442338952846496e-06, "reconstruct": 0.308104729295477}, "val": {"mse": 0.4966576397418976, "rmse": 0.7047394126497379, "mae": 0.41708657145500183, "ci": 0.7888518261144426, "rm2": 0.33756488725200423, "pearson": 0.5962011471685453, "spearman": 0.5321438324203406, "r2": 0.345761239528656, "bias": -0.0633993074297905}, "val_delta_abs_mean": 0.6715533137321472, "val_gate_mean": 0.8504322171211243}
{"epoch": 15, "train": {"loss": 0.22476837209997821, "mse": 0.21755307708252977, "align": 3.1900162576102677e-06, "reconstruct": 0.31173443155280894}, "val": {"mse": 0.4981047511100769, "rmse": 0.7057653654792625, "mae": 0.42211291193962097, "ci": 0.7850145458603972, "rm2": 0.3363091040565169, "pearson": 0.5921341709539926, "spearman": 0.524792780253882, "r2": 0.3438549041748047, "bias": -0.05376987159252167}, "val_delta_abs_mean": 0.7057288885116577, "val_gate_mean": 0.847859263420105}
{
  "guardrail": "validation only; test indices and metrics were not accessed",
  "condition": "no_fragment_edges",
  "seed": 42,
  "best_epoch": 0,
  "epoch0_max_abs_difference_vs_frozen": 9.5367431640625e-07,
  "p13d_baseline": {
    "mse": 0.48946526646614075,
    "rmse": 0.6996179432133947,
    "mae": 0.43143847584724426,
    "ci": 0.7885622123720057,
    "rm2": 0.3410284448121984,
    "pearson": 0.5995077496596147,
    "spearman": 0.5319472626673567,
    "r2": 0.35523557662963867,
    "bias": -0.015189344994723797
  },
  "frozen_brics_baseline": {
    "mse": 0.4893468916416168,
    "rmse": 0.6995333384776002,
    "mae": 0.4139883518218994,
    "ci": 0.7932662971885064,
    "rm2": 0.3450948672678542,
    "pearson": 0.604053672945403,
    "spearman": 0.5397273783522443,
    "r2": 0.3553915023803711,
    "bias": -0.059215862303972244
  },
  "best": {
    "mse": 0.4893468916416168,
    "rmse": 0.6995333384776002,
    "mae": 0.4139883518218994,
    "ci": 0.7932565211972005,
    "rm2": 0.3450949572398486,
    "pearson": 0.6040536679956975,
    "spearman": 0.5397247591556018,
    "r2": 0.3553915023803711,
    "bias": -0.059215862303972244
  },
  "relative_mse_gain_vs_frozen": 0.0,
  "relative_mse_gain_vs_p13d": 0.00024184519849298537,
  "delta_abs_mean": 0.6310185194015503,
  "graph_gate_mean": 0.8169513940811157,
  "drug_bootstrap_vs_p13d": {
    "drugs": 7,
    "improved": 5,
    "worsened": 2,
    "improvements": [
      -0.009431716054677963,
      0.009389925748109818,
      0.006226958241313696,
      0.010763013735413551,
      0.03574352338910103,
      0.021510761231184006,
      -0.0733741968870163
    ],
    "mean": 0.00011832420048969132,
    "ci95": [
      -0.026841515143002783,
      0.019930768425443342
    ],
    "probability_positive": 0.54545
  },
  "drug_bootstrap_vs_frozen": {
    "drugs": 7,
    "improved": 2,
    "worsened": 5,
    "improvements": [
      -2.0931638644583472e-08,
      -7.98169264015769e-09,
      -8.275496732323973e-09,
      9.91941018213538e-09,
      -9.310197057743608e-09,
      9.51550394034939e-09,
      -8.585234745339676e-09
    ],
    "mean": -5.092763671094807e-09,
    "ci95": [
      -1.2189442217496499e-08,
      2.103587780157211e-09
    ],
    "probability_positive": 0.0962
  },
  "trainable_parameters": {
    "branch": 508059,
    "drug_egnn_layer3": 115841
  },
  "args": {
    "project": "/data1/ztx/MyModel-MDTA",
    "checkpoint": "outputs/Refine_experiment/davis/cold_start/drug_cold_5fold_seed42/baseline/fold_1/best_model.pt",
    "clean_checkpoint": "experiments/brics_hierarchical/outputs/graph_no_fragment_edges_seed42/best.pt",
    "reference_predictions": "experiments/brics_hierarchical/outputs/graph_no_fragment_edges_seed42/validation_predictions.npz",
    "global_cache": "experiments/pdbbind_to_davis_transfer/data/global_predictions/fold1_with_features.pt",
    "drug_cache": "experiments/brics_hierarchical/data/fold1_drug_encoder_inputs_chem.pt",
    "layer2_cache": "experiments/brics_hierarchical/data/fold1_drug_egnn_layer2_inputs.pt",
    "split": "data/splits/davis_drug_cold_5fold_seed42/fold_1/split.json",
    "condition": "no_fragment_edges",
    "seed": 42,
    "device": "cuda:1",
    "batch_size": 128,
    "epochs": 80,
    "patience": 15,
    "branch_lr": 0.0001,
    "layer3_lr": 1e-05,
    "weight_decay": 1e-05,
    "lambda_align": 0.05,
    "lambda_reconstruct": 0.02,
    "lambda_delta": 0.001,
    "output_dir": "experiments/brics_hierarchical/outputs/unfreeze_l3_no_fragment_edges_seed42"
  },
  "history": [
    {
      "epoch": 1,
      "train": {
        "loss": 0.2256408019974588,
        "mse": 0.21856718133448913,
        "align": 1.0113554532458834e-05,
        "reconstruct": 0.31063395502753904
      },
      "val": {
        "mse": 0.49274545907974243,
        "rmse": 0.7019583029495003,
        "mae": 0.4122535288333893,
        "ci": 0.7922461317624402,
        "rm2": 0.3418930311909293,
        "pearson": 0.6031133712306865,
        "spearman": 0.5382544814259085,
        "r2": 0.3509146571159363,
        "bias": -0.0716019794344902
      },
      "val_delta_abs_mean": 0.6563950181007385,
      "val_gate_mean": 0.82613605260849
    },
    {
      "epoch": 2,
      "train": {
        "loss": 0.22536957910519495,
        "mse": 0.21827797798411708,
        "align": 7.959569947740461e-06,
        "reconstruct": 0.3079619955612558
      },
      "val": {
        "mse": 0.4961380958557129,
        "rmse": 0.7043707091125474,
        "mae": 0.41354265809059143,
        "ci": 0.790173417939107,
        "rm2": 0.3386046380921253,
        "pearson": 0.5996989918686201,
        "spearman": 0.5345598569051808,
        "r2": 0.34644556045532227,
        "bias": -0.07447899132966995
      },
      "val_delta_abs_mean": 0.6848827004432678,
      "val_gate_mean": 0.8302634954452515
    },
    {
      "epoch": 3,
      "train": {
        "loss": 0.22521270405136382,
        "mse": 0.2181905750904343,
        "align": 7.1383146919712494e-06,
        "reconstruct": 0.3056159531678802
      },
      "val": {
        "mse": 0.49521559476852417,
        "rmse": 0.7037155638242799,
        "mae": 0.4134688675403595,
        "ci": 0.7902630311927442,
        "rm2": 0.33944757736062214,
        "pearson": 0.6009300624725291,
        "spearman": 0.5346855342416531,
        "r2": 0.34766077995300293,
        "bias": -0.07450328767299652
      },
      "val_delta_abs_mean": 0.7057744264602661,
      "val_gate_mean": 0.8458653688430786
    },
    {
      "epoch": 4,
      "train": {
        "loss": 0.2252773486419937,
        "mse": 0.21806207432578292,
        "align": 6.359810432984233e-06,
        "reconstruct": 0.311922439352959
      },
      "val": {
        "mse": 0.49417367577552795,
        "rmse": 0.7029748756360557,
        "mae": 0.4148939847946167,
        "ci": 0.7901821755979852,
        "rm2": 0.34020926730398426,
        "pearson": 0.6001592960255415,
        "spearman": 0.5343313345934835,
        "r2": 0.3490332365036011,
        "bias": -0.06701835989952087
      },
      "val_delta_abs_mean": 0.6748631000518799,
      "val_gate_mean": 0.837131142616272
    },
    {
      "epoch": 5,
      "train": {
        "loss": 0.2250322478575806,
        "mse": 0.2179950596485834,
        "align": 5.784462353739505e-06,
        "reconstruct": 0.30467573858103925
      },
      "val": {
        "mse": 0.4930972158908844,
        "rmse": 0.7022088121711977,
        "mae": 0.4202530086040497,
        "ci": 0.7873962217422935,
        "rm2": 0.34101156824230006,
        "pearson": 0.5978940029550485,
        "spearman": 0.5289047744233856,
        "r2": 0.3504512906074524,
        "bias": -0.05108048766851425
      },
      "val_delta_abs_mean": 0.6743736863136292,
      "val_gate_mean": 0.8334001302719116
    },
    {
      "epoch": 6,
      "train": {
        "loss": 0.22519833515872967,
        "mse": 0.21802592992530104,
        "align": 5.415902854366345e-06,
        "reconstruct": 0.309352161299107
      },
      "val": {
        "mse": 0.4945085346698761,
        "rmse": 0.7032130080351728,
        "mae": 0.42006421089172363,
        "ci": 0.7871190316554745,
        "rm2": 0.339315642586799,
        "pearson": 0.5968644897464322,
        "spearman": 0.5284367053196722,
        "r2": 0.3485921621322632,
        "bias": -0.05378839001059532
      },
      "val_delta_abs_mean": 0.6440616846084595,
      "val_gate_mean": 0.8204267621040344
    },
    {
      "epoch": 7,
      "train": {
        "loss": 0.22526720233632427,
        "mse": 0.21802087007512758,
        "align": 5.0317808444866994e-06,
        "reconstruct": 0.31355162739719294
      },
      "val": {
        "mse": 0.49476203322410583,
        "rmse": 0.703393228019794,
        "mae": 0.41698479652404785,
        "ci": 0.7880226998518123,
        "rm2": 0.33938236807179184,
        "pearson": 0.5990148610461159,
        "spearman": 0.5302273491967634,
        "r2": 0.34825825691223145,
        "bias": -0.06493037194013596
      },
      "val_delta_abs_mean": 0.6752640604972839,
      "val_gate_mean": 0.848067045211792
    },
    {
      "epoch": 8,
      "train": {
        "loss": 0.22524634964102053,
        "mse": 0.21803167910947485,
        "align": 4.528133933670633e-06,
        "reconstruct": 0.3109557491311947
      },
      "val": {
        "mse": 0.49415159225463867,
        "rmse": 0.7029591682698496,
        "mae": 0.41853997111320496,
        "ci": 0.7883292179125488,
        "rm2": 0.3398803256609352,
        "pearson": 0.5979070662182648,
        "spearman": 0.5309328981649086,
        "r2": 0.34906238317489624,
        "bias": -0.0571090467274189
      },
      "val_delta_abs_mean": 0.6499767899513245,
      "val_gate_mean": 0.8339446187019348
    },
    {
      "epoch": 9,
      "train": {
        "loss": 0.22512911205613328,
        "mse": 0.2179691710207108,
        "align": 4.414278560898078e-06,
        "reconstruct": 0.3107148439045004
      },
      "val": {
        "mse": 0.49518460035324097,
        "rmse": 0.7036935415031468,
        "mae": 0.415750652551651,
        "ci": 0.7898190382542687,
        "rm2": 0.3393982142688896,
        "pearson": 0.5982627498026486,
        "spearman": 0.5336447747180758,
        "r2": 0.3477016091346741,
        "bias": -0.06516507267951965
      },
      "val_delta_abs_mean": 0.7085173726081848,
      "val_gate_mean": 0.8530449271202087
    },
    {
      "epoch": 10,
      "train": {
        "loss": 0.2251818482870315,
        "mse": 0.21794855991731515,
        "align": 3.902988116160685e-06,
        "reconstruct": 0.3099905958335875
      },
      "val": {
        "mse": 0.4961552917957306,
        "rmse": 0.7043829156046664,
        "mae": 0.4164324104785919,
        "ci": 0.7889571216874665,
        "rm2": 0.3382568659248211,
        "pearson": 0.5976660735627161,
        "spearman": 0.532147292260372,
        "r2": 0.3464229106903076,
        "bias": -0.0670078694820404
      },
      "val_delta_abs_mean": 0.6941568851470947,
      "val_gate_mean": 0.8504894971847534
    },
    {
      "epoch": 11,
      "train": {
        "loss": 0.2250051087436851,
        "mse": 0.21780542604165437,
        "align": 3.5245528496113965e-06,
        "reconstruct": 0.30964259999117655
      },
      "val": {
        "mse": 0.49683839082717896,
        "rmse": 0.7048676406440992,
        "mae": 0.419649213552475,
        "ci": 0.7871263636489539,
        "rm2": 0.337218593374582,
        "pearson": 0.5949910283252333,
        "spearman": 0.5285958052273538,
        "r2": 0.34552305936813354,
        "bias": -0.058942362666130066
      },
      "val_delta_abs_mean": 0.6534309983253479,
      "val_gate_mean": 0.829645574092865
    },
    {
      "epoch": 12,
      "train": {
        "loss": 0.22495644274839735,
        "mse": 0.21784402862947233,
        "align": 3.86940132633972e-06,
        "reconstruct": 0.3092196273860521
      },
      "val": {
        "mse": 0.4984942376613617,
        "rmse": 0.7060412435979655,
        "mae": 0.41806450486183167,
        "ci": 0.7866972383639227,
        "rm2": 0.33614685744093187,
        "pearson": 0.5947099907965184,
        "spearman": 0.5279791808835846,
        "r2": 0.3433418869972229,
        "bias": -0.0674196258187294
      },
      "val_delta_abs_mean": 0.7396496534347534,
      "val_gate_mean": 0.8622121214866638
    },
    {
      "epoch": 13,
      "train": {
        "loss": 0.2250936452969672,
        "mse": 0.2177740309067889,
        "align": 3.136901730601409e-06,
        "reconstruct": 0.31351046576196495
      },
      "val": {
        "mse": 0.49846142530441284,
        "rmse": 0.7060180063599035,
        "mae": 0.4179932177066803,
        "ci": 0.787377891758595,
        "rm2": 0.33583880910694824,
        "pearson": 0.5945999161213584,
        "spearman": 0.5293045864300572,
        "r2": 0.34338510036468506,
        "bias": -0.06605899333953857
      },
      "val_delta_abs_mean": 0.6853694915771484,
      "val_gate_mean": 0.8494342565536499
    },
    {
      "epoch": 14,
      "train": {
        "loss": 0.22488893448439992,
        "mse": 0.21773806303851445,
        "align": 3.442338952846496e-06,
        "reconstruct": 0.308104729295477
      },
      "val": {
        "mse": 0.4966576397418976,
        "rmse": 0.7047394126497379,
        "mae": 0.41708657145500183,
        "ci": 0.7888518261144426,
        "rm2": 0.33756488725200423,
        "pearson": 0.5962011471685453,
        "spearman": 0.5321438324203406,
        "r2": 0.345761239528656,
        "bias": -0.0633993074297905
      },
      "val_delta_abs_mean": 0.6715533137321472,
      "val_gate_mean": 0.8504322171211243
    },
    {
      "epoch": 15,
      "train": {
        "loss": 0.22476837209997821,
        "mse": 0.21755307708252977,
        "align": 3.1900162576102677e-06,
        "reconstruct": 0.31173443155280894
      },
      "val": {
        "mse": 0.4981047511100769,
        "rmse": 0.7057653654792625,
        "mae": 0.42211291193962097,
        "ci": 0.7850145458603972,
        "rm2": 0.3363091040565169,
        "pearson": 0.5921341709539926,
        "spearman": 0.524792780253882,
        "r2": 0.3438549041748047,
        "bias": -0.05376987159252167
      },
      "val_delta_abs_mean": 0.7057288885116577,
      "val_gate_mean": 0.847859263420105
    }
  ]
}
