{"epoch": 1, "train": {"loss": 0.2165668269154357, "mse": 0.21656676000582192, "adjustment": 6.646309178581706e-05}, "val": {"mse": 0.4831625819206238, "rmse": 0.6950989727518117, "mae": 0.4042484164237976, "ci": 0.798367327985323, "rm2": 0.3524435721508598, "pearson": 0.6169556043024786, "spearman": 0.5501258751195054, "r2": 0.3635380268096924, "bias": -0.0797167494893074}, "val_multiplier_mean": 1.026672601699829, "val_multiplier_min": 1.0055842399597168, "val_multiplier_max": 1.071078896522522}
{"epoch": 2, "train": {"loss": 0.21653014161513998, "mse": 0.21652941919502422, "adjustment": 0.0007222060438297002}, "val": {"mse": 0.4835711419582367, "rmse": 0.6953927968840609, "mae": 0.40433040261268616, "ci": 0.7987634592996968, "rm2": 0.35192957411472375, "pearson": 0.6169784026533092, "spearman": 0.5508153942012294, "r2": 0.3629998564720154, "bias": -0.08084539324045181}, "val_multiplier_mean": 1.053384780883789, "val_multiplier_min": 1.008366584777832, "val_multiplier_max": 1.1402308940887451}
{"epoch": 3, "train": {"loss": 0.21650769510672688, "mse": 0.21650571770384325, "adjustment": 0.0019775630548337078}, "val": {"mse": 0.4839620292186737, "rmse": 0.6956737951214447, "mae": 0.40439748764038086, "ci": 0.7990707920263757, "rm2": 0.3514239108478583, "pearson": 0.6170336583136501, "spearman": 0.5514237704110242, "r2": 0.362484872341156, "bias": -0.0819377601146698}, "val_multiplier_mean": 1.0777195692062378, "val_multiplier_min": 1.0068334341049194, "val_multiplier_max": 1.1940268278121948}
{"epoch": 4, "train": {"loss": 0.21648487846793046, "mse": 0.2164813005695837, "adjustment": 0.0035774713031365884}, "val": {"mse": 0.4839947521686554, "rmse": 0.6956973136132232, "mae": 0.40424561500549316, "ci": 0.7993540921077608, "rm2": 0.3513817697636839, "pearson": 0.6172276740633027, "spearman": 0.551916744471028, "r2": 0.3624418377876282, "bias": -0.08250179886817932}, "val_multiplier_mean": 1.0899007320404053, "val_multiplier_min": 0.9952192902565002, "val_multiplier_max": 1.2145442962646484}
{"epoch": 5, "train": {"loss": 0.21646529153208882, "mse": 0.21645987186198218, "adjustment": 0.005420330775632868}, "val": {"mse": 0.48401573300361633, "rmse": 0.6957123924464882, "mae": 0.40414121747016907, "ci": 0.7995115263010826, "rm2": 0.3513734509145777, "pearson": 0.6173771693216519, "spearman": 0.5522010832932062, "r2": 0.3624141812324524, "bias": -0.08296775072813034}, "val_multiplier_mean": 1.0993307828903198, "val_multiplier_min": 0.9929255247116089, "val_multiplier_max": 1.2246465682983398}
{"epoch": 6, "train": {"loss": 0.21645683109332775, "mse": 0.2164492621068157, "adjustment": 0.0075691526153070085}, "val": {"mse": 0.4838716387748718, "rmse": 0.6956088259753982, "mae": 0.4039369225502014, "ci": 0.7996984921348077, "rm2": 0.3515538250008019, "pearson": 0.6175900001227856, "spearman": 0.5525630051673586, "r2": 0.36260396242141724, "bias": -0.0831436887383461}, "val_multiplier_mean": 1.1025097370147705, "val_multiplier_min": 0.9830859303474426, "val_multiplier_max": 1.2265132665634155}
{"epoch": 7, "train": {"loss": 0.21645134656149487, "mse": 0.21644344030835233, "adjustment": 0.007905956651227137}, "val": {"mse": 0.4837082326412201, "rmse": 0.6954913605798566, "mae": 0.4037446677684784, "ci": 0.7998879019663592, "rm2": 0.35174633346610595, "pearson": 0.6177947560144512, "spearman": 0.5529280382476646, "r2": 0.36281925439834595, "bias": -0.0832226574420929}, "val_multiplier_mean": 1.1040558815002441, "val_multiplier_min": 0.9685925841331482, "val_multiplier_max": 1.2292494773864746}
{"epoch": 8, "train": {"loss": 0.2164411886262632, "mse": 0.2164317964158986, "adjustment": 0.009392437635198892}, "val": {"mse": 0.4836062788963318, "rmse": 0.6954180605192332, "mae": 0.4036221206188202, "ci": 0.7999785335524242, "rm2": 0.3518687017526088, "pearson": 0.6179666593976331, "spearman": 0.5530972673509555, "r2": 0.3629535436630249, "bias": -0.08338595926761627}, "val_multiplier_mean": 1.1069265604019165, "val_multiplier_min": 0.9624864459037781, "val_multiplier_max": 1.2316346168518066}
{"epoch": 9, "train": {"loss": 0.216436430213655, "mse": 0.21642666670944874, "adjustment": 0.009763993826213568}, "val": {"mse": 0.4835672974586487, "rmse": 0.6953900326138193, "mae": 0.40356484055519104, "ci": 0.8000636661433795, "rm2": 0.35191328673426414, "pearson": 0.6180701748404203, "spearman": 0.5532560999956091, "r2": 0.3630048632621765, "bias": -0.08353548496961594}, "val_multiplier_mean": 1.1103954315185547, "val_multiplier_min": 0.9544659852981567, "val_multiplier_max": 1.2361036539077759}
{"epoch": 10, "train": {"loss": 0.2164302255391294, "mse": 0.21641933151637438, "adjustment": 0.01089433160900734}, "val": {"mse": 0.48349666595458984, "rmse": 0.6953392452282482, "mae": 0.40346843004226685, "ci": 0.8001549087289012, "rm2": 0.35200673881935307, "pearson": 0.618217805715388, "spearman": 0.5534154828385756, "r2": 0.3630979061126709, "bias": -0.08373896032571793}, "val_multiplier_mean": 1.1138802766799927, "val_multiplier_min": 0.9507684111595154, "val_multiplier_max": 1.2383134365081787}
{"epoch": 11, "train": {"loss": 0.2164282291106176, "mse": 0.21641672574556792, "adjustment": 0.011503766794925081}, "val": {"mse": 0.4833928048610687, "rmse": 0.6952645574607329, "mae": 0.40336158871650696, "ci": 0.8002310799944928, "rm2": 0.3521291272851893, "pearson": 0.6183328970520298, "spearman": 0.5535628101564904, "r2": 0.3632347583770752, "bias": -0.08375297486782074}, "val_multiplier_mean": 1.1141648292541504, "val_multiplier_min": 0.9415777325630188, "val_multiplier_max": 1.2388417720794678}
{"epoch": 12, "train": {"loss": 0.21641933986286094, "mse": 0.21640758490102222, "adjustment": 0.011754778875955274}, "val": {"mse": 0.4833426773548126, "rmse": 0.6952285072944093, "mae": 0.4033047556877136, "ci": 0.8002803672839933, "rm2": 0.35219517792856575, "pearson": 0.6184741423548836, "spearman": 0.5536366401985323, "r2": 0.36330074071884155, "bias": -0.08398550003767014}, "val_multiplier_mean": 1.1183788776397705, "val_multiplier_min": 0.9410024285316467, "val_multiplier_max": 1.24091374874115}
{"epoch": 13, "train": {"loss": 0.21641759244886322, "mse": 0.21640489696796444, "adjustment": 0.012695917287717526}, "val": {"mse": 0.4832097589969635, "rmse": 0.6951329074335091, "mae": 0.4031831622123718, "ci": 0.8003657035414343, "rm2": 0.3523437940801269, "pearson": 0.6185621816554119, "spearman": 0.5538078701169373, "r2": 0.36347585916519165, "bias": -0.08383914828300476}, "val_multiplier_mean": 1.1156336069107056, "val_multiplier_min": 0.9277483820915222, "val_multiplier_max": 1.240099310874939}
{"epoch": 14, "train": {"loss": 0.21641401110031017, "mse": 0.21640106409004842, "adjustment": 0.01294617457757361}, "val": {"mse": 0.48321229219436646, "rmse": 0.6951347295268496, "mae": 0.4032040536403656, "ci": 0.8004009378434326, "rm2": 0.3523360564731691, "pearson": 0.6186239149205102, "spearman": 0.5538872317888477, "r2": 0.36347252130508423, "bias": -0.08398400247097015}, "val_multiplier_mean": 1.1191941499710083, "val_multiplier_min": 0.9255591630935669, "val_multiplier_max": 1.2428605556488037}
{"epoch": 15, "train": {"loss": 0.2164149278308793, "mse": 0.21640108209998177, "adjustment": 0.013845286232814634}, "val": {"mse": 0.48314744234085083, "rmse": 0.6950880824333351, "mae": 0.40312597155570984, "ci": 0.8004312841497779, "rm2": 0.35242045901969626, "pearson": 0.6187021867825188, "spearman": 0.5539386986110377, "r2": 0.36355793476104736, "bias": -0.08402834832668304}, "val_multiplier_mean": 1.1193368434906006, "val_multiplier_min": 0.9233344197273254, "val_multiplier_max": 1.2423083782196045}
{"epoch": 16, "train": {"loss": 0.21641059083980832, "mse": 0.21639655444233435, "adjustment": 0.014036073525244077}, "val": {"mse": 0.4830924868583679, "rmse": 0.6950485500009103, "mae": 0.4030400812625885, "ci": 0.8004787384409087, "rm2": 0.35250393194687474, "pearson": 0.61882711172149, "spearman": 0.5540251462275266, "r2": 0.36363035440444946, "bias": -0.08423725515604019}, "val_multiplier_mean": 1.1223527193069458, "val_multiplier_min": 0.9246465563774109, "val_multiplier_max": 1.242796540260315}
{"epoch": 17, "train": {"loss": 0.21640570388011734, "mse": 0.2163910737100322, "adjustment": 0.014630121266076818}, "val": {"mse": 0.48302969336509705, "rmse": 0.6950033765134505, "mae": 0.4029909372329712, "ci": 0.8005060297499709, "rm2": 0.35257285841887476, "pearson": 0.6189079552356219, "spearman": 0.5540917256735352, "r2": 0.36371302604675293, "bias": -0.08426012098789215}, "val_multiplier_mean": 1.1231259107589722, "val_multiplier_min": 0.9185087084770203, "val_multiplier_max": 1.2435904741287231}
{"epoch": 18, "train": {"loss": 0.21640428039960363, "mse": 0.21638870334515067, "adjustment": 0.015576916338921259}, "val": {"mse": 0.48301300406455994, "rmse": 0.6949913697770354, "mae": 0.40295588970184326, "ci": 0.8005467630470787, "rm2": 0.3526032846035693, "pearson": 0.6189580295662436, "spearman": 0.5541565917297653, "r2": 0.36373502016067505, "bias": -0.08436578512191772}, "val_multiplier_mean": 1.1247669458389282, "val_multiplier_min": 0.918592631816864, "val_multiplier_max": 1.2441948652267456}
{"epoch": 19, "train": {"loss": 0.21640612229186967, "mse": 0.21639039615694408, "adjustment": 0.015726325479001196}, "val": {"mse": 0.48292121291160583, "rmse": 0.6949253290185974, "mae": 0.4028739333152771, "ci": 0.8006033823300587, "rm2": 0.3527058687688925, "pearson": 0.6189989745032961, "spearman": 0.5542790643722185, "r2": 0.3638559579849243, "bias": -0.08421778678894043}, "val_multiplier_mean": 1.1217923164367676, "val_multiplier_min": 0.9080681204795837, "val_multiplier_max": 1.2430143356323242}
{"epoch": 20, "train": {"loss": 0.2164040665097676, "mse": 0.21638909947904297, "adjustment": 0.014967261691191915}, "val": {"mse": 0.48295679688453674, "rmse": 0.6949509312782715, "mae": 0.40289562940597534, "ci": 0.8005732396901989, "rm2": 0.35267735227427477, "pearson": 0.6190063814534866, "spearman": 0.5542020224728964, "r2": 0.36380910873413086, "bias": -0.08435913920402527}, "val_multiplier_mean": 1.1239370107650757, "val_multiplier_min": 0.9149205088615417, "val_multiplier_max": 1.2431578636169434}
{
  "guardrail": "validation only; test indices and metrics were not accessed",
  "condition": "real",
  "seed": 44,
  "best_epoch": 0,
  "epoch0_max_abs_difference_vs_frozen": 9.5367431640625e-07,
  "p13d_baseline": {
    "mse": 0.48946526646614075,
    "rmse": 0.6996179432133947,
    "mae": 0.43143847584724426,
    "ci": 0.7885622123720057,
    "rm2": 0.3410284448121984,
    "pearson": 0.5995077496596147,
    "spearman": 0.5319472626673567,
    "r2": 0.35523557662963867,
    "bias": -0.015189344994723797
  },
  "frozen_brics_baseline": {
    "mse": 0.4828588664531708,
    "rmse": 0.6948804691838524,
    "mae": 0.4043091833591461,
    "ci": 0.7980084676378028,
    "rm2": 0.352809580953063,
    "pearson": 0.6168740095803196,
    "spearman": 0.5495088977474822,
    "r2": 0.3639380931854248,
    "bias": -0.0786333903670311
  },
  "best": {
    "mse": 0.4828588664531708,
    "rmse": 0.6948804691838524,
    "mae": 0.4043091833591461,
    "ci": 0.7980037833086354,
    "rm2": 0.3528096441596745,
    "pearson": 0.6168740028188058,
    "spearman": 0.54950574811182,
    "r2": 0.3639380931854248,
    "bias": -0.0786333903670311
  },
  "relative_mse_gain_vs_frozen": 0.0,
  "relative_mse_gain_vs_p13d": 0.01349717838135298,
  "multiplier": {
    "mean": 1.0,
    "std": 0.0,
    "min": 1.0,
    "max": 1.0
  },
  "drug_bootstrap_vs_frozen": {
    "drugs": 7,
    "improved": 1,
    "worsened": 6,
    "improvements": [
      -4.22561363677687e-09,
      -9.673929213249721e-09,
      -8.207016732875161e-10,
      -1.8269156187855629e-09,
      -1.3845323998395997e-08,
      3.605187703925594e-09,
      -1.0199723732284838e-08
    ],
    "mean": -5.2838600241221306e-09,
    "ci95": [
      -9.493705750112419e-09,
      -1.1251143508924803e-09
    ],
    "probability_positive": 0.0053
  },
  "drug_bootstrap_vs_p13d": {
    "drugs": 7,
    "improved": 5,
    "worsened": 2,
    "improvements": [
      -0.03393232077360153,
      0.03645436838269234,
      0.030866052955389023,
      0.012066329829394817,
      0.05389561504125595,
      0.0044773598201572895,
      -0.05758299306035042
    ],
    "mean": 0.006606344599276781,
    "ci95": [
      -0.021954748846058334,
      0.032301293552986214
    ],
    "probability_positive": 0.69605
  },
  "trainable_parameters": 161,
  "args": {
    "project": "/data1/ztx/MyModel-MDTA",
    "checkpoint": "outputs/Refine_experiment/davis/cold_start/drug_cold_5fold_seed42/baseline/fold_1/best_model.pt",
    "clean_checkpoint": "experiments/brics_hierarchical/outputs/graph_real_seed44/best.pt",
    "reference_predictions": "experiments/brics_hierarchical/outputs/graph_real_seed44/validation_predictions.npz",
    "global_cache": "experiments/pdbbind_to_davis_transfer/data/global_predictions/fold1_with_features.pt",
    "drug_cache": "experiments/brics_hierarchical/data/fold1_drug_encoder_inputs_chem.pt",
    "reliability_cache": "experiments/brics_hierarchical/data/fold1_brics_reliability.pt",
    "split": "data/splits/davis_drug_cold_5fold_seed42/fold_1/split.json",
    "condition": "real",
    "clean_condition": "real",
    "seed": 44,
    "device": "cuda:1",
    "batch_size": 128,
    "epochs": 100,
    "patience": 20,
    "lr": 0.001,
    "weight_decay": 0.0001,
    "max_adjustment": 0.25,
    "lambda_adjustment": 0.001,
    "output_dir": "experiments/brics_hierarchical/outputs/reliability_real_seed44"
  },
  "history": [
    {
      "epoch": 1,
      "train": {
        "loss": 0.2165668269154357,
        "mse": 0.21656676000582192,
        "adjustment": 6.646309178581706e-05
      },
      "val": {
        "mse": 0.4831625819206238,
        "rmse": 0.6950989727518117,
        "mae": 0.4042484164237976,
        "ci": 0.798367327985323,
        "rm2": 0.3524435721508598,
        "pearson": 0.6169556043024786,
        "spearman": 0.5501258751195054,
        "r2": 0.3635380268096924,
        "bias": -0.0797167494893074
      },
      "val_multiplier_mean": 1.026672601699829,
      "val_multiplier_min": 1.0055842399597168,
      "val_multiplier_max": 1.071078896522522
    },
    {
      "epoch": 2,
      "train": {
        "loss": 0.21653014161513998,
        "mse": 0.21652941919502422,
        "adjustment": 0.0007222060438297002
      },
      "val": {
        "mse": 0.4835711419582367,
        "rmse": 0.6953927968840609,
        "mae": 0.40433040261268616,
        "ci": 0.7987634592996968,
        "rm2": 0.35192957411472375,
        "pearson": 0.6169784026533092,
        "spearman": 0.5508153942012294,
        "r2": 0.3629998564720154,
        "bias": -0.08084539324045181
      },
      "val_multiplier_mean": 1.053384780883789,
      "val_multiplier_min": 1.008366584777832,
      "val_multiplier_max": 1.1402308940887451
    },
    {
      "epoch": 3,
      "train": {
        "loss": 0.21650769510672688,
        "mse": 0.21650571770384325,
        "adjustment": 0.0019775630548337078
      },
      "val": {
        "mse": 0.4839620292186737,
        "rmse": 0.6956737951214447,
        "mae": 0.40439748764038086,
        "ci": 0.7990707920263757,
        "rm2": 0.3514239108478583,
        "pearson": 0.6170336583136501,
        "spearman": 0.5514237704110242,
        "r2": 0.362484872341156,
        "bias": -0.0819377601146698
      },
      "val_multiplier_mean": 1.0777195692062378,
      "val_multiplier_min": 1.0068334341049194,
      "val_multiplier_max": 1.1940268278121948
    },
    {
      "epoch": 4,
      "train": {
        "loss": 0.21648487846793046,
        "mse": 0.2164813005695837,
        "adjustment": 0.0035774713031365884
      },
      "val": {
        "mse": 0.4839947521686554,
        "rmse": 0.6956973136132232,
        "mae": 0.40424561500549316,
        "ci": 0.7993540921077608,
        "rm2": 0.3513817697636839,
        "pearson": 0.6172276740633027,
        "spearman": 0.551916744471028,
        "r2": 0.3624418377876282,
        "bias": -0.08250179886817932
      },
      "val_multiplier_mean": 1.0899007320404053,
      "val_multiplier_min": 0.9952192902565002,
      "val_multiplier_max": 1.2145442962646484
    },
    {
      "epoch": 5,
      "train": {
        "loss": 0.21646529153208882,
        "mse": 0.21645987186198218,
        "adjustment": 0.005420330775632868
      },
      "val": {
        "mse": 0.48401573300361633,
        "rmse": 0.6957123924464882,
        "mae": 0.40414121747016907,
        "ci": 0.7995115263010826,
        "rm2": 0.3513734509145777,
        "pearson": 0.6173771693216519,
        "spearman": 0.5522010832932062,
        "r2": 0.3624141812324524,
        "bias": -0.08296775072813034
      },
      "val_multiplier_mean": 1.0993307828903198,
      "val_multiplier_min": 0.9929255247116089,
      "val_multiplier_max": 1.2246465682983398
    },
    {
      "epoch": 6,
      "train": {
        "loss": 0.21645683109332775,
        "mse": 0.2164492621068157,
        "adjustment": 0.0075691526153070085
      },
      "val": {
        "mse": 0.4838716387748718,
        "rmse": 0.6956088259753982,
        "mae": 0.4039369225502014,
        "ci": 0.7996984921348077,
        "rm2": 0.3515538250008019,
        "pearson": 0.6175900001227856,
        "spearman": 0.5525630051673586,
        "r2": 0.36260396242141724,
        "bias": -0.0831436887383461
      },
      "val_multiplier_mean": 1.1025097370147705,
      "val_multiplier_min": 0.9830859303474426,
      "val_multiplier_max": 1.2265132665634155
    },
    {
      "epoch": 7,
      "train": {
        "loss": 0.21645134656149487,
        "mse": 0.21644344030835233,
        "adjustment": 0.007905956651227137
      },
      "val": {
        "mse": 0.4837082326412201,
        "rmse": 0.6954913605798566,
        "mae": 0.4037446677684784,
        "ci": 0.7998879019663592,
        "rm2": 0.35174633346610595,
        "pearson": 0.6177947560144512,
        "spearman": 0.5529280382476646,
        "r2": 0.36281925439834595,
        "bias": -0.0832226574420929
      },
      "val_multiplier_mean": 1.1040558815002441,
      "val_multiplier_min": 0.9685925841331482,
      "val_multiplier_max": 1.2292494773864746
    },
    {
      "epoch": 8,
      "train": {
        "loss": 0.2164411886262632,
        "mse": 0.2164317964158986,
        "adjustment": 0.009392437635198892
      },
      "val": {
        "mse": 0.4836062788963318,
        "rmse": 0.6954180605192332,
        "mae": 0.4036221206188202,
        "ci": 0.7999785335524242,
        "rm2": 0.3518687017526088,
        "pearson": 0.6179666593976331,
        "spearman": 0.5530972673509555,
        "r2": 0.3629535436630249,
        "bias": -0.08338595926761627
      },
      "val_multiplier_mean": 1.1069265604019165,
      "val_multiplier_min": 0.9624864459037781,
      "val_multiplier_max": 1.2316346168518066
    },
    {
      "epoch": 9,
      "train": {
        "loss": 0.216436430213655,
        "mse": 0.21642666670944874,
        "adjustment": 0.009763993826213568
      },
      "val": {
        "mse": 0.4835672974586487,
        "rmse": 0.6953900326138193,
        "mae": 0.40356484055519104,
        "ci": 0.8000636661433795,
        "rm2": 0.35191328673426414,
        "pearson": 0.6180701748404203,
        "spearman": 0.5532560999956091,
        "r2": 0.3630048632621765,
        "bias": -0.08353548496961594
      },
      "val_multiplier_mean": 1.1103954315185547,
      "val_multiplier_min": 0.9544659852981567,
      "val_multiplier_max": 1.2361036539077759
    },
    {
      "epoch": 10,
      "train": {
        "loss": 0.2164302255391294,
        "mse": 0.21641933151637438,
        "adjustment": 0.01089433160900734
      },
      "val": {
        "mse": 0.48349666595458984,
        "rmse": 0.6953392452282482,
        "mae": 0.40346843004226685,
        "ci": 0.8001549087289012,
        "rm2": 0.35200673881935307,
        "pearson": 0.618217805715388,
        "spearman": 0.5534154828385756,
        "r2": 0.3630979061126709,
        "bias": -0.08373896032571793
      },
      "val_multiplier_mean": 1.1138802766799927,
      "val_multiplier_min": 0.9507684111595154,
      "val_multiplier_max": 1.2383134365081787
    },
    {
      "epoch": 11,
      "train": {
        "loss": 0.2164282291106176,
        "mse": 0.21641672574556792,
        "adjustment": 0.011503766794925081
      },
      "val": {
        "mse": 0.4833928048610687,
        "rmse": 0.6952645574607329,
        "mae": 0.40336158871650696,
        "ci": 0.8002310799944928,
        "rm2": 0.3521291272851893,
        "pearson": 0.6183328970520298,
        "spearman": 0.5535628101564904,
        "r2": 0.3632347583770752,
        "bias": -0.08375297486782074
      },
      "val_multiplier_mean": 1.1141648292541504,
      "val_multiplier_min": 0.9415777325630188,
      "val_multiplier_max": 1.2388417720794678
    },
    {
      "epoch": 12,
      "train": {
        "loss": 0.21641933986286094,
        "mse": 0.21640758490102222,
        "adjustment": 0.011754778875955274
      },
      "val": {
        "mse": 0.4833426773548126,
        "rmse": 0.6952285072944093,
        "mae": 0.4033047556877136,
        "ci": 0.8002803672839933,
        "rm2": 0.35219517792856575,
        "pearson": 0.6184741423548836,
        "spearman": 0.5536366401985323,
        "r2": 0.36330074071884155,
        "bias": -0.08398550003767014
      },
      "val_multiplier_mean": 1.1183788776397705,
      "val_multiplier_min": 0.9410024285316467,
      "val_multiplier_max": 1.24091374874115
    },
    {
      "epoch": 13,
      "train": {
        "loss": 0.21641759244886322,
        "mse": 0.21640489696796444,
        "adjustment": 0.012695917287717526
      },
      "val": {
        "mse": 0.4832097589969635,
        "rmse": 0.6951329074335091,
        "mae": 0.4031831622123718,
        "ci": 0.8003657035414343,
        "rm2": 0.3523437940801269,
        "pearson": 0.6185621816554119,
        "spearman": 0.5538078701169373,
        "r2": 0.36347585916519165,
        "bias": -0.08383914828300476
      },
      "val_multiplier_mean": 1.1156336069107056,
      "val_multiplier_min": 0.9277483820915222,
      "val_multiplier_max": 1.240099310874939
    },
    {
      "epoch": 14,
      "train": {
        "loss": 0.21641401110031017,
        "mse": 0.21640106409004842,
        "adjustment": 0.01294617457757361
      },
      "val": {
        "mse": 0.48321229219436646,
        "rmse": 0.6951347295268496,
        "mae": 0.4032040536403656,
        "ci": 0.8004009378434326,
        "rm2": 0.3523360564731691,
        "pearson": 0.6186239149205102,
        "spearman": 0.5538872317888477,
        "r2": 0.36347252130508423,
        "bias": -0.08398400247097015
      },
      "val_multiplier_mean": 1.1191941499710083,
      "val_multiplier_min": 0.9255591630935669,
      "val_multiplier_max": 1.2428605556488037
    },
    {
      "epoch": 15,
      "train": {
        "loss": 0.2164149278308793,
        "mse": 0.21640108209998177,
        "adjustment": 0.013845286232814634
      },
      "val": {
        "mse": 0.48314744234085083,
        "rmse": 0.6950880824333351,
        "mae": 0.40312597155570984,
        "ci": 0.8004312841497779,
        "rm2": 0.35242045901969626,
        "pearson": 0.6187021867825188,
        "spearman": 0.5539386986110377,
        "r2": 0.36355793476104736,
        "bias": -0.08402834832668304
      },
      "val_multiplier_mean": 1.1193368434906006,
      "val_multiplier_min": 0.9233344197273254,
      "val_multiplier_max": 1.2423083782196045
    },
    {
      "epoch": 16,
      "train": {
        "loss": 0.21641059083980832,
        "mse": 0.21639655444233435,
        "adjustment": 0.014036073525244077
      },
      "val": {
        "mse": 0.4830924868583679,
        "rmse": 0.6950485500009103,
        "mae": 0.4030400812625885,
        "ci": 0.8004787384409087,
        "rm2": 0.35250393194687474,
        "pearson": 0.61882711172149,
        "spearman": 0.5540251462275266,
        "r2": 0.36363035440444946,
        "bias": -0.08423725515604019
      },
      "val_multiplier_mean": 1.1223527193069458,
      "val_multiplier_min": 0.9246465563774109,
      "val_multiplier_max": 1.242796540260315
    },
    {
      "epoch": 17,
      "train": {
        "loss": 0.21640570388011734,
        "mse": 0.2163910737100322,
        "adjustment": 0.014630121266076818
      },
      "val": {
        "mse": 0.48302969336509705,
        "rmse": 0.6950033765134505,
        "mae": 0.4029909372329712,
        "ci": 0.8005060297499709,
        "rm2": 0.35257285841887476,
        "pearson": 0.6189079552356219,
        "spearman": 0.5540917256735352,
        "r2": 0.36371302604675293,
        "bias": -0.08426012098789215
      },
      "val_multiplier_mean": 1.1231259107589722,
      "val_multiplier_min": 0.9185087084770203,
      "val_multiplier_max": 1.2435904741287231
    },
    {
      "epoch": 18,
      "train": {
        "loss": 0.21640428039960363,
        "mse": 0.21638870334515067,
        "adjustment": 0.015576916338921259
      },
      "val": {
        "mse": 0.48301300406455994,
        "rmse": 0.6949913697770354,
        "mae": 0.40295588970184326,
        "ci": 0.8005467630470787,
        "rm2": 0.3526032846035693,
        "pearson": 0.6189580295662436,
        "spearman": 0.5541565917297653,
        "r2": 0.36373502016067505,
        "bias": -0.08436578512191772
      },
      "val_multiplier_mean": 1.1247669458389282,
      "val_multiplier_min": 0.918592631816864,
      "val_multiplier_max": 1.2441948652267456
    },
    {
      "epoch": 19,
      "train": {
        "loss": 0.21640612229186967,
        "mse": 0.21639039615694408,
        "adjustment": 0.015726325479001196
      },
      "val": {
        "mse": 0.48292121291160583,
        "rmse": 0.6949253290185974,
        "mae": 0.4028739333152771,
        "ci": 0.8006033823300587,
        "rm2": 0.3527058687688925,
        "pearson": 0.6189989745032961,
        "spearman": 0.5542790643722185,
        "r2": 0.3638559579849243,
        "bias": -0.08421778678894043
      },
      "val_multiplier_mean": 1.1217923164367676,
      "val_multiplier_min": 0.9080681204795837,
      "val_multiplier_max": 1.2430143356323242
    },
    {
      "epoch": 20,
      "train": {
        "loss": 0.2164040665097676,
        "mse": 0.21638909947904297,
        "adjustment": 0.014967261691191915
      },
      "val": {
        "mse": 0.48295679688453674,
        "rmse": 0.6949509312782715,
        "mae": 0.40289562940597534,
        "ci": 0.8005732396901989,
        "rm2": 0.35267735227427477,
        "pearson": 0.6190063814534866,
        "spearman": 0.5542020224728964,
        "r2": 0.36380910873413086,
        "bias": -0.08435913920402527
      },
      "val_multiplier_mean": 1.1239370107650757,
      "val_multiplier_min": 0.9149205088615417,
      "val_multiplier_max": 1.2431578636169434
    }
  ]
}
