{"epoch": 1, "train": {"loss": 0.215933048950073, "mse": 0.2159329963003555, "adjustment": 5.3680479912086336e-05}, "val": {"mse": 0.48064640164375305, "rmse": 0.6932866662815268, "mae": 0.4072895050048828, "ci": 0.7987526649759633, "rm2": 0.35452365818860776, "pearson": 0.6167957100148109, "spearman": 0.5490913669231989, "r2": 0.3668525218963623, "bias": -0.06897891312837601}, "val_multiplier_mean": 1.0175303220748901, "val_multiplier_min": 1.0175302028656006, "val_multiplier_max": 1.0175302028656006}
{"epoch": 2, "train": {"loss": 0.21589898249837194, "mse": 0.2158982362295122, "adjustment": 0.0007459870246185658}, "val": {"mse": 0.4804023206233978, "rmse": 0.6931106121128127, "mae": 0.4068519175052643, "ci": 0.7992724218470595, "rm2": 0.35478844324149994, "pearson": 0.6174051640610898, "spearman": 0.5498676242290353, "r2": 0.36717408895492554, "bias": -0.07005850225687027}, "val_multiplier_mean": 1.0418404340744019, "val_multiplier_min": 1.0418405532836914, "val_multiplier_max": 1.0418405532836914}
{"epoch": 3, "train": {"loss": 0.21588012143572152, "mse": 0.21587809323661997, "adjustment": 0.002028092975177956}, "val": {"mse": 0.4802717864513397, "rmse": 0.6930164402460736, "mae": 0.40660926699638367, "ci": 0.7995170252961922, "rm2": 0.3549316285190142, "pearson": 0.6177409863504704, "spearman": 0.550275797229763, "r2": 0.36734598875045776, "bias": -0.07066132873296738}, "val_multiplier_mean": 1.055567741394043, "val_multiplier_min": 1.0555676221847534, "val_multiplier_max": 1.0555676221847534}
{"epoch": 4, "train": {"loss": 0.2158713584942068, "mse": 0.21586838982123502, "adjustment": 0.0029687711802604704}, "val": {"mse": 0.4801868796348572, "rmse": 0.692955178662269, "mae": 0.40644922852516174, "ci": 0.7997518527540189, "rm2": 0.35502511115356666, "pearson": 0.6179628039113878, "spearman": 0.5507199879818935, "r2": 0.3674578070640564, "bias": -0.07106131315231323}, "val_multiplier_mean": 1.0647029876708984, "val_multiplier_min": 1.064703345298767, "val_multiplier_max": 1.064703345298767}
{"epoch": 5, "train": {"loss": 0.2158726706930151, "mse": 0.21586728269881483, "adjustment": 0.005387927119244369}, "val": {"mse": 0.4801330864429474, "rmse": 0.6929163632379793, "mae": 0.40634793043136597, "ci": 0.7998722196469726, "rm2": 0.35508451681519815, "pearson": 0.6181046396404786, "spearman": 0.5509284469598662, "r2": 0.3675287365913391, "bias": -0.07131679356098175}, "val_multiplier_mean": 1.0705748796463013, "val_multiplier_min": 1.0705747604370117, "val_multiplier_max": 1.0705747604370117}
{"epoch": 6, "train": {"loss": 0.21586705994890643, "mse": 0.2158617398943607, "adjustment": 0.005320543842735379}, "val": {"mse": 0.48008379340171814, "rmse": 0.6928807930674065, "mae": 0.4062550365924835, "ci": 0.7999526679087606, "rm2": 0.35513866874710087, "pearson": 0.6182366097405468, "spearman": 0.5510813762682977, "r2": 0.3675936460494995, "bias": -0.07155611366033554}, "val_multiplier_mean": 1.0761117935180664, "val_multiplier_min": 1.0761120319366455, "val_multiplier_max": 1.0761120319366455}
{"epoch": 7, "train": {"loss": 0.2158638577098806, "mse": 0.21585764109376787, "adjustment": 0.006216420783883937}, "val": {"mse": 0.48002079129219055, "rmse": 0.692835327687749, "mae": 0.4061354994773865, "ci": 0.8001300614176654, "rm2": 0.35520807627734746, "pearson": 0.61840741808477, "spearman": 0.5513019494477792, "r2": 0.36767661571502686, "bias": -0.07186737656593323}, "val_multiplier_mean": 1.0833512544631958, "val_multiplier_min": 1.0833511352539062, "val_multiplier_max": 1.0833511352539062}
{"epoch": 8, "train": {"loss": 0.21586211677022007, "mse": 0.21585538297751025, "adjustment": 0.006733223301403083}, "val": {"mse": 0.48000845313072205, "rmse": 0.6928264235223149, "mae": 0.40611183643341064, "ci": 0.800172220380172, "rm2": 0.35522202692534943, "pearson": 0.6184411980096947, "spearman": 0.5513658112555155, "r2": 0.36769288778305054, "bias": -0.07192911952733994}, "val_multiplier_mean": 1.0847874879837036, "val_multiplier_min": 1.0847876071929932, "val_multiplier_max": 1.0847876071929932}
{"epoch": 9, "train": {"loss": 0.21586198494938647, "mse": 0.21585431171069536, "adjustment": 0.007673084090929254}, "val": {"mse": 0.47997140884399414, "rmse": 0.6927996888307573, "mae": 0.40604129433631897, "ci": 0.8002469659803649, "rm2": 0.35526292292353606, "pearson": 0.61854170106273, "spearman": 0.5515001262069744, "r2": 0.3677417039871216, "bias": -0.0721115693449974}, "val_multiplier_mean": 1.0890475511550903, "val_multiplier_min": 1.0890475511550903, "val_multiplier_max": 1.0890475511550903}
{"epoch": 10, "train": {"loss": 0.2158630054371986, "mse": 0.21585529482294646, "adjustment": 0.007710649385390913}, "val": {"mse": 0.47998347878456116, "rmse": 0.6928083997647265, "mae": 0.4060642421245575, "ci": 0.800221304003187, "rm2": 0.3552494707605698, "pearson": 0.6185090307446224, "spearman": 0.5514598068493602, "r2": 0.36772578954696655, "bias": -0.07205254584550858}, "val_multiplier_mean": 1.0876657962799072, "val_multiplier_min": 1.0876660346984863, "val_multiplier_max": 1.0876660346984863}
{"epoch": 11, "train": {"loss": 0.21586079539142422, "mse": 0.21585284467867963, "adjustment": 0.007951606390509108}, "val": {"mse": 0.4799130856990814, "rmse": 0.6927575951940775, "mae": 0.40592944622039795, "ci": 0.8003424855620829, "rm2": 0.35532746197864995, "pearson": 0.6187001759884229, "spearman": 0.5516716523639906, "r2": 0.36781853437423706, "bias": -0.07239774614572525}, "val_multiplier_mean": 1.095779538154602, "val_multiplier_min": 1.095779538154602, "val_multiplier_max": 1.095779538154602}
{"epoch": 12, "train": {"loss": 0.21586478825849004, "mse": 0.2158572711599244, "adjustment": 0.007516559060973934}, "val": {"mse": 0.4799434244632721, "rmse": 0.6927794919476702, "mae": 0.40598779916763306, "ci": 0.8002879029439584, "rm2": 0.3552939827363772, "pearson": 0.6186175702265934, "spearman": 0.5515804698110676, "r2": 0.3677785396575928, "bias": -0.0722484439611435}, "val_multiplier_mean": 1.0922638177871704, "val_multiplier_min": 1.0922638177871704, "val_multiplier_max": 1.0922638177871704}
{"epoch": 13, "train": {"loss": 0.21586117836575633, "mse": 0.2158521100687914, "adjustment": 0.009068181343205202}, "val": {"mse": 0.4799383282661438, "rmse": 0.6927758138576604, "mae": 0.4059779942035675, "ci": 0.800299511933634, "rm2": 0.35529939191537013, "pearson": 0.6186314014738774, "spearman": 0.5515912401790842, "r2": 0.3677852749824524, "bias": -0.07227347791194916}, "val_multiplier_mean": 1.0928525924682617, "val_multiplier_min": 1.0928527116775513, "val_multiplier_max": 1.0928527116775513}
{"epoch": 14, "train": {"loss": 0.2158623162301601, "mse": 0.21585457176013115, "adjustment": 0.007744666383163904}, "val": {"mse": 0.4799594283103943, "rmse": 0.6927910423139103, "mae": 0.4060184061527252, "ci": 0.8002675362954044, "rm2": 0.3552763472700589, "pearson": 0.6185742027541895, "spearman": 0.551543367796607, "r2": 0.3677574396133423, "bias": -0.0721701979637146}, "val_multiplier_mean": 1.0904244184494019, "val_multiplier_min": 1.0904242992401123, "val_multiplier_max": 1.0904242992401123}
{"epoch": 15, "train": {"loss": 0.21586170159061524, "mse": 0.21585210178686173, "adjustment": 0.009599397234748494}, "val": {"mse": 0.47992464900016785, "rmse": 0.6927659409931812, "mae": 0.40595173835754395, "ci": 0.8003249702443265, "rm2": 0.35531465640873444, "pearson": 0.6186686081883644, "spearman": 0.5516356929138106, "r2": 0.36780327558517456, "bias": -0.07234068959951401}, "val_multiplier_mean": 1.0944366455078125, "val_multiplier_min": 1.0944364070892334, "val_multiplier_max": 1.0944364070892334}
{"epoch": 16, "train": {"loss": 0.21586239769017604, "mse": 0.21585322843773644, "adjustment": 0.009169521110794582}, "val": {"mse": 0.4799298048019409, "rmse": 0.6927696621547027, "mae": 0.4059615433216095, "ci": 0.8002989009341774, "rm2": 0.3553088821795064, "pearson": 0.6186546543491129, "spearman": 0.5516048648748297, "r2": 0.36779648065567017, "bias": -0.0723155289888382}, "val_multiplier_mean": 1.0938435792922974, "val_multiplier_min": 1.0938435792922974, "val_multiplier_max": 1.0938435792922974}
{"epoch": 17, "train": {"loss": 0.21586219559703282, "mse": 0.21585359301766313, "adjustment": 0.008603178527139115}, "val": {"mse": 0.47991782426834106, "rmse": 0.6927610152630855, "mae": 0.40593862533569336, "ci": 0.8003339315696902, "rm2": 0.3553222479300152, "pearson": 0.6186871969086151, "spearman": 0.5516563810845104, "r2": 0.36781227588653564, "bias": -0.07237426936626434}, "val_multiplier_mean": 1.0952262878417969, "val_multiplier_min": 1.095226764678955, "val_multiplier_max": 1.095226764678955}
{"epoch": 18, "train": {"loss": 0.21586176136741167, "mse": 0.2158531958207343, "adjustment": 0.008565221000306758}, "val": {"mse": 0.4798896312713623, "rmse": 0.6927406666793586, "mae": 0.4058845639228821, "ci": 0.8003724245354571, "rm2": 0.3553534801814484, "pearson": 0.6187642405535768, "spearman": 0.5517316405418551, "r2": 0.3678494095802307, "bias": -0.07251343131065369}, "val_multiplier_mean": 1.0985201597213745, "val_multiplier_min": 1.0985201597213745, "val_multiplier_max": 1.0985201597213745}
{"epoch": 19, "train": {"loss": 0.21586263621348073, "mse": 0.21585283236266262, "adjustment": 0.009803409679746466}, "val": {"mse": 0.4799020290374756, "rmse": 0.6927496149673962, "mae": 0.40590837597846985, "ci": 0.8003422818955973, "rm2": 0.35533956681268136, "pearson": 0.6187302291755248, "spearman": 0.5516898164201588, "r2": 0.36783307790756226, "bias": -0.0724518895149231}, "val_multiplier_mean": 1.0970592498779297, "val_multiplier_min": 1.097059726715088, "val_multiplier_max": 1.097059726715088}
{"epoch": 20, "train": {"loss": 0.215860710116097, "mse": 0.21585109528637236, "adjustment": 0.009615136376359993}, "val": {"mse": 0.4799157679080963, "rmse": 0.692759531084269, "mae": 0.405934602022171, "ci": 0.8003418745626262, "rm2": 0.3553245221823634, "pearson": 0.6186928951559063, "spearman": 0.5516685136888766, "r2": 0.36781495809555054, "bias": -0.07238458096981049}, "val_multiplier_mean": 1.09546959400177, "val_multiplier_min": 1.0954694747924805, "val_multiplier_max": 1.0954694747924805}
{"epoch": 21, "train": {"loss": 0.21586067304180137, "mse": 0.2158515856116135, "adjustment": 0.00908726287027135}, "val": {"mse": 0.47991427779197693, "rmse": 0.6927584555903861, "mae": 0.4059317708015442, "ci": 0.8003329132372625, "rm2": 0.3553261516148703, "pearson": 0.6186969458509033, "spearman": 0.5516633891096092, "r2": 0.3678169846534729, "bias": -0.07239194959402084}, "val_multiplier_mean": 1.0956430435180664, "val_multiplier_min": 1.0956428050994873, "val_multiplier_max": 1.0956428050994873}
{"epoch": 22, "train": {"loss": 0.2158615724696936, "mse": 0.2158519321199192, "adjustment": 0.0096390857631589}, "val": {"mse": 0.4799042046070099, "rmse": 0.6927511852079431, "mae": 0.4059124290943146, "ci": 0.8003545018847297, "rm2": 0.35533729651947776, "pearson": 0.6187244291207331, "spearman": 0.5516962857092582, "r2": 0.36783021688461304, "bias": -0.07244148850440979}, "val_multiplier_mean": 1.0968130826950073, "val_multiplier_min": 1.0968129634857178, "val_multiplier_max": 1.0968129634857178}
{"epoch": 23, "train": {"loss": 0.21586125345544338, "mse": 0.21585109308856942, "adjustment": 0.010160292558841134}, "val": {"mse": 0.4799053966999054, "rmse": 0.6927520456122128, "mae": 0.4059147238731384, "ci": 0.8003506322215044, "rm2": 0.35533591887990307, "pearson": 0.6187211159111424, "spearman": 0.5516916032641936, "r2": 0.3678286671638489, "bias": -0.07243551313877106}, "val_multiplier_mean": 1.0966720581054688, "val_multiplier_min": 1.0966719388961792, "val_multiplier_max": 1.0966719388961792}
{"epoch": 24, "train": {"loss": 0.21586161071462054, "mse": 0.21585179584322667, "adjustment": 0.009814608733463737}, "val": {"mse": 0.479890912771225, "rmse": 0.6927415916279497, "mae": 0.40588703751564026, "ci": 0.8003736465343704, "rm2": 0.35535210730220435, "pearson": 0.6187607336219048, "spearman": 0.5517286050900185, "r2": 0.367847740650177, "bias": -0.07250712066888809}, "val_multiplier_mean": 1.0983697175979614, "val_multiplier_min": 1.09837007522583, "val_multiplier_max": 1.09837007522583}
{"epoch": 25, "train": {"loss": 0.21586047311203077, "mse": 0.21585195879984076, "adjustment": 0.008514324372595378}, "val": {"mse": 0.47993457317352295, "rmse": 0.6927731036735787, "mae": 0.4059707522392273, "ci": 0.8003007339325473, "rm2": 0.3553037015767274, "pearson": 0.6186416072295857, "spearman": 0.5515987561435542, "r2": 0.36779022216796875, "bias": -0.07229197025299072}, "val_multiplier_mean": 1.0932884216308594, "val_multiplier_min": 1.0932886600494385, "val_multiplier_max": 1.0932886600494385}
{"epoch": 26, "train": {"loss": 0.2158615847340651, "mse": 0.21585206191797074, "adjustment": 0.009522283399378793}, "val": {"mse": 0.4799031913280487, "rmse": 0.6927504538634737, "mae": 0.4059104919433594, "ci": 0.8003522615533887, "rm2": 0.35533853430896184, "pearson": 0.618727177623602, "spearman": 0.5516979161048079, "r2": 0.36783158779144287, "bias": -0.07244647294282913}, "val_multiplier_mean": 1.0969314575195312, "val_multiplier_min": 1.0969312191009521, "val_multiplier_max": 1.0969312191009521}
{"epoch": 27, "train": {"loss": 0.21586325036884904, "mse": 0.21585438223549408, "adjustment": 0.008868587263845911}, "val": {"mse": 0.4799184799194336, "rmse": 0.6927614884788513, "mae": 0.40593984723091125, "ci": 0.8003286362410662, "rm2": 0.3553215431005115, "pearson": 0.6186854390001435, "spearman": 0.5516543550745763, "r2": 0.367811381816864, "bias": -0.07237111777067184}, "val_multiplier_mean": 1.0951528549194336, "val_multiplier_min": 1.0951529741287231, "val_multiplier_max": 1.0951529741287231}
{"epoch": 28, "train": {"loss": 0.21586114624655944, "mse": 0.21585154294382336, "adjustment": 0.009603448211250136}, "val": {"mse": 0.4799253046512604, "rmse": 0.6927664142055823, "mae": 0.40595290064811707, "ci": 0.8003237482454132, "rm2": 0.35531399184842083, "pearson": 0.6186669013223574, "spearman": 0.5516298773948208, "r2": 0.36780238151550293, "bias": -0.07233761250972748}, "val_multiplier_mean": 1.0943641662597656, "val_multiplier_min": 1.0943641662597656, "val_multiplier_max": 1.0943641662597656}
{"epoch": 29, "train": {"loss": 0.2158629819126736, "mse": 0.21585273607321534, "adjustment": 0.010245982819169837}, "val": {"mse": 0.4799017906188965, "rmse": 0.6927494428860239, "mae": 0.40590789914131165, "ci": 0.8003536872187875, "rm2": 0.3553399526309293, "pearson": 0.6187308956313805, "spearman": 0.5516960363444601, "r2": 0.36783337593078613, "bias": -0.07245311141014099}, "val_multiplier_mean": 1.0970889329910278, "val_multiplier_min": 1.0970890522003174, "val_multiplier_max": 1.0970890522003174}
{"epoch": 30, "train": {"loss": 0.21586136778351592, "mse": 0.21585197749407697, "adjustment": 0.009390298750377418}, "val": {"mse": 0.47991687059402466, "rmse": 0.6927603269486675, "mae": 0.40593665838241577, "ci": 0.80033576456806, "rm2": 0.3553233450976401, "pearson": 0.6186899266085719, "spearman": 0.5516611795837507, "r2": 0.3678135275840759, "bias": -0.0723792091012001}, "val_multiplier_mean": 1.0953435897827148, "val_multiplier_min": 1.0953433513641357, "val_multiplier_max": 1.0953433513641357}
{"epoch": 31, "train": {"loss": 0.21586376613954086, "mse": 0.21585481374511892, "adjustment": 0.008952421933926138}, "val": {"mse": 0.47992393374443054, "rmse": 0.6927654247611024, "mae": 0.40595027804374695, "ci": 0.8003249702443265, "rm2": 0.35531550710202353, "pearson": 0.6186707013319508, "spearman": 0.5516397962477874, "r2": 0.36780422925949097, "bias": -0.07234449684619904}, "val_multiplier_mean": 1.0945261716842651, "val_multiplier_min": 1.0945261716842651, "val_multiplier_max": 1.0945261716842651}
{"epoch": 32, "train": {"loss": 0.2158620500714921, "mse": 0.21585203262493036, "adjustment": 0.010017822704161282}, "val": {"mse": 0.47992125153541565, "rmse": 0.6927634888873804, "mae": 0.4059450328350067, "ci": 0.8003320985713204, "rm2": 0.35531853143692005, "pearson": 0.6186780251530072, "spearman": 0.5516479921708771, "r2": 0.3678077459335327, "bias": -0.07235779613256454}, "val_multiplier_mean": 1.0948392152786255, "val_multiplier_min": 1.0948392152786255, "val_multiplier_max": 1.0948392152786255}
{"epoch": 33, "train": {"loss": 0.21586040463081577, "mse": 0.21585118078549673, "adjustment": 0.00922378870400618}, "val": {"mse": 0.47991982102394104, "rmse": 0.6927624564191834, "mae": 0.4059423804283142, "ci": 0.8003310802388927, "rm2": 0.3553200338856482, "pearson": 0.6186818437800533, "spearman": 0.5516526476177737, "r2": 0.3678096532821655, "bias": -0.07236464321613312}, "val_multiplier_mean": 1.0950005054473877, "val_multiplier_min": 1.0950006246566772, "val_multiplier_max": 1.0950006246566772}
{"epoch": 34, "train": {"loss": 0.21586120116294055, "mse": 0.21585132816023325, "adjustment": 0.009872727299703921}, "val": {"mse": 0.47989970445632935, "rmse": 0.6927479371721935, "mae": 0.40590399503707886, "ci": 0.800356538549585, "rm2": 0.355342329172755, "pearson": 0.6187365445365138, "spearman": 0.5517062728673437, "r2": 0.3678361177444458, "bias": -0.0724632516503334}, "val_multiplier_mean": 1.0973291397094727, "val_multiplier_min": 1.097329020500183, "val_multiplier_max": 1.097329020500183}
{"epoch": 35, "train": {"loss": 0.21586070965702592, "mse": 0.21585182430133149, "adjustment": 0.008885490553654587}, "val": {"mse": 0.4799354076385498, "rmse": 0.6927737059376242, "mae": 0.40597233176231384, "ci": 0.8002982899347209, "rm2": 0.3553027451979663, "pearson": 0.6186393767595706, "spearman": 0.5515966395947509, "r2": 0.367789089679718, "bias": -0.07228792458772659}, "val_multiplier_mean": 1.0931931734085083, "val_multiplier_min": 1.0931932926177979, "val_multiplier_max": 1.0931932926177979}
{"epoch": 36, "train": {"loss": 0.21586137574624772, "mse": 0.21585277618240137, "adjustment": 0.008599005450275901}, "val": {"mse": 0.4799298346042633, "rmse": 0.6927696836642487, "mae": 0.40596166253089905, "ci": 0.8003003265995762, "rm2": 0.35530887559671265, "pearson": 0.6186545338535889, "spearman": 0.5515962742094891, "r2": 0.3677964210510254, "bias": -0.07231530547142029}, "val_multiplier_mean": 1.0938385725021362, "val_multiplier_min": 1.0938384532928467, "val_multiplier_max": 1.0938384532928467}
{"epoch": 37, "train": {"loss": 0.21586230562059647, "mse": 0.21585377262923353, "adjustment": 0.008532612118197553}, "val": {"mse": 0.4799136221408844, "rmse": 0.6927579823725486, "mae": 0.4059304893016815, "ci": 0.8003404488972274, "rm2": 0.35532704269047943, "pearson": 0.6186986994723099, "spearman": 0.5516718675617833, "r2": 0.36781781911849976, "bias": -0.07239509373903275}, "val_multiplier_mean": 1.0957164764404297, "val_multiplier_min": 1.0957167148590088, "val_multiplier_max": 1.0957167148590088}
{"epoch": 38, "train": {"loss": 0.21586089050952287, "mse": 0.21585179718600966, "adjustment": 0.009093386419759432}, "val": {"mse": 0.4799109101295471, "rmse": 0.6927560249680598, "mae": 0.4059252440929413, "ci": 0.8003363755675167, "rm2": 0.35532993652455214, "pearson": 0.6187061274056829, "spearman": 0.5516651845244345, "r2": 0.3678213953971863, "bias": -0.07240854948759079}, "val_multiplier_mean": 1.0960332155227661, "val_multiplier_min": 1.0960335731506348, "val_multiplier_max": 1.0960335731506348}
{
  "guardrail": "validation only; test indices and metrics were not accessed",
  "condition": "constant_reliability",
  "seed": 43,
  "best_epoch": 18,
  "epoch0_max_abs_difference_vs_frozen": 9.5367431640625e-07,
  "p13d_baseline": {
    "mse": 0.48946526646614075,
    "rmse": 0.6996179432133947,
    "mae": 0.43143847584724426,
    "ci": 0.7885622123720057,
    "rm2": 0.3410284448121984,
    "pearson": 0.5995077496596147,
    "spearman": 0.5319472626673567,
    "r2": 0.35523557662963867,
    "bias": -0.015189344994723797
  },
  "frozen_brics_baseline": {
    "mse": 0.48082873225212097,
    "rmse": 0.6934181510835442,
    "mae": 0.4076375663280487,
    "ci": 0.7984551082405904,
    "rm2": 0.3543160581979541,
    "pearson": 0.6163423197081244,
    "spearman": 0.5485955793818521,
    "r2": 0.36661237478256226,
    "bias": -0.06813604384660721
  },
  "best": {
    "mse": 0.4798896312713623,
    "rmse": 0.6927406666793586,
    "mae": 0.4058845639228821,
    "ci": 0.8003754795327402,
    "rm2": 0.3553535133092951,
    "pearson": 0.6187642403048966,
    "spearman": 0.5517374223443365,
    "r2": 0.3678494095802307,
    "bias": -0.07251343131065369
  },
  "relative_mse_gain_vs_frozen": 0.0019530883197434476,
  "relative_mse_gain_vs_p13d": 0.019563462110218695,
  "multiplier": {
    "mean": 1.0985201597213745,
    "std": 0.0,
    "min": 1.0985201597213745,
    "max": 1.0985201597213745
  },
  "drug_bootstrap_vs_frozen": {
    "drugs": 7,
    "improved": 5,
    "worsened": 2,
    "improvements": [
      -0.005389194004237652,
      0.005724843591451645,
      0.0035082579124718904,
      0.0007877712487243116,
      0.0027224428486078978,
      0.005280973855406046,
      -0.00606155302375555
    ],
    "mean": 0.0009390774898097984,
    "ci95": [
      -0.0026287284812756945,
      0.004034898834236499
    ],
    "probability_positive": 0.71215
  },
  "drug_bootstrap_vs_p13d": {
    "drugs": 7,
    "improved": 5,
    "worsened": 2,
    "improvements": [
      -0.0399412102997303,
      0.0403168648481369,
      0.009358448907732964,
      0.014685898087918758,
      0.05716673284769058,
      0.051512643694877625,
      -0.06607010960578918
    ],
    "mean": 0.009575609782976764,
    "ci95": [
      -0.023994992221040384,
      0.0394379822537303
    ],
    "probability_positive": 0.7301
  },
  "trainable_parameters": 161,
  "args": {
    "project": "/data1/ztx/MyModel-MDTA",
    "checkpoint": "outputs/Refine_experiment/davis/cold_start/drug_cold_5fold_seed42/baseline/fold_1/best_model.pt",
    "clean_checkpoint": "experiments/brics_hierarchical/outputs/graph_real_seed43/best.pt",
    "reference_predictions": "experiments/brics_hierarchical/outputs/graph_real_seed43/validation_predictions.npz",
    "global_cache": "experiments/pdbbind_to_davis_transfer/data/global_predictions/fold1_with_features.pt",
    "drug_cache": "experiments/brics_hierarchical/data/fold1_drug_encoder_inputs_chem.pt",
    "reliability_cache": "experiments/brics_hierarchical/data/fold1_brics_reliability.pt",
    "split": "data/splits/davis_drug_cold_5fold_seed42/fold_1/split.json",
    "condition": "constant_reliability",
    "clean_condition": "real",
    "seed": 43,
    "device": "cuda:1",
    "batch_size": 128,
    "epochs": 100,
    "patience": 20,
    "lr": 0.001,
    "weight_decay": 0.0001,
    "max_adjustment": 0.25,
    "lambda_adjustment": 0.001,
    "output_dir": "experiments/brics_hierarchical/outputs/reliability_constant_seed43"
  },
  "history": [
    {
      "epoch": 1,
      "train": {
        "loss": 0.215933048950073,
        "mse": 0.2159329963003555,
        "adjustment": 5.3680479912086336e-05
      },
      "val": {
        "mse": 0.48064640164375305,
        "rmse": 0.6932866662815268,
        "mae": 0.4072895050048828,
        "ci": 0.7987526649759633,
        "rm2": 0.35452365818860776,
        "pearson": 0.6167957100148109,
        "spearman": 0.5490913669231989,
        "r2": 0.3668525218963623,
        "bias": -0.06897891312837601
      },
      "val_multiplier_mean": 1.0175303220748901,
      "val_multiplier_min": 1.0175302028656006,
      "val_multiplier_max": 1.0175302028656006
    },
    {
      "epoch": 2,
      "train": {
        "loss": 0.21589898249837194,
        "mse": 0.2158982362295122,
        "adjustment": 0.0007459870246185658
      },
      "val": {
        "mse": 0.4804023206233978,
        "rmse": 0.6931106121128127,
        "mae": 0.4068519175052643,
        "ci": 0.7992724218470595,
        "rm2": 0.35478844324149994,
        "pearson": 0.6174051640610898,
        "spearman": 0.5498676242290353,
        "r2": 0.36717408895492554,
        "bias": -0.07005850225687027
      },
      "val_multiplier_mean": 1.0418404340744019,
      "val_multiplier_min": 1.0418405532836914,
      "val_multiplier_max": 1.0418405532836914
    },
    {
      "epoch": 3,
      "train": {
        "loss": 0.21588012143572152,
        "mse": 0.21587809323661997,
        "adjustment": 0.002028092975177956
      },
      "val": {
        "mse": 0.4802717864513397,
        "rmse": 0.6930164402460736,
        "mae": 0.40660926699638367,
        "ci": 0.7995170252961922,
        "rm2": 0.3549316285190142,
        "pearson": 0.6177409863504704,
        "spearman": 0.550275797229763,
        "r2": 0.36734598875045776,
        "bias": -0.07066132873296738
      },
      "val_multiplier_mean": 1.055567741394043,
      "val_multiplier_min": 1.0555676221847534,
      "val_multiplier_max": 1.0555676221847534
    },
    {
      "epoch": 4,
      "train": {
        "loss": 0.2158713584942068,
        "mse": 0.21586838982123502,
        "adjustment": 0.0029687711802604704
      },
      "val": {
        "mse": 0.4801868796348572,
        "rmse": 0.692955178662269,
        "mae": 0.40644922852516174,
        "ci": 0.7997518527540189,
        "rm2": 0.35502511115356666,
        "pearson": 0.6179628039113878,
        "spearman": 0.5507199879818935,
        "r2": 0.3674578070640564,
        "bias": -0.07106131315231323
      },
      "val_multiplier_mean": 1.0647029876708984,
      "val_multiplier_min": 1.064703345298767,
      "val_multiplier_max": 1.064703345298767
    },
    {
      "epoch": 5,
      "train": {
        "loss": 0.2158726706930151,
        "mse": 0.21586728269881483,
        "adjustment": 0.005387927119244369
      },
      "val": {
        "mse": 0.4801330864429474,
        "rmse": 0.6929163632379793,
        "mae": 0.40634793043136597,
        "ci": 0.7998722196469726,
        "rm2": 0.35508451681519815,
        "pearson": 0.6181046396404786,
        "spearman": 0.5509284469598662,
        "r2": 0.3675287365913391,
        "bias": -0.07131679356098175
      },
      "val_multiplier_mean": 1.0705748796463013,
      "val_multiplier_min": 1.0705747604370117,
      "val_multiplier_max": 1.0705747604370117
    },
    {
      "epoch": 6,
      "train": {
        "loss": 0.21586705994890643,
        "mse": 0.2158617398943607,
        "adjustment": 0.005320543842735379
      },
      "val": {
        "mse": 0.48008379340171814,
        "rmse": 0.6928807930674065,
        "mae": 0.4062550365924835,
        "ci": 0.7999526679087606,
        "rm2": 0.35513866874710087,
        "pearson": 0.6182366097405468,
        "spearman": 0.5510813762682977,
        "r2": 0.3675936460494995,
        "bias": -0.07155611366033554
      },
      "val_multiplier_mean": 1.0761117935180664,
      "val_multiplier_min": 1.0761120319366455,
      "val_multiplier_max": 1.0761120319366455
    },
    {
      "epoch": 7,
      "train": {
        "loss": 0.2158638577098806,
        "mse": 0.21585764109376787,
        "adjustment": 0.006216420783883937
      },
      "val": {
        "mse": 0.48002079129219055,
        "rmse": 0.692835327687749,
        "mae": 0.4061354994773865,
        "ci": 0.8001300614176654,
        "rm2": 0.35520807627734746,
        "pearson": 0.61840741808477,
        "spearman": 0.5513019494477792,
        "r2": 0.36767661571502686,
        "bias": -0.07186737656593323
      },
      "val_multiplier_mean": 1.0833512544631958,
      "val_multiplier_min": 1.0833511352539062,
      "val_multiplier_max": 1.0833511352539062
    },
    {
      "epoch": 8,
      "train": {
        "loss": 0.21586211677022007,
        "mse": 0.21585538297751025,
        "adjustment": 0.006733223301403083
      },
      "val": {
        "mse": 0.48000845313072205,
        "rmse": 0.6928264235223149,
        "mae": 0.40611183643341064,
        "ci": 0.800172220380172,
        "rm2": 0.35522202692534943,
        "pearson": 0.6184411980096947,
        "spearman": 0.5513658112555155,
        "r2": 0.36769288778305054,
        "bias": -0.07192911952733994
      },
      "val_multiplier_mean": 1.0847874879837036,
      "val_multiplier_min": 1.0847876071929932,
      "val_multiplier_max": 1.0847876071929932
    },
    {
      "epoch": 9,
      "train": {
        "loss": 0.21586198494938647,
        "mse": 0.21585431171069536,
        "adjustment": 0.007673084090929254
      },
      "val": {
        "mse": 0.47997140884399414,
        "rmse": 0.6927996888307573,
        "mae": 0.40604129433631897,
        "ci": 0.8002469659803649,
        "rm2": 0.35526292292353606,
        "pearson": 0.61854170106273,
        "spearman": 0.5515001262069744,
        "r2": 0.3677417039871216,
        "bias": -0.0721115693449974
      },
      "val_multiplier_mean": 1.0890475511550903,
      "val_multiplier_min": 1.0890475511550903,
      "val_multiplier_max": 1.0890475511550903
    },
    {
      "epoch": 10,
      "train": {
        "loss": 0.2158630054371986,
        "mse": 0.21585529482294646,
        "adjustment": 0.007710649385390913
      },
      "val": {
        "mse": 0.47998347878456116,
        "rmse": 0.6928083997647265,
        "mae": 0.4060642421245575,
        "ci": 0.800221304003187,
        "rm2": 0.3552494707605698,
        "pearson": 0.6185090307446224,
        "spearman": 0.5514598068493602,
        "r2": 0.36772578954696655,
        "bias": -0.07205254584550858
      },
      "val_multiplier_mean": 1.0876657962799072,
      "val_multiplier_min": 1.0876660346984863,
      "val_multiplier_max": 1.0876660346984863
    },
    {
      "epoch": 11,
      "train": {
        "loss": 0.21586079539142422,
        "mse": 0.21585284467867963,
        "adjustment": 0.007951606390509108
      },
      "val": {
        "mse": 0.4799130856990814,
        "rmse": 0.6927575951940775,
        "mae": 0.40592944622039795,
        "ci": 0.8003424855620829,
        "rm2": 0.35532746197864995,
        "pearson": 0.6187001759884229,
        "spearman": 0.5516716523639906,
        "r2": 0.36781853437423706,
        "bias": -0.07239774614572525
      },
      "val_multiplier_mean": 1.095779538154602,
      "val_multiplier_min": 1.095779538154602,
      "val_multiplier_max": 1.095779538154602
    },
    {
      "epoch": 12,
      "train": {
        "loss": 0.21586478825849004,
        "mse": 0.2158572711599244,
        "adjustment": 0.007516559060973934
      },
      "val": {
        "mse": 0.4799434244632721,
        "rmse": 0.6927794919476702,
        "mae": 0.40598779916763306,
        "ci": 0.8002879029439584,
        "rm2": 0.3552939827363772,
        "pearson": 0.6186175702265934,
        "spearman": 0.5515804698110676,
        "r2": 0.3677785396575928,
        "bias": -0.0722484439611435
      },
      "val_multiplier_mean": 1.0922638177871704,
      "val_multiplier_min": 1.0922638177871704,
      "val_multiplier_max": 1.0922638177871704
    },
    {
      "epoch": 13,
      "train": {
        "loss": 0.21586117836575633,
        "mse": 0.2158521100687914,
        "adjustment": 0.009068181343205202
      },
      "val": {
        "mse": 0.4799383282661438,
        "rmse": 0.6927758138576604,
        "mae": 0.4059779942035675,
        "ci": 0.800299511933634,
        "rm2": 0.35529939191537013,
        "pearson": 0.6186314014738774,
        "spearman": 0.5515912401790842,
        "r2": 0.3677852749824524,
        "bias": -0.07227347791194916
      },
      "val_multiplier_mean": 1.0928525924682617,
      "val_multiplier_min": 1.0928527116775513,
      "val_multiplier_max": 1.0928527116775513
    },
    {
      "epoch": 14,
      "train": {
        "loss": 0.2158623162301601,
        "mse": 0.21585457176013115,
        "adjustment": 0.007744666383163904
      },
      "val": {
        "mse": 0.4799594283103943,
        "rmse": 0.6927910423139103,
        "mae": 0.4060184061527252,
        "ci": 0.8002675362954044,
        "rm2": 0.3552763472700589,
        "pearson": 0.6185742027541895,
        "spearman": 0.551543367796607,
        "r2": 0.3677574396133423,
        "bias": -0.0721701979637146
      },
      "val_multiplier_mean": 1.0904244184494019,
      "val_multiplier_min": 1.0904242992401123,
      "val_multiplier_max": 1.0904242992401123
    },
    {
      "epoch": 15,
      "train": {
        "loss": 0.21586170159061524,
        "mse": 0.21585210178686173,
        "adjustment": 0.009599397234748494
      },
      "val": {
        "mse": 0.47992464900016785,
        "rmse": 0.6927659409931812,
        "mae": 0.40595173835754395,
        "ci": 0.8003249702443265,
        "rm2": 0.35531465640873444,
        "pearson": 0.6186686081883644,
        "spearman": 0.5516356929138106,
        "r2": 0.36780327558517456,
        "bias": -0.07234068959951401
      },
      "val_multiplier_mean": 1.0944366455078125,
      "val_multiplier_min": 1.0944364070892334,
      "val_multiplier_max": 1.0944364070892334
    },
    {
      "epoch": 16,
      "train": {
        "loss": 0.21586239769017604,
        "mse": 0.21585322843773644,
        "adjustment": 0.009169521110794582
      },
      "val": {
        "mse": 0.4799298048019409,
        "rmse": 0.6927696621547027,
        "mae": 0.4059615433216095,
        "ci": 0.8002989009341774,
        "rm2": 0.3553088821795064,
        "pearson": 0.6186546543491129,
        "spearman": 0.5516048648748297,
        "r2": 0.36779648065567017,
        "bias": -0.0723155289888382
      },
      "val_multiplier_mean": 1.0938435792922974,
      "val_multiplier_min": 1.0938435792922974,
      "val_multiplier_max": 1.0938435792922974
    },
    {
      "epoch": 17,
      "train": {
        "loss": 0.21586219559703282,
        "mse": 0.21585359301766313,
        "adjustment": 0.008603178527139115
      },
      "val": {
        "mse": 0.47991782426834106,
        "rmse": 0.6927610152630855,
        "mae": 0.40593862533569336,
        "ci": 0.8003339315696902,
        "rm2": 0.3553222479300152,
        "pearson": 0.6186871969086151,
        "spearman": 0.5516563810845104,
        "r2": 0.36781227588653564,
        "bias": -0.07237426936626434
      },
      "val_multiplier_mean": 1.0952262878417969,
      "val_multiplier_min": 1.095226764678955,
      "val_multiplier_max": 1.095226764678955
    },
    {
      "epoch": 18,
      "train": {
        "loss": 0.21586176136741167,
        "mse": 0.2158531958207343,
        "adjustment": 0.008565221000306758
      },
      "val": {
        "mse": 0.4798896312713623,
        "rmse": 0.6927406666793586,
        "mae": 0.4058845639228821,
        "ci": 0.8003724245354571,
        "rm2": 0.3553534801814484,
        "pearson": 0.6187642405535768,
        "spearman": 0.5517316405418551,
        "r2": 0.3678494095802307,
        "bias": -0.07251343131065369
      },
      "val_multiplier_mean": 1.0985201597213745,
      "val_multiplier_min": 1.0985201597213745,
      "val_multiplier_max": 1.0985201597213745
    },
    {
      "epoch": 19,
      "train": {
        "loss": 0.21586263621348073,
        "mse": 0.21585283236266262,
        "adjustment": 0.009803409679746466
      },
      "val": {
        "mse": 0.4799020290374756,
        "rmse": 0.6927496149673962,
        "mae": 0.40590837597846985,
        "ci": 0.8003422818955973,
        "rm2": 0.35533956681268136,
        "pearson": 0.6187302291755248,
        "spearman": 0.5516898164201588,
        "r2": 0.36783307790756226,
        "bias": -0.0724518895149231
      },
      "val_multiplier_mean": 1.0970592498779297,
      "val_multiplier_min": 1.097059726715088,
      "val_multiplier_max": 1.097059726715088
    },
    {
      "epoch": 20,
      "train": {
        "loss": 0.215860710116097,
        "mse": 0.21585109528637236,
        "adjustment": 0.009615136376359993
      },
      "val": {
        "mse": 0.4799157679080963,
        "rmse": 0.692759531084269,
        "mae": 0.405934602022171,
        "ci": 0.8003418745626262,
        "rm2": 0.3553245221823634,
        "pearson": 0.6186928951559063,
        "spearman": 0.5516685136888766,
        "r2": 0.36781495809555054,
        "bias": -0.07238458096981049
      },
      "val_multiplier_mean": 1.09546959400177,
      "val_multiplier_min": 1.0954694747924805,
      "val_multiplier_max": 1.0954694747924805
    },
    {
      "epoch": 21,
      "train": {
        "loss": 0.21586067304180137,
        "mse": 0.2158515856116135,
        "adjustment": 0.00908726287027135
      },
      "val": {
        "mse": 0.47991427779197693,
        "rmse": 0.6927584555903861,
        "mae": 0.4059317708015442,
        "ci": 0.8003329132372625,
        "rm2": 0.3553261516148703,
        "pearson": 0.6186969458509033,
        "spearman": 0.5516633891096092,
        "r2": 0.3678169846534729,
        "bias": -0.07239194959402084
      },
      "val_multiplier_mean": 1.0956430435180664,
      "val_multiplier_min": 1.0956428050994873,
      "val_multiplier_max": 1.0956428050994873
    },
    {
      "epoch": 22,
      "train": {
        "loss": 0.2158615724696936,
        "mse": 0.2158519321199192,
        "adjustment": 0.0096390857631589
      },
      "val": {
        "mse": 0.4799042046070099,
        "rmse": 0.6927511852079431,
        "mae": 0.4059124290943146,
        "ci": 0.8003545018847297,
        "rm2": 0.35533729651947776,
        "pearson": 0.6187244291207331,
        "spearman": 0.5516962857092582,
        "r2": 0.36783021688461304,
        "bias": -0.07244148850440979
      },
      "val_multiplier_mean": 1.0968130826950073,
      "val_multiplier_min": 1.0968129634857178,
      "val_multiplier_max": 1.0968129634857178
    },
    {
      "epoch": 23,
      "train": {
        "loss": 0.21586125345544338,
        "mse": 0.21585109308856942,
        "adjustment": 0.010160292558841134
      },
      "val": {
        "mse": 0.4799053966999054,
        "rmse": 0.6927520456122128,
        "mae": 0.4059147238731384,
        "ci": 0.8003506322215044,
        "rm2": 0.35533591887990307,
        "pearson": 0.6187211159111424,
        "spearman": 0.5516916032641936,
        "r2": 0.3678286671638489,
        "bias": -0.07243551313877106
      },
      "val_multiplier_mean": 1.0966720581054688,
      "val_multiplier_min": 1.0966719388961792,
      "val_multiplier_max": 1.0966719388961792
    },
    {
      "epoch": 24,
      "train": {
        "loss": 0.21586161071462054,
        "mse": 0.21585179584322667,
        "adjustment": 0.009814608733463737
      },
      "val": {
        "mse": 0.479890912771225,
        "rmse": 0.6927415916279497,
        "mae": 0.40588703751564026,
        "ci": 0.8003736465343704,
        "rm2": 0.35535210730220435,
        "pearson": 0.6187607336219048,
        "spearman": 0.5517286050900185,
        "r2": 0.367847740650177,
        "bias": -0.07250712066888809
      },
      "val_multiplier_mean": 1.0983697175979614,
      "val_multiplier_min": 1.09837007522583,
      "val_multiplier_max": 1.09837007522583
    },
    {
      "epoch": 25,
      "train": {
        "loss": 0.21586047311203077,
        "mse": 0.21585195879984076,
        "adjustment": 0.008514324372595378
      },
      "val": {
        "mse": 0.47993457317352295,
        "rmse": 0.6927731036735787,
        "mae": 0.4059707522392273,
        "ci": 0.8003007339325473,
        "rm2": 0.3553037015767274,
        "pearson": 0.6186416072295857,
        "spearman": 0.5515987561435542,
        "r2": 0.36779022216796875,
        "bias": -0.07229197025299072
      },
      "val_multiplier_mean": 1.0932884216308594,
      "val_multiplier_min": 1.0932886600494385,
      "val_multiplier_max": 1.0932886600494385
    },
    {
      "epoch": 26,
      "train": {
        "loss": 0.2158615847340651,
        "mse": 0.21585206191797074,
        "adjustment": 0.009522283399378793
      },
      "val": {
        "mse": 0.4799031913280487,
        "rmse": 0.6927504538634737,
        "mae": 0.4059104919433594,
        "ci": 0.8003522615533887,
        "rm2": 0.35533853430896184,
        "pearson": 0.618727177623602,
        "spearman": 0.5516979161048079,
        "r2": 0.36783158779144287,
        "bias": -0.07244647294282913
      },
      "val_multiplier_mean": 1.0969314575195312,
      "val_multiplier_min": 1.0969312191009521,
      "val_multiplier_max": 1.0969312191009521
    },
    {
      "epoch": 27,
      "train": {
        "loss": 0.21586325036884904,
        "mse": 0.21585438223549408,
        "adjustment": 0.008868587263845911
      },
      "val": {
        "mse": 0.4799184799194336,
        "rmse": 0.6927614884788513,
        "mae": 0.40593984723091125,
        "ci": 0.8003286362410662,
        "rm2": 0.3553215431005115,
        "pearson": 0.6186854390001435,
        "spearman": 0.5516543550745763,
        "r2": 0.367811381816864,
        "bias": -0.07237111777067184
      },
      "val_multiplier_mean": 1.0951528549194336,
      "val_multiplier_min": 1.0951529741287231,
      "val_multiplier_max": 1.0951529741287231
    },
    {
      "epoch": 28,
      "train": {
        "loss": 0.21586114624655944,
        "mse": 0.21585154294382336,
        "adjustment": 0.009603448211250136
      },
      "val": {
        "mse": 0.4799253046512604,
        "rmse": 0.6927664142055823,
        "mae": 0.40595290064811707,
        "ci": 0.8003237482454132,
        "rm2": 0.35531399184842083,
        "pearson": 0.6186669013223574,
        "spearman": 0.5516298773948208,
        "r2": 0.36780238151550293,
        "bias": -0.07233761250972748
      },
      "val_multiplier_mean": 1.0943641662597656,
      "val_multiplier_min": 1.0943641662597656,
      "val_multiplier_max": 1.0943641662597656
    },
    {
      "epoch": 29,
      "train": {
        "loss": 0.2158629819126736,
        "mse": 0.21585273607321534,
        "adjustment": 0.010245982819169837
      },
      "val": {
        "mse": 0.4799017906188965,
        "rmse": 0.6927494428860239,
        "mae": 0.40590789914131165,
        "ci": 0.8003536872187875,
        "rm2": 0.3553399526309293,
        "pearson": 0.6187308956313805,
        "spearman": 0.5516960363444601,
        "r2": 0.36783337593078613,
        "bias": -0.07245311141014099
      },
      "val_multiplier_mean": 1.0970889329910278,
      "val_multiplier_min": 1.0970890522003174,
      "val_multiplier_max": 1.0970890522003174
    },
    {
      "epoch": 30,
      "train": {
        "loss": 0.21586136778351592,
        "mse": 0.21585197749407697,
        "adjustment": 0.009390298750377418
      },
      "val": {
        "mse": 0.47991687059402466,
        "rmse": 0.6927603269486675,
        "mae": 0.40593665838241577,
        "ci": 0.80033576456806,
        "rm2": 0.3553233450976401,
        "pearson": 0.6186899266085719,
        "spearman": 0.5516611795837507,
        "r2": 0.3678135275840759,
        "bias": -0.0723792091012001
      },
      "val_multiplier_mean": 1.0953435897827148,
      "val_multiplier_min": 1.0953433513641357,
      "val_multiplier_max": 1.0953433513641357
    },
    {
      "epoch": 31,
      "train": {
        "loss": 0.21586376613954086,
        "mse": 0.21585481374511892,
        "adjustment": 0.008952421933926138
      },
      "val": {
        "mse": 0.47992393374443054,
        "rmse": 0.6927654247611024,
        "mae": 0.40595027804374695,
        "ci": 0.8003249702443265,
        "rm2": 0.35531550710202353,
        "pearson": 0.6186707013319508,
        "spearman": 0.5516397962477874,
        "r2": 0.36780422925949097,
        "bias": -0.07234449684619904
      },
      "val_multiplier_mean": 1.0945261716842651,
      "val_multiplier_min": 1.0945261716842651,
      "val_multiplier_max": 1.0945261716842651
    },
    {
      "epoch": 32,
      "train": {
        "loss": 0.2158620500714921,
        "mse": 0.21585203262493036,
        "adjustment": 0.010017822704161282
      },
      "val": {
        "mse": 0.47992125153541565,
        "rmse": 0.6927634888873804,
        "mae": 0.4059450328350067,
        "ci": 0.8003320985713204,
        "rm2": 0.35531853143692005,
        "pearson": 0.6186780251530072,
        "spearman": 0.5516479921708771,
        "r2": 0.3678077459335327,
        "bias": -0.07235779613256454
      },
      "val_multiplier_mean": 1.0948392152786255,
      "val_multiplier_min": 1.0948392152786255,
      "val_multiplier_max": 1.0948392152786255
    },
    {
      "epoch": 33,
      "train": {
        "loss": 0.21586040463081577,
        "mse": 0.21585118078549673,
        "adjustment": 0.00922378870400618
      },
      "val": {
        "mse": 0.47991982102394104,
        "rmse": 0.6927624564191834,
        "mae": 0.4059423804283142,
        "ci": 0.8003310802388927,
        "rm2": 0.3553200338856482,
        "pearson": 0.6186818437800533,
        "spearman": 0.5516526476177737,
        "r2": 0.3678096532821655,
        "bias": -0.07236464321613312
      },
      "val_multiplier_mean": 1.0950005054473877,
      "val_multiplier_min": 1.0950006246566772,
      "val_multiplier_max": 1.0950006246566772
    },
    {
      "epoch": 34,
      "train": {
        "loss": 0.21586120116294055,
        "mse": 0.21585132816023325,
        "adjustment": 0.009872727299703921
      },
      "val": {
        "mse": 0.47989970445632935,
        "rmse": 0.6927479371721935,
        "mae": 0.40590399503707886,
        "ci": 0.800356538549585,
        "rm2": 0.355342329172755,
        "pearson": 0.6187365445365138,
        "spearman": 0.5517062728673437,
        "r2": 0.3678361177444458,
        "bias": -0.0724632516503334
      },
      "val_multiplier_mean": 1.0973291397094727,
      "val_multiplier_min": 1.097329020500183,
      "val_multiplier_max": 1.097329020500183
    },
    {
      "epoch": 35,
      "train": {
        "loss": 0.21586070965702592,
        "mse": 0.21585182430133149,
        "adjustment": 0.008885490553654587
      },
      "val": {
        "mse": 0.4799354076385498,
        "rmse": 0.6927737059376242,
        "mae": 0.40597233176231384,
        "ci": 0.8002982899347209,
        "rm2": 0.3553027451979663,
        "pearson": 0.6186393767595706,
        "spearman": 0.5515966395947509,
        "r2": 0.367789089679718,
        "bias": -0.07228792458772659
      },
      "val_multiplier_mean": 1.0931931734085083,
      "val_multiplier_min": 1.0931932926177979,
      "val_multiplier_max": 1.0931932926177979
    },
    {
      "epoch": 36,
      "train": {
        "loss": 0.21586137574624772,
        "mse": 0.21585277618240137,
        "adjustment": 0.008599005450275901
      },
      "val": {
        "mse": 0.4799298346042633,
        "rmse": 0.6927696836642487,
        "mae": 0.40596166253089905,
        "ci": 0.8003003265995762,
        "rm2": 0.35530887559671265,
        "pearson": 0.6186545338535889,
        "spearman": 0.5515962742094891,
        "r2": 0.3677964210510254,
        "bias": -0.07231530547142029
      },
      "val_multiplier_mean": 1.0938385725021362,
      "val_multiplier_min": 1.0938384532928467,
      "val_multiplier_max": 1.0938384532928467
    },
    {
      "epoch": 37,
      "train": {
        "loss": 0.21586230562059647,
        "mse": 0.21585377262923353,
        "adjustment": 0.008532612118197553
      },
      "val": {
        "mse": 0.4799136221408844,
        "rmse": 0.6927579823725486,
        "mae": 0.4059304893016815,
        "ci": 0.8003404488972274,
        "rm2": 0.35532704269047943,
        "pearson": 0.6186986994723099,
        "spearman": 0.5516718675617833,
        "r2": 0.36781781911849976,
        "bias": -0.07239509373903275
      },
      "val_multiplier_mean": 1.0957164764404297,
      "val_multiplier_min": 1.0957167148590088,
      "val_multiplier_max": 1.0957167148590088
    },
    {
      "epoch": 38,
      "train": {
        "loss": 0.21586089050952287,
        "mse": 0.21585179718600966,
        "adjustment": 0.009093386419759432
      },
      "val": {
        "mse": 0.4799109101295471,
        "rmse": 0.6927560249680598,
        "mae": 0.4059252440929413,
        "ci": 0.8003363755675167,
        "rm2": 0.35532993652455214,
        "pearson": 0.6187061274056829,
        "spearman": 0.5516651845244345,
        "r2": 0.3678213953971863,
        "bias": -0.07240854948759079
      },
      "val_multiplier_mean": 1.0960332155227661,
      "val_multiplier_min": 1.0960335731506348,
      "val_multiplier_max": 1.0960335731506348
    }
  ]
}
