{"epoch0_max_abs_difference_vs_frozen": 9.5367431640625e-07, "frozen_metrics": {"mse": 0.4746934473514557, "rmse": 0.6889800050447442, "mae": 0.40972059965133667, "ci": 0.7910689394760232, "rm2": 0.3605742919179668, "pearson": 0.6235646084719532, "spearman": 0.5361599679231639, "r2": 0.37469422817230225, "bias": -0.06786005944013596}, "trainable_parameters": {"branch": 508059, "drug_egnn_layer3": 115841}}
{"epoch": 1, "train": {"loss": 0.21499085062803633, "mse": 0.21309164617416132, "align": 3.031648202684762e-07, "reconstruct": 0.022216964806797208}, "val": {"mse": 0.4795598089694977, "rmse": 0.6925025696482994, "mae": 0.41060298681259155, "ci": 0.790144700964646, "rm2": 0.3564636530575598, "pearson": 0.6180590159538126, "spearman": 0.5347229148667103, "r2": 0.36828386783599854, "bias": -0.07096878439188004}, "val_delta_abs_mean": 0.6972578167915344, "val_gate_mean": 0.9120255708694458}
{"epoch": 2, "train": {"loss": 0.2148509008860673, "mse": 0.21295071296774756, "align": 2.3243343955205518e-07, "reconstruct": 0.02005199527822896}, "val": {"mse": 0.4813155233860016, "rmse": 0.6937690706467113, "mae": 0.41308656334877014, "ci": 0.7882055923558265, "rm2": 0.35405317501047756, "pearson": 0.615649182689589, "spearman": 0.531300569562138, "r2": 0.3659711480140686, "bias": -0.06836830824613571}, "val_delta_abs_mean": 0.6827560067176819, "val_gate_mean": 0.9095173478126526}
{"epoch": 3, "train": {"loss": 0.2148070891624559, "mse": 0.21289010578770948, "align": 2.357387515180343e-07, "reconstruct": 0.020166277319488415}, "val": {"mse": 0.48081058263778687, "rmse": 0.6934050638968444, "mae": 0.41127073764801025, "ci": 0.7890031503131983, "rm2": 0.3553042925236426, "pearson": 0.617542409761811, "spearman": 0.5327736466383199, "r2": 0.3666362762451172, "bias": -0.07438059151172638}, "val_delta_abs_mean": 0.7214493751525879, "val_gate_mean": 0.9127474427223206}
{"epoch": 4, "train": {"loss": 0.21477704907566542, "mse": 0.21284424190363663, "align": 2.350042377478167e-07, "reconstruct": 0.020825229987575262}, "val": {"mse": 0.48043254017829895, "rmse": 0.6931324117210931, "mae": 0.4112740159034729, "ci": 0.7893844139741278, "rm2": 0.3556040061628782, "pearson": 0.616979133894587, "spearman": 0.5336075765631582, "r2": 0.3671342730522156, "bias": -0.07091974467039108}, "val_delta_abs_mean": 0.7136044502258301, "val_gate_mean": 0.9133774042129517}
{"epoch": 5, "train": {"loss": 0.2147569048310871, "mse": 0.2128776467850971, "align": 2.3154972767226217e-07, "reconstruct": 0.019244012109669167}, "val": {"mse": 0.47767525911331177, "rmse": 0.6911405494639363, "mae": 0.41102972626686096, "ci": 0.7894833958861, "rm2": 0.35891283156871645, "pearson": 0.6187735729457531, "spearman": 0.5334916977884895, "r2": 0.3707663416862488, "bias": -0.0669538602232933}, "val_delta_abs_mean": 0.7420340776443481, "val_gate_mean": 0.9055172801017761}
{"epoch": 6, "train": {"loss": 0.21474187182395418, "mse": 0.21282758838840957, "align": 2.3096441201162004e-07, "reconstruct": 0.019019398236826753}, "val": {"mse": 0.4786938726902008, "rmse": 0.6918770647233515, "mae": 0.41257521510124207, "ci": 0.7885296257343195, "rm2": 0.35682827048856985, "pearson": 0.6174753566221004, "spearman": 0.5318585833157, "r2": 0.36942458152770996, "bias": -0.06397030502557755}, "val_delta_abs_mean": 0.7283475399017334, "val_gate_mean": 0.9134023785591125}
{"epoch": 7, "train": {"loss": 0.21469000610233765, "mse": 0.21273733395733432, "align": 2.2582281562009698e-07, "reconstruct": 0.020930378545834915}, "val": {"mse": 0.4768836200237274, "rmse": 0.690567607134687, "mae": 0.4098829925060272, "ci": 0.7903198541422097, "rm2": 0.3589594840788256, "pearson": 0.6207610448501978, "spearman": 0.5352676852226269, "r2": 0.371809184551239, "bias": -0.06876727938652039}, "val_delta_abs_mean": 0.7303776741027832, "val_gate_mean": 0.9148297309875488}
{"epoch": 8, "train": {"loss": 0.21459772527903603, "mse": 0.2126991241069998, "align": 2.320661826669464e-07, "reconstruct": 0.02016359468708802}, "val": {"mse": 0.4778871238231659, "rmse": 0.6912938042707788, "mae": 0.40991103649139404, "ci": 0.7896459217415602, "rm2": 0.3579105482239204, "pearson": 0.621396029416958, "spearman": 0.5342629180034892, "r2": 0.3704872727394104, "bias": -0.07454496622085571}, "val_delta_abs_mean": 0.739331841468811, "val_gate_mean": 0.9235629439353943}
{"epoch": 9, "train": {"loss": 0.21459444067906722, "mse": 0.21269949319658282, "align": 2.283936138158585e-07, "reconstruct": 0.019299976567321634}, "val": {"mse": 0.4798782765865326, "rmse": 0.6927324711506835, "mae": 0.4138842821121216, "ci": 0.7855108810856565, "rm2": 0.35583831145174843, "pearson": 0.6174588807869956, "spearman": 0.526547469721741, "r2": 0.36786437034606934, "bias": -0.06948477029800415}, "val_delta_abs_mean": 0.7386121153831482, "val_gate_mean": 0.916873037815094}
{"epoch": 10, "train": {"loss": 0.21455243451654757, "mse": 0.21261149011907396, "align": 2.283936138158585e-07, "reconstruct": 0.01945111884249465}, "val": {"mse": 0.47835028171539307, "rmse": 0.6916287166647963, "mae": 0.40830689668655396, "ci": 0.7906695494978806, "rm2": 0.3580924156777831, "pearson": 0.621980998405382, "spearman": 0.5359555456624612, "r2": 0.3698771595954895, "bias": -0.07944362610578537}, "val_delta_abs_mean": 0.7343591451644897, "val_gate_mean": 0.9228077530860901}
{"epoch": 11, "train": {"loss": 0.21461649371404856, "mse": 0.2126719494696082, "align": 2.357387515180343e-07, "reconstruct": 0.019100169405087224}, "val": {"mse": 0.4780080020427704, "rmse": 0.6913812277193896, "mae": 0.4104282855987549, "ci": 0.7898359425725684, "rm2": 0.3577720051416219, "pearson": 0.6198095366086528, "spearman": 0.5343865409376076, "r2": 0.37032800912857056, "bias": -0.06995521485805511}, "val_delta_abs_mean": 0.7206114530563354, "val_gate_mean": 0.914971649646759}
{"epoch": 12, "train": {"loss": 0.21439429311865596, "mse": 0.21248762639436866, "align": 2.390440634840134e-07, "reconstruct": 0.020226523018867723}, "val": {"mse": 0.4800514876842499, "rmse": 0.6928574800666079, "mae": 0.4111606180667877, "ci": 0.7895005038708852, "rm2": 0.35596365677013797, "pearson": 0.6175905518826711, "spearman": 0.5336471170584722, "r2": 0.36763620376586914, "bias": -0.07136255502700806}, "val_delta_abs_mean": 0.7202019691467285, "val_gate_mean": 0.9128366112709045}
{"epoch": 13, "train": {"loss": 0.2144892940975032, "mse": 0.21254944353879698, "align": 2.2655732939031457e-07, "reconstruct": 0.019524730476397884}, "val": {"mse": 0.4770611822605133, "rmse": 0.6906961576992544, "mae": 0.4091721773147583, "ci": 0.7904428686994754, "rm2": 0.3589259045592046, "pearson": 0.621555057952981, "spearman": 0.5356508794672212, "r2": 0.3715752363204956, "bias": -0.07243923097848892}, "val_delta_abs_mean": 0.7200964689254761, "val_gate_mean": 0.918608546257019}
{"epoch": 14, "train": {"loss": 0.2146412270815916, "mse": 0.2126932691320414, "align": 2.214157329987915e-07, "reconstruct": 0.01973426885005541}, "val": {"mse": 0.47714152932167053, "rmse": 0.6907543190756541, "mae": 0.4074600636959076, "ci": 0.7921616101709413, "rm2": 0.3596217805334179, "pearson": 0.6218998329169019, "spearman": 0.5386787278332904, "r2": 0.3714694380760193, "bias": -0.07571238279342651}, "val_delta_abs_mean": 0.7551090121269226, "val_gate_mean": 0.9212826490402222}
{"epoch": 15, "train": {"loss": 0.21451958463053575, "mse": 0.21256228505451846, "align": 2.250883018498794e-07, "reconstruct": 0.020174027944118704}, "val": {"mse": 0.478748083114624, "rmse": 0.6919162399558374, "mae": 0.410805344581604, "ci": 0.7893041693788254, "rm2": 0.35720710903085545, "pearson": 0.6190643149178782, "spearman": 0.5334975693930125, "r2": 0.36935311555862427, "bias": -0.07088273018598557}, "val_delta_abs_mean": 0.7206429243087769, "val_gate_mean": 0.9196567535400391}
{
  "guardrail": "validation only; test indices and metrics were not accessed",
  "condition": "real",
  "seed": 42,
  "best_epoch": 0,
  "epoch0_max_abs_difference_vs_frozen": 9.5367431640625e-07,
  "p13d_baseline": {
    "mse": 0.48946526646614075,
    "rmse": 0.6996179432133947,
    "mae": 0.43143847584724426,
    "ci": 0.7885622123720057,
    "rm2": 0.3410284448121984,
    "pearson": 0.5995077496596147,
    "spearman": 0.5319472626673567,
    "r2": 0.35523557662963867,
    "bias": -0.015189344994723797
  },
  "frozen_brics_baseline": {
    "mse": 0.4746934473514557,
    "rmse": 0.6889800050447442,
    "mae": 0.40972059965133667,
    "ci": 0.7910689394760232,
    "rm2": 0.3605742919179668,
    "pearson": 0.6235646084719532,
    "spearman": 0.5361599679231639,
    "r2": 0.37469422817230225,
    "bias": -0.06786005944013596
  },
  "best": {
    "mse": 0.4746934473514557,
    "rmse": 0.6889800050447442,
    "mae": 0.40972059965133667,
    "ci": 0.7910687358095376,
    "rm2": 0.3605744824589115,
    "pearson": 0.6235646083206144,
    "spearman": 0.536156780210977,
    "r2": 0.37469422817230225,
    "bias": -0.06786005944013596
  },
  "relative_mse_gain_vs_frozen": 0.0,
  "relative_mse_gain_vs_p13d": 0.030179504301367857,
  "delta_abs_mean": 0.7152801156044006,
  "graph_gate_mean": 0.9162566661834717,
  "drug_bootstrap_vs_p13d": {
    "drugs": 7,
    "improved": 5,
    "worsened": 2,
    "improvements": [
      -0.027862558141350746,
      0.058917731046676636,
      0.028006108477711678,
      0.015128669328987598,
      0.05969579517841339,
      0.03635174781084061,
      -0.06683500856161118
    ],
    "mean": 0.01477178359138114,
    "ci95": [
      -0.018733098038605282,
      0.04374956712126732
    ],
    "probability_positive": 0.81655
  },
  "drug_bootstrap_vs_frozen": {
    "drugs": 7,
    "improved": 3,
    "worsened": 4,
    "improvements": [
      3.598911613167388e-09,
      6.5895813250449464e-09,
      -4.654505669776654e-09,
      5.720170115353085e-09,
      -2.858364878122188e-09,
      -2.19556128833176e-09,
      -2.4816282362394304e-09
    ],
    "mean": 5.312289972993409e-10,
    "ci95": [
      -2.5571656855508505e-09,
      3.736451148483866e-09
    ],
    "probability_positive": 0.6182
  },
  "trainable_parameters": {
    "branch": 508059,
    "drug_egnn_layer3": 115841
  },
  "args": {
    "project": "/data1/ztx/MyModel-MDTA",
    "checkpoint": "outputs/Refine_experiment/davis/cold_start/drug_cold_5fold_seed42/baseline/fold_1/best_model.pt",
    "clean_checkpoint": "experiments/brics_hierarchical/outputs/graph_real_seed42/best.pt",
    "reference_predictions": "experiments/brics_hierarchical/outputs/graph_real_seed42/validation_predictions.npz",
    "global_cache": "experiments/pdbbind_to_davis_transfer/data/global_predictions/fold1_with_features.pt",
    "drug_cache": "experiments/brics_hierarchical/data/fold1_drug_encoder_inputs_chem.pt",
    "layer2_cache": "experiments/brics_hierarchical/data/fold1_drug_egnn_layer2_inputs.pt",
    "split": "data/splits/davis_drug_cold_5fold_seed42/fold_1/split.json",
    "condition": "real",
    "seed": 42,
    "device": "cuda:0",
    "batch_size": 128,
    "epochs": 80,
    "patience": 15,
    "branch_lr": 0.0001,
    "layer3_lr": 1e-05,
    "weight_decay": 1e-05,
    "lambda_align": 0.05,
    "lambda_reconstruct": 0.02,
    "lambda_delta": 0.001,
    "output_dir": "experiments/brics_hierarchical/outputs/unfreeze_l3_real_seed42"
  },
  "history": [
    {
      "epoch": 1,
      "train": {
        "loss": 0.21499085062803633,
        "mse": 0.21309164617416132,
        "align": 3.031648202684762e-07,
        "reconstruct": 0.022216964806797208
      },
      "val": {
        "mse": 0.4795598089694977,
        "rmse": 0.6925025696482994,
        "mae": 0.41060298681259155,
        "ci": 0.790144700964646,
        "rm2": 0.3564636530575598,
        "pearson": 0.6180590159538126,
        "spearman": 0.5347229148667103,
        "r2": 0.36828386783599854,
        "bias": -0.07096878439188004
      },
      "val_delta_abs_mean": 0.6972578167915344,
      "val_gate_mean": 0.9120255708694458
    },
    {
      "epoch": 2,
      "train": {
        "loss": 0.2148509008860673,
        "mse": 0.21295071296774756,
        "align": 2.3243343955205518e-07,
        "reconstruct": 0.02005199527822896
      },
      "val": {
        "mse": 0.4813155233860016,
        "rmse": 0.6937690706467113,
        "mae": 0.41308656334877014,
        "ci": 0.7882055923558265,
        "rm2": 0.35405317501047756,
        "pearson": 0.615649182689589,
        "spearman": 0.531300569562138,
        "r2": 0.3659711480140686,
        "bias": -0.06836830824613571
      },
      "val_delta_abs_mean": 0.6827560067176819,
      "val_gate_mean": 0.9095173478126526
    },
    {
      "epoch": 3,
      "train": {
        "loss": 0.2148070891624559,
        "mse": 0.21289010578770948,
        "align": 2.357387515180343e-07,
        "reconstruct": 0.020166277319488415
      },
      "val": {
        "mse": 0.48081058263778687,
        "rmse": 0.6934050638968444,
        "mae": 0.41127073764801025,
        "ci": 0.7890031503131983,
        "rm2": 0.3553042925236426,
        "pearson": 0.617542409761811,
        "spearman": 0.5327736466383199,
        "r2": 0.3666362762451172,
        "bias": -0.07438059151172638
      },
      "val_delta_abs_mean": 0.7214493751525879,
      "val_gate_mean": 0.9127474427223206
    },
    {
      "epoch": 4,
      "train": {
        "loss": 0.21477704907566542,
        "mse": 0.21284424190363663,
        "align": 2.350042377478167e-07,
        "reconstruct": 0.020825229987575262
      },
      "val": {
        "mse": 0.48043254017829895,
        "rmse": 0.6931324117210931,
        "mae": 0.4112740159034729,
        "ci": 0.7893844139741278,
        "rm2": 0.3556040061628782,
        "pearson": 0.616979133894587,
        "spearman": 0.5336075765631582,
        "r2": 0.3671342730522156,
        "bias": -0.07091974467039108
      },
      "val_delta_abs_mean": 0.7136044502258301,
      "val_gate_mean": 0.9133774042129517
    },
    {
      "epoch": 5,
      "train": {
        "loss": 0.2147569048310871,
        "mse": 0.2128776467850971,
        "align": 2.3154972767226217e-07,
        "reconstruct": 0.019244012109669167
      },
      "val": {
        "mse": 0.47767525911331177,
        "rmse": 0.6911405494639363,
        "mae": 0.41102972626686096,
        "ci": 0.7894833958861,
        "rm2": 0.35891283156871645,
        "pearson": 0.6187735729457531,
        "spearman": 0.5334916977884895,
        "r2": 0.3707663416862488,
        "bias": -0.0669538602232933
      },
      "val_delta_abs_mean": 0.7420340776443481,
      "val_gate_mean": 0.9055172801017761
    },
    {
      "epoch": 6,
      "train": {
        "loss": 0.21474187182395418,
        "mse": 0.21282758838840957,
        "align": 2.3096441201162004e-07,
        "reconstruct": 0.019019398236826753
      },
      "val": {
        "mse": 0.4786938726902008,
        "rmse": 0.6918770647233515,
        "mae": 0.41257521510124207,
        "ci": 0.7885296257343195,
        "rm2": 0.35682827048856985,
        "pearson": 0.6174753566221004,
        "spearman": 0.5318585833157,
        "r2": 0.36942458152770996,
        "bias": -0.06397030502557755
      },
      "val_delta_abs_mean": 0.7283475399017334,
      "val_gate_mean": 0.9134023785591125
    },
    {
      "epoch": 7,
      "train": {
        "loss": 0.21469000610233765,
        "mse": 0.21273733395733432,
        "align": 2.2582281562009698e-07,
        "reconstruct": 0.020930378545834915
      },
      "val": {
        "mse": 0.4768836200237274,
        "rmse": 0.690567607134687,
        "mae": 0.4098829925060272,
        "ci": 0.7903198541422097,
        "rm2": 0.3589594840788256,
        "pearson": 0.6207610448501978,
        "spearman": 0.5352676852226269,
        "r2": 0.371809184551239,
        "bias": -0.06876727938652039
      },
      "val_delta_abs_mean": 0.7303776741027832,
      "val_gate_mean": 0.9148297309875488
    },
    {
      "epoch": 8,
      "train": {
        "loss": 0.21459772527903603,
        "mse": 0.2126991241069998,
        "align": 2.320661826669464e-07,
        "reconstruct": 0.02016359468708802
      },
      "val": {
        "mse": 0.4778871238231659,
        "rmse": 0.6912938042707788,
        "mae": 0.40991103649139404,
        "ci": 0.7896459217415602,
        "rm2": 0.3579105482239204,
        "pearson": 0.621396029416958,
        "spearman": 0.5342629180034892,
        "r2": 0.3704872727394104,
        "bias": -0.07454496622085571
      },
      "val_delta_abs_mean": 0.739331841468811,
      "val_gate_mean": 0.9235629439353943
    },
    {
      "epoch": 9,
      "train": {
        "loss": 0.21459444067906722,
        "mse": 0.21269949319658282,
        "align": 2.283936138158585e-07,
        "reconstruct": 0.019299976567321634
      },
      "val": {
        "mse": 0.4798782765865326,
        "rmse": 0.6927324711506835,
        "mae": 0.4138842821121216,
        "ci": 0.7855108810856565,
        "rm2": 0.35583831145174843,
        "pearson": 0.6174588807869956,
        "spearman": 0.526547469721741,
        "r2": 0.36786437034606934,
        "bias": -0.06948477029800415
      },
      "val_delta_abs_mean": 0.7386121153831482,
      "val_gate_mean": 0.916873037815094
    },
    {
      "epoch": 10,
      "train": {
        "loss": 0.21455243451654757,
        "mse": 0.21261149011907396,
        "align": 2.283936138158585e-07,
        "reconstruct": 0.01945111884249465
      },
      "val": {
        "mse": 0.47835028171539307,
        "rmse": 0.6916287166647963,
        "mae": 0.40830689668655396,
        "ci": 0.7906695494978806,
        "rm2": 0.3580924156777831,
        "pearson": 0.621980998405382,
        "spearman": 0.5359555456624612,
        "r2": 0.3698771595954895,
        "bias": -0.07944362610578537
      },
      "val_delta_abs_mean": 0.7343591451644897,
      "val_gate_mean": 0.9228077530860901
    },
    {
      "epoch": 11,
      "train": {
        "loss": 0.21461649371404856,
        "mse": 0.2126719494696082,
        "align": 2.357387515180343e-07,
        "reconstruct": 0.019100169405087224
      },
      "val": {
        "mse": 0.4780080020427704,
        "rmse": 0.6913812277193896,
        "mae": 0.4104282855987549,
        "ci": 0.7898359425725684,
        "rm2": 0.3577720051416219,
        "pearson": 0.6198095366086528,
        "spearman": 0.5343865409376076,
        "r2": 0.37032800912857056,
        "bias": -0.06995521485805511
      },
      "val_delta_abs_mean": 0.7206114530563354,
      "val_gate_mean": 0.914971649646759
    },
    {
      "epoch": 12,
      "train": {
        "loss": 0.21439429311865596,
        "mse": 0.21248762639436866,
        "align": 2.390440634840134e-07,
        "reconstruct": 0.020226523018867723
      },
      "val": {
        "mse": 0.4800514876842499,
        "rmse": 0.6928574800666079,
        "mae": 0.4111606180667877,
        "ci": 0.7895005038708852,
        "rm2": 0.35596365677013797,
        "pearson": 0.6175905518826711,
        "spearman": 0.5336471170584722,
        "r2": 0.36763620376586914,
        "bias": -0.07136255502700806
      },
      "val_delta_abs_mean": 0.7202019691467285,
      "val_gate_mean": 0.9128366112709045
    },
    {
      "epoch": 13,
      "train": {
        "loss": 0.2144892940975032,
        "mse": 0.21254944353879698,
        "align": 2.2655732939031457e-07,
        "reconstruct": 0.019524730476397884
      },
      "val": {
        "mse": 0.4770611822605133,
        "rmse": 0.6906961576992544,
        "mae": 0.4091721773147583,
        "ci": 0.7904428686994754,
        "rm2": 0.3589259045592046,
        "pearson": 0.621555057952981,
        "spearman": 0.5356508794672212,
        "r2": 0.3715752363204956,
        "bias": -0.07243923097848892
      },
      "val_delta_abs_mean": 0.7200964689254761,
      "val_gate_mean": 0.918608546257019
    },
    {
      "epoch": 14,
      "train": {
        "loss": 0.2146412270815916,
        "mse": 0.2126932691320414,
        "align": 2.214157329987915e-07,
        "reconstruct": 0.01973426885005541
      },
      "val": {
        "mse": 0.47714152932167053,
        "rmse": 0.6907543190756541,
        "mae": 0.4074600636959076,
        "ci": 0.7921616101709413,
        "rm2": 0.3596217805334179,
        "pearson": 0.6218998329169019,
        "spearman": 0.5386787278332904,
        "r2": 0.3714694380760193,
        "bias": -0.07571238279342651
      },
      "val_delta_abs_mean": 0.7551090121269226,
      "val_gate_mean": 0.9212826490402222
    },
    {
      "epoch": 15,
      "train": {
        "loss": 0.21451958463053575,
        "mse": 0.21256228505451846,
        "align": 2.250883018498794e-07,
        "reconstruct": 0.020174027944118704
      },
      "val": {
        "mse": 0.478748083114624,
        "rmse": 0.6919162399558374,
        "mae": 0.410805344581604,
        "ci": 0.7893041693788254,
        "rm2": 0.35720710903085545,
        "pearson": 0.6190643149178782,
        "spearman": 0.5334975693930125,
        "r2": 0.36935311555862427,
        "bias": -0.07088273018598557
      },
      "val_delta_abs_mean": 0.7206429243087769,
      "val_gate_mean": 0.9196567535400391
    }
  ]
}
