{"epoch": 1, "train": {"loss": 0.21656611367243825, "mse": 0.21656605671605994, "adjustment": 5.649014893316799e-05}, "val": {"mse": 0.4828924834728241, "rmse": 0.6949046578292767, "mae": 0.40405431389808655, "ci": 0.7982235394465322, "rm2": 0.35284643996431136, "pearson": 0.617102314027007, "spearman": 0.5497997508709547, "r2": 0.3638938069343567, "bias": -0.07954411953687668}, "val_multiplier_mean": 1.0162981748580933, "val_multiplier_min": 1.0162981748580933, "val_multiplier_max": 1.0162981748580933}
{"epoch": 2, "train": {"loss": 0.2165455230278334, "mse": 0.2165448417749191, "adjustment": 0.0006809232925139102}, "val": {"mse": 0.4829619228839874, "rmse": 0.6949546192982585, "mae": 0.40384218096733093, "ci": 0.7983842323036228, "rm2": 0.3528358012567855, "pearson": 0.6172684769038536, "spearman": 0.5500575093786165, "r2": 0.36380231380462646, "bias": -0.08036479353904724}, "val_multiplier_mean": 1.0308300256729126, "val_multiplier_min": 1.0308300256729126, "val_multiplier_max": 1.0308300256729126}
{"epoch": 3, "train": {"loss": 0.21653297518276785, "mse": 0.21653145512660474, "adjustment": 0.0015193541655109828}, "val": {"mse": 0.4830261170864105, "rmse": 0.6950008036588234, "mae": 0.4036736488342285, "ci": 0.7985390188326326, "rm2": 0.3528266486287855, "pearson": 0.6174283129295727, "spearman": 0.5503299645239483, "r2": 0.36371779441833496, "bias": -0.08113260567188263}, "val_multiplier_mean": 1.0445605516433716, "val_multiplier_min": 1.0445605516433716, "val_multiplier_max": 1.0445605516433716}
{"epoch": 4, "train": {"loss": 0.2165264156161505, "mse": 0.21652425507473924, "adjustment": 0.0021601716986533403}, "val": {"mse": 0.4830670654773712, "rmse": 0.6950302622745079, "mae": 0.4035833775997162, "ci": 0.7985777154648851, "rm2": 0.35281780723810263, "pearson": 0.6175305593193453, "spearman": 0.5503962716893968, "r2": 0.36366385221481323, "bias": -0.08161085098981857}, "val_multiplier_mean": 1.0530767440795898, "val_multiplier_min": 1.0530768632888794, "val_multiplier_max": 1.0530768632888794}
{"epoch": 5, "train": {"loss": 0.2165225507768433, "mse": 0.21651887726115804, "adjustment": 0.0036740554138669093}, "val": {"mse": 0.4830665588378906, "rmse": 0.6950298978014475, "mae": 0.40347060561180115, "ci": 0.7986404447424311, "rm2": 0.3528551753350338, "pearson": 0.6176815852223453, "spearman": 0.5504955785482453, "r2": 0.36366450786590576, "bias": -0.08209099620580673}, "val_multiplier_mean": 1.0611743927001953, "val_multiplier_min": 1.0611745119094849, "val_multiplier_max": 1.0611745119094849}
{"epoch": 6, "train": {"loss": 0.21652172030071395, "mse": 0.2165169472824716, "adjustment": 0.0047728992386027}, "val": {"mse": 0.4830557405948639, "rmse": 0.6950221151840162, "mae": 0.4034115970134735, "ci": 0.7987103023469712, "rm2": 0.3528845365274754, "pearson": 0.6177650299887948, "spearman": 0.5506232373138454, "r2": 0.3636787533760071, "bias": -0.08231732249259949}, "val_multiplier_mean": 1.064858078956604, "val_multiplier_min": 1.064858078956604, "val_multiplier_max": 1.064858078956604}
{"epoch": 7, "train": {"loss": 0.21652233984514668, "mse": 0.21651848509105784, "adjustment": 0.003854626115293883}, "val": {"mse": 0.4830619692802429, "rmse": 0.6950265960956048, "mae": 0.4034462571144104, "ci": 0.7986636627217826, "rm2": 0.35286731088272416, "pearson": 0.6177161064490654, "spearman": 0.5505489867506421, "r2": 0.3636705279350281, "bias": -0.08218434453010559}, "val_multiplier_mean": 1.0626935958862305, "val_multiplier_min": 1.0626938343048096, "val_multiplier_max": 1.0626938343048096}
{"epoch": 8, "train": {"loss": 0.2165206730067357, "mse": 0.2165160202493426, "adjustment": 0.004651956917698148}, "val": {"mse": 0.48305296897888184, "rmse": 0.6950201212762706, "mae": 0.403396338224411, "ci": 0.7987239480015023, "rm2": 0.3528922031729596, "pearson": 0.6177866401985275, "spearman": 0.5506444771337147, "r2": 0.3636823892593384, "bias": -0.08237604796886444}, "val_multiplier_mean": 1.0658130645751953, "val_multiplier_min": 1.0658133029937744, "val_multiplier_max": 1.0658133029937744}
{"epoch": 9, "train": {"loss": 0.21652082889867585, "mse": 0.21651654855554484, "adjustment": 0.004280057572376382}, "val": {"mse": 0.4830545485019684, "rmse": 0.695021257589988, "mae": 0.40340521931648254, "ci": 0.7987117280123699, "rm2": 0.35288775418262386, "pearson": 0.6177740411712617, "spearman": 0.5506269861778758, "r2": 0.36368030309677124, "bias": -0.0823417454957962}, "val_multiplier_mean": 1.0652551651000977, "val_multiplier_min": 1.0652554035186768, "val_multiplier_max": 1.0652554035186768}
{"epoch": 10, "train": {"loss": 0.21652338247166295, "mse": 0.21651829279190976, "adjustment": 0.005089345456616469}, "val": {"mse": 0.4830493628978729, "rmse": 0.6950175270436516, "mae": 0.40337634086608887, "ci": 0.7987549053073042, "rm2": 0.3529021344459842, "pearson": 0.6178149828491418, "spearman": 0.550690704349641, "r2": 0.3636871576309204, "bias": -0.08245312422513962}, "val_multiplier_mean": 1.0670678615570068, "val_multiplier_min": 1.0670676231384277, "val_multiplier_max": 1.0670676231384277}
{"epoch": 11, "train": {"loss": 0.21652053781029487, "mse": 0.21651610260239532, "adjustment": 0.0044351963029463}, "val": {"mse": 0.4830569326877594, "rmse": 0.6950229727769863, "mae": 0.40341824293136597, "ci": 0.7987017483545784, "rm2": 0.35288117591621593, "pearson": 0.6177556222686817, "spearman": 0.5506146536603435, "r2": 0.3636772036552429, "bias": -0.08229171484708786}, "val_multiplier_mean": 1.0644416809082031, "val_multiplier_min": 1.0644413232803345, "val_multiplier_max": 1.0644413232803345}
{"epoch": 12, "train": {"loss": 0.21652024295179242, "mse": 0.2165155075113893, "adjustment": 0.004734750393886757}, "val": {"mse": 0.483047217130661, "rmse": 0.6950159833634483, "mae": 0.4033646583557129, "ci": 0.7987604043024138, "rm2": 0.35290810204023004, "pearson": 0.6178315622105173, "spearman": 0.5507042816813393, "r2": 0.36368995904922485, "bias": -0.08249809592962265}, "val_multiplier_mean": 1.0678004026412964, "val_multiplier_min": 1.0678002834320068, "val_multiplier_max": 1.0678002834320068}
{"epoch": 13, "train": {"loss": 0.21652063536577418, "mse": 0.2165162211216436, "adjustment": 0.004414801161438212}, "val": {"mse": 0.4830538332462311, "rmse": 0.695020743033063, "mae": 0.4034012258052826, "ci": 0.7987206893377337, "rm2": 0.3528898183031517, "pearson": 0.6177797200567513, "spearman": 0.5506359145743926, "r2": 0.36368125677108765, "bias": -0.08235722780227661}, "val_multiplier_mean": 1.065506935119629, "val_multiplier_min": 1.065507173538208, "val_multiplier_max": 1.065507173538208}
{"epoch": 14, "train": {"loss": 0.2165210374460719, "mse": 0.2165167113608089, "adjustment": 0.004326348713927937}, "val": {"mse": 0.48305442929267883, "rmse": 0.6950211718305269, "mae": 0.40340447425842285, "ci": 0.7987092840145434, "rm2": 0.35288807330681543, "pearson": 0.6177751161018872, "spearman": 0.5506225501081895, "r2": 0.36368048191070557, "bias": -0.08234471082687378}, "val_multiplier_mean": 1.0653038024902344, "val_multiplier_min": 1.0653036832809448, "val_multiplier_max": 1.0653036832809448}
{"epoch": 15, "train": {"loss": 0.216520674708168, "mse": 0.2165154337917426, "adjustment": 0.005240311079703489}, "val": {"mse": 0.4830484092235565, "rmse": 0.6950168409639845, "mae": 0.40337124466896057, "ci": 0.7987518503100212, "rm2": 0.3529047338052889, "pearson": 0.6178222245090691, "spearman": 0.5506893508890376, "r2": 0.3636884093284607, "bias": -0.08247267454862595}, "val_multiplier_mean": 1.0673866271972656, "val_multiplier_min": 1.0673866271972656, "val_multiplier_max": 1.0673866271972656}
{"epoch": 16, "train": {"loss": 0.21652008542584605, "mse": 0.21651541764822022, "adjustment": 0.004667685271183476}, "val": {"mse": 0.48304110765457153, "rmse": 0.6950115881440909, "mae": 0.40333041548728943, "ci": 0.798774864622887, "rm2": 0.35292523916013974, "pearson": 0.6178802567909465, "spearman": 0.5507376158904642, "r2": 0.36369800567626953, "bias": -0.08263029903173447}, "val_multiplier_mean": 1.0699564218521118, "val_multiplier_min": 1.0699564218521118, "val_multiplier_max": 1.0699564218521118}
{"epoch": 17, "train": {"loss": 0.2165191676967973, "mse": 0.21651403833321614, "adjustment": 0.005129950305794335}, "val": {"mse": 0.4830407202243805, "rmse": 0.6950113094219262, "mae": 0.4033282399177551, "ci": 0.7987752719558582, "rm2": 0.352926313520327, "pearson": 0.6178833273583172, "spearman": 0.550741990289832, "r2": 0.3636985421180725, "bias": -0.08263858407735825}, "val_multiplier_mean": 1.0700911283493042, "val_multiplier_min": 1.0700914859771729, "val_multiplier_max": 1.0700914859771729}
{"epoch": 18, "train": {"loss": 0.21651937191314435, "mse": 0.21651436810694544, "adjustment": 0.00500399273002232}, "val": {"mse": 0.48303908109664917, "rmse": 0.6950101302115309, "mae": 0.4033195376396179, "ci": 0.7987681436288643, "rm2": 0.35293067382852056, "pearson": 0.6178957423423913, "spearman": 0.5507342872940378, "r2": 0.3637006878852844, "bias": -0.08267224580049515}, "val_multiplier_mean": 1.0706406831741333, "val_multiplier_min": 1.0706408023834229, "val_multiplier_max": 1.0706408023834229}
{"epoch": 19, "train": {"loss": 0.21651997453435112, "mse": 0.21651503270562072, "adjustment": 0.004941675554944109}, "val": {"mse": 0.4830452501773834, "rmse": 0.69501456832025, "mae": 0.4033537209033966, "ci": 0.7987644776321245, "rm2": 0.35291372285410794, "pearson": 0.6178471477960021, "spearman": 0.5507146007313688, "r2": 0.36369258165359497, "bias": -0.08254037797451019}, "val_multiplier_mean": 1.068489909172058, "val_multiplier_min": 1.0684897899627686, "val_multiplier_max": 1.0684897899627686}
{"epoch": 20, "train": {"loss": 0.21652271014624705, "mse": 0.21651883350163942, "adjustment": 0.003876283620662153}, "val": {"mse": 0.48304280638694763, "rmse": 0.695012810232263, "mae": 0.40334028005599976, "ci": 0.7987679399623787, "rm2": 0.3529202580599667, "pearson": 0.6178662692215224, "spearman": 0.550734881729484, "r2": 0.36369580030441284, "bias": -0.08259223401546478}, "val_multiplier_mean": 1.0693358182907104, "val_multiplier_min": 1.0693354606628418, "val_multiplier_max": 1.0693354606628418}
{
  "guardrail": "validation only; test indices and metrics were not accessed",
  "condition": "constant_reliability",
  "seed": 44,
  "best_epoch": 0,
  "epoch0_max_abs_difference_vs_frozen": 9.5367431640625e-07,
  "p13d_baseline": {
    "mse": 0.48946526646614075,
    "rmse": 0.6996179432133947,
    "mae": 0.43143847584724426,
    "ci": 0.7885622123720057,
    "rm2": 0.3410284448121984,
    "pearson": 0.5995077496596147,
    "spearman": 0.5319472626673567,
    "r2": 0.35523557662963867,
    "bias": -0.015189344994723797
  },
  "frozen_brics_baseline": {
    "mse": 0.4828588664531708,
    "rmse": 0.6948804691838524,
    "mae": 0.4043091833591461,
    "ci": 0.7980084676378028,
    "rm2": 0.352809580953063,
    "pearson": 0.6168740095803196,
    "spearman": 0.5495088977474822,
    "r2": 0.3639380931854248,
    "bias": -0.0786333903670311
  },
  "best": {
    "mse": 0.4828588664531708,
    "rmse": 0.6948804691838524,
    "mae": 0.4043091833591461,
    "ci": 0.7980076529718606,
    "rm2": 0.352809580953063,
    "pearson": 0.6168740055866384,
    "spearman": 0.5495082458204856,
    "r2": 0.3639380931854248,
    "bias": -0.0786333903670311
  },
  "relative_mse_gain_vs_frozen": 0.0,
  "relative_mse_gain_vs_p13d": 0.01349717838135298,
  "multiplier": {
    "mean": 1.0,
    "std": 0.0,
    "min": 1.0,
    "max": 1.0
  },
  "drug_bootstrap_vs_frozen": {
    "drugs": 7,
    "improved": 2,
    "worsened": 5,
    "improvements": [
      2.6619382254011725e-09,
      -2.866398007839166e-09,
      -4.609204129479849e-09,
      -5.257784763124107e-10,
      -3.734311082581598e-09,
      1.4243757284759795e-09,
      -7.482450214979508e-09
    ],
    "mean": -2.1616897081879115e-09,
    "ci95": [
      -4.604698305194737e-09,
      2.0233002297396204e-10
    ],
    "probability_positive": 0.0386
  },
  "drug_bootstrap_vs_p13d": {
    "drugs": 7,
    "improved": 5,
    "worsened": 2,
    "improvements": [
      -0.033932313323020935,
      0.036454375833272934,
      0.030866049230098724,
      0.012066331692039967,
      0.053895629942417145,
      0.004477357026189566,
      -0.05758299306035042
    ],
    "mean": 0.006606348191520998,
    "ci95": [
      -0.021954746850367104,
      0.03230130020529032
    ],
    "probability_positive": 0.69605
  },
  "trainable_parameters": 161,
  "args": {
    "project": "/data1/ztx/MyModel-MDTA",
    "checkpoint": "outputs/Refine_experiment/davis/cold_start/drug_cold_5fold_seed42/baseline/fold_1/best_model.pt",
    "clean_checkpoint": "experiments/brics_hierarchical/outputs/graph_real_seed44/best.pt",
    "reference_predictions": "experiments/brics_hierarchical/outputs/graph_real_seed44/validation_predictions.npz",
    "global_cache": "experiments/pdbbind_to_davis_transfer/data/global_predictions/fold1_with_features.pt",
    "drug_cache": "experiments/brics_hierarchical/data/fold1_drug_encoder_inputs_chem.pt",
    "reliability_cache": "experiments/brics_hierarchical/data/fold1_brics_reliability.pt",
    "split": "data/splits/davis_drug_cold_5fold_seed42/fold_1/split.json",
    "condition": "constant_reliability",
    "clean_condition": "real",
    "seed": 44,
    "device": "cuda:0",
    "batch_size": 128,
    "epochs": 100,
    "patience": 20,
    "lr": 0.001,
    "weight_decay": 0.0001,
    "max_adjustment": 0.25,
    "lambda_adjustment": 0.001,
    "output_dir": "experiments/brics_hierarchical/outputs/reliability_constant_seed44"
  },
  "history": [
    {
      "epoch": 1,
      "train": {
        "loss": 0.21656611367243825,
        "mse": 0.21656605671605994,
        "adjustment": 5.649014893316799e-05
      },
      "val": {
        "mse": 0.4828924834728241,
        "rmse": 0.6949046578292767,
        "mae": 0.40405431389808655,
        "ci": 0.7982235394465322,
        "rm2": 0.35284643996431136,
        "pearson": 0.617102314027007,
        "spearman": 0.5497997508709547,
        "r2": 0.3638938069343567,
        "bias": -0.07954411953687668
      },
      "val_multiplier_mean": 1.0162981748580933,
      "val_multiplier_min": 1.0162981748580933,
      "val_multiplier_max": 1.0162981748580933
    },
    {
      "epoch": 2,
      "train": {
        "loss": 0.2165455230278334,
        "mse": 0.2165448417749191,
        "adjustment": 0.0006809232925139102
      },
      "val": {
        "mse": 0.4829619228839874,
        "rmse": 0.6949546192982585,
        "mae": 0.40384218096733093,
        "ci": 0.7983842323036228,
        "rm2": 0.3528358012567855,
        "pearson": 0.6172684769038536,
        "spearman": 0.5500575093786165,
        "r2": 0.36380231380462646,
        "bias": -0.08036479353904724
      },
      "val_multiplier_mean": 1.0308300256729126,
      "val_multiplier_min": 1.0308300256729126,
      "val_multiplier_max": 1.0308300256729126
    },
    {
      "epoch": 3,
      "train": {
        "loss": 0.21653297518276785,
        "mse": 0.21653145512660474,
        "adjustment": 0.0015193541655109828
      },
      "val": {
        "mse": 0.4830261170864105,
        "rmse": 0.6950008036588234,
        "mae": 0.4036736488342285,
        "ci": 0.7985390188326326,
        "rm2": 0.3528266486287855,
        "pearson": 0.6174283129295727,
        "spearman": 0.5503299645239483,
        "r2": 0.36371779441833496,
        "bias": -0.08113260567188263
      },
      "val_multiplier_mean": 1.0445605516433716,
      "val_multiplier_min": 1.0445605516433716,
      "val_multiplier_max": 1.0445605516433716
    },
    {
      "epoch": 4,
      "train": {
        "loss": 0.2165264156161505,
        "mse": 0.21652425507473924,
        "adjustment": 0.0021601716986533403
      },
      "val": {
        "mse": 0.4830670654773712,
        "rmse": 0.6950302622745079,
        "mae": 0.4035833775997162,
        "ci": 0.7985777154648851,
        "rm2": 0.35281780723810263,
        "pearson": 0.6175305593193453,
        "spearman": 0.5503962716893968,
        "r2": 0.36366385221481323,
        "bias": -0.08161085098981857
      },
      "val_multiplier_mean": 1.0530767440795898,
      "val_multiplier_min": 1.0530768632888794,
      "val_multiplier_max": 1.0530768632888794
    },
    {
      "epoch": 5,
      "train": {
        "loss": 0.2165225507768433,
        "mse": 0.21651887726115804,
        "adjustment": 0.0036740554138669093
      },
      "val": {
        "mse": 0.4830665588378906,
        "rmse": 0.6950298978014475,
        "mae": 0.40347060561180115,
        "ci": 0.7986404447424311,
        "rm2": 0.3528551753350338,
        "pearson": 0.6176815852223453,
        "spearman": 0.5504955785482453,
        "r2": 0.36366450786590576,
        "bias": -0.08209099620580673
      },
      "val_multiplier_mean": 1.0611743927001953,
      "val_multiplier_min": 1.0611745119094849,
      "val_multiplier_max": 1.0611745119094849
    },
    {
      "epoch": 6,
      "train": {
        "loss": 0.21652172030071395,
        "mse": 0.2165169472824716,
        "adjustment": 0.0047728992386027
      },
      "val": {
        "mse": 0.4830557405948639,
        "rmse": 0.6950221151840162,
        "mae": 0.4034115970134735,
        "ci": 0.7987103023469712,
        "rm2": 0.3528845365274754,
        "pearson": 0.6177650299887948,
        "spearman": 0.5506232373138454,
        "r2": 0.3636787533760071,
        "bias": -0.08231732249259949
      },
      "val_multiplier_mean": 1.064858078956604,
      "val_multiplier_min": 1.064858078956604,
      "val_multiplier_max": 1.064858078956604
    },
    {
      "epoch": 7,
      "train": {
        "loss": 0.21652233984514668,
        "mse": 0.21651848509105784,
        "adjustment": 0.003854626115293883
      },
      "val": {
        "mse": 0.4830619692802429,
        "rmse": 0.6950265960956048,
        "mae": 0.4034462571144104,
        "ci": 0.7986636627217826,
        "rm2": 0.35286731088272416,
        "pearson": 0.6177161064490654,
        "spearman": 0.5505489867506421,
        "r2": 0.3636705279350281,
        "bias": -0.08218434453010559
      },
      "val_multiplier_mean": 1.0626935958862305,
      "val_multiplier_min": 1.0626938343048096,
      "val_multiplier_max": 1.0626938343048096
    },
    {
      "epoch": 8,
      "train": {
        "loss": 0.2165206730067357,
        "mse": 0.2165160202493426,
        "adjustment": 0.004651956917698148
      },
      "val": {
        "mse": 0.48305296897888184,
        "rmse": 0.6950201212762706,
        "mae": 0.403396338224411,
        "ci": 0.7987239480015023,
        "rm2": 0.3528922031729596,
        "pearson": 0.6177866401985275,
        "spearman": 0.5506444771337147,
        "r2": 0.3636823892593384,
        "bias": -0.08237604796886444
      },
      "val_multiplier_mean": 1.0658130645751953,
      "val_multiplier_min": 1.0658133029937744,
      "val_multiplier_max": 1.0658133029937744
    },
    {
      "epoch": 9,
      "train": {
        "loss": 0.21652082889867585,
        "mse": 0.21651654855554484,
        "adjustment": 0.004280057572376382
      },
      "val": {
        "mse": 0.4830545485019684,
        "rmse": 0.695021257589988,
        "mae": 0.40340521931648254,
        "ci": 0.7987117280123699,
        "rm2": 0.35288775418262386,
        "pearson": 0.6177740411712617,
        "spearman": 0.5506269861778758,
        "r2": 0.36368030309677124,
        "bias": -0.0823417454957962
      },
      "val_multiplier_mean": 1.0652551651000977,
      "val_multiplier_min": 1.0652554035186768,
      "val_multiplier_max": 1.0652554035186768
    },
    {
      "epoch": 10,
      "train": {
        "loss": 0.21652338247166295,
        "mse": 0.21651829279190976,
        "adjustment": 0.005089345456616469
      },
      "val": {
        "mse": 0.4830493628978729,
        "rmse": 0.6950175270436516,
        "mae": 0.40337634086608887,
        "ci": 0.7987549053073042,
        "rm2": 0.3529021344459842,
        "pearson": 0.6178149828491418,
        "spearman": 0.550690704349641,
        "r2": 0.3636871576309204,
        "bias": -0.08245312422513962
      },
      "val_multiplier_mean": 1.0670678615570068,
      "val_multiplier_min": 1.0670676231384277,
      "val_multiplier_max": 1.0670676231384277
    },
    {
      "epoch": 11,
      "train": {
        "loss": 0.21652053781029487,
        "mse": 0.21651610260239532,
        "adjustment": 0.0044351963029463
      },
      "val": {
        "mse": 0.4830569326877594,
        "rmse": 0.6950229727769863,
        "mae": 0.40341824293136597,
        "ci": 0.7987017483545784,
        "rm2": 0.35288117591621593,
        "pearson": 0.6177556222686817,
        "spearman": 0.5506146536603435,
        "r2": 0.3636772036552429,
        "bias": -0.08229171484708786
      },
      "val_multiplier_mean": 1.0644416809082031,
      "val_multiplier_min": 1.0644413232803345,
      "val_multiplier_max": 1.0644413232803345
    },
    {
      "epoch": 12,
      "train": {
        "loss": 0.21652024295179242,
        "mse": 0.2165155075113893,
        "adjustment": 0.004734750393886757
      },
      "val": {
        "mse": 0.483047217130661,
        "rmse": 0.6950159833634483,
        "mae": 0.4033646583557129,
        "ci": 0.7987604043024138,
        "rm2": 0.35290810204023004,
        "pearson": 0.6178315622105173,
        "spearman": 0.5507042816813393,
        "r2": 0.36368995904922485,
        "bias": -0.08249809592962265
      },
      "val_multiplier_mean": 1.0678004026412964,
      "val_multiplier_min": 1.0678002834320068,
      "val_multiplier_max": 1.0678002834320068
    },
    {
      "epoch": 13,
      "train": {
        "loss": 0.21652063536577418,
        "mse": 0.2165162211216436,
        "adjustment": 0.004414801161438212
      },
      "val": {
        "mse": 0.4830538332462311,
        "rmse": 0.695020743033063,
        "mae": 0.4034012258052826,
        "ci": 0.7987206893377337,
        "rm2": 0.3528898183031517,
        "pearson": 0.6177797200567513,
        "spearman": 0.5506359145743926,
        "r2": 0.36368125677108765,
        "bias": -0.08235722780227661
      },
      "val_multiplier_mean": 1.065506935119629,
      "val_multiplier_min": 1.065507173538208,
      "val_multiplier_max": 1.065507173538208
    },
    {
      "epoch": 14,
      "train": {
        "loss": 0.2165210374460719,
        "mse": 0.2165167113608089,
        "adjustment": 0.004326348713927937
      },
      "val": {
        "mse": 0.48305442929267883,
        "rmse": 0.6950211718305269,
        "mae": 0.40340447425842285,
        "ci": 0.7987092840145434,
        "rm2": 0.35288807330681543,
        "pearson": 0.6177751161018872,
        "spearman": 0.5506225501081895,
        "r2": 0.36368048191070557,
        "bias": -0.08234471082687378
      },
      "val_multiplier_mean": 1.0653038024902344,
      "val_multiplier_min": 1.0653036832809448,
      "val_multiplier_max": 1.0653036832809448
    },
    {
      "epoch": 15,
      "train": {
        "loss": 0.216520674708168,
        "mse": 0.2165154337917426,
        "adjustment": 0.005240311079703489
      },
      "val": {
        "mse": 0.4830484092235565,
        "rmse": 0.6950168409639845,
        "mae": 0.40337124466896057,
        "ci": 0.7987518503100212,
        "rm2": 0.3529047338052889,
        "pearson": 0.6178222245090691,
        "spearman": 0.5506893508890376,
        "r2": 0.3636884093284607,
        "bias": -0.08247267454862595
      },
      "val_multiplier_mean": 1.0673866271972656,
      "val_multiplier_min": 1.0673866271972656,
      "val_multiplier_max": 1.0673866271972656
    },
    {
      "epoch": 16,
      "train": {
        "loss": 0.21652008542584605,
        "mse": 0.21651541764822022,
        "adjustment": 0.004667685271183476
      },
      "val": {
        "mse": 0.48304110765457153,
        "rmse": 0.6950115881440909,
        "mae": 0.40333041548728943,
        "ci": 0.798774864622887,
        "rm2": 0.35292523916013974,
        "pearson": 0.6178802567909465,
        "spearman": 0.5507376158904642,
        "r2": 0.36369800567626953,
        "bias": -0.08263029903173447
      },
      "val_multiplier_mean": 1.0699564218521118,
      "val_multiplier_min": 1.0699564218521118,
      "val_multiplier_max": 1.0699564218521118
    },
    {
      "epoch": 17,
      "train": {
        "loss": 0.2165191676967973,
        "mse": 0.21651403833321614,
        "adjustment": 0.005129950305794335
      },
      "val": {
        "mse": 0.4830407202243805,
        "rmse": 0.6950113094219262,
        "mae": 0.4033282399177551,
        "ci": 0.7987752719558582,
        "rm2": 0.352926313520327,
        "pearson": 0.6178833273583172,
        "spearman": 0.550741990289832,
        "r2": 0.3636985421180725,
        "bias": -0.08263858407735825
      },
      "val_multiplier_mean": 1.0700911283493042,
      "val_multiplier_min": 1.0700914859771729,
      "val_multiplier_max": 1.0700914859771729
    },
    {
      "epoch": 18,
      "train": {
        "loss": 0.21651937191314435,
        "mse": 0.21651436810694544,
        "adjustment": 0.00500399273002232
      },
      "val": {
        "mse": 0.48303908109664917,
        "rmse": 0.6950101302115309,
        "mae": 0.4033195376396179,
        "ci": 0.7987681436288643,
        "rm2": 0.35293067382852056,
        "pearson": 0.6178957423423913,
        "spearman": 0.5507342872940378,
        "r2": 0.3637006878852844,
        "bias": -0.08267224580049515
      },
      "val_multiplier_mean": 1.0706406831741333,
      "val_multiplier_min": 1.0706408023834229,
      "val_multiplier_max": 1.0706408023834229
    },
    {
      "epoch": 19,
      "train": {
        "loss": 0.21651997453435112,
        "mse": 0.21651503270562072,
        "adjustment": 0.004941675554944109
      },
      "val": {
        "mse": 0.4830452501773834,
        "rmse": 0.69501456832025,
        "mae": 0.4033537209033966,
        "ci": 0.7987644776321245,
        "rm2": 0.35291372285410794,
        "pearson": 0.6178471477960021,
        "spearman": 0.5507146007313688,
        "r2": 0.36369258165359497,
        "bias": -0.08254037797451019
      },
      "val_multiplier_mean": 1.068489909172058,
      "val_multiplier_min": 1.0684897899627686,
      "val_multiplier_max": 1.0684897899627686
    },
    {
      "epoch": 20,
      "train": {
        "loss": 0.21652271014624705,
        "mse": 0.21651883350163942,
        "adjustment": 0.003876283620662153
      },
      "val": {
        "mse": 0.48304280638694763,
        "rmse": 0.695012810232263,
        "mae": 0.40334028005599976,
        "ci": 0.7987679399623787,
        "rm2": 0.3529202580599667,
        "pearson": 0.6178662692215224,
        "spearman": 0.550734881729484,
        "r2": 0.36369580030441284,
        "bias": -0.08259223401546478
      },
      "val_multiplier_mean": 1.0693358182907104,
      "val_multiplier_min": 1.0693354606628418,
      "val_multiplier_max": 1.0693354606628418
    }
  ]
}
