{"epoch": 1, "train": {"loss": 0.21247883315487823, "mse": 0.21247875921502085, "adjustment": 7.433216554688858e-05}, "val": {"mse": 0.47455689311027527, "rmse": 0.6888808990749238, "mae": 0.4095304608345032, "ci": 0.7910227071838057, "rm2": 0.36077409996688004, "pearson": 0.6239021427703374, "spearman": 0.5361005254433059, "r2": 0.3748741149902344, "bias": -0.06860838085412979}, "val_multiplier_mean": 1.0120363235473633, "val_multiplier_min": 1.0120365619659424, "val_multiplier_max": 1.0120365619659424}
{"epoch": 2, "train": {"loss": 0.21246858676094815, "mse": 0.21246823083451177, "adjustment": 0.00035540863863146144}, "val": {"mse": 0.4744512140750885, "rmse": 0.6888041913890249, "mae": 0.40937215089797974, "ci": 0.7909622182376006, "rm2": 0.3609360083877972, "pearson": 0.6241872761866453, "spearman": 0.5359965449236462, "r2": 0.3750133514404297, "bias": -0.06927938759326935}, "val_multiplier_mean": 1.0224647521972656, "val_multiplier_min": 1.022464632987976, "val_multiplier_max": 1.022464632987976}
{"epoch": 3, "train": {"loss": 0.21246047500462484, "mse": 0.2124600286569611, "adjustment": 0.0004468030867179729}, "val": {"mse": 0.47438153624534607, "rmse": 0.6887536106949611, "mae": 0.4092685282230377, "ci": 0.7909027476238231, "rm2": 0.36104407695577523, "pearson": 0.6243782574921334, "spearman": 0.5359065954274428, "r2": 0.3751051425933838, "bias": -0.06973156332969666}, "val_multiplier_mean": 1.029509425163269, "val_multiplier_min": 1.0295095443725586, "val_multiplier_max": 1.0295095443725586}
{"epoch": 4, "train": {"loss": 0.21245579232009942, "mse": 0.21245448230474806, "adjustment": 0.0013105944167755173}, "val": {"mse": 0.4743090569972992, "rmse": 0.6887009924468668, "mae": 0.40915897488594055, "ci": 0.7908976559616846, "rm2": 0.36115860034590674, "pearson": 0.6245830578530707, "spearman": 0.5358936545446094, "r2": 0.37520062923431396, "bias": -0.07022366672754288}, "val_multiplier_mean": 1.037170171737671, "val_multiplier_min": 1.0371699333190918, "val_multiplier_max": 1.0371699333190918}
{"epoch": 5, "train": {"loss": 0.21245319631746531, "mse": 0.21245179348582652, "adjustment": 0.001403205294102051}, "val": {"mse": 0.47428685426712036, "rmse": 0.6886848729768358, "mae": 0.4091242849826813, "ci": 0.7908711793185645, "rm2": 0.3611944854630682, "pearson": 0.6246480668003264, "spearman": 0.5358481481237088, "r2": 0.3752298951148987, "bias": -0.07038280367851257}, "val_multiplier_mean": 1.0396414995193481, "val_multiplier_min": 1.0396414995193481, "val_multiplier_max": 1.0396414995193481}
{"epoch": 6, "train": {"loss": 0.21245431646818008, "mse": 0.21245194026879172, "adjustment": 0.002376152786536172}, "val": {"mse": 0.47425898909568787, "rmse": 0.6886646419671101, "mae": 0.4090801179409027, "ci": 0.7908290203560578, "rm2": 0.36123952795024306, "pearson": 0.6247303168270005, "spearman": 0.5357892141881381, "r2": 0.37526655197143555, "bias": -0.07058459520339966}, "val_multiplier_mean": 1.0427790880203247, "val_multiplier_min": 1.0427790880203247, "val_multiplier_max": 1.0427790880203247}
{"epoch": 7, "train": {"loss": 0.21245334311621106, "mse": 0.2124511184081359, "adjustment": 0.0022251192318305875}, "val": {"mse": 0.47424814105033875, "rmse": 0.688656765776928, "mae": 0.4090627431869507, "ci": 0.7908361486830517, "rm2": 0.36125726844354755, "pearson": 0.6247626562452852, "spearman": 0.5357971655993675, "r2": 0.37528085708618164, "bias": -0.0706641748547554}, "val_multiplier_mean": 1.044016718864441, "val_multiplier_min": 1.0440164804458618, "val_multiplier_max": 1.0440164804458618}
{"epoch": 8, "train": {"loss": 0.21245706712254503, "mse": 0.21245532002057219, "adjustment": 0.0017471657299750537}, "val": {"mse": 0.47425714135169983, "rmse": 0.6886633004245978, "mae": 0.4090771973133087, "ci": 0.7908345193511674, "rm2": 0.36124253490649616, "pearson": 0.624735799071567, "spearman": 0.5357874254129821, "r2": 0.37526899576187134, "bias": -0.07059808075428009}, "val_multiplier_mean": 1.0429887771606445, "val_multiplier_min": 1.0429887771606445, "val_multiplier_max": 1.0429887771606445}
{"epoch": 9, "train": {"loss": 0.21245216012655213, "mse": 0.21245028924107656, "adjustment": 0.0018713756148720701}, "val": {"mse": 0.4742318391799927, "rmse": 0.6886449296843713, "mae": 0.4090370237827301, "ci": 0.7908485723386697, "rm2": 0.3612838832971799, "pearson": 0.6248113125107172, "spearman": 0.5358161787361295, "r2": 0.3753023147583008, "bias": -0.0707840770483017}, "val_multiplier_mean": 1.0458831787109375, "val_multiplier_min": 1.0458831787109375, "val_multiplier_max": 1.0458831787109375}
{"epoch": 10, "train": {"loss": 0.21245385190687016, "mse": 0.21245117303472838, "adjustment": 0.0026787803754464395}, "val": {"mse": 0.47420352697372437, "rmse": 0.6886243729158331, "mae": 0.40899232029914856, "ci": 0.7908239286939194, "rm2": 0.36133040297818086, "pearson": 0.62489646410439, "spearman": 0.5358004419840384, "r2": 0.3753396272659302, "bias": -0.0709942951798439}, "val_multiplier_mean": 1.0491582155227661, "val_multiplier_min": 1.0491580963134766, "val_multiplier_max": 1.0491580963134766}
{"epoch": 11, "train": {"loss": 0.21245320324370065, "mse": 0.21245040748488217, "adjustment": 0.0027953797635818954}, "val": {"mse": 0.47419628500938416, "rmse": 0.6886191146122682, "mae": 0.4089809060096741, "ci": 0.7908222993620351, "rm2": 0.36134214052179237, "pearson": 0.6249181526743904, "spearman": 0.5358119116275685, "r2": 0.37534916400909424, "bias": -0.07104784995317459}, "val_multiplier_mean": 1.0499918460845947, "val_multiplier_min": 1.0499919652938843, "val_multiplier_max": 1.0499919652938843}
{"epoch": 12, "train": {"loss": 0.2124523082537349, "mse": 0.21245029202562973, "adjustment": 0.002016026790274351}, "val": {"mse": 0.47421199083328247, "rmse": 0.688630518371995, "mae": 0.40900564193725586, "ci": 0.7908326863527976, "rm2": 0.3613163668330862, "pearson": 0.6248709876719737, "spearman": 0.5358111324863846, "r2": 0.3753284811973572, "bias": -0.0709313377737999}, "val_multiplier_mean": 1.0481775999069214, "val_multiplier_min": 1.0481772422790527, "val_multiplier_max": 1.0481772422790527}
{"epoch": 13, "train": {"loss": 0.21245239967702845, "mse": 0.2124498962202602, "adjustment": 0.0025033229543537238}, "val": {"mse": 0.4741855561733246, "rmse": 0.6886113244591063, "mae": 0.40896379947662354, "ci": 0.7908225030285206, "rm2": 0.3613597882309247, "pearson": 0.6249507714997015, "spearman": 0.5358080889784532, "r2": 0.375363290309906, "bias": -0.07112866640090942}, "val_multiplier_mean": 1.0512505769729614, "val_multiplier_min": 1.0512508153915405, "val_multiplier_max": 1.0512508153915405}
{"epoch": 14, "train": {"loss": 0.21245228475574993, "mse": 0.21244946691561126, "adjustment": 0.0028176757561630553}, "val": {"mse": 0.47419416904449463, "rmse": 0.6886175782279266, "mae": 0.40897753834724426, "ci": 0.7908284093566013, "rm2": 0.361345700391486, "pearson": 0.6249246883656397, "spearman": 0.5358028471397388, "r2": 0.3753519654273987, "bias": -0.0710640698671341}, "val_multiplier_mean": 1.0502443313598633, "val_multiplier_min": 1.0502442121505737, "val_multiplier_max": 1.0502442121505737}
{"epoch": 15, "train": {"loss": 0.21245347277725857, "mse": 0.2124509474357099, "adjustment": 0.002525487561815353}, "val": {"mse": 0.4741709530353546, "rmse": 0.6886007210534669, "mae": 0.4089404046535492, "ci": 0.7908208736966363, "rm2": 0.3613841912632842, "pearson": 0.6249953828556084, "spearman": 0.5358058961132366, "r2": 0.37538254261016846, "bias": -0.07123978435993195}, "val_multiplier_mean": 1.0529842376708984, "val_multiplier_min": 1.0529841184616089, "val_multiplier_max": 1.0529841184616089}
{"epoch": 16, "train": {"loss": 0.2124551927058084, "mse": 0.21245285856737559, "adjustment": 0.002333940958782286}, "val": {"mse": 0.4741712510585785, "rmse": 0.6886009374511325, "mae": 0.4089408218860626, "ci": 0.7908220956955495, "rm2": 0.3613837359710697, "pearson": 0.6249945968476774, "spearman": 0.5358128278358271, "r2": 0.37538212537765503, "bias": -0.07123784720897675}, "val_multiplier_mean": 1.052953839302063, "val_multiplier_min": 1.0529539585113525, "val_multiplier_max": 1.0529539585113525}
{"epoch": 17, "train": {"loss": 0.21245385648036608, "mse": 0.2124509659936594, "adjustment": 0.002889914216572865}, "val": {"mse": 0.47420600056648254, "rmse": 0.6886261689527072, "mae": 0.40899625420570374, "ci": 0.7908249470263471, "rm2": 0.36132622453765695, "pearson": 0.624888889144067, "spearman": 0.5358038153432831, "r2": 0.37533634901046753, "bias": -0.07097555696964264}, "val_multiplier_mean": 1.0488661527633667, "val_multiplier_min": 1.0488661527633667, "val_multiplier_max": 1.0488661527633667}
{"epoch": 18, "train": {"loss": 0.21245224000492466, "mse": 0.21244963194163183, "adjustment": 0.002608644058882166}, "val": {"mse": 0.4741588830947876, "rmse": 0.6885919568908626, "mae": 0.4089210331439972, "ci": 0.7908108940388449, "rm2": 0.3614043080520391, "pearson": 0.6250326166010218, "spearman": 0.535797341096977, "r2": 0.3753983974456787, "bias": -0.0713326632976532}, "val_multiplier_mean": 1.0544339418411255, "val_multiplier_min": 1.0544339418411255, "val_multiplier_max": 1.0544339418411255}
{"epoch": 19, "train": {"loss": 0.21245302859440202, "mse": 0.21245023181271575, "adjustment": 0.0027975656744101667}, "val": {"mse": 0.4741736352443695, "rmse": 0.6886026686300086, "mae": 0.408944696187973, "ci": 0.7908210773631219, "rm2": 0.3613796592476956, "pearson": 0.6249871506711803, "spearman": 0.5358095238688745, "r2": 0.37537896633148193, "bias": -0.07121928036212921}, "val_multiplier_mean": 1.052664041519165, "val_multiplier_min": 1.0526642799377441, "val_multiplier_max": 1.0526642799377441}
{"epoch": 20, "train": {"loss": 0.2124539800752193, "mse": 0.2124508770715861, "adjustment": 0.003102369323318864}, "val": {"mse": 0.4741877615451813, "rmse": 0.6886129257755632, "mae": 0.40896734595298767, "ci": 0.7908184296988099, "rm2": 0.3613563677802724, "pearson": 0.6249440732761189, "spearman": 0.535805574619282, "r2": 0.375360369682312, "bias": -0.07111211121082306}, "val_multiplier_mean": 1.050992727279663, "val_multiplier_min": 1.050992488861084, "val_multiplier_max": 1.050992488861084}
{"epoch": 21, "train": {"loss": 0.21245205178864024, "mse": 0.21244956729868167, "adjustment": 0.002484389962299423}, "val": {"mse": 0.4742337763309479, "rmse": 0.6886463361776841, "mae": 0.40904009342193604, "ci": 0.7908508126700106, "rm2": 0.36128068991752815, "pearson": 0.6248055172501913, "spearman": 0.5358166226167382, "r2": 0.37529975175857544, "bias": -0.0707697719335556}, "val_multiplier_mean": 1.0456600189208984, "val_multiplier_min": 1.0456602573394775, "val_multiplier_max": 1.0456602573394775}
{"epoch": 22, "train": {"loss": 0.21245248718028512, "mse": 0.2124499397229859, "adjustment": 0.0025472065497833896}, "val": {"mse": 0.4741683602333069, "rmse": 0.6885988383909073, "mae": 0.4089362621307373, "ci": 0.790814356369099, "rm2": 0.3613884591904229, "pearson": 0.6250033763982809, "spearman": 0.535808476931871, "r2": 0.37538594007492065, "bias": -0.07125977426767349}, "val_multiplier_mean": 1.0532960891723633, "val_multiplier_min": 1.0532959699630737, "val_multiplier_max": 1.0532959699630737}
{"epoch": 23, "train": {"loss": 0.21245065078683018, "mse": 0.21244871517806696, "adjustment": 0.0019357936197832296}, "val": {"mse": 0.4742468297481537, "rmse": 0.6886558137038804, "mae": 0.40906068682670593, "ci": 0.790832075353341, "rm2": 0.3612593147139462, "pearson": 0.6247665058697884, "spearman": 0.5357854093871897, "r2": 0.3752825856208801, "bias": -0.07067365199327469}, "val_multiplier_mean": 1.044163703918457, "val_multiplier_min": 1.044163703918457, "val_multiplier_max": 1.044163703918457}
{"epoch": 24, "train": {"loss": 0.2124525544700671, "mse": 0.2124502217576239, "adjustment": 0.0023337890985982673}, "val": {"mse": 0.4741962254047394, "rmse": 0.688619071333883, "mae": 0.4089807868003845, "ci": 0.7908208736966363, "rm2": 0.3613421858791101, "pearson": 0.6249184553635829, "spearman": 0.5358056343887376, "r2": 0.375349223613739, "bias": -0.07104872167110443}, "val_multiplier_mean": 1.0500050783157349, "val_multiplier_min": 1.0500054359436035, "val_multiplier_max": 1.0500054359436035}
{"epoch": 25, "train": {"loss": 0.21245324884524208, "mse": 0.21245105176248805, "adjustment": 0.0021969102875330363}, "val": {"mse": 0.47418880462646484, "rmse": 0.6886136831536713, "mae": 0.4089690148830414, "ci": 0.7908186333652953, "rm2": 0.3613544280981914, "pearson": 0.6249408821750659, "spearman": 0.5358027288738334, "r2": 0.3753589987754822, "bias": -0.07110409438610077}, "val_multiplier_mean": 1.0508679151535034, "val_multiplier_min": 1.050868034362793, "val_multiplier_max": 1.050868034362793}
{"epoch": 26, "train": {"loss": 0.21245531099839035, "mse": 0.21245213467392848, "adjustment": 0.003176177066503446}, "val": {"mse": 0.47418057918548584, "rmse": 0.6886077106636883, "mae": 0.4089558720588684, "ci": 0.7908172076998966, "rm2": 0.36136811735643426, "pearson": 0.624965931900291, "spearman": 0.535800889809281, "r2": 0.3753698468208313, "bias": -0.07116643339395523}, "val_multiplier_mean": 1.0518397092819214, "val_multiplier_min": 1.0518394708633423, "val_multiplier_max": 1.0518394708633423}
{"epoch": 27, "train": {"loss": 0.21245090114125803, "mse": 0.2124478995320863, "adjustment": 0.0030017270763708893}, "val": {"mse": 0.4742092192173004, "rmse": 0.6886285059575303, "mae": 0.40900135040283203, "ci": 0.7908300386884856, "rm2": 0.3613208602622306, "pearson": 0.6248792205845649, "spearman": 0.5358122368630691, "r2": 0.3753321170806885, "bias": -0.07095163315534592}, "val_multiplier_mean": 1.0484932661056519, "val_multiplier_min": 1.0484932661056519, "val_multiplier_max": 1.0484932661056519}
{"epoch": 28, "train": {"loss": 0.21245122767351493, "mse": 0.21244885445450226, "adjustment": 0.0023733054141940706}, "val": {"mse": 0.4742085635662079, "rmse": 0.6886280299016355, "mae": 0.4090002775192261, "ci": 0.7908243360268905, "rm2": 0.36132204043125205, "pearson": 0.6248812369696383, "spearman": 0.5358094769551083, "r2": 0.3753330111503601, "bias": -0.07095666229724884}, "val_multiplier_mean": 1.0485714673995972, "val_multiplier_min": 1.0485714673995972, "val_multiplier_max": 1.0485714673995972}
{"epoch": 29, "train": {"loss": 0.2124533079076091, "mse": 0.2124510099138529, "adjustment": 0.0022980198971557756}, "val": {"mse": 0.4741826057434082, "rmse": 0.6886091821515367, "mae": 0.4089590907096863, "ci": 0.7908302423549711, "rm2": 0.36136490661573545, "pearson": 0.624959736992737, "spearman": 0.5358134243504583, "r2": 0.3753671646118164, "bias": -0.071151003241539}, "val_multiplier_mean": 1.0515995025634766, "val_multiplier_min": 1.0515992641448975, "val_multiplier_max": 1.0515992641448975}
{"epoch": 30, "train": {"loss": 0.2124521401677185, "mse": 0.21244982350052774, "adjustment": 0.002317371601107043}, "val": {"mse": 0.47419342398643494, "rmse": 0.6886170372467086, "mae": 0.40897634625434875, "ci": 0.7908233176944628, "rm2": 0.36134694603799855, "pearson": 0.6249269705160145, "spearman": 0.5358059759683198, "r2": 0.3753529191017151, "bias": -0.07106975466012955}, "val_multiplier_mean": 1.0503329038619995, "val_multiplier_min": 1.050333023071289, "val_multiplier_max": 1.050333023071289}
{"epoch": 31, "train": {"loss": 0.21245164462413, "mse": 0.21244923246225883, "adjustment": 0.002412381026952314}, "val": {"mse": 0.47420671582221985, "rmse": 0.6886266882877978, "mae": 0.40899741649627686, "ci": 0.7908296313555145, "rm2": 0.3613250246640028, "pearson": 0.624886841590529, "spearman": 0.5358031705358026, "r2": 0.3753354549407959, "bias": -0.07097052037715912}, "val_multiplier_mean": 1.0487871170043945, "val_multiplier_min": 1.0487873554229736, "val_multiplier_max": 1.0487873554229736}
{"epoch": 32, "train": {"loss": 0.21245181982503125, "mse": 0.2124492716238934, "adjustment": 0.002548549217867298}, "val": {"mse": 0.4741816520690918, "rmse": 0.6886084896870586, "mae": 0.4089575707912445, "ci": 0.7908174113663822, "rm2": 0.3613664824312835, "pearson": 0.6249627150011995, "spearman": 0.5358085634127236, "r2": 0.3753684163093567, "bias": -0.07115845382213593}, "val_multiplier_mean": 1.0517148971557617, "val_multiplier_min": 1.0517151355743408, "val_multiplier_max": 1.0517151355743408}
{"epoch": 33, "train": {"loss": 0.21245146016792485, "mse": 0.21244851134475734, "adjustment": 0.0029488051190661737}, "val": {"mse": 0.4741997718811035, "rmse": 0.6886216463930709, "mae": 0.4089863896369934, "ci": 0.7908212810296074, "rm2": 0.3613365253308474, "pearson": 0.624907765188262, "spearman": 0.5357980402664583, "r2": 0.37534457445144653, "bias": -0.07102220505475998}, "val_multiplier_mean": 1.0495928525924683, "val_multiplier_min": 1.0495928525924683, "val_multiplier_max": 1.0495928525924683}
{"epoch": 34, "train": {"loss": 0.21245298535564217, "mse": 0.2124508267301355, "adjustment": 0.0021585518695719634}, "val": {"mse": 0.47420284152030945, "rmse": 0.688623875218039, "mae": 0.4089912474155426, "ci": 0.7908161893674689, "rm2": 0.3613315500402996, "pearson": 0.6248985174674262, "spearman": 0.5357967204500447, "r2": 0.3753405213356018, "bias": -0.070999376475811}, "val_multiplier_mean": 1.0492372512817383, "val_multiplier_min": 1.0492371320724487, "val_multiplier_max": 1.0492371320724487}
{"epoch": 35, "train": {"loss": 0.2124512244506923, "mse": 0.21244883672718456, "adjustment": 0.0023873209539919953}, "val": {"mse": 0.4741789996623993, "rmse": 0.6886065637665671, "mae": 0.4089532494544983, "ci": 0.7908178186993532, "rm2": 0.36137078821403684, "pearson": 0.6249708914589025, "spearman": 0.5358066291665594, "r2": 0.37537193298339844, "bias": -0.07117878645658493}, "val_multiplier_mean": 1.0520323514938354, "val_multiplier_min": 1.0520323514938354, "val_multiplier_max": 1.0520323514938354}
{"epoch": 36, "train": {"loss": 0.2124539911158794, "mse": 0.21245171118944042, "adjustment": 0.0022790226146811553}, "val": {"mse": 0.4741860032081604, "rmse": 0.6886116490505809, "mae": 0.40896445512771606, "ci": 0.7908296313555145, "rm2": 0.361359023150868, "pearson": 0.6249494671522214, "spearman": 0.5358150466908405, "r2": 0.37536269426345825, "bias": -0.07112554460763931}, "val_multiplier_mean": 1.0512019395828247, "val_multiplier_min": 1.0512021780014038, "val_multiplier_max": 1.0512021780014038}
{"epoch": 37, "train": {"loss": 0.21245167744627952, "mse": 0.21244908536439958, "adjustment": 0.002590896790649746}, "val": {"mse": 0.474170446395874, "rmse": 0.6886003531772795, "mae": 0.4089395999908447, "ci": 0.790826780024717, "rm2": 0.3613849628867679, "pearson": 0.6249969421521107, "spearman": 0.5358098985508113, "r2": 0.375383198261261, "bias": -0.07124363631010056}, "val_multiplier_mean": 1.053044319152832, "val_multiplier_min": 1.0530441999435425, "val_multiplier_max": 1.0530441999435425}
{"epoch": 38, "train": {"loss": 0.21245502062730798, "mse": 0.21245252765601072, "adjustment": 0.0024926551006005594}, "val": {"mse": 0.4741816818714142, "rmse": 0.688608511326584, "mae": 0.4089576005935669, "ci": 0.7908145600355846, "rm2": 0.3613663901689063, "pearson": 0.6249625709329695, "spearman": 0.5358075130734921, "r2": 0.3753683567047119, "bias": -0.0711580365896225}, "val_multiplier_mean": 1.0517091751098633, "val_multiplier_min": 1.0517089366912842, "val_multiplier_max": 1.0517089366912842}
{
  "guardrail": "validation only; test indices and metrics were not accessed",
  "condition": "constant_reliability",
  "seed": 42,
  "best_epoch": 18,
  "epoch0_max_abs_difference_vs_frozen": 9.5367431640625e-07,
  "p13d_baseline": {
    "mse": 0.48946526646614075,
    "rmse": 0.6996179432133947,
    "mae": 0.43143847584724426,
    "ci": 0.7885622123720057,
    "rm2": 0.3410284448121984,
    "pearson": 0.5995077496596147,
    "spearman": 0.5319472626673567,
    "r2": 0.35523557662963867,
    "bias": -0.015189344994723797
  },
  "frozen_brics_baseline": {
    "mse": 0.4746934473514557,
    "rmse": 0.6889800050447442,
    "mae": 0.40972059965133667,
    "ci": 0.7910689394760232,
    "rm2": 0.3605742919179668,
    "pearson": 0.6235646084719532,
    "spearman": 0.5361599679231639,
    "r2": 0.37469422817230225,
    "bias": -0.06786005944013596
  },
  "best": {
    "mse": 0.4741588532924652,
    "rmse": 0.6885919352508169,
    "mae": 0.4089210331439972,
    "ci": 0.7908021363799667,
    "rm2": 0.36140424174178004,
    "pearson": 0.6250326169362879,
    "spearman": 0.5357881847294125,
    "r2": 0.3753984570503235,
    "bias": -0.0713326707482338
  },
  "relative_mse_gain_vs_frozen": 0.0011261252070166195,
  "relative_mse_gain_vs_p13d": 0.03127164360785544,
  "multiplier": {
    "mean": 1.0544339418411255,
    "std": 0.0,
    "min": 1.0544339418411255,
    "max": 1.0544339418411255
  },
  "drug_bootstrap_vs_frozen": {
    "drugs": 7,
    "improved": 5,
    "worsened": 2,
    "improvements": [
      -0.0035174244549125433,
      0.0050972457975149155,
      0.002048549707978964,
      0.00012243622040841728,
      0.0003971171681769192,
      0.0034521494526416063,
      -0.003858039854094386
    ],
    "mean": 0.0005345762911019847,
    "ci95": [
      -0.0017984821960063918,
      0.002809556228125335
    ],
    "probability_positive": 0.67485
  },
  "drug_bootstrap_vs_p13d": {
    "drugs": 7,
    "improved": 5,
    "worsened": 2,
    "improvements": [
      -0.03137998282909393,
      0.0640149712562561,
      0.030054662376642227,
      0.01525110099464655,
      0.06009291484951973,
      0.039803896099328995,
      -0.07069304585456848
    ],
    "mean": 0.015306359556104456,
    "ci95": [
      -0.02051274185734136,
      0.04622639156545369
    ],
    "probability_positive": 0.8108
  },
  "trainable_parameters": 161,
  "args": {
    "project": "/data1/ztx/MyModel-MDTA",
    "checkpoint": "outputs/Refine_experiment/davis/cold_start/drug_cold_5fold_seed42/baseline/fold_1/best_model.pt",
    "clean_checkpoint": "experiments/brics_hierarchical/outputs/graph_real_seed42/best.pt",
    "reference_predictions": "experiments/brics_hierarchical/outputs/graph_real_seed42/validation_predictions.npz",
    "global_cache": "experiments/pdbbind_to_davis_transfer/data/global_predictions/fold1_with_features.pt",
    "drug_cache": "experiments/brics_hierarchical/data/fold1_drug_encoder_inputs_chem.pt",
    "reliability_cache": "experiments/brics_hierarchical/data/fold1_brics_reliability.pt",
    "split": "data/splits/davis_drug_cold_5fold_seed42/fold_1/split.json",
    "condition": "constant_reliability",
    "clean_condition": "real",
    "seed": 42,
    "device": "cuda:0",
    "batch_size": 128,
    "epochs": 100,
    "patience": 20,
    "lr": 0.001,
    "weight_decay": 0.0001,
    "max_adjustment": 0.25,
    "lambda_adjustment": 0.001,
    "output_dir": "experiments/brics_hierarchical/outputs/reliability_constant_seed42"
  },
  "history": [
    {
      "epoch": 1,
      "train": {
        "loss": 0.21247883315487823,
        "mse": 0.21247875921502085,
        "adjustment": 7.433216554688858e-05
      },
      "val": {
        "mse": 0.47455689311027527,
        "rmse": 0.6888808990749238,
        "mae": 0.4095304608345032,
        "ci": 0.7910227071838057,
        "rm2": 0.36077409996688004,
        "pearson": 0.6239021427703374,
        "spearman": 0.5361005254433059,
        "r2": 0.3748741149902344,
        "bias": -0.06860838085412979
      },
      "val_multiplier_mean": 1.0120363235473633,
      "val_multiplier_min": 1.0120365619659424,
      "val_multiplier_max": 1.0120365619659424
    },
    {
      "epoch": 2,
      "train": {
        "loss": 0.21246858676094815,
        "mse": 0.21246823083451177,
        "adjustment": 0.00035540863863146144
      },
      "val": {
        "mse": 0.4744512140750885,
        "rmse": 0.6888041913890249,
        "mae": 0.40937215089797974,
        "ci": 0.7909622182376006,
        "rm2": 0.3609360083877972,
        "pearson": 0.6241872761866453,
        "spearman": 0.5359965449236462,
        "r2": 0.3750133514404297,
        "bias": -0.06927938759326935
      },
      "val_multiplier_mean": 1.0224647521972656,
      "val_multiplier_min": 1.022464632987976,
      "val_multiplier_max": 1.022464632987976
    },
    {
      "epoch": 3,
      "train": {
        "loss": 0.21246047500462484,
        "mse": 0.2124600286569611,
        "adjustment": 0.0004468030867179729
      },
      "val": {
        "mse": 0.47438153624534607,
        "rmse": 0.6887536106949611,
        "mae": 0.4092685282230377,
        "ci": 0.7909027476238231,
        "rm2": 0.36104407695577523,
        "pearson": 0.6243782574921334,
        "spearman": 0.5359065954274428,
        "r2": 0.3751051425933838,
        "bias": -0.06973156332969666
      },
      "val_multiplier_mean": 1.029509425163269,
      "val_multiplier_min": 1.0295095443725586,
      "val_multiplier_max": 1.0295095443725586
    },
    {
      "epoch": 4,
      "train": {
        "loss": 0.21245579232009942,
        "mse": 0.21245448230474806,
        "adjustment": 0.0013105944167755173
      },
      "val": {
        "mse": 0.4743090569972992,
        "rmse": 0.6887009924468668,
        "mae": 0.40915897488594055,
        "ci": 0.7908976559616846,
        "rm2": 0.36115860034590674,
        "pearson": 0.6245830578530707,
        "spearman": 0.5358936545446094,
        "r2": 0.37520062923431396,
        "bias": -0.07022366672754288
      },
      "val_multiplier_mean": 1.037170171737671,
      "val_multiplier_min": 1.0371699333190918,
      "val_multiplier_max": 1.0371699333190918
    },
    {
      "epoch": 5,
      "train": {
        "loss": 0.21245319631746531,
        "mse": 0.21245179348582652,
        "adjustment": 0.001403205294102051
      },
      "val": {
        "mse": 0.47428685426712036,
        "rmse": 0.6886848729768358,
        "mae": 0.4091242849826813,
        "ci": 0.7908711793185645,
        "rm2": 0.3611944854630682,
        "pearson": 0.6246480668003264,
        "spearman": 0.5358481481237088,
        "r2": 0.3752298951148987,
        "bias": -0.07038280367851257
      },
      "val_multiplier_mean": 1.0396414995193481,
      "val_multiplier_min": 1.0396414995193481,
      "val_multiplier_max": 1.0396414995193481
    },
    {
      "epoch": 6,
      "train": {
        "loss": 0.21245431646818008,
        "mse": 0.21245194026879172,
        "adjustment": 0.002376152786536172
      },
      "val": {
        "mse": 0.47425898909568787,
        "rmse": 0.6886646419671101,
        "mae": 0.4090801179409027,
        "ci": 0.7908290203560578,
        "rm2": 0.36123952795024306,
        "pearson": 0.6247303168270005,
        "spearman": 0.5357892141881381,
        "r2": 0.37526655197143555,
        "bias": -0.07058459520339966
      },
      "val_multiplier_mean": 1.0427790880203247,
      "val_multiplier_min": 1.0427790880203247,
      "val_multiplier_max": 1.0427790880203247
    },
    {
      "epoch": 7,
      "train": {
        "loss": 0.21245334311621106,
        "mse": 0.2124511184081359,
        "adjustment": 0.0022251192318305875
      },
      "val": {
        "mse": 0.47424814105033875,
        "rmse": 0.688656765776928,
        "mae": 0.4090627431869507,
        "ci": 0.7908361486830517,
        "rm2": 0.36125726844354755,
        "pearson": 0.6247626562452852,
        "spearman": 0.5357971655993675,
        "r2": 0.37528085708618164,
        "bias": -0.0706641748547554
      },
      "val_multiplier_mean": 1.044016718864441,
      "val_multiplier_min": 1.0440164804458618,
      "val_multiplier_max": 1.0440164804458618
    },
    {
      "epoch": 8,
      "train": {
        "loss": 0.21245706712254503,
        "mse": 0.21245532002057219,
        "adjustment": 0.0017471657299750537
      },
      "val": {
        "mse": 0.47425714135169983,
        "rmse": 0.6886633004245978,
        "mae": 0.4090771973133087,
        "ci": 0.7908345193511674,
        "rm2": 0.36124253490649616,
        "pearson": 0.624735799071567,
        "spearman": 0.5357874254129821,
        "r2": 0.37526899576187134,
        "bias": -0.07059808075428009
      },
      "val_multiplier_mean": 1.0429887771606445,
      "val_multiplier_min": 1.0429887771606445,
      "val_multiplier_max": 1.0429887771606445
    },
    {
      "epoch": 9,
      "train": {
        "loss": 0.21245216012655213,
        "mse": 0.21245028924107656,
        "adjustment": 0.0018713756148720701
      },
      "val": {
        "mse": 0.4742318391799927,
        "rmse": 0.6886449296843713,
        "mae": 0.4090370237827301,
        "ci": 0.7908485723386697,
        "rm2": 0.3612838832971799,
        "pearson": 0.6248113125107172,
        "spearman": 0.5358161787361295,
        "r2": 0.3753023147583008,
        "bias": -0.0707840770483017
      },
      "val_multiplier_mean": 1.0458831787109375,
      "val_multiplier_min": 1.0458831787109375,
      "val_multiplier_max": 1.0458831787109375
    },
    {
      "epoch": 10,
      "train": {
        "loss": 0.21245385190687016,
        "mse": 0.21245117303472838,
        "adjustment": 0.0026787803754464395
      },
      "val": {
        "mse": 0.47420352697372437,
        "rmse": 0.6886243729158331,
        "mae": 0.40899232029914856,
        "ci": 0.7908239286939194,
        "rm2": 0.36133040297818086,
        "pearson": 0.62489646410439,
        "spearman": 0.5358004419840384,
        "r2": 0.3753396272659302,
        "bias": -0.0709942951798439
      },
      "val_multiplier_mean": 1.0491582155227661,
      "val_multiplier_min": 1.0491580963134766,
      "val_multiplier_max": 1.0491580963134766
    },
    {
      "epoch": 11,
      "train": {
        "loss": 0.21245320324370065,
        "mse": 0.21245040748488217,
        "adjustment": 0.0027953797635818954
      },
      "val": {
        "mse": 0.47419628500938416,
        "rmse": 0.6886191146122682,
        "mae": 0.4089809060096741,
        "ci": 0.7908222993620351,
        "rm2": 0.36134214052179237,
        "pearson": 0.6249181526743904,
        "spearman": 0.5358119116275685,
        "r2": 0.37534916400909424,
        "bias": -0.07104784995317459
      },
      "val_multiplier_mean": 1.0499918460845947,
      "val_multiplier_min": 1.0499919652938843,
      "val_multiplier_max": 1.0499919652938843
    },
    {
      "epoch": 12,
      "train": {
        "loss": 0.2124523082537349,
        "mse": 0.21245029202562973,
        "adjustment": 0.002016026790274351
      },
      "val": {
        "mse": 0.47421199083328247,
        "rmse": 0.688630518371995,
        "mae": 0.40900564193725586,
        "ci": 0.7908326863527976,
        "rm2": 0.3613163668330862,
        "pearson": 0.6248709876719737,
        "spearman": 0.5358111324863846,
        "r2": 0.3753284811973572,
        "bias": -0.0709313377737999
      },
      "val_multiplier_mean": 1.0481775999069214,
      "val_multiplier_min": 1.0481772422790527,
      "val_multiplier_max": 1.0481772422790527
    },
    {
      "epoch": 13,
      "train": {
        "loss": 0.21245239967702845,
        "mse": 0.2124498962202602,
        "adjustment": 0.0025033229543537238
      },
      "val": {
        "mse": 0.4741855561733246,
        "rmse": 0.6886113244591063,
        "mae": 0.40896379947662354,
        "ci": 0.7908225030285206,
        "rm2": 0.3613597882309247,
        "pearson": 0.6249507714997015,
        "spearman": 0.5358080889784532,
        "r2": 0.375363290309906,
        "bias": -0.07112866640090942
      },
      "val_multiplier_mean": 1.0512505769729614,
      "val_multiplier_min": 1.0512508153915405,
      "val_multiplier_max": 1.0512508153915405
    },
    {
      "epoch": 14,
      "train": {
        "loss": 0.21245228475574993,
        "mse": 0.21244946691561126,
        "adjustment": 0.0028176757561630553
      },
      "val": {
        "mse": 0.47419416904449463,
        "rmse": 0.6886175782279266,
        "mae": 0.40897753834724426,
        "ci": 0.7908284093566013,
        "rm2": 0.361345700391486,
        "pearson": 0.6249246883656397,
        "spearman": 0.5358028471397388,
        "r2": 0.3753519654273987,
        "bias": -0.0710640698671341
      },
      "val_multiplier_mean": 1.0502443313598633,
      "val_multiplier_min": 1.0502442121505737,
      "val_multiplier_max": 1.0502442121505737
    },
    {
      "epoch": 15,
      "train": {
        "loss": 0.21245347277725857,
        "mse": 0.2124509474357099,
        "adjustment": 0.002525487561815353
      },
      "val": {
        "mse": 0.4741709530353546,
        "rmse": 0.6886007210534669,
        "mae": 0.4089404046535492,
        "ci": 0.7908208736966363,
        "rm2": 0.3613841912632842,
        "pearson": 0.6249953828556084,
        "spearman": 0.5358058961132366,
        "r2": 0.37538254261016846,
        "bias": -0.07123978435993195
      },
      "val_multiplier_mean": 1.0529842376708984,
      "val_multiplier_min": 1.0529841184616089,
      "val_multiplier_max": 1.0529841184616089
    },
    {
      "epoch": 16,
      "train": {
        "loss": 0.2124551927058084,
        "mse": 0.21245285856737559,
        "adjustment": 0.002333940958782286
      },
      "val": {
        "mse": 0.4741712510585785,
        "rmse": 0.6886009374511325,
        "mae": 0.4089408218860626,
        "ci": 0.7908220956955495,
        "rm2": 0.3613837359710697,
        "pearson": 0.6249945968476774,
        "spearman": 0.5358128278358271,
        "r2": 0.37538212537765503,
        "bias": -0.07123784720897675
      },
      "val_multiplier_mean": 1.052953839302063,
      "val_multiplier_min": 1.0529539585113525,
      "val_multiplier_max": 1.0529539585113525
    },
    {
      "epoch": 17,
      "train": {
        "loss": 0.21245385648036608,
        "mse": 0.2124509659936594,
        "adjustment": 0.002889914216572865
      },
      "val": {
        "mse": 0.47420600056648254,
        "rmse": 0.6886261689527072,
        "mae": 0.40899625420570374,
        "ci": 0.7908249470263471,
        "rm2": 0.36132622453765695,
        "pearson": 0.624888889144067,
        "spearman": 0.5358038153432831,
        "r2": 0.37533634901046753,
        "bias": -0.07097555696964264
      },
      "val_multiplier_mean": 1.0488661527633667,
      "val_multiplier_min": 1.0488661527633667,
      "val_multiplier_max": 1.0488661527633667
    },
    {
      "epoch": 18,
      "train": {
        "loss": 0.21245224000492466,
        "mse": 0.21244963194163183,
        "adjustment": 0.002608644058882166
      },
      "val": {
        "mse": 0.4741588830947876,
        "rmse": 0.6885919568908626,
        "mae": 0.4089210331439972,
        "ci": 0.7908108940388449,
        "rm2": 0.3614043080520391,
        "pearson": 0.6250326166010218,
        "spearman": 0.535797341096977,
        "r2": 0.3753983974456787,
        "bias": -0.0713326632976532
      },
      "val_multiplier_mean": 1.0544339418411255,
      "val_multiplier_min": 1.0544339418411255,
      "val_multiplier_max": 1.0544339418411255
    },
    {
      "epoch": 19,
      "train": {
        "loss": 0.21245302859440202,
        "mse": 0.21245023181271575,
        "adjustment": 0.0027975656744101667
      },
      "val": {
        "mse": 0.4741736352443695,
        "rmse": 0.6886026686300086,
        "mae": 0.408944696187973,
        "ci": 0.7908210773631219,
        "rm2": 0.3613796592476956,
        "pearson": 0.6249871506711803,
        "spearman": 0.5358095238688745,
        "r2": 0.37537896633148193,
        "bias": -0.07121928036212921
      },
      "val_multiplier_mean": 1.052664041519165,
      "val_multiplier_min": 1.0526642799377441,
      "val_multiplier_max": 1.0526642799377441
    },
    {
      "epoch": 20,
      "train": {
        "loss": 0.2124539800752193,
        "mse": 0.2124508770715861,
        "adjustment": 0.003102369323318864
      },
      "val": {
        "mse": 0.4741877615451813,
        "rmse": 0.6886129257755632,
        "mae": 0.40896734595298767,
        "ci": 0.7908184296988099,
        "rm2": 0.3613563677802724,
        "pearson": 0.6249440732761189,
        "spearman": 0.535805574619282,
        "r2": 0.375360369682312,
        "bias": -0.07111211121082306
      },
      "val_multiplier_mean": 1.050992727279663,
      "val_multiplier_min": 1.050992488861084,
      "val_multiplier_max": 1.050992488861084
    },
    {
      "epoch": 21,
      "train": {
        "loss": 0.21245205178864024,
        "mse": 0.21244956729868167,
        "adjustment": 0.002484389962299423
      },
      "val": {
        "mse": 0.4742337763309479,
        "rmse": 0.6886463361776841,
        "mae": 0.40904009342193604,
        "ci": 0.7908508126700106,
        "rm2": 0.36128068991752815,
        "pearson": 0.6248055172501913,
        "spearman": 0.5358166226167382,
        "r2": 0.37529975175857544,
        "bias": -0.0707697719335556
      },
      "val_multiplier_mean": 1.0456600189208984,
      "val_multiplier_min": 1.0456602573394775,
      "val_multiplier_max": 1.0456602573394775
    },
    {
      "epoch": 22,
      "train": {
        "loss": 0.21245248718028512,
        "mse": 0.2124499397229859,
        "adjustment": 0.0025472065497833896
      },
      "val": {
        "mse": 0.4741683602333069,
        "rmse": 0.6885988383909073,
        "mae": 0.4089362621307373,
        "ci": 0.790814356369099,
        "rm2": 0.3613884591904229,
        "pearson": 0.6250033763982809,
        "spearman": 0.535808476931871,
        "r2": 0.37538594007492065,
        "bias": -0.07125977426767349
      },
      "val_multiplier_mean": 1.0532960891723633,
      "val_multiplier_min": 1.0532959699630737,
      "val_multiplier_max": 1.0532959699630737
    },
    {
      "epoch": 23,
      "train": {
        "loss": 0.21245065078683018,
        "mse": 0.21244871517806696,
        "adjustment": 0.0019357936197832296
      },
      "val": {
        "mse": 0.4742468297481537,
        "rmse": 0.6886558137038804,
        "mae": 0.40906068682670593,
        "ci": 0.790832075353341,
        "rm2": 0.3612593147139462,
        "pearson": 0.6247665058697884,
        "spearman": 0.5357854093871897,
        "r2": 0.3752825856208801,
        "bias": -0.07067365199327469
      },
      "val_multiplier_mean": 1.044163703918457,
      "val_multiplier_min": 1.044163703918457,
      "val_multiplier_max": 1.044163703918457
    },
    {
      "epoch": 24,
      "train": {
        "loss": 0.2124525544700671,
        "mse": 0.2124502217576239,
        "adjustment": 0.0023337890985982673
      },
      "val": {
        "mse": 0.4741962254047394,
        "rmse": 0.688619071333883,
        "mae": 0.4089807868003845,
        "ci": 0.7908208736966363,
        "rm2": 0.3613421858791101,
        "pearson": 0.6249184553635829,
        "spearman": 0.5358056343887376,
        "r2": 0.375349223613739,
        "bias": -0.07104872167110443
      },
      "val_multiplier_mean": 1.0500050783157349,
      "val_multiplier_min": 1.0500054359436035,
      "val_multiplier_max": 1.0500054359436035
    },
    {
      "epoch": 25,
      "train": {
        "loss": 0.21245324884524208,
        "mse": 0.21245105176248805,
        "adjustment": 0.0021969102875330363
      },
      "val": {
        "mse": 0.47418880462646484,
        "rmse": 0.6886136831536713,
        "mae": 0.4089690148830414,
        "ci": 0.7908186333652953,
        "rm2": 0.3613544280981914,
        "pearson": 0.6249408821750659,
        "spearman": 0.5358027288738334,
        "r2": 0.3753589987754822,
        "bias": -0.07110409438610077
      },
      "val_multiplier_mean": 1.0508679151535034,
      "val_multiplier_min": 1.050868034362793,
      "val_multiplier_max": 1.050868034362793
    },
    {
      "epoch": 26,
      "train": {
        "loss": 0.21245531099839035,
        "mse": 0.21245213467392848,
        "adjustment": 0.003176177066503446
      },
      "val": {
        "mse": 0.47418057918548584,
        "rmse": 0.6886077106636883,
        "mae": 0.4089558720588684,
        "ci": 0.7908172076998966,
        "rm2": 0.36136811735643426,
        "pearson": 0.624965931900291,
        "spearman": 0.535800889809281,
        "r2": 0.3753698468208313,
        "bias": -0.07116643339395523
      },
      "val_multiplier_mean": 1.0518397092819214,
      "val_multiplier_min": 1.0518394708633423,
      "val_multiplier_max": 1.0518394708633423
    },
    {
      "epoch": 27,
      "train": {
        "loss": 0.21245090114125803,
        "mse": 0.2124478995320863,
        "adjustment": 0.0030017270763708893
      },
      "val": {
        "mse": 0.4742092192173004,
        "rmse": 0.6886285059575303,
        "mae": 0.40900135040283203,
        "ci": 0.7908300386884856,
        "rm2": 0.3613208602622306,
        "pearson": 0.6248792205845649,
        "spearman": 0.5358122368630691,
        "r2": 0.3753321170806885,
        "bias": -0.07095163315534592
      },
      "val_multiplier_mean": 1.0484932661056519,
      "val_multiplier_min": 1.0484932661056519,
      "val_multiplier_max": 1.0484932661056519
    },
    {
      "epoch": 28,
      "train": {
        "loss": 0.21245122767351493,
        "mse": 0.21244885445450226,
        "adjustment": 0.0023733054141940706
      },
      "val": {
        "mse": 0.4742085635662079,
        "rmse": 0.6886280299016355,
        "mae": 0.4090002775192261,
        "ci": 0.7908243360268905,
        "rm2": 0.36132204043125205,
        "pearson": 0.6248812369696383,
        "spearman": 0.5358094769551083,
        "r2": 0.3753330111503601,
        "bias": -0.07095666229724884
      },
      "val_multiplier_mean": 1.0485714673995972,
      "val_multiplier_min": 1.0485714673995972,
      "val_multiplier_max": 1.0485714673995972
    },
    {
      "epoch": 29,
      "train": {
        "loss": 0.2124533079076091,
        "mse": 0.2124510099138529,
        "adjustment": 0.0022980198971557756
      },
      "val": {
        "mse": 0.4741826057434082,
        "rmse": 0.6886091821515367,
        "mae": 0.4089590907096863,
        "ci": 0.7908302423549711,
        "rm2": 0.36136490661573545,
        "pearson": 0.624959736992737,
        "spearman": 0.5358134243504583,
        "r2": 0.3753671646118164,
        "bias": -0.071151003241539
      },
      "val_multiplier_mean": 1.0515995025634766,
      "val_multiplier_min": 1.0515992641448975,
      "val_multiplier_max": 1.0515992641448975
    },
    {
      "epoch": 30,
      "train": {
        "loss": 0.2124521401677185,
        "mse": 0.21244982350052774,
        "adjustment": 0.002317371601107043
      },
      "val": {
        "mse": 0.47419342398643494,
        "rmse": 0.6886170372467086,
        "mae": 0.40897634625434875,
        "ci": 0.7908233176944628,
        "rm2": 0.36134694603799855,
        "pearson": 0.6249269705160145,
        "spearman": 0.5358059759683198,
        "r2": 0.3753529191017151,
        "bias": -0.07106975466012955
      },
      "val_multiplier_mean": 1.0503329038619995,
      "val_multiplier_min": 1.050333023071289,
      "val_multiplier_max": 1.050333023071289
    },
    {
      "epoch": 31,
      "train": {
        "loss": 0.21245164462413,
        "mse": 0.21244923246225883,
        "adjustment": 0.002412381026952314
      },
      "val": {
        "mse": 0.47420671582221985,
        "rmse": 0.6886266882877978,
        "mae": 0.40899741649627686,
        "ci": 0.7908296313555145,
        "rm2": 0.3613250246640028,
        "pearson": 0.624886841590529,
        "spearman": 0.5358031705358026,
        "r2": 0.3753354549407959,
        "bias": -0.07097052037715912
      },
      "val_multiplier_mean": 1.0487871170043945,
      "val_multiplier_min": 1.0487873554229736,
      "val_multiplier_max": 1.0487873554229736
    },
    {
      "epoch": 32,
      "train": {
        "loss": 0.21245181982503125,
        "mse": 0.2124492716238934,
        "adjustment": 0.002548549217867298
      },
      "val": {
        "mse": 0.4741816520690918,
        "rmse": 0.6886084896870586,
        "mae": 0.4089575707912445,
        "ci": 0.7908174113663822,
        "rm2": 0.3613664824312835,
        "pearson": 0.6249627150011995,
        "spearman": 0.5358085634127236,
        "r2": 0.3753684163093567,
        "bias": -0.07115845382213593
      },
      "val_multiplier_mean": 1.0517148971557617,
      "val_multiplier_min": 1.0517151355743408,
      "val_multiplier_max": 1.0517151355743408
    },
    {
      "epoch": 33,
      "train": {
        "loss": 0.21245146016792485,
        "mse": 0.21244851134475734,
        "adjustment": 0.0029488051190661737
      },
      "val": {
        "mse": 0.4741997718811035,
        "rmse": 0.6886216463930709,
        "mae": 0.4089863896369934,
        "ci": 0.7908212810296074,
        "rm2": 0.3613365253308474,
        "pearson": 0.624907765188262,
        "spearman": 0.5357980402664583,
        "r2": 0.37534457445144653,
        "bias": -0.07102220505475998
      },
      "val_multiplier_mean": 1.0495928525924683,
      "val_multiplier_min": 1.0495928525924683,
      "val_multiplier_max": 1.0495928525924683
    },
    {
      "epoch": 34,
      "train": {
        "loss": 0.21245298535564217,
        "mse": 0.2124508267301355,
        "adjustment": 0.0021585518695719634
      },
      "val": {
        "mse": 0.47420284152030945,
        "rmse": 0.688623875218039,
        "mae": 0.4089912474155426,
        "ci": 0.7908161893674689,
        "rm2": 0.3613315500402996,
        "pearson": 0.6248985174674262,
        "spearman": 0.5357967204500447,
        "r2": 0.3753405213356018,
        "bias": -0.070999376475811
      },
      "val_multiplier_mean": 1.0492372512817383,
      "val_multiplier_min": 1.0492371320724487,
      "val_multiplier_max": 1.0492371320724487
    },
    {
      "epoch": 35,
      "train": {
        "loss": 0.2124512244506923,
        "mse": 0.21244883672718456,
        "adjustment": 0.0023873209539919953
      },
      "val": {
        "mse": 0.4741789996623993,
        "rmse": 0.6886065637665671,
        "mae": 0.4089532494544983,
        "ci": 0.7908178186993532,
        "rm2": 0.36137078821403684,
        "pearson": 0.6249708914589025,
        "spearman": 0.5358066291665594,
        "r2": 0.37537193298339844,
        "bias": -0.07117878645658493
      },
      "val_multiplier_mean": 1.0520323514938354,
      "val_multiplier_min": 1.0520323514938354,
      "val_multiplier_max": 1.0520323514938354
    },
    {
      "epoch": 36,
      "train": {
        "loss": 0.2124539911158794,
        "mse": 0.21245171118944042,
        "adjustment": 0.0022790226146811553
      },
      "val": {
        "mse": 0.4741860032081604,
        "rmse": 0.6886116490505809,
        "mae": 0.40896445512771606,
        "ci": 0.7908296313555145,
        "rm2": 0.361359023150868,
        "pearson": 0.6249494671522214,
        "spearman": 0.5358150466908405,
        "r2": 0.37536269426345825,
        "bias": -0.07112554460763931
      },
      "val_multiplier_mean": 1.0512019395828247,
      "val_multiplier_min": 1.0512021780014038,
      "val_multiplier_max": 1.0512021780014038
    },
    {
      "epoch": 37,
      "train": {
        "loss": 0.21245167744627952,
        "mse": 0.21244908536439958,
        "adjustment": 0.002590896790649746
      },
      "val": {
        "mse": 0.474170446395874,
        "rmse": 0.6886003531772795,
        "mae": 0.4089395999908447,
        "ci": 0.790826780024717,
        "rm2": 0.3613849628867679,
        "pearson": 0.6249969421521107,
        "spearman": 0.5358098985508113,
        "r2": 0.375383198261261,
        "bias": -0.07124363631010056
      },
      "val_multiplier_mean": 1.053044319152832,
      "val_multiplier_min": 1.0530441999435425,
      "val_multiplier_max": 1.0530441999435425
    },
    {
      "epoch": 38,
      "train": {
        "loss": 0.21245502062730798,
        "mse": 0.21245252765601072,
        "adjustment": 0.0024926551006005594
      },
      "val": {
        "mse": 0.4741816818714142,
        "rmse": 0.688608511326584,
        "mae": 0.4089576005935669,
        "ci": 0.7908145600355846,
        "rm2": 0.3613663901689063,
        "pearson": 0.6249625709329695,
        "spearman": 0.5358075130734921,
        "r2": 0.3753683567047119,
        "bias": -0.0711580365896225
      },
      "val_multiplier_mean": 1.0517091751098633,
      "val_multiplier_min": 1.0517089366912842,
      "val_multiplier_max": 1.0517089366912842
    }
  ]
}
