loaded clean BRICS graph pretraining: experiments/brics_hierarchical/pretrain/graph_no_fragment_edges_seed42.pt; condition=no_fragment_edges seed=42
{"epoch": 1, "train": {"loss": 0.23003451591223992, "mse": 0.22368248149751183, "align": 7.943401463373547e-05, "reconstruct": 0.30732316070242455}, "val": {"mse": 0.4946352243423462, "rmse": 0.7033030814253171, "mae": 0.4251948893070221, "ci": 0.787098461340435, "rm2": 0.3368312965314754, "pearson": 0.5955676010223793, "spearman": 0.5287760291101851, "r2": 0.3484252691268921, "bias": -0.04046160727739334}, "val_delta_abs_mean": 0.4535686671733856, "val_gate_mean": 0.8330618739128113}
{"epoch": 2, "train": {"loss": 0.22911689775280675, "mse": 0.2225126879795621, "align": 9.956991200820307e-05, "reconstruct": 0.30935754272572125}, "val": {"mse": 0.4956563711166382, "rmse": 0.7040286720841973, "mae": 0.4247584342956543, "ci": 0.786616179102678, "rm2": 0.33609070196346014, "pearson": 0.594641803424657, "spearman": 0.5281229169445404, "r2": 0.34708017110824585, "bias": -0.043417055159807205}, "val_delta_abs_mean": 0.4935978055000305, "val_gate_mean": 0.8236368298530579}
{"epoch": 3, "train": {"loss": 0.2288267637304499, "mse": 0.2221239792683178, "align": 0.0001029621548265652, "reconstruct": 0.3150271547360566}, "val": {"mse": 0.49570685625076294, "rmse": 0.7040645256301179, "mae": 0.42371559143066406, "ci": 0.7836689213904392, "rm2": 0.33633965892506046, "pearson": 0.5962568692043929, "spearman": 0.5222236441984296, "r2": 0.3470136523246765, "bias": -0.05276483669877052}, "val_delta_abs_mean": 0.651955246925354, "val_gate_mean": 0.8169416189193726}
{"epoch": 4, "train": {"loss": 0.22817986152396919, "mse": 0.22147464731108688, "align": 4.8952594096752196e-05, "reconstruct": 0.30542460964517254}, "val": {"mse": 0.4938538670539856, "rmse": 0.70274737072008, "mae": 0.4191739559173584, "ci": 0.7881369567501998, "rm2": 0.3394276917329659, "pearson": 0.5988363124250399, "spearman": 0.5304041197119996, "r2": 0.34945452213287354, "bias": -0.05751523748040199}, "val_delta_abs_mean": 0.6139713525772095, "val_gate_mean": 0.7846345901489258}
{"epoch": 5, "train": {"loss": 0.22807935407471128, "mse": 0.22126853936151442, "align": 2.8470511200958924e-05, "reconstruct": 0.3093278753013782}, "val": {"mse": 0.4903569221496582, "rmse": 0.7002548979833402, "mae": 0.4116637408733368, "ci": 0.7927353386607054, "rm2": 0.3444209339150973, "pearson": 0.6061023373919321, "spearman": 0.5389903089506415, "r2": 0.3540610074996948, "bias": -0.07198941707611084}, "val_delta_abs_mean": 0.7082719206809998, "val_gate_mean": 0.8441131114959717}
{"epoch": 6, "train": {"loss": 0.22830554961877023, "mse": 0.2214557553357358, "align": 2.646823240173463e-05, "reconstruct": 0.3133375704248314}, "val": {"mse": 0.4927612841129303, "rmse": 0.70196957491969, "mae": 0.42718642950057983, "ci": 0.7867890919489009, "rm2": 0.33890181029407107, "pearson": 0.5966478745628196, "spearman": 0.5278778913797997, "r2": 0.3508937954902649, "bias": -0.032990578562021255}, "val_delta_abs_mean": 0.34938597679138184, "val_gate_mean": 0.6344749331474304}
{"epoch": 7, "train": {"loss": 0.2275747799930449, "mse": 0.2207697573878876, "align": 2.4499167397057367e-05, "reconstruct": 0.30736294472838455}, "val": {"mse": 0.49881380796432495, "rmse": 0.7062675186955187, "mae": 0.424795538187027, "ci": 0.7832974337208156, "rm2": 0.33392830839037946, "pearson": 0.5914799839252985, "spearman": 0.5219211900042241, "r2": 0.3429208993911743, "bias": -0.05051594227552414}, "val_delta_abs_mean": 0.4717332720756531, "val_gate_mean": 0.7273345589637756}
{"epoch": 8, "train": {"loss": 0.22749488318093852, "mse": 0.22076681088589836, "align": 2.6330470901097027e-05, "reconstruct": 0.3093108331444427}, "val": {"mse": 0.4974360466003418, "rmse": 0.7052914621632264, "mae": 0.4278230667114258, "ci": 0.7802469171004084, "rm2": 0.33468456653091005, "pearson": 0.5924043673294758, "spearman": 0.5161505408931059, "r2": 0.3447358012199402, "bias": -0.04446439817547798}, "val_delta_abs_mean": 0.4559880495071411, "val_gate_mean": 0.6873244047164917}
{"epoch": 9, "train": {"loss": 0.22724365643619676, "mse": 0.22038121627346205, "align": 0.0002295267332893622, "reconstruct": 0.3121895932182605}, "val": {"mse": 0.492850124835968, "rmse": 0.7020328516785863, "mae": 0.4146212339401245, "ci": 0.7899227044954081, "rm2": 0.34164205280693105, "pearson": 0.602733877922665, "spearman": 0.533778942233405, "r2": 0.3507767915725708, "bias": -0.07043584436178207}, "val_delta_abs_mean": 0.6470954418182373, "val_gate_mean": 0.8087906241416931}
{"epoch": 10, "train": {"loss": 0.22728275248815455, "mse": 0.220421527096428, "align": 3.2021127812635384e-05, "reconstruct": 0.31106453618393193}, "val": {"mse": 0.4964669346809387, "rmse": 0.7046040978314977, "mae": 0.42891526222229004, "ci": 0.7798177918153771, "rm2": 0.33580544436278253, "pearson": 0.5927743246413264, "spearman": 0.5152449479652915, "r2": 0.3460124135017395, "bias": -0.03994983434677124}, "val_delta_abs_mean": 0.4820583760738373, "val_gate_mean": 0.7148405909538269}
{"epoch": 11, "train": {"loss": 0.22677870411033108, "mse": 0.21988977536399865, "align": 1.5991822328399483e-05, "reconstruct": 0.30765969332411947}, "val": {"mse": 0.4962124228477478, "rmse": 0.704423468410691, "mae": 0.4264626204967499, "ci": 0.7820355161764143, "rm2": 0.33583033994221956, "pearson": 0.5938990331231786, "spearman": 0.5196213406954926, "r2": 0.3463476896286011, "bias": -0.04409363493323326}, "val_delta_abs_mean": 0.4277002513408661, "val_gate_mean": 0.7120335102081299}
{"epoch": 12, "train": {"loss": 0.226457136821515, "mse": 0.21963545030962575, "align": 2.1982126427853637e-05, "reconstruct": 0.30678740352366374}, "val": {"mse": 0.5034161806106567, "rmse": 0.7095182736270129, "mae": 0.42229193449020386, "ci": 0.7806609710655097, "rm2": 0.3306022445973682, "pearson": 0.588701848018569, "spearman": 0.5170861308853464, "r2": 0.33685827255249023, "bias": -0.06659377366304398}, "val_delta_abs_mean": 0.7041040062904358, "val_gate_mean": 0.8030974268913269}
{"epoch": 13, "train": {"loss": 0.22665018113094196, "mse": 0.21963035469709583, "align": 1.6269457056764072e-05, "reconstruct": 0.313313914264053}, "val": {"mse": 0.5015228986740112, "rmse": 0.7081828144441316, "mae": 0.4230029881000519, "ci": 0.783522688853822, "rm2": 0.3310652020226626, "pearson": 0.5896056054783757, "spearman": 0.522385416693826, "r2": 0.33935225009918213, "bias": -0.057132821530103683}, "val_delta_abs_mean": 0.5373702645301819, "val_gate_mean": 0.7805278897285461}
{"epoch": 14, "train": {"loss": 0.22649531006451532, "mse": 0.219630463813994, "align": 1.3378261659078102e-05, "reconstruct": 0.30566365355372005}, "val": {"mse": 0.5031441450119019, "rmse": 0.7093265432872944, "mae": 0.4291999340057373, "ci": 0.7774340792686255, "rm2": 0.3286842155482648, "pearson": 0.5863902229273089, "spearman": 0.5111916485282593, "r2": 0.3372166156768799, "bias": -0.0495205856859684}, "val_delta_abs_mean": 0.554685115814209, "val_gate_mean": 0.7744625806808472}
{"epoch": 15, "train": {"loss": 0.22626403780802734, "mse": 0.21932105075478658, "align": 1.2001576271692484e-05, "reconstruct": 0.30938570307126756}, "val": {"mse": 0.5025252103805542, "rmse": 0.7088901257462642, "mae": 0.4239806532859802, "ci": 0.7821228890987106, "rm2": 0.33075477338024656, "pearson": 0.5875800661810088, "spearman": 0.5198896358704773, "r2": 0.33803194761276245, "bias": -0.055445004254579544}, "val_delta_abs_mean": 0.6200765371322632, "val_gate_mean": 0.7908346652984619}
{"epoch": 16, "train": {"loss": 0.22605078434351952, "mse": 0.21896861435486306, "align": 1.528665467865763e-05, "reconstruct": 0.3108834750162025}, "val": {"mse": 0.4908958077430725, "rmse": 0.7006395704947533, "mae": 0.4119933843612671, "ci": 0.793101123668734, "rm2": 0.34324328465820647, "pearson": 0.6052584722436716, "spearman": 0.54004771603235, "r2": 0.3533511161804199, "bias": -0.0698188990354538}, "val_delta_abs_mean": 0.6321642994880676, "val_gate_mean": 0.8236547708511353}
{"epoch": 17, "train": {"loss": 0.22598481289608435, "mse": 0.21900574975142503, "align": 1.1544754613727787e-05, "reconstruct": 0.3074518015103034}, "val": {"mse": 0.4893468916416168, "rmse": 0.6995333384776002, "mae": 0.4139883518218994, "ci": 0.7932634458577088, "rm2": 0.3450948672678542, "pearson": 0.6040536734640145, "spearman": 0.539724397475809, "r2": 0.3553915023803711, "bias": -0.059215862303972244}, "val_delta_abs_mean": 0.6310185194015503, "val_gate_mean": 0.8169513940811157}
{"epoch": 18, "train": {"loss": 0.225748597777956, "mse": 0.21868369694542034, "align": 1.1338998943845588e-05, "reconstruct": 0.31183236934365854}, "val": {"mse": 0.4961720407009125, "rmse": 0.7043948045669506, "mae": 0.41926512122154236, "ci": 0.7875996845613472, "rm2": 0.3379602775936095, "pearson": 0.5950833606615432, "spearman": 0.5291729580112922, "r2": 0.3464008569717407, "bias": -0.05585205927491188}, "val_delta_abs_mean": 0.6990743279457092, "val_gate_mean": 0.8382449150085449}
{"epoch": 19, "train": {"loss": 0.2259008261656938, "mse": 0.2187297629147461, "align": 1.223003300778547e-05, "reconstruct": 0.3107220763488535}, "val": {"mse": 0.49198347330093384, "rmse": 0.7014153358039257, "mae": 0.4185829162597656, "ci": 0.7902469415403867, "rm2": 0.341637499693909, "pearson": 0.5993323849341357, "spearman": 0.5347740429639267, "r2": 0.35191839933395386, "bias": -0.050108954310417175}, "val_delta_abs_mean": 0.49159544706344604, "val_gate_mean": 0.7546939253807068}
{"epoch": 20, "train": {"loss": 0.22579291235371138, "mse": 0.21884216266915832, "align": 1.0339371609690101e-05, "reconstruct": 0.3073954663642093}, "val": {"mse": 0.49387800693511963, "rmse": 0.702764545872314, "mae": 0.4137874245643616, "ci": 0.7905400176130777, "rm2": 0.3406555877223788, "pearson": 0.6019791955786942, "spearman": 0.5351998941168129, "r2": 0.34942275285720825, "bias": -0.07224003970623016}, "val_delta_abs_mean": 0.6422735452651978, "val_gate_mean": 0.8298851847648621}
{"epoch": 21, "train": {"loss": 0.22535457512785384, "mse": 0.21847621536615253, "align": 1.3839696981661976e-05, "reconstruct": 0.30152711497471446}, "val": {"mse": 0.495575875043869, "rmse": 0.7039715015850209, "mae": 0.4183475971221924, "ci": 0.7890801362447322, "rm2": 0.33823556004029304, "pearson": 0.5963995207301259, "spearman": 0.532538754139129, "r2": 0.3471861481666565, "bias": -0.05764305591583252}, "val_delta_abs_mean": 0.5602614879608154, "val_gate_mean": 0.7583827376365662}
{"epoch": 22, "train": {"loss": 0.22562210759483517, "mse": 0.21855255421148845, "align": 9.001793342179738e-06, "reconstruct": 0.3073313769677198}, "val": {"mse": 0.4993220269680023, "rmse": 0.7066272192379814, "mae": 0.4227888286113739, "ci": 0.7838809382018856, "rm2": 0.33474233417373195, "pearson": 0.5907640460320839, "spearman": 0.5229967674701115, "r2": 0.34225142002105713, "bias": -0.05355564132332802}, "val_delta_abs_mean": 0.6462087631225586, "val_gate_mean": 0.7872964143753052}
{"epoch": 23, "train": {"loss": 0.2256700879251049, "mse": 0.21856379494482736, "align": 8.006877225253538e-06, "reconstruct": 0.3130197604701943}, "val": {"mse": 0.4961594343185425, "rmse": 0.7043858561318097, "mae": 0.4207790791988373, "ci": 0.7869921474349836, "rm2": 0.33801489718772576, "pearson": 0.594549026394349, "spearman": 0.5283408191410858, "r2": 0.34641748666763306, "bias": -0.053309135138988495}, "val_delta_abs_mean": 0.6740697622299194, "val_gate_mean": 0.823611319065094}
{"epoch": 24, "train": {"loss": 0.22542525237834843, "mse": 0.21827443282471318, "align": 1.1561969780217261e-05, "reconstruct": 0.31107990257639256}, "val": {"mse": 0.49384015798568726, "rmse": 0.7027376167430396, "mae": 0.4169212579727173, "ci": 0.7897770829582476, "rm2": 0.34077205336535504, "pearson": 0.5979615956515306, "spearman": 0.5339724226152482, "r2": 0.34947264194488525, "bias": -0.05711257830262184}, "val_delta_abs_mean": 0.6218926310539246, "val_gate_mean": 0.7891461253166199}
{"epoch": 25, "train": {"loss": 0.2253114949139661, "mse": 0.21814649719883, "align": 6.998470156188418e-06, "reconstruct": 0.3095431129156803}, "val": {"mse": 0.4918837547302246, "rmse": 0.7013442483760914, "mae": 0.41851797699928284, "ci": 0.7909504055814393, "rm2": 0.34155210739421454, "pearson": 0.6002464239094466, "spearman": 0.5358398615711936, "r2": 0.3520497679710388, "bias": -0.05342644453048706}, "val_delta_abs_mean": 0.6095014214515686, "val_gate_mean": 0.7945178151130676}
{"epoch": 26, "train": {"loss": 0.2253341658622431, "mse": 0.2181506254473997, "align": 7.556683406387289e-06, "reconstruct": 0.3151594000009803}, "val": {"mse": 0.49698328971862793, "rmse": 0.7049704176195112, "mae": 0.4238554537296295, "ci": 0.785124729429074, "rm2": 0.3364254305017132, "pearson": 0.5929088682077814, "spearman": 0.5250348097680814, "r2": 0.34533220529556274, "bias": -0.04798112064599991}, "val_delta_abs_mean": 0.5748217105865479, "val_gate_mean": 0.7660543918609619}
{"epoch": 27, "train": {"loss": 0.22520657613352724, "mse": 0.21807939592001813, "align": 5.6899338745458e-06, "reconstruct": 0.30813337010484326}, "val": {"mse": 0.49340763688087463, "rmse": 0.7024298092200206, "mae": 0.41931554675102234, "ci": 0.7911168011001248, "rm2": 0.3406850933762645, "pearson": 0.5972496367304697, "spearman": 0.5362534457805057, "r2": 0.35004234313964844, "bias": -0.04964767023921013}, "val_delta_abs_mean": 0.5447736978530884, "val_gate_mean": 0.7789286375045776}
{"epoch": 28, "train": {"loss": 0.2251308101070757, "mse": 0.21799298513996668, "align": 5.6548493652402514e-06, "reconstruct": 0.31267103725256884}, "val": {"mse": 0.5014374852180481, "rmse": 0.7081225072104742, "mae": 0.42021599411964417, "ci": 0.785539801726603, "rm2": 0.33281558418755525, "pearson": 0.5902316405949282, "spearman": 0.526231088766594, "r2": 0.33946478366851807, "bias": -0.06342460960149765}, "val_delta_abs_mean": 0.6469610929489136, "val_gate_mean": 0.7993064522743225}
{"epoch": 29, "train": {"loss": 0.22512637816718858, "mse": 0.2178705306502248, "align": 5.289973911495839e-06, "reconstruct": 0.3162056733121125}, "val": {"mse": 0.5032957196235657, "rmse": 0.7094333792707851, "mae": 0.4229544699192047, "ci": 0.7836157644377135, "rm2": 0.33147142408094626, "pearson": 0.5859277389387169, "spearman": 0.5227039708429676, "r2": 0.3370169997215271, "bias": -0.05543805658817291}, "val_delta_abs_mean": 0.6466096043586731, "val_gate_mean": 0.7981888055801392}
{"epoch": 30, "train": {"loss": 0.22482009480731646, "mse": 0.2176066519122467, "align": 4.6311093212218395e-06, "reconstruct": 0.31313052534758673}, "val": {"mse": 0.5024734735488892, "rmse": 0.7088536333749649, "mae": 0.42543768882751465, "ci": 0.7795059784260165, "rm2": 0.3316508386467562, "pearson": 0.5871066916626534, "spearman": 0.5153944864519007, "r2": 0.3381000757217407, "bias": -0.054855089634656906}, "val_delta_abs_mean": 0.6806210875511169, "val_gate_mean": 0.8036656379699707}
{"epoch": 31, "train": {"loss": 0.22497882110340092, "mse": 0.21779987568189402, "align": 4.268236565179036e-06, "reconstruct": 0.31237614134157476}, "val": {"mse": 0.5009379386901855, "rmse": 0.7077696932549356, "mae": 0.4198685586452484, "ci": 0.785918214056735, "rm2": 0.3341440322628443, "pearson": 0.589740140847284, "spearman": 0.5271339469483215, "r2": 0.3401228189468384, "bias": -0.06051165610551834}, "val_delta_abs_mean": 0.6765331029891968, "val_gate_mean": 0.7865126729011536}
{"epoch": 32, "train": {"loss": 0.2248288217770235, "mse": 0.21768219106504016, "align": 4.26811032062478e-06, "reconstruct": 0.308227301826029}, "val": {"mse": 0.5033857226371765, "rmse": 0.7094968094622953, "mae": 0.4227406978607178, "ci": 0.7834467212547159, "rm2": 0.33167580049221446, "pearson": 0.5856172373795603, "spearman": 0.5225011948918309, "r2": 0.3368983864784241, "bias": -0.05501200258731842}, "val_delta_abs_mean": 0.6929943561553955, "val_gate_mean": 0.8215283155441284}
{"epoch": 33, "train": {"loss": 0.2247412000584903, "mse": 0.21743571428528097, "align": 5.684350422214381e-06, "reconstruct": 0.3141809536797417}, "val": {"mse": 0.5030546188354492, "rmse": 0.7092634340183126, "mae": 0.4238259196281433, "ci": 0.7820945794572207, "rm2": 0.3320834192286215, "pearson": 0.5859613319283017, "spearman": 0.5205293036305523, "r2": 0.3373345732688904, "bias": -0.05484500527381897}, "val_delta_abs_mean": 0.6236806511878967, "val_gate_mean": 0.7711513042449951}
{"epoch": 34, "train": {"loss": 0.22474723501873164, "mse": 0.21751127143940016, "align": 4.374712369916436e-06, "reconstruct": 0.3124855768408573}, "val": {"mse": 0.5060959458351135, "rmse": 0.7114042070687476, "mae": 0.4225647747516632, "ci": 0.7854711661209762, "rm2": 0.32790147891857774, "pearson": 0.5833093261743453, "spearman": 0.5260219252894521, "r2": 0.3333282470703125, "bias": -0.05794939398765564}, "val_delta_abs_mean": 0.6656618118286133, "val_gate_mean": 0.8191510438919067}
{"epoch": 35, "train": {"loss": 0.22454620093965114, "mse": 0.21727005233000984, "align": 3.7716880413454628e-06, "reconstruct": 0.3127835993158745}, "val": {"mse": 0.512538731098175, "rmse": 0.7159181036251109, "mae": 0.4290362596511841, "ci": 0.777501492875339, "rm2": 0.32118801649817447, "pearson": 0.5744918521927129, "spearman": 0.5117191277260927, "r2": 0.32484132051467896, "bias": -0.05314004048705101}, "val_delta_abs_mean": 0.6575984358787537, "val_gate_mean": 0.8024721145629883}
{"epoch": 36, "train": {"loss": 0.22450064267571168, "mse": 0.21719743637058747, "align": 3.6461665240818742e-06, "reconstruct": 0.31249337920764303}, "val": {"mse": 0.5068615078926086, "rmse": 0.7119420677924635, "mae": 0.4245249629020691, "ci": 0.7816825621569747, "rm2": 0.3280625947471059, "pearson": 0.5812988619464813, "spearman": 0.5195310028023024, "r2": 0.33231979608535767, "bias": -0.05441567674279213}, "val_delta_abs_mean": 0.6917577981948853, "val_gate_mean": 0.8069402575492859}
{"epoch": 37, "train": {"loss": 0.22447439132571576, "mse": 0.2172090418531356, "align": 2.888486878158292e-06, "reconstruct": 0.3109712716164391}, "val": {"mse": 0.49976155161857605, "rmse": 0.7069381526120768, "mae": 0.42163723707199097, "ci": 0.7848705536551209, "rm2": 0.33588875714272204, "pearson": 0.5892194095452337, "spearman": 0.5251702988533417, "r2": 0.34167248010635376, "bias": -0.05176302045583725}, "val_delta_abs_mean": 0.6952735185623169, "val_gate_mean": 0.8072090744972229}
{
  "guardrail": "validation only; test indices and metrics were not accessed",
  "condition": "no_fragment_edges",
  "seed": 42,
  "best_epoch": 17,
  "epoch0_max_abs_difference": 1.9073486328125e-06,
  "baseline": {
    "mse": 0.48946526646614075,
    "rmse": 0.6996179432133947,
    "mae": 0.43143847584724426,
    "ci": 0.7885622123720057,
    "rm2": 0.3410284448121984,
    "pearson": 0.5995077496596147,
    "spearman": 0.5319472626673567,
    "r2": 0.35523557662963867,
    "bias": -0.015189344994723797
  },
  "best": {
    "mse": 0.4893468916416168,
    "rmse": 0.6995333384776002,
    "mae": 0.4139883518218994,
    "ci": 0.7932662971885064,
    "rm2": 0.3450948672678542,
    "pearson": 0.604053672945403,
    "spearman": 0.5397273783522443,
    "r2": 0.3553915023803711,
    "bias": -0.059215862303972244
  },
  "relative_mse_gain": 0.00024184519849298537,
  "delta_abs_mean": 0.6310185194015503,
  "atom_gate_mean": 0.8169513940811157,
  "drug_bootstrap": {
    "drugs": 7,
    "improved": 5,
    "worsened": 2,
    "improvements": [
      -0.009431694634258747,
      0.009389934130012989,
      0.006226963363587856,
      0.010763004422187805,
      0.03574353829026222,
      0.02151075191795826,
      -0.0733741894364357
    ],
    "mean": 0.00011832972190209798,
    "ci95": [
      -0.02684151035334383,
      0.019930773148579255
    ],
    "probability_positive": 0.54545
  },
  "args": {
    "project": "/data1/ztx/MyModel-MDTA",
    "checkpoint": "outputs/Refine_experiment/davis/cold_start/drug_cold_5fold_seed42/baseline/fold_1/best_model.pt",
    "global_cache": "experiments/pdbbind_to_davis_transfer/data/global_predictions/fold1_with_features.pt",
    "drug_cache": "experiments/brics_hierarchical/data/fold1_drug_encoder_inputs_chem.pt",
    "split": "data/splits/davis_drug_cold_5fold_seed42/fold_1/split.json",
    "condition": "no_fragment_edges",
    "seed": 42,
    "device": "cuda:1",
    "batch_size": 128,
    "epochs": 100,
    "patience": 20,
    "lr": 0.0003,
    "weight_decay": 1e-05,
    "lambda_align": 0.05,
    "lambda_reconstruct": 0.02,
    "lambda_delta": 0.001,
    "output_dir": "experiments/brics_hierarchical/outputs/graph_no_fragment_edges_seed42"
  },
  "history": [
    {
      "epoch": 1,
      "train": {
        "loss": 0.23003451591223992,
        "mse": 0.22368248149751183,
        "align": 7.943401463373547e-05,
        "reconstruct": 0.30732316070242455
      },
      "val": {
        "mse": 0.4946352243423462,
        "rmse": 0.7033030814253171,
        "mae": 0.4251948893070221,
        "ci": 0.787098461340435,
        "rm2": 0.3368312965314754,
        "pearson": 0.5955676010223793,
        "spearman": 0.5287760291101851,
        "r2": 0.3484252691268921,
        "bias": -0.04046160727739334
      },
      "val_delta_abs_mean": 0.4535686671733856,
      "val_gate_mean": 0.8330618739128113
    },
    {
      "epoch": 2,
      "train": {
        "loss": 0.22911689775280675,
        "mse": 0.2225126879795621,
        "align": 9.956991200820307e-05,
        "reconstruct": 0.30935754272572125
      },
      "val": {
        "mse": 0.4956563711166382,
        "rmse": 0.7040286720841973,
        "mae": 0.4247584342956543,
        "ci": 0.786616179102678,
        "rm2": 0.33609070196346014,
        "pearson": 0.594641803424657,
        "spearman": 0.5281229169445404,
        "r2": 0.34708017110824585,
        "bias": -0.043417055159807205
      },
      "val_delta_abs_mean": 0.4935978055000305,
      "val_gate_mean": 0.8236368298530579
    },
    {
      "epoch": 3,
      "train": {
        "loss": 0.2288267637304499,
        "mse": 0.2221239792683178,
        "align": 0.0001029621548265652,
        "reconstruct": 0.3150271547360566
      },
      "val": {
        "mse": 0.49570685625076294,
        "rmse": 0.7040645256301179,
        "mae": 0.42371559143066406,
        "ci": 0.7836689213904392,
        "rm2": 0.33633965892506046,
        "pearson": 0.5962568692043929,
        "spearman": 0.5222236441984296,
        "r2": 0.3470136523246765,
        "bias": -0.05276483669877052
      },
      "val_delta_abs_mean": 0.651955246925354,
      "val_gate_mean": 0.8169416189193726
    },
    {
      "epoch": 4,
      "train": {
        "loss": 0.22817986152396919,
        "mse": 0.22147464731108688,
        "align": 4.8952594096752196e-05,
        "reconstruct": 0.30542460964517254
      },
      "val": {
        "mse": 0.4938538670539856,
        "rmse": 0.70274737072008,
        "mae": 0.4191739559173584,
        "ci": 0.7881369567501998,
        "rm2": 0.3394276917329659,
        "pearson": 0.5988363124250399,
        "spearman": 0.5304041197119996,
        "r2": 0.34945452213287354,
        "bias": -0.05751523748040199
      },
      "val_delta_abs_mean": 0.6139713525772095,
      "val_gate_mean": 0.7846345901489258
    },
    {
      "epoch": 5,
      "train": {
        "loss": 0.22807935407471128,
        "mse": 0.22126853936151442,
        "align": 2.8470511200958924e-05,
        "reconstruct": 0.3093278753013782
      },
      "val": {
        "mse": 0.4903569221496582,
        "rmse": 0.7002548979833402,
        "mae": 0.4116637408733368,
        "ci": 0.7927353386607054,
        "rm2": 0.3444209339150973,
        "pearson": 0.6061023373919321,
        "spearman": 0.5389903089506415,
        "r2": 0.3540610074996948,
        "bias": -0.07198941707611084
      },
      "val_delta_abs_mean": 0.7082719206809998,
      "val_gate_mean": 0.8441131114959717
    },
    {
      "epoch": 6,
      "train": {
        "loss": 0.22830554961877023,
        "mse": 0.2214557553357358,
        "align": 2.646823240173463e-05,
        "reconstruct": 0.3133375704248314
      },
      "val": {
        "mse": 0.4927612841129303,
        "rmse": 0.70196957491969,
        "mae": 0.42718642950057983,
        "ci": 0.7867890919489009,
        "rm2": 0.33890181029407107,
        "pearson": 0.5966478745628196,
        "spearman": 0.5278778913797997,
        "r2": 0.3508937954902649,
        "bias": -0.032990578562021255
      },
      "val_delta_abs_mean": 0.34938597679138184,
      "val_gate_mean": 0.6344749331474304
    },
    {
      "epoch": 7,
      "train": {
        "loss": 0.2275747799930449,
        "mse": 0.2207697573878876,
        "align": 2.4499167397057367e-05,
        "reconstruct": 0.30736294472838455
      },
      "val": {
        "mse": 0.49881380796432495,
        "rmse": 0.7062675186955187,
        "mae": 0.424795538187027,
        "ci": 0.7832974337208156,
        "rm2": 0.33392830839037946,
        "pearson": 0.5914799839252985,
        "spearman": 0.5219211900042241,
        "r2": 0.3429208993911743,
        "bias": -0.05051594227552414
      },
      "val_delta_abs_mean": 0.4717332720756531,
      "val_gate_mean": 0.7273345589637756
    },
    {
      "epoch": 8,
      "train": {
        "loss": 0.22749488318093852,
        "mse": 0.22076681088589836,
        "align": 2.6330470901097027e-05,
        "reconstruct": 0.3093108331444427
      },
      "val": {
        "mse": 0.4974360466003418,
        "rmse": 0.7052914621632264,
        "mae": 0.4278230667114258,
        "ci": 0.7802469171004084,
        "rm2": 0.33468456653091005,
        "pearson": 0.5924043673294758,
        "spearman": 0.5161505408931059,
        "r2": 0.3447358012199402,
        "bias": -0.04446439817547798
      },
      "val_delta_abs_mean": 0.4559880495071411,
      "val_gate_mean": 0.6873244047164917
    },
    {
      "epoch": 9,
      "train": {
        "loss": 0.22724365643619676,
        "mse": 0.22038121627346205,
        "align": 0.0002295267332893622,
        "reconstruct": 0.3121895932182605
      },
      "val": {
        "mse": 0.492850124835968,
        "rmse": 0.7020328516785863,
        "mae": 0.4146212339401245,
        "ci": 0.7899227044954081,
        "rm2": 0.34164205280693105,
        "pearson": 0.602733877922665,
        "spearman": 0.533778942233405,
        "r2": 0.3507767915725708,
        "bias": -0.07043584436178207
      },
      "val_delta_abs_mean": 0.6470954418182373,
      "val_gate_mean": 0.8087906241416931
    },
    {
      "epoch": 10,
      "train": {
        "loss": 0.22728275248815455,
        "mse": 0.220421527096428,
        "align": 3.2021127812635384e-05,
        "reconstruct": 0.31106453618393193
      },
      "val": {
        "mse": 0.4964669346809387,
        "rmse": 0.7046040978314977,
        "mae": 0.42891526222229004,
        "ci": 0.7798177918153771,
        "rm2": 0.33580544436278253,
        "pearson": 0.5927743246413264,
        "spearman": 0.5152449479652915,
        "r2": 0.3460124135017395,
        "bias": -0.03994983434677124
      },
      "val_delta_abs_mean": 0.4820583760738373,
      "val_gate_mean": 0.7148405909538269
    },
    {
      "epoch": 11,
      "train": {
        "loss": 0.22677870411033108,
        "mse": 0.21988977536399865,
        "align": 1.5991822328399483e-05,
        "reconstruct": 0.30765969332411947
      },
      "val": {
        "mse": 0.4962124228477478,
        "rmse": 0.704423468410691,
        "mae": 0.4264626204967499,
        "ci": 0.7820355161764143,
        "rm2": 0.33583033994221956,
        "pearson": 0.5938990331231786,
        "spearman": 0.5196213406954926,
        "r2": 0.3463476896286011,
        "bias": -0.04409363493323326
      },
      "val_delta_abs_mean": 0.4277002513408661,
      "val_gate_mean": 0.7120335102081299
    },
    {
      "epoch": 12,
      "train": {
        "loss": 0.226457136821515,
        "mse": 0.21963545030962575,
        "align": 2.1982126427853637e-05,
        "reconstruct": 0.30678740352366374
      },
      "val": {
        "mse": 0.5034161806106567,
        "rmse": 0.7095182736270129,
        "mae": 0.42229193449020386,
        "ci": 0.7806609710655097,
        "rm2": 0.3306022445973682,
        "pearson": 0.588701848018569,
        "spearman": 0.5170861308853464,
        "r2": 0.33685827255249023,
        "bias": -0.06659377366304398
      },
      "val_delta_abs_mean": 0.7041040062904358,
      "val_gate_mean": 0.8030974268913269
    },
    {
      "epoch": 13,
      "train": {
        "loss": 0.22665018113094196,
        "mse": 0.21963035469709583,
        "align": 1.6269457056764072e-05,
        "reconstruct": 0.313313914264053
      },
      "val": {
        "mse": 0.5015228986740112,
        "rmse": 0.7081828144441316,
        "mae": 0.4230029881000519,
        "ci": 0.783522688853822,
        "rm2": 0.3310652020226626,
        "pearson": 0.5896056054783757,
        "spearman": 0.522385416693826,
        "r2": 0.33935225009918213,
        "bias": -0.057132821530103683
      },
      "val_delta_abs_mean": 0.5373702645301819,
      "val_gate_mean": 0.7805278897285461
    },
    {
      "epoch": 14,
      "train": {
        "loss": 0.22649531006451532,
        "mse": 0.219630463813994,
        "align": 1.3378261659078102e-05,
        "reconstruct": 0.30566365355372005
      },
      "val": {
        "mse": 0.5031441450119019,
        "rmse": 0.7093265432872944,
        "mae": 0.4291999340057373,
        "ci": 0.7774340792686255,
        "rm2": 0.3286842155482648,
        "pearson": 0.5863902229273089,
        "spearman": 0.5111916485282593,
        "r2": 0.3372166156768799,
        "bias": -0.0495205856859684
      },
      "val_delta_abs_mean": 0.554685115814209,
      "val_gate_mean": 0.7744625806808472
    },
    {
      "epoch": 15,
      "train": {
        "loss": 0.22626403780802734,
        "mse": 0.21932105075478658,
        "align": 1.2001576271692484e-05,
        "reconstruct": 0.30938570307126756
      },
      "val": {
        "mse": 0.5025252103805542,
        "rmse": 0.7088901257462642,
        "mae": 0.4239806532859802,
        "ci": 0.7821228890987106,
        "rm2": 0.33075477338024656,
        "pearson": 0.5875800661810088,
        "spearman": 0.5198896358704773,
        "r2": 0.33803194761276245,
        "bias": -0.055445004254579544
      },
      "val_delta_abs_mean": 0.6200765371322632,
      "val_gate_mean": 0.7908346652984619
    },
    {
      "epoch": 16,
      "train": {
        "loss": 0.22605078434351952,
        "mse": 0.21896861435486306,
        "align": 1.528665467865763e-05,
        "reconstruct": 0.3108834750162025
      },
      "val": {
        "mse": 0.4908958077430725,
        "rmse": 0.7006395704947533,
        "mae": 0.4119933843612671,
        "ci": 0.793101123668734,
        "rm2": 0.34324328465820647,
        "pearson": 0.6052584722436716,
        "spearman": 0.54004771603235,
        "r2": 0.3533511161804199,
        "bias": -0.0698188990354538
      },
      "val_delta_abs_mean": 0.6321642994880676,
      "val_gate_mean": 0.8236547708511353
    },
    {
      "epoch": 17,
      "train": {
        "loss": 0.22598481289608435,
        "mse": 0.21900574975142503,
        "align": 1.1544754613727787e-05,
        "reconstruct": 0.3074518015103034
      },
      "val": {
        "mse": 0.4893468916416168,
        "rmse": 0.6995333384776002,
        "mae": 0.4139883518218994,
        "ci": 0.7932634458577088,
        "rm2": 0.3450948672678542,
        "pearson": 0.6040536734640145,
        "spearman": 0.539724397475809,
        "r2": 0.3553915023803711,
        "bias": -0.059215862303972244
      },
      "val_delta_abs_mean": 0.6310185194015503,
      "val_gate_mean": 0.8169513940811157
    },
    {
      "epoch": 18,
      "train": {
        "loss": 0.225748597777956,
        "mse": 0.21868369694542034,
        "align": 1.1338998943845588e-05,
        "reconstruct": 0.31183236934365854
      },
      "val": {
        "mse": 0.4961720407009125,
        "rmse": 0.7043948045669506,
        "mae": 0.41926512122154236,
        "ci": 0.7875996845613472,
        "rm2": 0.3379602775936095,
        "pearson": 0.5950833606615432,
        "spearman": 0.5291729580112922,
        "r2": 0.3464008569717407,
        "bias": -0.05585205927491188
      },
      "val_delta_abs_mean": 0.6990743279457092,
      "val_gate_mean": 0.8382449150085449
    },
    {
      "epoch": 19,
      "train": {
        "loss": 0.2259008261656938,
        "mse": 0.2187297629147461,
        "align": 1.223003300778547e-05,
        "reconstruct": 0.3107220763488535
      },
      "val": {
        "mse": 0.49198347330093384,
        "rmse": 0.7014153358039257,
        "mae": 0.4185829162597656,
        "ci": 0.7902469415403867,
        "rm2": 0.341637499693909,
        "pearson": 0.5993323849341357,
        "spearman": 0.5347740429639267,
        "r2": 0.35191839933395386,
        "bias": -0.050108954310417175
      },
      "val_delta_abs_mean": 0.49159544706344604,
      "val_gate_mean": 0.7546939253807068
    },
    {
      "epoch": 20,
      "train": {
        "loss": 0.22579291235371138,
        "mse": 0.21884216266915832,
        "align": 1.0339371609690101e-05,
        "reconstruct": 0.3073954663642093
      },
      "val": {
        "mse": 0.49387800693511963,
        "rmse": 0.702764545872314,
        "mae": 0.4137874245643616,
        "ci": 0.7905400176130777,
        "rm2": 0.3406555877223788,
        "pearson": 0.6019791955786942,
        "spearman": 0.5351998941168129,
        "r2": 0.34942275285720825,
        "bias": -0.07224003970623016
      },
      "val_delta_abs_mean": 0.6422735452651978,
      "val_gate_mean": 0.8298851847648621
    },
    {
      "epoch": 21,
      "train": {
        "loss": 0.22535457512785384,
        "mse": 0.21847621536615253,
        "align": 1.3839696981661976e-05,
        "reconstruct": 0.30152711497471446
      },
      "val": {
        "mse": 0.495575875043869,
        "rmse": 0.7039715015850209,
        "mae": 0.4183475971221924,
        "ci": 0.7890801362447322,
        "rm2": 0.33823556004029304,
        "pearson": 0.5963995207301259,
        "spearman": 0.532538754139129,
        "r2": 0.3471861481666565,
        "bias": -0.05764305591583252
      },
      "val_delta_abs_mean": 0.5602614879608154,
      "val_gate_mean": 0.7583827376365662
    },
    {
      "epoch": 22,
      "train": {
        "loss": 0.22562210759483517,
        "mse": 0.21855255421148845,
        "align": 9.001793342179738e-06,
        "reconstruct": 0.3073313769677198
      },
      "val": {
        "mse": 0.4993220269680023,
        "rmse": 0.7066272192379814,
        "mae": 0.4227888286113739,
        "ci": 0.7838809382018856,
        "rm2": 0.33474233417373195,
        "pearson": 0.5907640460320839,
        "spearman": 0.5229967674701115,
        "r2": 0.34225142002105713,
        "bias": -0.05355564132332802
      },
      "val_delta_abs_mean": 0.6462087631225586,
      "val_gate_mean": 0.7872964143753052
    },
    {
      "epoch": 23,
      "train": {
        "loss": 0.2256700879251049,
        "mse": 0.21856379494482736,
        "align": 8.006877225253538e-06,
        "reconstruct": 0.3130197604701943
      },
      "val": {
        "mse": 0.4961594343185425,
        "rmse": 0.7043858561318097,
        "mae": 0.4207790791988373,
        "ci": 0.7869921474349836,
        "rm2": 0.33801489718772576,
        "pearson": 0.594549026394349,
        "spearman": 0.5283408191410858,
        "r2": 0.34641748666763306,
        "bias": -0.053309135138988495
      },
      "val_delta_abs_mean": 0.6740697622299194,
      "val_gate_mean": 0.823611319065094
    },
    {
      "epoch": 24,
      "train": {
        "loss": 0.22542525237834843,
        "mse": 0.21827443282471318,
        "align": 1.1561969780217261e-05,
        "reconstruct": 0.31107990257639256
      },
      "val": {
        "mse": 0.49384015798568726,
        "rmse": 0.7027376167430396,
        "mae": 0.4169212579727173,
        "ci": 0.7897770829582476,
        "rm2": 0.34077205336535504,
        "pearson": 0.5979615956515306,
        "spearman": 0.5339724226152482,
        "r2": 0.34947264194488525,
        "bias": -0.05711257830262184
      },
      "val_delta_abs_mean": 0.6218926310539246,
      "val_gate_mean": 0.7891461253166199
    },
    {
      "epoch": 25,
      "train": {
        "loss": 0.2253114949139661,
        "mse": 0.21814649719883,
        "align": 6.998470156188418e-06,
        "reconstruct": 0.3095431129156803
      },
      "val": {
        "mse": 0.4918837547302246,
        "rmse": 0.7013442483760914,
        "mae": 0.41851797699928284,
        "ci": 0.7909504055814393,
        "rm2": 0.34155210739421454,
        "pearson": 0.6002464239094466,
        "spearman": 0.5358398615711936,
        "r2": 0.3520497679710388,
        "bias": -0.05342644453048706
      },
      "val_delta_abs_mean": 0.6095014214515686,
      "val_gate_mean": 0.7945178151130676
    },
    {
      "epoch": 26,
      "train": {
        "loss": 0.2253341658622431,
        "mse": 0.2181506254473997,
        "align": 7.556683406387289e-06,
        "reconstruct": 0.3151594000009803
      },
      "val": {
        "mse": 0.49698328971862793,
        "rmse": 0.7049704176195112,
        "mae": 0.4238554537296295,
        "ci": 0.785124729429074,
        "rm2": 0.3364254305017132,
        "pearson": 0.5929088682077814,
        "spearman": 0.5250348097680814,
        "r2": 0.34533220529556274,
        "bias": -0.04798112064599991
      },
      "val_delta_abs_mean": 0.5748217105865479,
      "val_gate_mean": 0.7660543918609619
    },
    {
      "epoch": 27,
      "train": {
        "loss": 0.22520657613352724,
        "mse": 0.21807939592001813,
        "align": 5.6899338745458e-06,
        "reconstruct": 0.30813337010484326
      },
      "val": {
        "mse": 0.49340763688087463,
        "rmse": 0.7024298092200206,
        "mae": 0.41931554675102234,
        "ci": 0.7911168011001248,
        "rm2": 0.3406850933762645,
        "pearson": 0.5972496367304697,
        "spearman": 0.5362534457805057,
        "r2": 0.35004234313964844,
        "bias": -0.04964767023921013
      },
      "val_delta_abs_mean": 0.5447736978530884,
      "val_gate_mean": 0.7789286375045776
    },
    {
      "epoch": 28,
      "train": {
        "loss": 0.2251308101070757,
        "mse": 0.21799298513996668,
        "align": 5.6548493652402514e-06,
        "reconstruct": 0.31267103725256884
      },
      "val": {
        "mse": 0.5014374852180481,
        "rmse": 0.7081225072104742,
        "mae": 0.42021599411964417,
        "ci": 0.785539801726603,
        "rm2": 0.33281558418755525,
        "pearson": 0.5902316405949282,
        "spearman": 0.526231088766594,
        "r2": 0.33946478366851807,
        "bias": -0.06342460960149765
      },
      "val_delta_abs_mean": 0.6469610929489136,
      "val_gate_mean": 0.7993064522743225
    },
    {
      "epoch": 29,
      "train": {
        "loss": 0.22512637816718858,
        "mse": 0.2178705306502248,
        "align": 5.289973911495839e-06,
        "reconstruct": 0.3162056733121125
      },
      "val": {
        "mse": 0.5032957196235657,
        "rmse": 0.7094333792707851,
        "mae": 0.4229544699192047,
        "ci": 0.7836157644377135,
        "rm2": 0.33147142408094626,
        "pearson": 0.5859277389387169,
        "spearman": 0.5227039708429676,
        "r2": 0.3370169997215271,
        "bias": -0.05543805658817291
      },
      "val_delta_abs_mean": 0.6466096043586731,
      "val_gate_mean": 0.7981888055801392
    },
    {
      "epoch": 30,
      "train": {
        "loss": 0.22482009480731646,
        "mse": 0.2176066519122467,
        "align": 4.6311093212218395e-06,
        "reconstruct": 0.31313052534758673
      },
      "val": {
        "mse": 0.5024734735488892,
        "rmse": 0.7088536333749649,
        "mae": 0.42543768882751465,
        "ci": 0.7795059784260165,
        "rm2": 0.3316508386467562,
        "pearson": 0.5871066916626534,
        "spearman": 0.5153944864519007,
        "r2": 0.3381000757217407,
        "bias": -0.054855089634656906
      },
      "val_delta_abs_mean": 0.6806210875511169,
      "val_gate_mean": 0.8036656379699707
    },
    {
      "epoch": 31,
      "train": {
        "loss": 0.22497882110340092,
        "mse": 0.21779987568189402,
        "align": 4.268236565179036e-06,
        "reconstruct": 0.31237614134157476
      },
      "val": {
        "mse": 0.5009379386901855,
        "rmse": 0.7077696932549356,
        "mae": 0.4198685586452484,
        "ci": 0.785918214056735,
        "rm2": 0.3341440322628443,
        "pearson": 0.589740140847284,
        "spearman": 0.5271339469483215,
        "r2": 0.3401228189468384,
        "bias": -0.06051165610551834
      },
      "val_delta_abs_mean": 0.6765331029891968,
      "val_gate_mean": 0.7865126729011536
    },
    {
      "epoch": 32,
      "train": {
        "loss": 0.2248288217770235,
        "mse": 0.21768219106504016,
        "align": 4.26811032062478e-06,
        "reconstruct": 0.308227301826029
      },
      "val": {
        "mse": 0.5033857226371765,
        "rmse": 0.7094968094622953,
        "mae": 0.4227406978607178,
        "ci": 0.7834467212547159,
        "rm2": 0.33167580049221446,
        "pearson": 0.5856172373795603,
        "spearman": 0.5225011948918309,
        "r2": 0.3368983864784241,
        "bias": -0.05501200258731842
      },
      "val_delta_abs_mean": 0.6929943561553955,
      "val_gate_mean": 0.8215283155441284
    },
    {
      "epoch": 33,
      "train": {
        "loss": 0.2247412000584903,
        "mse": 0.21743571428528097,
        "align": 5.684350422214381e-06,
        "reconstruct": 0.3141809536797417
      },
      "val": {
        "mse": 0.5030546188354492,
        "rmse": 0.7092634340183126,
        "mae": 0.4238259196281433,
        "ci": 0.7820945794572207,
        "rm2": 0.3320834192286215,
        "pearson": 0.5859613319283017,
        "spearman": 0.5205293036305523,
        "r2": 0.3373345732688904,
        "bias": -0.05484500527381897
      },
      "val_delta_abs_mean": 0.6236806511878967,
      "val_gate_mean": 0.7711513042449951
    },
    {
      "epoch": 34,
      "train": {
        "loss": 0.22474723501873164,
        "mse": 0.21751127143940016,
        "align": 4.374712369916436e-06,
        "reconstruct": 0.3124855768408573
      },
      "val": {
        "mse": 0.5060959458351135,
        "rmse": 0.7114042070687476,
        "mae": 0.4225647747516632,
        "ci": 0.7854711661209762,
        "rm2": 0.32790147891857774,
        "pearson": 0.5833093261743453,
        "spearman": 0.5260219252894521,
        "r2": 0.3333282470703125,
        "bias": -0.05794939398765564
      },
      "val_delta_abs_mean": 0.6656618118286133,
      "val_gate_mean": 0.8191510438919067
    },
    {
      "epoch": 35,
      "train": {
        "loss": 0.22454620093965114,
        "mse": 0.21727005233000984,
        "align": 3.7716880413454628e-06,
        "reconstruct": 0.3127835993158745
      },
      "val": {
        "mse": 0.512538731098175,
        "rmse": 0.7159181036251109,
        "mae": 0.4290362596511841,
        "ci": 0.777501492875339,
        "rm2": 0.32118801649817447,
        "pearson": 0.5744918521927129,
        "spearman": 0.5117191277260927,
        "r2": 0.32484132051467896,
        "bias": -0.05314004048705101
      },
      "val_delta_abs_mean": 0.6575984358787537,
      "val_gate_mean": 0.8024721145629883
    },
    {
      "epoch": 36,
      "train": {
        "loss": 0.22450064267571168,
        "mse": 0.21719743637058747,
        "align": 3.6461665240818742e-06,
        "reconstruct": 0.31249337920764303
      },
      "val": {
        "mse": 0.5068615078926086,
        "rmse": 0.7119420677924635,
        "mae": 0.4245249629020691,
        "ci": 0.7816825621569747,
        "rm2": 0.3280625947471059,
        "pearson": 0.5812988619464813,
        "spearman": 0.5195310028023024,
        "r2": 0.33231979608535767,
        "bias": -0.05441567674279213
      },
      "val_delta_abs_mean": 0.6917577981948853,
      "val_gate_mean": 0.8069402575492859
    },
    {
      "epoch": 37,
      "train": {
        "loss": 0.22447439132571576,
        "mse": 0.2172090418531356,
        "align": 2.888486878158292e-06,
        "reconstruct": 0.3109712716164391
      },
      "val": {
        "mse": 0.49976155161857605,
        "rmse": 0.7069381526120768,
        "mae": 0.42163723707199097,
        "ci": 0.7848705536551209,
        "rm2": 0.33588875714272204,
        "pearson": 0.5892194095452337,
        "spearman": 0.5251702988533417,
        "r2": 0.34167248010635376,
        "bias": -0.05176302045583725
      },
      "val_delta_abs_mean": 0.6952735185623169,
      "val_gate_mean": 0.8072090744972229
    }
  ]
}
