{"epoch": 1, "train": {"loss": 0.21593820981023584, "mse": 0.21593818134208886, "adjustment": 2.9334186674131218e-05}, "val": {"mse": 0.4806823432445526, "rmse": 0.6933125869653259, "mae": 0.40731048583984375, "ci": 0.7987318909944383, "rm2": 0.3544969332647534, "pearson": 0.6166886285585598, "spearman": 0.5490746377375338, "r2": 0.36680519580841064, "bias": -0.06879176944494247}, "val_multiplier_mean": 1.0130946636199951, "val_multiplier_min": 1.0079444646835327, "val_multiplier_max": 1.0174204111099243}
{"epoch": 2, "train": {"loss": 0.21590753615223846, "mse": 0.21590721461309717, "adjustment": 0.0003217570558944854}, "val": {"mse": 0.4804378151893616, "rmse": 0.6931362169078756, "mae": 0.4069005846977234, "ci": 0.799098490668409, "rm2": 0.3548249508166056, "pearson": 0.6171310623512122, "spearman": 0.5496010993616918, "r2": 0.36712729930877686, "bias": -0.06949080526828766}, "val_multiplier_mean": 1.0259236097335815, "val_multiplier_min": 1.0152757167816162, "val_multiplier_max": 1.038421630859375}
{"epoch": 3, "train": {"loss": 0.21587246738620267, "mse": 0.215871148268332, "adjustment": 0.0013189731566602143}, "val": {"mse": 0.48020708560943604, "rmse": 0.6929697580771012, "mae": 0.4065016806125641, "ci": 0.7993811797503375, "rm2": 0.3551554703479739, "pearson": 0.617520867280041, "spearman": 0.5501090005948754, "r2": 0.3674312233924866, "bias": -0.07010781019926071}, "val_multiplier_mean": 1.0363503694534302, "val_multiplier_min": 1.0178890228271484, "val_multiplier_max": 1.0627615451812744}
{"epoch": 4, "train": {"loss": 0.21583804973721493, "mse": 0.21583540616764121, "adjustment": 0.002643394321137778}, "val": {"mse": 0.4799635708332062, "rmse": 0.6927940320421403, "mae": 0.40608781576156616, "ci": 0.7995923818958417, "rm2": 0.3555280091847972, "pearson": 0.6178896290019472, "spearman": 0.5504784876128057, "r2": 0.3677520155906677, "bias": -0.07067689299583435}, "val_multiplier_mean": 1.0445224046707153, "val_multiplier_min": 1.0111429691314697, "val_multiplier_max": 1.0891696214675903}
{"epoch": 5, "train": {"loss": 0.21581410133966045, "mse": 0.21580808881078106, "adjustment": 0.006012708414659798}, "val": {"mse": 0.4797624349594116, "rmse": 0.692648854008589, "mae": 0.405758261680603, "ci": 0.7997290421076385, "rm2": 0.3558495203140674, "pearson": 0.6181612835141266, "spearman": 0.5507108566298633, "r2": 0.36801695823669434, "bias": -0.07107266783714294}, "val_multiplier_mean": 1.049317717552185, "val_multiplier_min": 1.0004287958145142, "val_multiplier_max": 1.1078771352767944}
{"epoch": 6, "train": {"loss": 0.21578806436009065, "mse": 0.21578106848225162, "adjustment": 0.006995371621818676}, "val": {"mse": 0.47967103123664856, "rmse": 0.6925828695807084, "mae": 0.40549468994140625, "ci": 0.7999451322487957, "rm2": 0.3559973338032165, "pearson": 0.6183936585352758, "spearman": 0.5511159266870908, "r2": 0.3681373596191406, "bias": -0.07160633057355881}, "val_multiplier_mean": 1.0594332218170166, "val_multiplier_min": 1.0081905126571655, "val_multiplier_max": 1.12163245677948}
{"epoch": 7, "train": {"loss": 0.21577057353718238, "mse": 0.21576050033858665, "adjustment": 0.010072890521881898}, "val": {"mse": 0.4796445071697235, "rmse": 0.6925637206566075, "mae": 0.40525150299072266, "ci": 0.8002245626669556, "rm2": 0.3560339082455379, "pearson": 0.6186566316738477, "spearman": 0.551595885219946, "r2": 0.368172287940979, "bias": -0.07236392796039581}, "val_multiplier_mean": 1.076595664024353, "val_multiplier_min": 1.0252240896224976, "val_multiplier_max": 1.1332933902740479}
{"epoch": 8, "train": {"loss": 0.21575494729469494, "mse": 0.2157437355932997, "adjustment": 0.011211400054598912}, "val": {"mse": 0.4795239567756653, "rmse": 0.6924766831999943, "mae": 0.4051056504249573, "ci": 0.800291568940698, "rm2": 0.3562166278612568, "pearson": 0.6188016625340722, "spearman": 0.551718002607482, "r2": 0.3683311343193054, "bias": -0.07251676172018051}, "val_multiplier_mean": 1.078093409538269, "val_multiplier_min": 1.02378511428833, "val_multiplier_max": 1.1385499238967896}
{"epoch": 9, "train": {"loss": 0.21574556931983843, "mse": 0.2157321431526748, "adjustment": 0.013425806073088686}, "val": {"mse": 0.4794396758079529, "rmse": 0.6924158257925311, "mae": 0.4049625098705292, "ci": 0.8003274142421529, "rm2": 0.3563639804315812, "pearson": 0.6189423711444937, "spearman": 0.551751648321666, "r2": 0.3684421181678772, "bias": -0.07279647141695023}, "val_multiplier_mean": 1.082589030265808, "val_multiplier_min": 1.0180752277374268, "val_multiplier_max": 1.1420035362243652}
{"epoch": 10, "train": {"loss": 0.21573580624888053, "mse": 0.2157220208327534, "adjustment": 0.01378551172321196}, "val": {"mse": 0.47945505380630493, "rmse": 0.6924269303011726, "mae": 0.4049307405948639, "ci": 0.8004369868113731, "rm2": 0.35632139376378497, "pearson": 0.618992046245056, "spearman": 0.5519410271443855, "r2": 0.36842185258865356, "bias": -0.07294236868619919}, "val_multiplier_mean": 1.0869110822677612, "val_multiplier_min": 1.030768632888794, "val_multiplier_max": 1.1393179893493652}
{"epoch": 11, "train": {"loss": 0.2157291859442866, "mse": 0.21571454489421624, "adjustment": 0.014640871699190386}, "val": {"mse": 0.47947072982788086, "rmse": 0.6924382498301787, "mae": 0.40486618876457214, "ci": 0.800631488305063, "rm2": 0.3562519710298001, "pearson": 0.619179209038919, "spearman": 0.5522866974698379, "r2": 0.3684012293815613, "bias": -0.07344596832990646}, "val_multiplier_mean": 1.101345181465149, "val_multiplier_min": 1.047709345817566, "val_multiplier_max": 1.1465184688568115}
{"epoch": 12, "train": {"loss": 0.21572253725044857, "mse": 0.21570663919339364, "adjustment": 0.01589793637678238}, "val": {"mse": 0.47937867045402527, "rmse": 0.6923717718495066, "mae": 0.40477368235588074, "ci": 0.8006141766537922, "rm2": 0.3564049727758269, "pearson": 0.6192408362758142, "spearman": 0.5522716399191075, "r2": 0.3685224652290344, "bias": -0.07344462722539902}, "val_multiplier_mean": 1.0992891788482666, "val_multiplier_min": 1.0436201095581055, "val_multiplier_max": 1.1498363018035889}
{"epoch": 13, "train": {"loss": 0.21571373270561484, "mse": 0.21569661211207705, "adjustment": 0.017121188113753003}, "val": {"mse": 0.4792669713497162, "rmse": 0.6922911030409941, "mae": 0.4046913683414459, "ci": 0.8005701846929157, "rm2": 0.3565668093771136, "pearson": 0.6193333328931735, "spearman": 0.5522031736739873, "r2": 0.36866962909698486, "bias": -0.07343781739473343}, "val_multiplier_mean": 1.097572922706604, "val_multiplier_min": 1.0356639623641968, "val_multiplier_max": 1.152170181274414}
{"epoch": 14, "train": {"loss": 0.21570673863178177, "mse": 0.21568999130465683, "adjustment": 0.016747129454676542}, "val": {"mse": 0.4793001711368561, "rmse": 0.6923150808243715, "mae": 0.40473106503486633, "ci": 0.800581590016106, "rm2": 0.3565258306141634, "pearson": 0.6193250777099979, "spearman": 0.5522229266671964, "r2": 0.3686258792877197, "bias": -0.07351692765951157}, "val_multiplier_mean": 1.1001691818237305, "val_multiplier_min": 1.037819743156433, "val_multiplier_max": 1.1593748331069946}
{"epoch": 15, "train": {"loss": 0.21570561044230158, "mse": 0.2156871384983631, "adjustment": 0.018472370051318795}, "val": {"mse": 0.4790525436401367, "rmse": 0.6921362175469051, "mae": 0.4045957028865814, "ci": 0.800439227142714, "rm2": 0.3568880934966614, "pearson": 0.6195257707770517, "spearman": 0.5520062472444391, "r2": 0.36895209550857544, "bias": -0.07349611073732376}, "val_multiplier_mean": 1.0962212085723877, "val_multiplier_min": 1.0060678720474243, "val_multiplier_max": 1.156363844871521}
{"epoch": 16, "train": {"loss": 0.21570099654384306, "mse": 0.2156808350589928, "adjustment": 0.020160861026244283}, "val": {"mse": 0.4790929853916168, "rmse": 0.6921654320981486, "mae": 0.4046003520488739, "ci": 0.800483422770076, "rm2": 0.3568161805415713, "pearson": 0.619574133886942, "spearman": 0.5520492139102372, "r2": 0.36889880895614624, "bias": -0.07371889054775238}, "val_multiplier_mean": 1.1030150651931763, "val_multiplier_min": 1.0190547704696655, "val_multiplier_max": 1.1661677360534668}
{"epoch": 17, "train": {"loss": 0.21569516019067372, "mse": 0.21567475928589552, "adjustment": 0.02040069726874719}, "val": {"mse": 0.47911328077316284, "rmse": 0.6921800927310484, "mae": 0.40462726354599, "ci": 0.8005107140791383, "rm2": 0.3567748025560425, "pearson": 0.6196170261313995, "spearman": 0.5520894005657224, "r2": 0.36887210607528687, "bias": -0.07387371361255646}, "val_multiplier_mean": 1.108123779296875, "val_multiplier_min": 1.0251622200012207, "val_multiplier_max": 1.173366904258728}
{"epoch": 18, "train": {"loss": 0.21569448273370365, "mse": 0.2156742083833527, "adjustment": 0.020275128295007976}, "val": {"mse": 0.47914326190948486, "rmse": 0.6922017494267729, "mae": 0.404666543006897, "ci": 0.8004817934381917, "rm2": 0.3567190160299873, "pearson": 0.6196613593831458, "spearman": 0.5520229343025147, "r2": 0.3688325881958008, "bias": -0.07405658811330795}, "val_multiplier_mean": 1.1140408515930176, "val_multiplier_min": 1.0316261053085327, "val_multiplier_max": 1.1800618171691895}
{"epoch": 19, "train": {"loss": 0.21568707452536984, "mse": 0.2156649956540101, "adjustment": 0.02207893139368085}, "val": {"mse": 0.4789956212043762, "rmse": 0.6920950954922136, "mae": 0.4046131670475006, "ci": 0.8003520578869032, "rm2": 0.3569507420601036, "pearson": 0.6197001127784555, "spearman": 0.5518037982068075, "r2": 0.3690270781517029, "bias": -0.07383595407009125}, "val_multiplier_mean": 1.1062289476394653, "val_multiplier_min": 1.006455659866333, "val_multiplier_max": 1.1772745847702026}
{"epoch": 20, "train": {"loss": 0.21568245878632308, "mse": 0.21566059667112464, "adjustment": 0.02186247466118237}, "val": {"mse": 0.4789327383041382, "rmse": 0.6920496646225169, "mae": 0.4045984745025635, "ci": 0.8002642776316358, "rm2": 0.3570476168983525, "pearson": 0.6197332402019722, "spearman": 0.551673067898962, "r2": 0.3691099286079407, "bias": -0.0737878754734993}, "val_multiplier_mean": 1.1045805215835571, "val_multiplier_min": 0.9967440366744995, "val_multiplier_max": 1.1805288791656494}
{"epoch": 21, "train": {"loss": 0.2156838531832476, "mse": 0.21566210296232752, "adjustment": 0.021749757304880886}, "val": {"mse": 0.47874122858047485, "rmse": 0.6919112866404731, "mae": 0.4045306444168091, "ci": 0.8000923831178406, "rm2": 0.3573436174316649, "pearson": 0.6198069275216901, "spearman": 0.5513532291347598, "r2": 0.3693621754646301, "bias": -0.07355587929487228}, "val_multiplier_mean": 1.0964593887329102, "val_multiplier_min": 0.9636799097061157, "val_multiplier_max": 1.176647663116455}
{"epoch": 22, "train": {"loss": 0.2156808456391472, "mse": 0.21565872207721526, "adjustment": 0.022123439882147516}, "val": {"mse": 0.4786382019519806, "rmse": 0.6918368318844991, "mae": 0.4045164883136749, "ci": 0.7999946232047818, "rm2": 0.3574914355755908, "pearson": 0.6198532703081953, "spearman": 0.5511623819419371, "r2": 0.3694978952407837, "bias": -0.07342209666967392}, "val_multiplier_mean": 1.0926427841186523, "val_multiplier_min": 0.947342038154602, "val_multiplier_max": 1.1753400564193726}
{"epoch": 23, "train": {"loss": 0.21568083082262723, "mse": 0.2156581366668712, "adjustment": 0.022694416418406207}, "val": {"mse": 0.47857290506362915, "rmse": 0.6917896393150371, "mae": 0.40455546975135803, "ci": 0.7998416696741417, "rm2": 0.3575776499069616, "pearson": 0.6198860275578484, "spearman": 0.5509182619241604, "r2": 0.3695839047431946, "bias": -0.0733288899064064}, "val_multiplier_mean": 1.0909618139266968, "val_multiplier_min": 0.9352360367774963, "val_multiplier_max": 1.176391839981079}
{"epoch": 24, "train": {"loss": 0.21567890923705174, "mse": 0.21565641871089253, "adjustment": 0.02249157288240591}, "val": {"mse": 0.4785359799861908, "rmse": 0.6917629507180844, "mae": 0.4044659435749054, "ci": 0.7999585742368414, "rm2": 0.35762833892715523, "pearson": 0.6199670658900488, "spearman": 0.5511132340388355, "r2": 0.3696325421333313, "bias": -0.07347722351551056}, "val_multiplier_mean": 1.0940003395080566, "val_multiplier_min": 0.939425528049469, "val_multiplier_max": 1.1815862655639648}
{"epoch": 25, "train": {"loss": 0.21567538707495837, "mse": 0.2156527394209535, "adjustment": 0.022648150560554484}, "val": {"mse": 0.47837457060813904, "rmse": 0.6916462756410527, "mae": 0.4044402837753296, "ci": 0.799772626735544, "rm2": 0.35787609175017493, "pearson": 0.6199918392825825, "spearman": 0.5507979674811203, "r2": 0.3698451519012451, "bias": -0.07315364480018616}, "val_multiplier_mean": 1.0841909646987915, "val_multiplier_min": 0.9069995880126953, "val_multiplier_max": 1.1762948036193848}
{"epoch": 26, "train": {"loss": 0.21567263630582564, "mse": 0.21564917751406182, "adjustment": 0.02345865297066594}, "val": {"mse": 0.4785032868385315, "rmse": 0.6917393200032304, "mae": 0.4045726954936981, "ci": 0.7998567409940717, "rm2": 0.35761939852384456, "pearson": 0.6200470592687729, "spearman": 0.5509128432090663, "r2": 0.3696756362915039, "bias": -0.07350210100412369}, "val_multiplier_mean": 1.0978853702545166, "val_multiplier_min": 0.9398607015609741, "val_multiplier_max": 1.1842355728149414}
{"epoch": 27, "train": {"loss": 0.21567448278736814, "mse": 0.21565110504747734, "adjustment": 0.023377465577337928}, "val": {"mse": 0.47836074233055115, "rmse": 0.6916362789288537, "mae": 0.40452274680137634, "ci": 0.7996960481369811, "rm2": 0.3578509481162856, "pearson": 0.6200707192286541, "spearman": 0.5506656573696497, "r2": 0.3698633909225464, "bias": -0.07325460761785507}, "val_multiplier_mean": 1.0896899700164795, "val_multiplier_min": 0.9115236401557922, "val_multiplier_max": 1.1827448606491089}
{"epoch": 28, "train": {"loss": 0.21566920234492049, "mse": 0.21564511487823002, "adjustment": 0.02408701830925629}, "val": {"mse": 0.47827035188674927, "rmse": 0.6915709304812843, "mae": 0.40451064705848694, "ci": 0.7996390215210302, "rm2": 0.35798768994472574, "pearson": 0.6200919116545223, "spearman": 0.5505530819096027, "r2": 0.3699824810028076, "bias": -0.07309003919363022}, "val_multiplier_mean": 1.0853121280670166, "val_multiplier_min": 0.8935552835464478, "val_multiplier_max": 1.1821445226669312}
{"epoch": 29, "train": {"loss": 0.21566937029106367, "mse": 0.21564519578736063, "adjustment": 0.024174278767162053}, "val": {"mse": 0.47812551259994507, "rmse": 0.6914662049586697, "mae": 0.4044051468372345, "ci": 0.7997215064476736, "rm2": 0.3581692745623081, "pearson": 0.620225206179435, "spearman": 0.5506836756001158, "r2": 0.37017327547073364, "bias": -0.07304925471544266}, "val_multiplier_mean": 1.0835461616516113, "val_multiplier_min": 0.8828010559082031, "val_multiplier_max": 1.1819013357162476}
{"epoch": 30, "train": {"loss": 0.21567226052026015, "mse": 0.2156485891541859, "adjustment": 0.023670819195194894}, "val": {"mse": 0.47805169224739075, "rmse": 0.6914128233171487, "mae": 0.4043961465358734, "ci": 0.7996982884683221, "rm2": 0.3582571873196912, "pearson": 0.6202483072720667, "spearman": 0.5506431279921091, "r2": 0.3702704906463623, "bias": -0.07287336140871048}, "val_multiplier_mean": 1.0789827108383179, "val_multiplier_min": 0.8664258122444153, "val_multiplier_max": 1.1792794466018677}
{"epoch": 31, "train": {"loss": 0.21566980141262995, "mse": 0.21564584409259815, "adjustment": 0.023957704348019634}, "val": {"mse": 0.47802865505218506, "rmse": 0.6913961636082349, "mae": 0.40437743067741394, "ci": 0.7996809768170513, "rm2": 0.3582895159506455, "pearson": 0.6202762573856023, "spearman": 0.5506137712206922, "r2": 0.370300829410553, "bias": -0.07289699465036392}, "val_multiplier_mean": 1.0796786546707153, "val_multiplier_min": 0.8635356426239014, "val_multiplier_max": 1.1822340488433838}
{"epoch": 32, "train": {"loss": 0.21566672034398807, "mse": 0.21564176215282635, "adjustment": 0.024958856759249127}, "val": {"mse": 0.47791990637779236, "rmse": 0.6913175148785052, "mae": 0.40435275435447693, "ci": 0.7996870868116175, "rm2": 0.3584063873254549, "pearson": 0.6203562911804699, "spearman": 0.5506167014302837, "r2": 0.37044405937194824, "bias": -0.07275382429361343}, "val_multiplier_mean": 1.0760842561721802, "val_multiplier_min": 0.850330114364624, "val_multiplier_max": 1.179094910621643}
{"epoch": 33, "train": {"loss": 0.21566678093133193, "mse": 0.2156426706021831, "adjustment": 0.024110564722093074}, "val": {"mse": 0.47783195972442627, "rmse": 0.691253903948778, "mae": 0.4043326675891876, "ci": 0.7996964554699523, "rm2": 0.35851098937144527, "pearson": 0.6203878612350238, "spearman": 0.5506269134690295, "r2": 0.3705599308013916, "bias": -0.0725560188293457}, "val_multiplier_mean": 1.0704233646392822, "val_multiplier_min": 0.8336033821105957, "val_multiplier_max": 1.174602746963501}
{"epoch": 34, "train": {"loss": 0.21566820137336876, "mse": 0.2156435227636838, "adjustment": 0.024678054880671818}, "val": {"mse": 0.4778745770454407, "rmse": 0.6912847293593579, "mae": 0.4043150246143341, "ci": 0.7996997141337209, "rm2": 0.35845543368066346, "pearson": 0.6204515648540647, "spearman": 0.5506366344012005, "r2": 0.3705037832260132, "bias": -0.07289335131645203}, "val_multiplier_mean": 1.0804381370544434, "val_multiplier_min": 0.8525899648666382, "val_multiplier_max": 1.1847083568572998}
{"epoch": 35, "train": {"loss": 0.2156659642323569, "mse": 0.2156415170777162, "adjustment": 0.02444653067269063}, "val": {"mse": 0.4778265953063965, "rmse": 0.691250023729762, "mae": 0.4043314754962921, "ci": 0.7996606101684973, "rm2": 0.35851349317846554, "pearson": 0.6204381876481885, "spearman": 0.5505617712538771, "r2": 0.3705670237541199, "bias": -0.07268980145454407}, "val_multiplier_mean": 1.0750421285629272, "val_multiplier_min": 0.8379492163658142, "val_multiplier_max": 1.1816622018814087}
{"epoch": 36, "train": {"loss": 0.21566205105142758, "mse": 0.21563748948909417, "adjustment": 0.024561038877572203}, "val": {"mse": 0.4778274595737457, "rmse": 0.6912506488776309, "mae": 0.4043247401714325, "ci": 0.7996687568279189, "rm2": 0.35851092932426065, "pearson": 0.6204661759722557, "spearman": 0.5505771696251793, "r2": 0.37056583166122437, "bias": -0.07277900725603104}, "val_multiplier_mean": 1.0780304670333862, "val_multiplier_min": 0.8427001237869263, "val_multiplier_max": 1.1862508058547974}
{"epoch": 37, "train": {"loss": 0.21566265968790044, "mse": 0.21563821276279527, "adjustment": 0.02444702780670945}, "val": {"mse": 0.47783055901527405, "rmse": 0.6912528907825805, "mae": 0.40434545278549194, "ci": 0.7996119338784534, "rm2": 0.3584855587162934, "pearson": 0.6205383355674332, "spearman": 0.5504383681421454, "r2": 0.37056177854537964, "bias": -0.07296709716320038}, "val_multiplier_mean": 1.084746241569519, "val_multiplier_min": 0.8551642894744873, "val_multiplier_max": 1.191709280014038}
{"epoch": 38, "train": {"loss": 0.21566157108397827, "mse": 0.21563675893768144, "adjustment": 0.02481251714719384}, "val": {"mse": 0.4777650237083435, "rmse": 0.6912054858783627, "mae": 0.4043564796447754, "ci": 0.7995893268985587, "rm2": 0.3585666924573857, "pearson": 0.6205228327835812, "spearman": 0.5503975641935127, "r2": 0.3706481456756592, "bias": -0.07270362228155136}, "val_multiplier_mean": 1.0775583982467651, "val_multiplier_min": 0.8364347219467163, "val_multiplier_max": 1.188410758972168}
{"epoch": 39, "train": {"loss": 0.215660947041366, "mse": 0.21563589638324127, "adjustment": 0.025050335023324436}, "val": {"mse": 0.4777279794216156, "rmse": 0.6911786884891747, "mae": 0.40433260798454285, "ci": 0.7995893268985587, "rm2": 0.35859614363613546, "pearson": 0.6206307454929307, "spearman": 0.5503962513255122, "r2": 0.37069690227508545, "bias": -0.07288740575313568}, "val_multiplier_mean": 1.0833429098129272, "val_multiplier_min": 0.8440213203430176, "val_multiplier_max": 1.192920446395874}
{"epoch": 40, "train": {"loss": 0.21565772323460577, "mse": 0.2156328732077697, "adjustment": 0.02484982520057823}, "val": {"mse": 0.47765403985977173, "rmse": 0.6911251983973467, "mae": 0.40433406829833984, "ci": 0.7995921782293561, "rm2": 0.35869020712353916, "pearson": 0.62061091905952, "spearman": 0.5503704946835632, "r2": 0.3707943558692932, "bias": -0.07258768379688263}, "val_multiplier_mean": 1.0745631456375122, "val_multiplier_min": 0.8225773572921753, "val_multiplier_max": 1.1872620582580566}
{"epoch": 41, "train": {"loss": 0.21565826719082892, "mse": 0.21563346415565898, "adjustment": 0.024802922644456334}, "val": {"mse": 0.47767576575279236, "rmse": 0.691140915988044, "mae": 0.4044135808944702, "ci": 0.7995115263010826, "rm2": 0.35866798925534166, "pearson": 0.620532681855255, "spearman": 0.5501994491984249, "r2": 0.37076568603515625, "bias": -0.07241876423358917}, "val_multiplier_mean": 1.0709295272827148, "val_multiplier_min": 0.811440110206604, "val_multiplier_max": 1.1881598234176636}
{"epoch": 42, "train": {"loss": 0.21566247301811178, "mse": 0.21563762140461118, "adjustment": 0.024851377791792077}, "val": {"mse": 0.47764715552330017, "rmse": 0.6911202178516413, "mae": 0.40441396832466125, "ci": 0.7995213022923885, "rm2": 0.3587023550636251, "pearson": 0.6205215144902236, "spearman": 0.5502224664578131, "r2": 0.3708033561706543, "bias": -0.0722854807972908}, "val_multiplier_mean": 1.0672414302825928, "val_multiplier_min": 0.8037773370742798, "val_multiplier_max": 1.1855982542037964}
{"epoch": 43, "train": {"loss": 0.21565940266878023, "mse": 0.21563481632521467, "adjustment": 0.024586876813593804}, "val": {"mse": 0.47763314843177795, "rmse": 0.691110084162992, "mae": 0.40448158979415894, "ci": 0.7994465566921956, "rm2": 0.358697705300426, "pearson": 0.6205120646114266, "spearman": 0.5500911947522026, "r2": 0.37082183361053467, "bias": -0.07215449213981628}, "val_multiplier_mean": 1.0651185512542725, "val_multiplier_min": 0.8002801537513733, "val_multiplier_max": 1.183708906173706}
{"epoch": 44, "train": {"loss": 0.21566025597006844, "mse": 0.21563394896200466, "adjustment": 0.026306957753520963}, "val": {"mse": 0.47763344645500183, "rmse": 0.691110299774936, "mae": 0.4044968783855438, "ci": 0.7994646830094085, "rm2": 0.35870452830603616, "pearson": 0.6204751821657715, "spearman": 0.5501274962016252, "r2": 0.370821475982666, "bias": -0.07205349206924438}, "val_multiplier_mean": 1.0620371103286743, "val_multiplier_min": 0.7942700386047363, "val_multiplier_max": 1.1835591793060303}
{"epoch": 45, "train": {"loss": 0.21565248039582013, "mse": 0.21562737120756392, "adjustment": 0.02510884447668662}, "val": {"mse": 0.4776625633239746, "rmse": 0.69113136473754, "mae": 0.404579758644104, "ci": 0.7993339291256923, "rm2": 0.35865971427760557, "pearson": 0.620426648253524, "spearman": 0.5498879265342905, "r2": 0.37078309059143066, "bias": -0.07197075337171555}, "val_multiplier_mean": 1.061191201210022, "val_multiplier_min": 0.7914286851882935, "val_multiplier_max": 1.1842411756515503}
{"epoch": 46, "train": {"loss": 0.21565494764622406, "mse": 0.21563059125711406, "adjustment": 0.024357052122354738}, "val": {"mse": 0.4776376187801361, "rmse": 0.6911133183350876, "mae": 0.4046255648136139, "ci": 0.7992960471593821, "rm2": 0.3586711363396064, "pearson": 0.620428497062324, "spearman": 0.5498105059014257, "r2": 0.3708159327507019, "bias": -0.07184572517871857}, "val_multiplier_mean": 1.0583689212799072, "val_multiplier_min": 0.7857217788696289, "val_multiplier_max": 1.1811350584030151}
{"epoch": 47, "train": {"loss": 0.21565113309528736, "mse": 0.215627466007182, "adjustment": 0.023666840650430312}, "val": {"mse": 0.47768035531044006, "rmse": 0.6911442362563983, "mae": 0.40466684103012085, "ci": 0.7993247641338431, "rm2": 0.3586106491343868, "pearson": 0.6204321639582289, "spearman": 0.5498564439367032, "r2": 0.37075966596603394, "bias": -0.07198149710893631}, "val_multiplier_mean": 1.0645567178726196, "val_multiplier_min": 0.7975757122039795, "val_multiplier_max": 1.188049554824829}
{"epoch": 48, "train": {"loss": 0.21565038485098725, "mse": 0.2156251770528228, "adjustment": 0.025206936552727533}, "val": {"mse": 0.47767511010169983, "rmse": 0.6911404416626912, "mae": 0.4046621322631836, "ci": 0.7993219128030455, "rm2": 0.35862123764517895, "pearson": 0.6204451974122698, "spearman": 0.549852133360535, "r2": 0.3707665801048279, "bias": -0.07201618701219559}, "val_multiplier_mean": 1.0657750368118286, "val_multiplier_min": 0.7966562509536743, "val_multiplier_max": 1.1914608478546143}
{"epoch": 49, "train": {"loss": 0.2156505985356759, "mse": 0.21562556862182677, "adjustment": 0.025030083121729906}, "val": {"mse": 0.4777527451515198, "rmse": 0.6911966038339018, "mae": 0.4047689139842987, "ci": 0.7992011385771207, "rm2": 0.3585484603054739, "pearson": 0.620207911734959, "spearman": 0.5496640237543267, "r2": 0.3706642985343933, "bias": -0.07155807316303253}, "val_multiplier_mean": 1.0517338514328003, "val_multiplier_min": 0.7799760103225708, "val_multiplier_max": 1.1821634769439697}
{"epoch": 50, "train": {"loss": 0.21565283745845748, "mse": 0.2156291427902208, "adjustment": 0.023694718514282273}, "val": {"mse": 0.47779157757759094, "rmse": 0.6912246939871224, "mae": 0.40487241744995117, "ci": 0.79907242135826, "rm2": 0.35847912165990997, "pearson": 0.6201924959556835, "spearman": 0.5494144732350043, "r2": 0.370613157749176, "bias": -0.0715855285525322}, "val_multiplier_mean": 1.0558220148086548, "val_multiplier_min": 0.7855037450790405, "val_multiplier_max": 1.1877864599227905}
{"epoch": 51, "train": {"loss": 0.21565177890791223, "mse": 0.21562710057510454, "adjustment": 0.024678885402528924}, "val": {"mse": 0.47780340909957886, "rmse": 0.6912332523103752, "mae": 0.4048975110054016, "ci": 0.799056942705359, "rm2": 0.358460427158836, "pearson": 0.6201832518660213, "spearman": 0.5493973052010487, "r2": 0.3705975413322449, "bias": -0.07158494740724564}, "val_multiplier_mean": 1.0567084550857544, "val_multiplier_min": 0.786867618560791, "val_multiplier_max": 1.189552664756775}
{"epoch": 52, "train": {"loss": 0.21564793527338633, "mse": 0.2156238110580538, "adjustment": 0.02412483796277909}, "val": {"mse": 0.47789111733436584, "rmse": 0.6912966926974017, "mae": 0.4050437808036804, "ci": 0.7989335208151221, "rm2": 0.3583512285325087, "pearson": 0.6200219553555054, "spearman": 0.5492898544632506, "r2": 0.37048202753067017, "bias": -0.07134901732206345}, "val_multiplier_mean": 1.0516859292984009, "val_multiplier_min": 0.7817652225494385, "val_multiplier_max": 1.187708854675293}
{"epoch": 53, "train": {"loss": 0.21564655422969262, "mse": 0.2156215702401693, "adjustment": 0.024983631577505935}, "val": {"mse": 0.4779275953769684, "rmse": 0.6913230759760363, "mae": 0.4051452875137329, "ci": 0.7988390195658319, "rm2": 0.35829462837370885, "pearson": 0.6199928797978514, "spearman": 0.5491022911351777, "r2": 0.3704339265823364, "bias": -0.07134861499071121}, "val_multiplier_mean": 1.054429292678833, "val_multiplier_min": 0.783227801322937, "val_multiplier_max": 1.194275975227356}
{"epoch": 54, "train": {"loss": 0.21564668537483095, "mse": 0.2156226009781785, "adjustment": 0.024084251681010072}, "val": {"mse": 0.477985680103302, "rmse": 0.6913650845271997, "mae": 0.40523862838745117, "ci": 0.7987705876266907, "rm2": 0.3582176640377228, "pearson": 0.6198858239047723, "spearman": 0.5489740873263513, "r2": 0.3703574538230896, "bias": -0.07117903232574463}, "val_multiplier_mean": 1.0511263608932495, "val_multiplier_min": 0.7829051613807678, "val_multiplier_max": 1.1925337314605713}
{"epoch": 55, "train": {"loss": 0.21564271700064325, "mse": 0.21561856322543527, "adjustment": 0.024153477460026877}, "val": {"mse": 0.47806328535079956, "rmse": 0.691421206899817, "mae": 0.4052921533584595, "ci": 0.798772216958575, "rm2": 0.35815909307118127, "pearson": 0.6196687869120052, "spearman": 0.5489806316990204, "r2": 0.3702552318572998, "bias": -0.07081646472215652}, "val_multiplier_mean": 1.0378080606460571, "val_multiplier_min": 0.7694575190544128, "val_multiplier_max": 1.183791160583496}
{"epoch": 56, "train": {"loss": 0.21564833737089922, "mse": 0.215623889345458, "adjustment": 0.024447915161928176}, "val": {"mse": 0.4780779182910919, "rmse": 0.6914317886032518, "mae": 0.40540021657943726, "ci": 0.7986805670400824, "rm2": 0.35811014937940017, "pearson": 0.6196953676120813, "spearman": 0.5488304759648863, "r2": 0.3702359199523926, "bias": -0.07087850570678711}, "val_multiplier_mean": 1.043721318244934, "val_multiplier_min": 0.7742255926132202, "val_multiplier_max": 1.1908292770385742}
{"epoch": 57, "train": {"loss": 0.2156458239278998, "mse": 0.2156216135994353, "adjustment": 0.02420980015471384}, "val": {"mse": 0.47806453704833984, "rmse": 0.6914221120620455, "mae": 0.40542593598365784, "ci": 0.7986536830639912, "rm2": 0.358106261261944, "pearson": 0.6197525045618995, "spearman": 0.5487751333508902, "r2": 0.3702535629272461, "bias": -0.07097174227237701}, "val_multiplier_mean": 1.0491199493408203, "val_multiplier_min": 0.7801456451416016, "val_multiplier_max": 1.1962394714355469}
{"epoch": 58, "train": {"loss": 0.21564271562916834, "mse": 0.21561830792021244, "adjustment": 0.024407552169117466}, "val": {"mse": 0.4780731499195099, "rmse": 0.6914283404081075, "mae": 0.4054994285106659, "ci": 0.7985742531346309, "rm2": 0.3580812318620786, "pearson": 0.6197414355013507, "spearman": 0.5486391803869181, "r2": 0.37024223804473877, "bias": -0.07092855125665665}, "val_multiplier_mean": 1.0493004322052002, "val_multiplier_min": 0.7760629653930664, "val_multiplier_max": 1.1959195137023926}
{"epoch": 59, "train": {"loss": 0.21564621530897154, "mse": 0.21562144776286732, "adjustment": 0.02476705070393135}, "val": {"mse": 0.47815805673599243, "rmse": 0.691489737260064, "mae": 0.40564075112342834, "ci": 0.7984601999027289, "rm2": 0.3579759553655049, "pearson": 0.619593686727334, "spearman": 0.5484234843203166, "r2": 0.37013036012649536, "bias": -0.07072722911834717}, "val_multiplier_mean": 1.0446628332138062, "val_multiplier_min": 0.7714890241622925, "val_multiplier_max": 1.1942509412765503}
{"epoch": 60, "train": {"loss": 0.21563869814871822, "mse": 0.21561347069083364, "adjustment": 0.02522759736150925}, "val": {"mse": 0.47827810049057007, "rmse": 0.6915765326343644, "mae": 0.4057989716529846, "ci": 0.798414171276997, "rm2": 0.3578351069769013, "pearson": 0.6193818735448025, "spearman": 0.5483496137007865, "r2": 0.36997222900390625, "bias": -0.07045087963342667}, "val_multiplier_mean": 1.03815495967865, "val_multiplier_min": 0.7680777311325073, "val_multiplier_max": 1.1919883489608765}
{"epoch": 61, "train": {"loss": 0.2156390154414518, "mse": 0.21561497820861716, "adjustment": 0.02403739571648101}, "val": {"mse": 0.4784558117389679, "rmse": 0.6917050034074987, "mae": 0.4060708284378052, "ci": 0.7981620321678994, "rm2": 0.3576046126231521, "pearson": 0.6190815747783478, "spearman": 0.547899288887467, "r2": 0.3697381615638733, "bias": -0.07003098726272583}, "val_multiplier_mean": 1.027551293373108, "val_multiplier_min": 0.7610766887664795, "val_multiplier_max": 1.1835546493530273}
{"epoch": 62, "train": {"loss": 0.21563707791750134, "mse": 0.21561287595560774, "adjustment": 0.024201538796800502}, "val": {"mse": 0.4783344864845276, "rmse": 0.6916172977048272, "mae": 0.405973345041275, "ci": 0.7982164111195383, "rm2": 0.3577362291682365, "pearson": 0.6192824633605287, "spearman": 0.5479808410185831, "r2": 0.3698979616165161, "bias": -0.07024037837982178}, "val_multiplier_mean": 1.034706950187683, "val_multiplier_min": 0.7640729546546936, "val_multiplier_max": 1.188643217086792}
{"epoch": 63, "train": {"loss": 0.21563329889866825, "mse": 0.21560842532148441, "adjustment": 0.02487424470712358}, "val": {"mse": 0.47837844491004944, "rmse": 0.691649076418128, "mae": 0.4060337543487549, "ci": 0.7981542928414489, "rm2": 0.35768309929372016, "pearson": 0.6192152980126111, "spearman": 0.5478553811102673, "r2": 0.3698400855064392, "bias": -0.07016948610544205}, "val_multiplier_mean": 1.034547209739685, "val_multiplier_min": 0.7654263973236084, "val_multiplier_max": 1.1913840770721436}
{
  "guardrail": "validation only; test indices and metrics were not accessed",
  "condition": "real",
  "seed": 43,
  "best_epoch": 43,
  "epoch0_max_abs_difference_vs_frozen": 9.5367431640625e-07,
  "p13d_baseline": {
    "mse": 0.48946526646614075,
    "rmse": 0.6996179432133947,
    "mae": 0.43143847584724426,
    "ci": 0.7885622123720057,
    "rm2": 0.3410284448121984,
    "pearson": 0.5995077496596147,
    "spearman": 0.5319472626673567,
    "r2": 0.35523557662963867,
    "bias": -0.015189344994723797
  },
  "frozen_brics_baseline": {
    "mse": 0.48082873225212097,
    "rmse": 0.6934181510835442,
    "mae": 0.4076375663280487,
    "ci": 0.7984551082405904,
    "rm2": 0.3543160581979541,
    "pearson": 0.6163423197081244,
    "spearman": 0.5485955793818521,
    "r2": 0.36661237478256226,
    "bias": -0.06813604384660721
  },
  "best": {
    "mse": 0.47763320803642273,
    "rmse": 0.6911101272853862,
    "mae": 0.40448158979415894,
    "ci": 0.7994508336883919,
    "rm2": 0.358697705300426,
    "pearson": 0.6205120560346316,
    "spearman": 0.5500952274081576,
    "r2": 0.3708217740058899,
    "bias": -0.07215448468923569
  },
  "relative_mse_gain_vs_frozen": 0.0066459918178671225,
  "relative_mse_gain_vs_p13d": 0.02417356009710097,
  "multiplier": {
    "mean": 1.0651185512542725,
    "std": 0.13157324492931366,
    "min": 0.8002801537513733,
    "max": 1.183708906173706
  },
  "drug_bootstrap_vs_frozen": {
    "drugs": 7,
    "improved": 5,
    "worsened": 2,
    "improvements": [
      0.01119635533541441,
      0.007230550516396761,
      0.001848340849392116,
      -0.0003595287853386253,
      0.004905681125819683,
      0.008578798733651638,
      -0.01103148888796568
    ],
    "mean": 0.0031955298410529004,
    "ci95": [
      -0.002341077450962205,
      0.007706366799538955
    ],
    "probability_positive": 0.88685
  },
  "drug_bootstrap_vs_p13d": {
    "drugs": 7,
    "improved": 5,
    "worsened": 2,
    "improvements": [
      -0.02335566282272339,
      0.04182257130742073,
      0.007698535919189453,
      0.013538598082959652,
      0.059349965304136276,
      0.054810475558042526,
      -0.07104004919528961
    ],
    "mean": 0.011832062021962233,
    "ci95": [
      -0.022088664713581754,
      0.04144000208803585
    ],
    "probability_positive": 0.77555
  },
  "trainable_parameters": 161,
  "args": {
    "project": "/data1/ztx/MyModel-MDTA",
    "checkpoint": "outputs/Refine_experiment/davis/cold_start/drug_cold_5fold_seed42/baseline/fold_1/best_model.pt",
    "clean_checkpoint": "experiments/brics_hierarchical/outputs/graph_real_seed43/best.pt",
    "reference_predictions": "experiments/brics_hierarchical/outputs/graph_real_seed43/validation_predictions.npz",
    "global_cache": "experiments/pdbbind_to_davis_transfer/data/global_predictions/fold1_with_features.pt",
    "drug_cache": "experiments/brics_hierarchical/data/fold1_drug_encoder_inputs_chem.pt",
    "reliability_cache": "experiments/brics_hierarchical/data/fold1_brics_reliability.pt",
    "split": "data/splits/davis_drug_cold_5fold_seed42/fold_1/split.json",
    "condition": "real",
    "clean_condition": "real",
    "seed": 43,
    "device": "cuda:0",
    "batch_size": 128,
    "epochs": 100,
    "patience": 20,
    "lr": 0.001,
    "weight_decay": 0.0001,
    "max_adjustment": 0.25,
    "lambda_adjustment": 0.001,
    "output_dir": "experiments/brics_hierarchical/outputs/reliability_real_seed43"
  },
  "history": [
    {
      "epoch": 1,
      "train": {
        "loss": 0.21593820981023584,
        "mse": 0.21593818134208886,
        "adjustment": 2.9334186674131218e-05
      },
      "val": {
        "mse": 0.4806823432445526,
        "rmse": 0.6933125869653259,
        "mae": 0.40731048583984375,
        "ci": 0.7987318909944383,
        "rm2": 0.3544969332647534,
        "pearson": 0.6166886285585598,
        "spearman": 0.5490746377375338,
        "r2": 0.36680519580841064,
        "bias": -0.06879176944494247
      },
      "val_multiplier_mean": 1.0130946636199951,
      "val_multiplier_min": 1.0079444646835327,
      "val_multiplier_max": 1.0174204111099243
    },
    {
      "epoch": 2,
      "train": {
        "loss": 0.21590753615223846,
        "mse": 0.21590721461309717,
        "adjustment": 0.0003217570558944854
      },
      "val": {
        "mse": 0.4804378151893616,
        "rmse": 0.6931362169078756,
        "mae": 0.4069005846977234,
        "ci": 0.799098490668409,
        "rm2": 0.3548249508166056,
        "pearson": 0.6171310623512122,
        "spearman": 0.5496010993616918,
        "r2": 0.36712729930877686,
        "bias": -0.06949080526828766
      },
      "val_multiplier_mean": 1.0259236097335815,
      "val_multiplier_min": 1.0152757167816162,
      "val_multiplier_max": 1.038421630859375
    },
    {
      "epoch": 3,
      "train": {
        "loss": 0.21587246738620267,
        "mse": 0.215871148268332,
        "adjustment": 0.0013189731566602143
      },
      "val": {
        "mse": 0.48020708560943604,
        "rmse": 0.6929697580771012,
        "mae": 0.4065016806125641,
        "ci": 0.7993811797503375,
        "rm2": 0.3551554703479739,
        "pearson": 0.617520867280041,
        "spearman": 0.5501090005948754,
        "r2": 0.3674312233924866,
        "bias": -0.07010781019926071
      },
      "val_multiplier_mean": 1.0363503694534302,
      "val_multiplier_min": 1.0178890228271484,
      "val_multiplier_max": 1.0627615451812744
    },
    {
      "epoch": 4,
      "train": {
        "loss": 0.21583804973721493,
        "mse": 0.21583540616764121,
        "adjustment": 0.002643394321137778
      },
      "val": {
        "mse": 0.4799635708332062,
        "rmse": 0.6927940320421403,
        "mae": 0.40608781576156616,
        "ci": 0.7995923818958417,
        "rm2": 0.3555280091847972,
        "pearson": 0.6178896290019472,
        "spearman": 0.5504784876128057,
        "r2": 0.3677520155906677,
        "bias": -0.07067689299583435
      },
      "val_multiplier_mean": 1.0445224046707153,
      "val_multiplier_min": 1.0111429691314697,
      "val_multiplier_max": 1.0891696214675903
    },
    {
      "epoch": 5,
      "train": {
        "loss": 0.21581410133966045,
        "mse": 0.21580808881078106,
        "adjustment": 0.006012708414659798
      },
      "val": {
        "mse": 0.4797624349594116,
        "rmse": 0.692648854008589,
        "mae": 0.405758261680603,
        "ci": 0.7997290421076385,
        "rm2": 0.3558495203140674,
        "pearson": 0.6181612835141266,
        "spearman": 0.5507108566298633,
        "r2": 0.36801695823669434,
        "bias": -0.07107266783714294
      },
      "val_multiplier_mean": 1.049317717552185,
      "val_multiplier_min": 1.0004287958145142,
      "val_multiplier_max": 1.1078771352767944
    },
    {
      "epoch": 6,
      "train": {
        "loss": 0.21578806436009065,
        "mse": 0.21578106848225162,
        "adjustment": 0.006995371621818676
      },
      "val": {
        "mse": 0.47967103123664856,
        "rmse": 0.6925828695807084,
        "mae": 0.40549468994140625,
        "ci": 0.7999451322487957,
        "rm2": 0.3559973338032165,
        "pearson": 0.6183936585352758,
        "spearman": 0.5511159266870908,
        "r2": 0.3681373596191406,
        "bias": -0.07160633057355881
      },
      "val_multiplier_mean": 1.0594332218170166,
      "val_multiplier_min": 1.0081905126571655,
      "val_multiplier_max": 1.12163245677948
    },
    {
      "epoch": 7,
      "train": {
        "loss": 0.21577057353718238,
        "mse": 0.21576050033858665,
        "adjustment": 0.010072890521881898
      },
      "val": {
        "mse": 0.4796445071697235,
        "rmse": 0.6925637206566075,
        "mae": 0.40525150299072266,
        "ci": 0.8002245626669556,
        "rm2": 0.3560339082455379,
        "pearson": 0.6186566316738477,
        "spearman": 0.551595885219946,
        "r2": 0.368172287940979,
        "bias": -0.07236392796039581
      },
      "val_multiplier_mean": 1.076595664024353,
      "val_multiplier_min": 1.0252240896224976,
      "val_multiplier_max": 1.1332933902740479
    },
    {
      "epoch": 8,
      "train": {
        "loss": 0.21575494729469494,
        "mse": 0.2157437355932997,
        "adjustment": 0.011211400054598912
      },
      "val": {
        "mse": 0.4795239567756653,
        "rmse": 0.6924766831999943,
        "mae": 0.4051056504249573,
        "ci": 0.800291568940698,
        "rm2": 0.3562166278612568,
        "pearson": 0.6188016625340722,
        "spearman": 0.551718002607482,
        "r2": 0.3683311343193054,
        "bias": -0.07251676172018051
      },
      "val_multiplier_mean": 1.078093409538269,
      "val_multiplier_min": 1.02378511428833,
      "val_multiplier_max": 1.1385499238967896
    },
    {
      "epoch": 9,
      "train": {
        "loss": 0.21574556931983843,
        "mse": 0.2157321431526748,
        "adjustment": 0.013425806073088686
      },
      "val": {
        "mse": 0.4794396758079529,
        "rmse": 0.6924158257925311,
        "mae": 0.4049625098705292,
        "ci": 0.8003274142421529,
        "rm2": 0.3563639804315812,
        "pearson": 0.6189423711444937,
        "spearman": 0.551751648321666,
        "r2": 0.3684421181678772,
        "bias": -0.07279647141695023
      },
      "val_multiplier_mean": 1.082589030265808,
      "val_multiplier_min": 1.0180752277374268,
      "val_multiplier_max": 1.1420035362243652
    },
    {
      "epoch": 10,
      "train": {
        "loss": 0.21573580624888053,
        "mse": 0.2157220208327534,
        "adjustment": 0.01378551172321196
      },
      "val": {
        "mse": 0.47945505380630493,
        "rmse": 0.6924269303011726,
        "mae": 0.4049307405948639,
        "ci": 0.8004369868113731,
        "rm2": 0.35632139376378497,
        "pearson": 0.618992046245056,
        "spearman": 0.5519410271443855,
        "r2": 0.36842185258865356,
        "bias": -0.07294236868619919
      },
      "val_multiplier_mean": 1.0869110822677612,
      "val_multiplier_min": 1.030768632888794,
      "val_multiplier_max": 1.1393179893493652
    },
    {
      "epoch": 11,
      "train": {
        "loss": 0.2157291859442866,
        "mse": 0.21571454489421624,
        "adjustment": 0.014640871699190386
      },
      "val": {
        "mse": 0.47947072982788086,
        "rmse": 0.6924382498301787,
        "mae": 0.40486618876457214,
        "ci": 0.800631488305063,
        "rm2": 0.3562519710298001,
        "pearson": 0.619179209038919,
        "spearman": 0.5522866974698379,
        "r2": 0.3684012293815613,
        "bias": -0.07344596832990646
      },
      "val_multiplier_mean": 1.101345181465149,
      "val_multiplier_min": 1.047709345817566,
      "val_multiplier_max": 1.1465184688568115
    },
    {
      "epoch": 12,
      "train": {
        "loss": 0.21572253725044857,
        "mse": 0.21570663919339364,
        "adjustment": 0.01589793637678238
      },
      "val": {
        "mse": 0.47937867045402527,
        "rmse": 0.6923717718495066,
        "mae": 0.40477368235588074,
        "ci": 0.8006141766537922,
        "rm2": 0.3564049727758269,
        "pearson": 0.6192408362758142,
        "spearman": 0.5522716399191075,
        "r2": 0.3685224652290344,
        "bias": -0.07344462722539902
      },
      "val_multiplier_mean": 1.0992891788482666,
      "val_multiplier_min": 1.0436201095581055,
      "val_multiplier_max": 1.1498363018035889
    },
    {
      "epoch": 13,
      "train": {
        "loss": 0.21571373270561484,
        "mse": 0.21569661211207705,
        "adjustment": 0.017121188113753003
      },
      "val": {
        "mse": 0.4792669713497162,
        "rmse": 0.6922911030409941,
        "mae": 0.4046913683414459,
        "ci": 0.8005701846929157,
        "rm2": 0.3565668093771136,
        "pearson": 0.6193333328931735,
        "spearman": 0.5522031736739873,
        "r2": 0.36866962909698486,
        "bias": -0.07343781739473343
      },
      "val_multiplier_mean": 1.097572922706604,
      "val_multiplier_min": 1.0356639623641968,
      "val_multiplier_max": 1.152170181274414
    },
    {
      "epoch": 14,
      "train": {
        "loss": 0.21570673863178177,
        "mse": 0.21568999130465683,
        "adjustment": 0.016747129454676542
      },
      "val": {
        "mse": 0.4793001711368561,
        "rmse": 0.6923150808243715,
        "mae": 0.40473106503486633,
        "ci": 0.800581590016106,
        "rm2": 0.3565258306141634,
        "pearson": 0.6193250777099979,
        "spearman": 0.5522229266671964,
        "r2": 0.3686258792877197,
        "bias": -0.07351692765951157
      },
      "val_multiplier_mean": 1.1001691818237305,
      "val_multiplier_min": 1.037819743156433,
      "val_multiplier_max": 1.1593748331069946
    },
    {
      "epoch": 15,
      "train": {
        "loss": 0.21570561044230158,
        "mse": 0.2156871384983631,
        "adjustment": 0.018472370051318795
      },
      "val": {
        "mse": 0.4790525436401367,
        "rmse": 0.6921362175469051,
        "mae": 0.4045957028865814,
        "ci": 0.800439227142714,
        "rm2": 0.3568880934966614,
        "pearson": 0.6195257707770517,
        "spearman": 0.5520062472444391,
        "r2": 0.36895209550857544,
        "bias": -0.07349611073732376
      },
      "val_multiplier_mean": 1.0962212085723877,
      "val_multiplier_min": 1.0060678720474243,
      "val_multiplier_max": 1.156363844871521
    },
    {
      "epoch": 16,
      "train": {
        "loss": 0.21570099654384306,
        "mse": 0.2156808350589928,
        "adjustment": 0.020160861026244283
      },
      "val": {
        "mse": 0.4790929853916168,
        "rmse": 0.6921654320981486,
        "mae": 0.4046003520488739,
        "ci": 0.800483422770076,
        "rm2": 0.3568161805415713,
        "pearson": 0.619574133886942,
        "spearman": 0.5520492139102372,
        "r2": 0.36889880895614624,
        "bias": -0.07371889054775238
      },
      "val_multiplier_mean": 1.1030150651931763,
      "val_multiplier_min": 1.0190547704696655,
      "val_multiplier_max": 1.1661677360534668
    },
    {
      "epoch": 17,
      "train": {
        "loss": 0.21569516019067372,
        "mse": 0.21567475928589552,
        "adjustment": 0.02040069726874719
      },
      "val": {
        "mse": 0.47911328077316284,
        "rmse": 0.6921800927310484,
        "mae": 0.40462726354599,
        "ci": 0.8005107140791383,
        "rm2": 0.3567748025560425,
        "pearson": 0.6196170261313995,
        "spearman": 0.5520894005657224,
        "r2": 0.36887210607528687,
        "bias": -0.07387371361255646
      },
      "val_multiplier_mean": 1.108123779296875,
      "val_multiplier_min": 1.0251622200012207,
      "val_multiplier_max": 1.173366904258728
    },
    {
      "epoch": 18,
      "train": {
        "loss": 0.21569448273370365,
        "mse": 0.2156742083833527,
        "adjustment": 0.020275128295007976
      },
      "val": {
        "mse": 0.47914326190948486,
        "rmse": 0.6922017494267729,
        "mae": 0.404666543006897,
        "ci": 0.8004817934381917,
        "rm2": 0.3567190160299873,
        "pearson": 0.6196613593831458,
        "spearman": 0.5520229343025147,
        "r2": 0.3688325881958008,
        "bias": -0.07405658811330795
      },
      "val_multiplier_mean": 1.1140408515930176,
      "val_multiplier_min": 1.0316261053085327,
      "val_multiplier_max": 1.1800618171691895
    },
    {
      "epoch": 19,
      "train": {
        "loss": 0.21568707452536984,
        "mse": 0.2156649956540101,
        "adjustment": 0.02207893139368085
      },
      "val": {
        "mse": 0.4789956212043762,
        "rmse": 0.6920950954922136,
        "mae": 0.4046131670475006,
        "ci": 0.8003520578869032,
        "rm2": 0.3569507420601036,
        "pearson": 0.6197001127784555,
        "spearman": 0.5518037982068075,
        "r2": 0.3690270781517029,
        "bias": -0.07383595407009125
      },
      "val_multiplier_mean": 1.1062289476394653,
      "val_multiplier_min": 1.006455659866333,
      "val_multiplier_max": 1.1772745847702026
    },
    {
      "epoch": 20,
      "train": {
        "loss": 0.21568245878632308,
        "mse": 0.21566059667112464,
        "adjustment": 0.02186247466118237
      },
      "val": {
        "mse": 0.4789327383041382,
        "rmse": 0.6920496646225169,
        "mae": 0.4045984745025635,
        "ci": 0.8002642776316358,
        "rm2": 0.3570476168983525,
        "pearson": 0.6197332402019722,
        "spearman": 0.551673067898962,
        "r2": 0.3691099286079407,
        "bias": -0.0737878754734993
      },
      "val_multiplier_mean": 1.1045805215835571,
      "val_multiplier_min": 0.9967440366744995,
      "val_multiplier_max": 1.1805288791656494
    },
    {
      "epoch": 21,
      "train": {
        "loss": 0.2156838531832476,
        "mse": 0.21566210296232752,
        "adjustment": 0.021749757304880886
      },
      "val": {
        "mse": 0.47874122858047485,
        "rmse": 0.6919112866404731,
        "mae": 0.4045306444168091,
        "ci": 0.8000923831178406,
        "rm2": 0.3573436174316649,
        "pearson": 0.6198069275216901,
        "spearman": 0.5513532291347598,
        "r2": 0.3693621754646301,
        "bias": -0.07355587929487228
      },
      "val_multiplier_mean": 1.0964593887329102,
      "val_multiplier_min": 0.9636799097061157,
      "val_multiplier_max": 1.176647663116455
    },
    {
      "epoch": 22,
      "train": {
        "loss": 0.2156808456391472,
        "mse": 0.21565872207721526,
        "adjustment": 0.022123439882147516
      },
      "val": {
        "mse": 0.4786382019519806,
        "rmse": 0.6918368318844991,
        "mae": 0.4045164883136749,
        "ci": 0.7999946232047818,
        "rm2": 0.3574914355755908,
        "pearson": 0.6198532703081953,
        "spearman": 0.5511623819419371,
        "r2": 0.3694978952407837,
        "bias": -0.07342209666967392
      },
      "val_multiplier_mean": 1.0926427841186523,
      "val_multiplier_min": 0.947342038154602,
      "val_multiplier_max": 1.1753400564193726
    },
    {
      "epoch": 23,
      "train": {
        "loss": 0.21568083082262723,
        "mse": 0.2156581366668712,
        "adjustment": 0.022694416418406207
      },
      "val": {
        "mse": 0.47857290506362915,
        "rmse": 0.6917896393150371,
        "mae": 0.40455546975135803,
        "ci": 0.7998416696741417,
        "rm2": 0.3575776499069616,
        "pearson": 0.6198860275578484,
        "spearman": 0.5509182619241604,
        "r2": 0.3695839047431946,
        "bias": -0.0733288899064064
      },
      "val_multiplier_mean": 1.0909618139266968,
      "val_multiplier_min": 0.9352360367774963,
      "val_multiplier_max": 1.176391839981079
    },
    {
      "epoch": 24,
      "train": {
        "loss": 0.21567890923705174,
        "mse": 0.21565641871089253,
        "adjustment": 0.02249157288240591
      },
      "val": {
        "mse": 0.4785359799861908,
        "rmse": 0.6917629507180844,
        "mae": 0.4044659435749054,
        "ci": 0.7999585742368414,
        "rm2": 0.35762833892715523,
        "pearson": 0.6199670658900488,
        "spearman": 0.5511132340388355,
        "r2": 0.3696325421333313,
        "bias": -0.07347722351551056
      },
      "val_multiplier_mean": 1.0940003395080566,
      "val_multiplier_min": 0.939425528049469,
      "val_multiplier_max": 1.1815862655639648
    },
    {
      "epoch": 25,
      "train": {
        "loss": 0.21567538707495837,
        "mse": 0.2156527394209535,
        "adjustment": 0.022648150560554484
      },
      "val": {
        "mse": 0.47837457060813904,
        "rmse": 0.6916462756410527,
        "mae": 0.4044402837753296,
        "ci": 0.799772626735544,
        "rm2": 0.35787609175017493,
        "pearson": 0.6199918392825825,
        "spearman": 0.5507979674811203,
        "r2": 0.3698451519012451,
        "bias": -0.07315364480018616
      },
      "val_multiplier_mean": 1.0841909646987915,
      "val_multiplier_min": 0.9069995880126953,
      "val_multiplier_max": 1.1762948036193848
    },
    {
      "epoch": 26,
      "train": {
        "loss": 0.21567263630582564,
        "mse": 0.21564917751406182,
        "adjustment": 0.02345865297066594
      },
      "val": {
        "mse": 0.4785032868385315,
        "rmse": 0.6917393200032304,
        "mae": 0.4045726954936981,
        "ci": 0.7998567409940717,
        "rm2": 0.35761939852384456,
        "pearson": 0.6200470592687729,
        "spearman": 0.5509128432090663,
        "r2": 0.3696756362915039,
        "bias": -0.07350210100412369
      },
      "val_multiplier_mean": 1.0978853702545166,
      "val_multiplier_min": 0.9398607015609741,
      "val_multiplier_max": 1.1842355728149414
    },
    {
      "epoch": 27,
      "train": {
        "loss": 0.21567448278736814,
        "mse": 0.21565110504747734,
        "adjustment": 0.023377465577337928
      },
      "val": {
        "mse": 0.47836074233055115,
        "rmse": 0.6916362789288537,
        "mae": 0.40452274680137634,
        "ci": 0.7996960481369811,
        "rm2": 0.3578509481162856,
        "pearson": 0.6200707192286541,
        "spearman": 0.5506656573696497,
        "r2": 0.3698633909225464,
        "bias": -0.07325460761785507
      },
      "val_multiplier_mean": 1.0896899700164795,
      "val_multiplier_min": 0.9115236401557922,
      "val_multiplier_max": 1.1827448606491089
    },
    {
      "epoch": 28,
      "train": {
        "loss": 0.21566920234492049,
        "mse": 0.21564511487823002,
        "adjustment": 0.02408701830925629
      },
      "val": {
        "mse": 0.47827035188674927,
        "rmse": 0.6915709304812843,
        "mae": 0.40451064705848694,
        "ci": 0.7996390215210302,
        "rm2": 0.35798768994472574,
        "pearson": 0.6200919116545223,
        "spearman": 0.5505530819096027,
        "r2": 0.3699824810028076,
        "bias": -0.07309003919363022
      },
      "val_multiplier_mean": 1.0853121280670166,
      "val_multiplier_min": 0.8935552835464478,
      "val_multiplier_max": 1.1821445226669312
    },
    {
      "epoch": 29,
      "train": {
        "loss": 0.21566937029106367,
        "mse": 0.21564519578736063,
        "adjustment": 0.024174278767162053
      },
      "val": {
        "mse": 0.47812551259994507,
        "rmse": 0.6914662049586697,
        "mae": 0.4044051468372345,
        "ci": 0.7997215064476736,
        "rm2": 0.3581692745623081,
        "pearson": 0.620225206179435,
        "spearman": 0.5506836756001158,
        "r2": 0.37017327547073364,
        "bias": -0.07304925471544266
      },
      "val_multiplier_mean": 1.0835461616516113,
      "val_multiplier_min": 0.8828010559082031,
      "val_multiplier_max": 1.1819013357162476
    },
    {
      "epoch": 30,
      "train": {
        "loss": 0.21567226052026015,
        "mse": 0.2156485891541859,
        "adjustment": 0.023670819195194894
      },
      "val": {
        "mse": 0.47805169224739075,
        "rmse": 0.6914128233171487,
        "mae": 0.4043961465358734,
        "ci": 0.7996982884683221,
        "rm2": 0.3582571873196912,
        "pearson": 0.6202483072720667,
        "spearman": 0.5506431279921091,
        "r2": 0.3702704906463623,
        "bias": -0.07287336140871048
      },
      "val_multiplier_mean": 1.0789827108383179,
      "val_multiplier_min": 0.8664258122444153,
      "val_multiplier_max": 1.1792794466018677
    },
    {
      "epoch": 31,
      "train": {
        "loss": 0.21566980141262995,
        "mse": 0.21564584409259815,
        "adjustment": 0.023957704348019634
      },
      "val": {
        "mse": 0.47802865505218506,
        "rmse": 0.6913961636082349,
        "mae": 0.40437743067741394,
        "ci": 0.7996809768170513,
        "rm2": 0.3582895159506455,
        "pearson": 0.6202762573856023,
        "spearman": 0.5506137712206922,
        "r2": 0.370300829410553,
        "bias": -0.07289699465036392
      },
      "val_multiplier_mean": 1.0796786546707153,
      "val_multiplier_min": 0.8635356426239014,
      "val_multiplier_max": 1.1822340488433838
    },
    {
      "epoch": 32,
      "train": {
        "loss": 0.21566672034398807,
        "mse": 0.21564176215282635,
        "adjustment": 0.024958856759249127
      },
      "val": {
        "mse": 0.47791990637779236,
        "rmse": 0.6913175148785052,
        "mae": 0.40435275435447693,
        "ci": 0.7996870868116175,
        "rm2": 0.3584063873254549,
        "pearson": 0.6203562911804699,
        "spearman": 0.5506167014302837,
        "r2": 0.37044405937194824,
        "bias": -0.07275382429361343
      },
      "val_multiplier_mean": 1.0760842561721802,
      "val_multiplier_min": 0.850330114364624,
      "val_multiplier_max": 1.179094910621643
    },
    {
      "epoch": 33,
      "train": {
        "loss": 0.21566678093133193,
        "mse": 0.2156426706021831,
        "adjustment": 0.024110564722093074
      },
      "val": {
        "mse": 0.47783195972442627,
        "rmse": 0.691253903948778,
        "mae": 0.4043326675891876,
        "ci": 0.7996964554699523,
        "rm2": 0.35851098937144527,
        "pearson": 0.6203878612350238,
        "spearman": 0.5506269134690295,
        "r2": 0.3705599308013916,
        "bias": -0.0725560188293457
      },
      "val_multiplier_mean": 1.0704233646392822,
      "val_multiplier_min": 0.8336033821105957,
      "val_multiplier_max": 1.174602746963501
    },
    {
      "epoch": 34,
      "train": {
        "loss": 0.21566820137336876,
        "mse": 0.2156435227636838,
        "adjustment": 0.024678054880671818
      },
      "val": {
        "mse": 0.4778745770454407,
        "rmse": 0.6912847293593579,
        "mae": 0.4043150246143341,
        "ci": 0.7996997141337209,
        "rm2": 0.35845543368066346,
        "pearson": 0.6204515648540647,
        "spearman": 0.5506366344012005,
        "r2": 0.3705037832260132,
        "bias": -0.07289335131645203
      },
      "val_multiplier_mean": 1.0804381370544434,
      "val_multiplier_min": 0.8525899648666382,
      "val_multiplier_max": 1.1847083568572998
    },
    {
      "epoch": 35,
      "train": {
        "loss": 0.2156659642323569,
        "mse": 0.2156415170777162,
        "adjustment": 0.02444653067269063
      },
      "val": {
        "mse": 0.4778265953063965,
        "rmse": 0.691250023729762,
        "mae": 0.4043314754962921,
        "ci": 0.7996606101684973,
        "rm2": 0.35851349317846554,
        "pearson": 0.6204381876481885,
        "spearman": 0.5505617712538771,
        "r2": 0.3705670237541199,
        "bias": -0.07268980145454407
      },
      "val_multiplier_mean": 1.0750421285629272,
      "val_multiplier_min": 0.8379492163658142,
      "val_multiplier_max": 1.1816622018814087
    },
    {
      "epoch": 36,
      "train": {
        "loss": 0.21566205105142758,
        "mse": 0.21563748948909417,
        "adjustment": 0.024561038877572203
      },
      "val": {
        "mse": 0.4778274595737457,
        "rmse": 0.6912506488776309,
        "mae": 0.4043247401714325,
        "ci": 0.7996687568279189,
        "rm2": 0.35851092932426065,
        "pearson": 0.6204661759722557,
        "spearman": 0.5505771696251793,
        "r2": 0.37056583166122437,
        "bias": -0.07277900725603104
      },
      "val_multiplier_mean": 1.0780304670333862,
      "val_multiplier_min": 0.8427001237869263,
      "val_multiplier_max": 1.1862508058547974
    },
    {
      "epoch": 37,
      "train": {
        "loss": 0.21566265968790044,
        "mse": 0.21563821276279527,
        "adjustment": 0.02444702780670945
      },
      "val": {
        "mse": 0.47783055901527405,
        "rmse": 0.6912528907825805,
        "mae": 0.40434545278549194,
        "ci": 0.7996119338784534,
        "rm2": 0.3584855587162934,
        "pearson": 0.6205383355674332,
        "spearman": 0.5504383681421454,
        "r2": 0.37056177854537964,
        "bias": -0.07296709716320038
      },
      "val_multiplier_mean": 1.084746241569519,
      "val_multiplier_min": 0.8551642894744873,
      "val_multiplier_max": 1.191709280014038
    },
    {
      "epoch": 38,
      "train": {
        "loss": 0.21566157108397827,
        "mse": 0.21563675893768144,
        "adjustment": 0.02481251714719384
      },
      "val": {
        "mse": 0.4777650237083435,
        "rmse": 0.6912054858783627,
        "mae": 0.4043564796447754,
        "ci": 0.7995893268985587,
        "rm2": 0.3585666924573857,
        "pearson": 0.6205228327835812,
        "spearman": 0.5503975641935127,
        "r2": 0.3706481456756592,
        "bias": -0.07270362228155136
      },
      "val_multiplier_mean": 1.0775583982467651,
      "val_multiplier_min": 0.8364347219467163,
      "val_multiplier_max": 1.188410758972168
    },
    {
      "epoch": 39,
      "train": {
        "loss": 0.215660947041366,
        "mse": 0.21563589638324127,
        "adjustment": 0.025050335023324436
      },
      "val": {
        "mse": 0.4777279794216156,
        "rmse": 0.6911786884891747,
        "mae": 0.40433260798454285,
        "ci": 0.7995893268985587,
        "rm2": 0.35859614363613546,
        "pearson": 0.6206307454929307,
        "spearman": 0.5503962513255122,
        "r2": 0.37069690227508545,
        "bias": -0.07288740575313568
      },
      "val_multiplier_mean": 1.0833429098129272,
      "val_multiplier_min": 0.8440213203430176,
      "val_multiplier_max": 1.192920446395874
    },
    {
      "epoch": 40,
      "train": {
        "loss": 0.21565772323460577,
        "mse": 0.2156328732077697,
        "adjustment": 0.02484982520057823
      },
      "val": {
        "mse": 0.47765403985977173,
        "rmse": 0.6911251983973467,
        "mae": 0.40433406829833984,
        "ci": 0.7995921782293561,
        "rm2": 0.35869020712353916,
        "pearson": 0.62061091905952,
        "spearman": 0.5503704946835632,
        "r2": 0.3707943558692932,
        "bias": -0.07258768379688263
      },
      "val_multiplier_mean": 1.0745631456375122,
      "val_multiplier_min": 0.8225773572921753,
      "val_multiplier_max": 1.1872620582580566
    },
    {
      "epoch": 41,
      "train": {
        "loss": 0.21565826719082892,
        "mse": 0.21563346415565898,
        "adjustment": 0.024802922644456334
      },
      "val": {
        "mse": 0.47767576575279236,
        "rmse": 0.691140915988044,
        "mae": 0.4044135808944702,
        "ci": 0.7995115263010826,
        "rm2": 0.35866798925534166,
        "pearson": 0.620532681855255,
        "spearman": 0.5501994491984249,
        "r2": 0.37076568603515625,
        "bias": -0.07241876423358917
      },
      "val_multiplier_mean": 1.0709295272827148,
      "val_multiplier_min": 0.811440110206604,
      "val_multiplier_max": 1.1881598234176636
    },
    {
      "epoch": 42,
      "train": {
        "loss": 0.21566247301811178,
        "mse": 0.21563762140461118,
        "adjustment": 0.024851377791792077
      },
      "val": {
        "mse": 0.47764715552330017,
        "rmse": 0.6911202178516413,
        "mae": 0.40441396832466125,
        "ci": 0.7995213022923885,
        "rm2": 0.3587023550636251,
        "pearson": 0.6205215144902236,
        "spearman": 0.5502224664578131,
        "r2": 0.3708033561706543,
        "bias": -0.0722854807972908
      },
      "val_multiplier_mean": 1.0672414302825928,
      "val_multiplier_min": 0.8037773370742798,
      "val_multiplier_max": 1.1855982542037964
    },
    {
      "epoch": 43,
      "train": {
        "loss": 0.21565940266878023,
        "mse": 0.21563481632521467,
        "adjustment": 0.024586876813593804
      },
      "val": {
        "mse": 0.47763314843177795,
        "rmse": 0.691110084162992,
        "mae": 0.40448158979415894,
        "ci": 0.7994465566921956,
        "rm2": 0.358697705300426,
        "pearson": 0.6205120646114266,
        "spearman": 0.5500911947522026,
        "r2": 0.37082183361053467,
        "bias": -0.07215449213981628
      },
      "val_multiplier_mean": 1.0651185512542725,
      "val_multiplier_min": 0.8002801537513733,
      "val_multiplier_max": 1.183708906173706
    },
    {
      "epoch": 44,
      "train": {
        "loss": 0.21566025597006844,
        "mse": 0.21563394896200466,
        "adjustment": 0.026306957753520963
      },
      "val": {
        "mse": 0.47763344645500183,
        "rmse": 0.691110299774936,
        "mae": 0.4044968783855438,
        "ci": 0.7994646830094085,
        "rm2": 0.35870452830603616,
        "pearson": 0.6204751821657715,
        "spearman": 0.5501274962016252,
        "r2": 0.370821475982666,
        "bias": -0.07205349206924438
      },
      "val_multiplier_mean": 1.0620371103286743,
      "val_multiplier_min": 0.7942700386047363,
      "val_multiplier_max": 1.1835591793060303
    },
    {
      "epoch": 45,
      "train": {
        "loss": 0.21565248039582013,
        "mse": 0.21562737120756392,
        "adjustment": 0.02510884447668662
      },
      "val": {
        "mse": 0.4776625633239746,
        "rmse": 0.69113136473754,
        "mae": 0.404579758644104,
        "ci": 0.7993339291256923,
        "rm2": 0.35865971427760557,
        "pearson": 0.620426648253524,
        "spearman": 0.5498879265342905,
        "r2": 0.37078309059143066,
        "bias": -0.07197075337171555
      },
      "val_multiplier_mean": 1.061191201210022,
      "val_multiplier_min": 0.7914286851882935,
      "val_multiplier_max": 1.1842411756515503
    },
    {
      "epoch": 46,
      "train": {
        "loss": 0.21565494764622406,
        "mse": 0.21563059125711406,
        "adjustment": 0.024357052122354738
      },
      "val": {
        "mse": 0.4776376187801361,
        "rmse": 0.6911133183350876,
        "mae": 0.4046255648136139,
        "ci": 0.7992960471593821,
        "rm2": 0.3586711363396064,
        "pearson": 0.620428497062324,
        "spearman": 0.5498105059014257,
        "r2": 0.3708159327507019,
        "bias": -0.07184572517871857
      },
      "val_multiplier_mean": 1.0583689212799072,
      "val_multiplier_min": 0.7857217788696289,
      "val_multiplier_max": 1.1811350584030151
    },
    {
      "epoch": 47,
      "train": {
        "loss": 0.21565113309528736,
        "mse": 0.215627466007182,
        "adjustment": 0.023666840650430312
      },
      "val": {
        "mse": 0.47768035531044006,
        "rmse": 0.6911442362563983,
        "mae": 0.40466684103012085,
        "ci": 0.7993247641338431,
        "rm2": 0.3586106491343868,
        "pearson": 0.6204321639582289,
        "spearman": 0.5498564439367032,
        "r2": 0.37075966596603394,
        "bias": -0.07198149710893631
      },
      "val_multiplier_mean": 1.0645567178726196,
      "val_multiplier_min": 0.7975757122039795,
      "val_multiplier_max": 1.188049554824829
    },
    {
      "epoch": 48,
      "train": {
        "loss": 0.21565038485098725,
        "mse": 0.2156251770528228,
        "adjustment": 0.025206936552727533
      },
      "val": {
        "mse": 0.47767511010169983,
        "rmse": 0.6911404416626912,
        "mae": 0.4046621322631836,
        "ci": 0.7993219128030455,
        "rm2": 0.35862123764517895,
        "pearson": 0.6204451974122698,
        "spearman": 0.549852133360535,
        "r2": 0.3707665801048279,
        "bias": -0.07201618701219559
      },
      "val_multiplier_mean": 1.0657750368118286,
      "val_multiplier_min": 0.7966562509536743,
      "val_multiplier_max": 1.1914608478546143
    },
    {
      "epoch": 49,
      "train": {
        "loss": 0.2156505985356759,
        "mse": 0.21562556862182677,
        "adjustment": 0.025030083121729906
      },
      "val": {
        "mse": 0.4777527451515198,
        "rmse": 0.6911966038339018,
        "mae": 0.4047689139842987,
        "ci": 0.7992011385771207,
        "rm2": 0.3585484603054739,
        "pearson": 0.620207911734959,
        "spearman": 0.5496640237543267,
        "r2": 0.3706642985343933,
        "bias": -0.07155807316303253
      },
      "val_multiplier_mean": 1.0517338514328003,
      "val_multiplier_min": 0.7799760103225708,
      "val_multiplier_max": 1.1821634769439697
    },
    {
      "epoch": 50,
      "train": {
        "loss": 0.21565283745845748,
        "mse": 0.2156291427902208,
        "adjustment": 0.023694718514282273
      },
      "val": {
        "mse": 0.47779157757759094,
        "rmse": 0.6912246939871224,
        "mae": 0.40487241744995117,
        "ci": 0.79907242135826,
        "rm2": 0.35847912165990997,
        "pearson": 0.6201924959556835,
        "spearman": 0.5494144732350043,
        "r2": 0.370613157749176,
        "bias": -0.0715855285525322
      },
      "val_multiplier_mean": 1.0558220148086548,
      "val_multiplier_min": 0.7855037450790405,
      "val_multiplier_max": 1.1877864599227905
    },
    {
      "epoch": 51,
      "train": {
        "loss": 0.21565177890791223,
        "mse": 0.21562710057510454,
        "adjustment": 0.024678885402528924
      },
      "val": {
        "mse": 0.47780340909957886,
        "rmse": 0.6912332523103752,
        "mae": 0.4048975110054016,
        "ci": 0.799056942705359,
        "rm2": 0.358460427158836,
        "pearson": 0.6201832518660213,
        "spearman": 0.5493973052010487,
        "r2": 0.3705975413322449,
        "bias": -0.07158494740724564
      },
      "val_multiplier_mean": 1.0567084550857544,
      "val_multiplier_min": 0.786867618560791,
      "val_multiplier_max": 1.189552664756775
    },
    {
      "epoch": 52,
      "train": {
        "loss": 0.21564793527338633,
        "mse": 0.2156238110580538,
        "adjustment": 0.02412483796277909
      },
      "val": {
        "mse": 0.47789111733436584,
        "rmse": 0.6912966926974017,
        "mae": 0.4050437808036804,
        "ci": 0.7989335208151221,
        "rm2": 0.3583512285325087,
        "pearson": 0.6200219553555054,
        "spearman": 0.5492898544632506,
        "r2": 0.37048202753067017,
        "bias": -0.07134901732206345
      },
      "val_multiplier_mean": 1.0516859292984009,
      "val_multiplier_min": 0.7817652225494385,
      "val_multiplier_max": 1.187708854675293
    },
    {
      "epoch": 53,
      "train": {
        "loss": 0.21564655422969262,
        "mse": 0.2156215702401693,
        "adjustment": 0.024983631577505935
      },
      "val": {
        "mse": 0.4779275953769684,
        "rmse": 0.6913230759760363,
        "mae": 0.4051452875137329,
        "ci": 0.7988390195658319,
        "rm2": 0.35829462837370885,
        "pearson": 0.6199928797978514,
        "spearman": 0.5491022911351777,
        "r2": 0.3704339265823364,
        "bias": -0.07134861499071121
      },
      "val_multiplier_mean": 1.054429292678833,
      "val_multiplier_min": 0.783227801322937,
      "val_multiplier_max": 1.194275975227356
    },
    {
      "epoch": 54,
      "train": {
        "loss": 0.21564668537483095,
        "mse": 0.2156226009781785,
        "adjustment": 0.024084251681010072
      },
      "val": {
        "mse": 0.477985680103302,
        "rmse": 0.6913650845271997,
        "mae": 0.40523862838745117,
        "ci": 0.7987705876266907,
        "rm2": 0.3582176640377228,
        "pearson": 0.6198858239047723,
        "spearman": 0.5489740873263513,
        "r2": 0.3703574538230896,
        "bias": -0.07117903232574463
      },
      "val_multiplier_mean": 1.0511263608932495,
      "val_multiplier_min": 0.7829051613807678,
      "val_multiplier_max": 1.1925337314605713
    },
    {
      "epoch": 55,
      "train": {
        "loss": 0.21564271700064325,
        "mse": 0.21561856322543527,
        "adjustment": 0.024153477460026877
      },
      "val": {
        "mse": 0.47806328535079956,
        "rmse": 0.691421206899817,
        "mae": 0.4052921533584595,
        "ci": 0.798772216958575,
        "rm2": 0.35815909307118127,
        "pearson": 0.6196687869120052,
        "spearman": 0.5489806316990204,
        "r2": 0.3702552318572998,
        "bias": -0.07081646472215652
      },
      "val_multiplier_mean": 1.0378080606460571,
      "val_multiplier_min": 0.7694575190544128,
      "val_multiplier_max": 1.183791160583496
    },
    {
      "epoch": 56,
      "train": {
        "loss": 0.21564833737089922,
        "mse": 0.215623889345458,
        "adjustment": 0.024447915161928176
      },
      "val": {
        "mse": 0.4780779182910919,
        "rmse": 0.6914317886032518,
        "mae": 0.40540021657943726,
        "ci": 0.7986805670400824,
        "rm2": 0.35811014937940017,
        "pearson": 0.6196953676120813,
        "spearman": 0.5488304759648863,
        "r2": 0.3702359199523926,
        "bias": -0.07087850570678711
      },
      "val_multiplier_mean": 1.043721318244934,
      "val_multiplier_min": 0.7742255926132202,
      "val_multiplier_max": 1.1908292770385742
    },
    {
      "epoch": 57,
      "train": {
        "loss": 0.2156458239278998,
        "mse": 0.2156216135994353,
        "adjustment": 0.02420980015471384
      },
      "val": {
        "mse": 0.47806453704833984,
        "rmse": 0.6914221120620455,
        "mae": 0.40542593598365784,
        "ci": 0.7986536830639912,
        "rm2": 0.358106261261944,
        "pearson": 0.6197525045618995,
        "spearman": 0.5487751333508902,
        "r2": 0.3702535629272461,
        "bias": -0.07097174227237701
      },
      "val_multiplier_mean": 1.0491199493408203,
      "val_multiplier_min": 0.7801456451416016,
      "val_multiplier_max": 1.1962394714355469
    },
    {
      "epoch": 58,
      "train": {
        "loss": 0.21564271562916834,
        "mse": 0.21561830792021244,
        "adjustment": 0.024407552169117466
      },
      "val": {
        "mse": 0.4780731499195099,
        "rmse": 0.6914283404081075,
        "mae": 0.4054994285106659,
        "ci": 0.7985742531346309,
        "rm2": 0.3580812318620786,
        "pearson": 0.6197414355013507,
        "spearman": 0.5486391803869181,
        "r2": 0.37024223804473877,
        "bias": -0.07092855125665665
      },
      "val_multiplier_mean": 1.0493004322052002,
      "val_multiplier_min": 0.7760629653930664,
      "val_multiplier_max": 1.1959195137023926
    },
    {
      "epoch": 59,
      "train": {
        "loss": 0.21564621530897154,
        "mse": 0.21562144776286732,
        "adjustment": 0.02476705070393135
      },
      "val": {
        "mse": 0.47815805673599243,
        "rmse": 0.691489737260064,
        "mae": 0.40564075112342834,
        "ci": 0.7984601999027289,
        "rm2": 0.3579759553655049,
        "pearson": 0.619593686727334,
        "spearman": 0.5484234843203166,
        "r2": 0.37013036012649536,
        "bias": -0.07072722911834717
      },
      "val_multiplier_mean": 1.0446628332138062,
      "val_multiplier_min": 0.7714890241622925,
      "val_multiplier_max": 1.1942509412765503
    },
    {
      "epoch": 60,
      "train": {
        "loss": 0.21563869814871822,
        "mse": 0.21561347069083364,
        "adjustment": 0.02522759736150925
      },
      "val": {
        "mse": 0.47827810049057007,
        "rmse": 0.6915765326343644,
        "mae": 0.4057989716529846,
        "ci": 0.798414171276997,
        "rm2": 0.3578351069769013,
        "pearson": 0.6193818735448025,
        "spearman": 0.5483496137007865,
        "r2": 0.36997222900390625,
        "bias": -0.07045087963342667
      },
      "val_multiplier_mean": 1.03815495967865,
      "val_multiplier_min": 0.7680777311325073,
      "val_multiplier_max": 1.1919883489608765
    },
    {
      "epoch": 61,
      "train": {
        "loss": 0.2156390154414518,
        "mse": 0.21561497820861716,
        "adjustment": 0.02403739571648101
      },
      "val": {
        "mse": 0.4784558117389679,
        "rmse": 0.6917050034074987,
        "mae": 0.4060708284378052,
        "ci": 0.7981620321678994,
        "rm2": 0.3576046126231521,
        "pearson": 0.6190815747783478,
        "spearman": 0.547899288887467,
        "r2": 0.3697381615638733,
        "bias": -0.07003098726272583
      },
      "val_multiplier_mean": 1.027551293373108,
      "val_multiplier_min": 0.7610766887664795,
      "val_multiplier_max": 1.1835546493530273
    },
    {
      "epoch": 62,
      "train": {
        "loss": 0.21563707791750134,
        "mse": 0.21561287595560774,
        "adjustment": 0.024201538796800502
      },
      "val": {
        "mse": 0.4783344864845276,
        "rmse": 0.6916172977048272,
        "mae": 0.405973345041275,
        "ci": 0.7982164111195383,
        "rm2": 0.3577362291682365,
        "pearson": 0.6192824633605287,
        "spearman": 0.5479808410185831,
        "r2": 0.3698979616165161,
        "bias": -0.07024037837982178
      },
      "val_multiplier_mean": 1.034706950187683,
      "val_multiplier_min": 0.7640729546546936,
      "val_multiplier_max": 1.188643217086792
    },
    {
      "epoch": 63,
      "train": {
        "loss": 0.21563329889866825,
        "mse": 0.21560842532148441,
        "adjustment": 0.02487424470712358
      },
      "val": {
        "mse": 0.47837844491004944,
        "rmse": 0.691649076418128,
        "mae": 0.4060337543487549,
        "ci": 0.7981542928414489,
        "rm2": 0.35768309929372016,
        "pearson": 0.6192152980126111,
        "spearman": 0.5478553811102673,
        "r2": 0.3698400855064392,
        "bias": -0.07016948610544205
      },
      "val_multiplier_mean": 1.034547209739685,
      "val_multiplier_min": 0.7654263973236084,
      "val_multiplier_max": 1.1913840770721436
    }
  ]
}
