{"epoch0_max_abs_difference_vs_frozen": 9.5367431640625e-07, "frozen_metrics": {"mse": 0.4828588664531708, "rmse": 0.6948804691838524, "mae": 0.4043091833591461, "ci": 0.7980084676378028, "rm2": 0.352809580953063, "pearson": 0.6168740095803196, "spearman": 0.5495088977474822, "r2": 0.3639380931854248, "bias": -0.0786333903670311}, "trainable_parameters": {"branch": 508059, "drug_egnn_layer3": 115841}}
{"epoch": 1, "train": {"loss": 0.21813018330942854, "mse": 0.21657930834151973, "align": 1.535478083084531e-06, "reconstruct": 0.034902058578625966}, "val": {"mse": 0.4859960377216339, "rmse": 0.6971341604896678, "mae": 0.4039762616157532, "ci": 0.7964548996861092, "rm2": 0.35230352743576565, "pearson": 0.6097615916850956, "spearman": 0.5461814882822328, "r2": 0.35980552434921265, "bias": -0.0743330791592598}, "val_delta_abs_mean": 0.8379558324813843, "val_gate_mean": 0.9278498888015747}
{"epoch": 2, "train": {"loss": 0.2178078010668249, "mse": 0.2161402055529046, "align": 1.2166991068101013e-06, "reconstruct": 0.03348361926005001}, "val": {"mse": 0.48586875200271606, "rmse": 0.697042862385604, "mae": 0.40954214334487915, "ci": 0.7930076407518715, "rm2": 0.3516497966869617, "pearson": 0.6070482083116016, "spearman": 0.5398173416691815, "r2": 0.3599731922149658, "bias": -0.06131231412291527}, "val_delta_abs_mean": 0.7913565635681152, "val_gate_mean": 0.928272545337677}
{"epoch": 3, "train": {"loss": 0.21788199278781994, "mse": 0.2162415304980563, "align": 1.1176889459403037e-06, "reconstruct": 0.03307325380050127}, "val": {"mse": 0.48877546191215515, "rmse": 0.6991247827907083, "mae": 0.406796395778656, "ci": 0.7943911471881397, "rm2": 0.3493177232855447, "pearson": 0.6054924659754358, "spearman": 0.5428825848324538, "r2": 0.3561442494392395, "bias": -0.07055874168872833}, "val_delta_abs_mean": 0.8102523684501648, "val_gate_mean": 0.9362945556640625}
{"epoch": 4, "train": {"loss": 0.2176659614754398, "mse": 0.216002611416681, "align": 1.013101071127916e-06, "reconstruct": 0.03302886918950347}, "val": {"mse": 0.4874303340911865, "rmse": 0.6981621116124725, "mae": 0.40670955181121826, "ci": 0.7951064238853537, "rm2": 0.350586510246024, "pearson": 0.6068100498588213, "spearman": 0.5438501461363161, "r2": 0.3579161763191223, "bias": -0.06922736763954163}, "val_delta_abs_mean": 0.812164306640625, "val_gate_mean": 0.939985990524292}
{"epoch": 5, "train": {"loss": 0.21758421028074681, "mse": 0.2158397462165561, "align": 9.547072263956185e-07, "reconstruct": 0.0346737176721805}, "val": {"mse": 0.4859301447868347, "rmse": 0.6970868990210867, "mae": 0.4123404920101166, "ci": 0.7909870655488364, "rm2": 0.351942702270561, "pearson": 0.6051217586201851, "spearman": 0.5359552230886458, "r2": 0.3598923087120056, "bias": -0.052775997668504715}, "val_delta_abs_mean": 0.8076658844947815, "val_gate_mean": 0.9395232200622559}
{"epoch": 6, "train": {"loss": 0.2175852143101425, "mse": 0.21587040824283935, "align": 9.05087378184123e-07, "reconstruct": 0.03237903201914022}, "val": {"mse": 0.48838549852371216, "rmse": 0.6988458331590109, "mae": 0.40622779726982117, "ci": 0.79604166038695, "rm2": 0.34910408065756904, "pearson": 0.6069657710104986, "spearman": 0.5455948878690805, "r2": 0.3566579818725586, "bias": -0.07300113141536713}, "val_delta_abs_mean": 0.7998122572898865, "val_gate_mean": 0.937299907207489}
{"epoch": 7, "train": {"loss": 0.21744166025530562, "mse": 0.2157464730716066, "align": 8.29214401076179e-07, "reconstruct": 0.03263158359360142}, "val": {"mse": 0.4860464334487915, "rmse": 0.6971703044800399, "mae": 0.4082614481449127, "ci": 0.7945999053358175, "rm2": 0.3511076878755477, "pearson": 0.6081612093496523, "spearman": 0.5428005062025774, "r2": 0.35973918437957764, "bias": -0.06614630669355392}, "val_delta_abs_mean": 0.7861210703849792, "val_gate_mean": 0.944767951965332}
{"epoch": 8, "train": {"loss": 0.21742685070748943, "mse": 0.21572712261476862, "align": 8.255418322250912e-07, "reconstruct": 0.03190004742170213}, "val": {"mse": 0.48528409004211426, "rmse": 0.6966233487632425, "mae": 0.40570151805877686, "ci": 0.7961779132657758, "rm2": 0.3527961664136524, "pearson": 0.6097519365505911, "spearman": 0.5454062282476291, "r2": 0.36074334383010864, "bias": -0.07073284685611725}, "val_delta_abs_mean": 0.8250817656517029, "val_gate_mean": 0.948841392993927}
{"epoch": 9, "train": {"loss": 0.21747723631499832, "mse": 0.21573239705486155, "align": 7.64250101133732e-07, "reconstruct": 0.03153150631153395}, "val": {"mse": 0.48714205622673035, "rmse": 0.6979556262590985, "mae": 0.40779659152030945, "ci": 0.7940204741844583, "rm2": 0.35050599174461283, "pearson": 0.6074782992778889, "spearman": 0.5419939850767412, "r2": 0.35829591751098633, "bias": -0.06969797611236572}, "val_delta_abs_mean": 0.8186159133911133, "val_gate_mean": 0.9522875547409058}
{"epoch": 10, "train": {"loss": 0.21744840327964843, "mse": 0.21564983988911146, "align": 7.561704496613387e-07, "reconstruct": 0.03305214112175318}, "val": {"mse": 0.4881204068660736, "rmse": 0.6986561435112938, "mae": 0.4080491065979004, "ci": 0.7944742431142398, "rm2": 0.3490574697705022, "pearson": 0.6064131583786638, "spearman": 0.5429281773546253, "r2": 0.35700714588165283, "bias": -0.06914675980806351}, "val_delta_abs_mean": 0.7959811091423035, "val_gate_mean": 0.9476703405380249}
{"epoch": 11, "train": {"loss": 0.2172732407710797, "mse": 0.21554648392587467, "align": 7.091213996456047e-07, "reconstruct": 0.030946154395930518}, "val": {"mse": 0.48676052689552307, "rmse": 0.697682253533457, "mae": 0.40524330735206604, "ci": 0.7968870799684236, "rm2": 0.35000526763943346, "pearson": 0.6116748026541956, "spearman": 0.5471719222492264, "r2": 0.3587985038757324, "bias": -0.08008129894733429}, "val_delta_abs_mean": 0.8478879928588867, "val_gate_mean": 0.9468316435813904}
{"epoch": 12, "train": {"loss": 0.21707676352074623, "mse": 0.2153432061812342, "align": 7.021435188285378e-07, "reconstruct": 0.03017363283588451}, "val": {"mse": 0.48825615644454956, "rmse": 0.698753287251337, "mae": 0.41104835271835327, "ci": 0.7924432809204421, "rm2": 0.349328236319419, "pearson": 0.6041632279169687, "spearman": 0.5388625780783848, "r2": 0.35682833194732666, "bias": -0.06132854148745537}, "val_delta_abs_mean": 0.8213329911231995, "val_gate_mean": 0.9493579268455505}
{"epoch": 13, "train": {"loss": 0.21711348788082008, "mse": 0.21531927579146118, "align": 6.650907421543587e-07, "reconstruct": 0.031173860324098204}, "val": {"mse": 0.48497453331947327, "rmse": 0.6964011296081255, "mae": 0.40558284521102905, "ci": 0.7971428850742609, "rm2": 0.3521588139758854, "pearson": 0.6111753215150059, "spearman": 0.5475440903356283, "r2": 0.36115115880966187, "bias": -0.07247012108564377}, "val_delta_abs_mean": 0.8264307975769043, "val_gate_mean": 0.9551471471786499}
{"epoch": 14, "train": {"loss": 0.21710874560169208, "mse": 0.21533612237980154, "align": 6.669270265799027e-07, "reconstruct": 0.03076071786129625}, "val": {"mse": 0.48285749554634094, "rmse": 0.6948794827495923, "mae": 0.40301135182380676, "ci": 0.7977176318964527, "rm2": 0.3547699130635713, "pearson": 0.6150889151478331, "spearman": 0.5487563873923961, "r2": 0.36393988132476807, "bias": -0.077964186668396}, "val_delta_abs_mean": 0.8494617938995361, "val_gate_mean": 0.9599364995956421}
{"epoch": 15, "train": {"loss": 0.2171238913071951, "mse": 0.21531172064163923, "align": 6.709668523160994e-07, "reconstruct": 0.0308786726267916}, "val": {"mse": 0.48895248770713806, "rmse": 0.6992513766215538, "mae": 0.4107583165168762, "ci": 0.7934701673405312, "rm2": 0.34770871575395845, "pearson": 0.6043843171347834, "spearman": 0.5409548903988015, "r2": 0.3559110760688782, "bias": -0.06396923959255219}, "val_delta_abs_mean": 0.7529675364494324, "val_gate_mean": 0.950477659702301}
{"epoch": 16, "train": {"loss": 0.21708016733789484, "mse": 0.2153452089836614, "align": 6.639889714990324e-07, "reconstruct": 0.030719458421686333}, "val": {"mse": 0.4859372079372406, "rmse": 0.6970919651934318, "mae": 0.4045480489730835, "ci": 0.7970192595175385, "rm2": 0.35196371297438633, "pearson": 0.6113245238487375, "spearman": 0.5473592329444037, "r2": 0.35988301038742065, "bias": -0.07847017049789429}, "val_delta_abs_mean": 0.8344252109527588, "val_gate_mean": 0.9550408124923706}
{"epoch": 17, "train": {"loss": 0.21696833453629902, "mse": 0.2151849014781214, "align": 6.368521307227907e-07, "reconstruct": 0.03006886299604503}, "val": {"mse": 0.48473936319351196, "rmse": 0.6962322623905847, "mae": 0.4045941233634949, "ci": 0.7966039835535239, "rm2": 0.3536703589361788, "pearson": 0.6106996450659535, "spearman": 0.5467121725124376, "r2": 0.36146092414855957, "bias": -0.07249579578638077}, "val_delta_abs_mean": 0.8595776557922363, "val_gate_mean": 0.9556862711906433}
{"epoch": 18, "train": {"loss": 0.2170278554049013, "mse": 0.21523236974469848, "align": 5.967809615241238e-07, "reconstruct": 0.03036778769390845}, "val": {"mse": 0.4849451780319214, "rmse": 0.6963800528676287, "mae": 0.40778279304504395, "ci": 0.7950730225817253, "rm2": 0.35276564392682735, "pearson": 0.609080444684099, "spearman": 0.5437445255024914, "r2": 0.3611897826194763, "bias": -0.06572043150663376}, "val_delta_abs_mean": 0.8186944723129272, "val_gate_mean": 0.9555133581161499}
{"epoch": 19, "train": {"loss": 0.21688916408729883, "mse": 0.21512036822873268, "align": 5.993517597198853e-07, "reconstruct": 0.029549861921992215}, "val": {"mse": 0.4882372319698334, "rmse": 0.6987397455203428, "mae": 0.4138050973415375, "ci": 0.790900099959511, "rm2": 0.3481410620916033, "pearson": 0.6042437175840116, "spearman": 0.5361050253678299, "r2": 0.3568532466888428, "bias": -0.05893297493457794}, "val_delta_abs_mean": 0.7539326548576355, "val_gate_mean": 0.9506986141204834}
{"epoch": 20, "train": {"loss": 0.21689907962150956, "mse": 0.21515273126122858, "align": 6.080167268529208e-07, "reconstruct": 0.02959296213667558}, "val": {"mse": 0.48847633600234985, "rmse": 0.6989108212085071, "mae": 0.4046545922756195, "ci": 0.7959599901262487, "rm2": 0.34989932502750243, "pearson": 0.6088594218375205, "spearman": 0.5454342785107331, "r2": 0.3565382957458496, "bias": -0.08139821141958237}, "val_delta_abs_mean": 0.8526945114135742, "val_gate_mean": 0.9582907557487488}
{"epoch": 21, "train": {"loss": 0.21680451932581898, "mse": 0.21499194213845244, "align": 5.709237814569331e-07, "reconstruct": 0.030219057283824294}, "val": {"mse": 0.4878443479537964, "rmse": 0.6984585513498968, "mae": 0.4109039902687073, "ci": 0.792408861284386, "rm2": 0.3497006926545287, "pearson": 0.6048864491689264, "spearman": 0.5389721052999235, "r2": 0.3573707938194275, "bias": -0.0622873418033123}, "val_delta_abs_mean": 0.7909008860588074, "val_gate_mean": 0.9564063549041748}
{"epoch": 22, "train": {"loss": 0.2168475817851317, "mse": 0.2150618927439425, "align": 5.528593334206445e-07, "reconstruct": 0.02920550858250272}, "val": {"mse": 0.4845764636993408, "rmse": 0.696115266101341, "mae": 0.4026939868927002, "ci": 0.7992052119068316, "rm2": 0.35363856515034825, "pearson": 0.613077480203844, "spearman": 0.5513366887595326, "r2": 0.36167556047439575, "bias": -0.07944411784410477}, "val_delta_abs_mean": 0.8487513065338135, "val_gate_mean": 0.9593756198883057}
{"epoch": 23, "train": {"loss": 0.21677018290300784, "mse": 0.21495260268699404, "align": 5.686513794803225e-07, "reconstruct": 0.02992371365584342}, "val": {"mse": 0.4889218211174011, "rmse": 0.6992294481194289, "mae": 0.40822386741638184, "ci": 0.7944292328209356, "rm2": 0.34882334322712566, "pearson": 0.6054662953789978, "spearman": 0.5428211064106986, "r2": 0.3559514284133911, "bias": -0.07042878866195679}, "val_delta_abs_mean": 0.7776105999946594, "val_gate_mean": 0.9581932425498962}
{"epoch": 24, "train": {"loss": 0.21671188476742823, "mse": 0.21492717758895596, "align": 5.514591665461672e-07, "reconstruct": 0.029196487067035433}, "val": {"mse": 0.4844101667404175, "rmse": 0.6959958094273395, "mae": 0.4029638171195984, "ci": 0.7972436999846028, "rm2": 0.353529748400464, "pearson": 0.6134846777407967, "spearman": 0.5474951065493733, "r2": 0.3618946075439453, "bias": -0.07949971407651901}, "val_delta_abs_mean": 0.8535723686218262, "val_gate_mean": 0.9632368683815002}
{"epoch": 25, "train": {"loss": 0.2166280232644625, "mse": 0.21479249484008575, "align": 5.56382704162157e-07, "reconstruct": 0.029432775114706072}, "val": {"mse": 0.484785795211792, "rmse": 0.6962656067994397, "mae": 0.40768319368362427, "ci": 0.7942054033533279, "rm2": 0.3533799508750546, "pearson": 0.6094408717325529, "spearman": 0.5418138667010671, "r2": 0.36139976978302, "bias": -0.06737203896045685}, "val_delta_abs_mean": 0.8569706082344055, "val_gate_mean": 0.9576469659805298}
{"epoch": 26, "train": {"loss": 0.21676472314164763, "mse": 0.21489670444102377, "align": 5.255331258130186e-07, "reconstruct": 0.029377887418734462}, "val": {"mse": 0.4850196838378906, "rmse": 0.696433545887826, "mae": 0.40661653876304626, "ci": 0.7961656932766434, "rm2": 0.3530505745778777, "pearson": 0.6091191867011734, "spearman": 0.5451757006446374, "r2": 0.361091673374176, "bias": -0.0670044869184494}, "val_delta_abs_mean": 0.842629611492157, "val_gate_mean": 0.9562727808952332}
{"epoch": 27, "train": {"loss": 0.21661331790857233, "mse": 0.21481287058776732, "align": 5.422088837524896e-07, "reconstruct": 0.027822425315495322}, "val": {"mse": 0.4880097806453705, "rmse": 0.6985769683044027, "mae": 0.4049862027168274, "ci": 0.7972730279585205, "rm2": 0.34976644696402426, "pearson": 0.6091421161036683, "spearman": 0.5478383500004557, "r2": 0.35715287923812866, "bias": -0.07928451895713806}, "val_delta_abs_mean": 0.8289477825164795, "val_gate_mean": 0.9580748677253723}
{"epoch": 28, "train": {"loss": 0.21661163031010514, "mse": 0.2148320744904584, "align": 5.219007256837395e-07, "reconstruct": 0.027402017369387216}, "val": {"mse": 0.4893973171710968, "rmse": 0.6995693798123934, "mae": 0.4062224328517914, "ci": 0.7956465474050038, "rm2": 0.348431486967542, "pearson": 0.6065574617902108, "spearman": 0.5446981965599055, "r2": 0.3553251028060913, "bias": -0.07652777433395386}, "val_delta_abs_mean": 0.8152084350585938, "val_gate_mean": 0.9614076614379883}
{"epoch": 29, "train": {"loss": 0.21646418022853503, "mse": 0.21467223943364372, "align": 5.473504801440126e-07, "reconstruct": 0.027007887590917917}, "val": {"mse": 0.4834302067756653, "rmse": 0.6952914545538909, "mae": 0.40599268674850464, "ci": 0.7949204763840564, "rm2": 0.35484484903501273, "pearson": 0.6116661802360212, "spearman": 0.5433484835649484, "r2": 0.36318546533584595, "bias": -0.06996487826108932}, "val_delta_abs_mean": 0.8388432264328003, "val_gate_mean": 0.9623839855194092}
{
  "guardrail": "validation only; test indices and metrics were not accessed",
  "condition": "real",
  "seed": 44,
  "best_epoch": 14,
  "epoch0_max_abs_difference_vs_frozen": 9.5367431640625e-07,
  "p13d_baseline": {
    "mse": 0.48946526646614075,
    "rmse": 0.6996179432133947,
    "mae": 0.43143847584724426,
    "ci": 0.7885622123720057,
    "rm2": 0.3410284448121984,
    "pearson": 0.5995077496596147,
    "spearman": 0.5319472626673567,
    "r2": 0.35523557662963867,
    "bias": -0.015189344994723797
  },
  "frozen_brics_baseline": {
    "mse": 0.4828588664531708,
    "rmse": 0.6948804691838524,
    "mae": 0.4043091833591461,
    "ci": 0.7980084676378028,
    "rm2": 0.352809580953063,
    "pearson": 0.6168740095803196,
    "spearman": 0.5495088977474822,
    "r2": 0.3639380931854248,
    "bias": -0.0786333903670311
  },
  "best": {
    "mse": 0.48285749554634094,
    "rmse": 0.6948794827495923,
    "mae": 0.4030113220214844,
    "ci": 0.7977117255683721,
    "rm2": 0.3547698725208828,
    "pearson": 0.61508891486643,
    "spearman": 0.5487540072780397,
    "r2": 0.36393988132476807,
    "bias": -0.0779641792178154
  },
  "relative_mse_gain_vs_frozen": 2.8391460219089494e-06,
  "relative_mse_gain_vs_p13d": 0.013499979206914581,
  "delta_abs_mean": 0.8494617938995361,
  "graph_gate_mean": 0.9599364995956421,
  "drug_bootstrap_vs_p13d": {
    "drugs": 7,
    "improved": 5,
    "worsened": 2,
    "improvements": [
      -0.03108549304306507,
      0.041987258940935135,
      0.018138036131858826,
      0.013659468851983547,
      0.059630293399095535,
      0.014872814528644085,
      -0.07094826549291611
    ],
    "mean": 0.00660773047379085,
    "ci95": [
      -0.02477296388575009,
      0.03464084145213876
    ],
    "probability_positive": 0.6939
  },
  "drug_bootstrap_vs_frozen": {
    "drugs": 7,
    "improved": 5,
    "worsened": 2,
    "improvements": [
      0.0028468233067542315,
      0.00553287984803319,
      -0.012728014960885048,
      0.0015931373927742243,
      0.00573466531932354,
      0.010395458899438381,
      -0.013365287333726883
    ],
    "mean": 1.380353101662227e-06,
    "ci95": [
      -0.006684396981394717,
      0.005988357310083525
    ],
    "probability_positive": 0.51365
  },
  "trainable_parameters": {
    "branch": 508059,
    "drug_egnn_layer3": 115841
  },
  "args": {
    "project": "/data1/ztx/MyModel-MDTA",
    "checkpoint": "outputs/Refine_experiment/davis/cold_start/drug_cold_5fold_seed42/baseline/fold_1/best_model.pt",
    "clean_checkpoint": "experiments/brics_hierarchical/outputs/graph_real_seed44/best.pt",
    "reference_predictions": "experiments/brics_hierarchical/outputs/graph_real_seed44/validation_predictions.npz",
    "global_cache": "experiments/pdbbind_to_davis_transfer/data/global_predictions/fold1_with_features.pt",
    "drug_cache": "experiments/brics_hierarchical/data/fold1_drug_encoder_inputs_chem.pt",
    "layer2_cache": "experiments/brics_hierarchical/data/fold1_drug_egnn_layer2_inputs.pt",
    "split": "data/splits/davis_drug_cold_5fold_seed42/fold_1/split.json",
    "condition": "real",
    "seed": 44,
    "device": "cuda:0",
    "batch_size": 128,
    "epochs": 80,
    "patience": 15,
    "branch_lr": 0.0001,
    "layer3_lr": 1e-05,
    "weight_decay": 1e-05,
    "lambda_align": 0.05,
    "lambda_reconstruct": 0.02,
    "lambda_delta": 0.001,
    "output_dir": "experiments/brics_hierarchical/outputs/unfreeze_l3_real_seed44"
  },
  "history": [
    {
      "epoch": 1,
      "train": {
        "loss": 0.21813018330942854,
        "mse": 0.21657930834151973,
        "align": 1.535478083084531e-06,
        "reconstruct": 0.034902058578625966
      },
      "val": {
        "mse": 0.4859960377216339,
        "rmse": 0.6971341604896678,
        "mae": 0.4039762616157532,
        "ci": 0.7964548996861092,
        "rm2": 0.35230352743576565,
        "pearson": 0.6097615916850956,
        "spearman": 0.5461814882822328,
        "r2": 0.35980552434921265,
        "bias": -0.0743330791592598
      },
      "val_delta_abs_mean": 0.8379558324813843,
      "val_gate_mean": 0.9278498888015747
    },
    {
      "epoch": 2,
      "train": {
        "loss": 0.2178078010668249,
        "mse": 0.2161402055529046,
        "align": 1.2166991068101013e-06,
        "reconstruct": 0.03348361926005001
      },
      "val": {
        "mse": 0.48586875200271606,
        "rmse": 0.697042862385604,
        "mae": 0.40954214334487915,
        "ci": 0.7930076407518715,
        "rm2": 0.3516497966869617,
        "pearson": 0.6070482083116016,
        "spearman": 0.5398173416691815,
        "r2": 0.3599731922149658,
        "bias": -0.06131231412291527
      },
      "val_delta_abs_mean": 0.7913565635681152,
      "val_gate_mean": 0.928272545337677
    },
    {
      "epoch": 3,
      "train": {
        "loss": 0.21788199278781994,
        "mse": 0.2162415304980563,
        "align": 1.1176889459403037e-06,
        "reconstruct": 0.03307325380050127
      },
      "val": {
        "mse": 0.48877546191215515,
        "rmse": 0.6991247827907083,
        "mae": 0.406796395778656,
        "ci": 0.7943911471881397,
        "rm2": 0.3493177232855447,
        "pearson": 0.6054924659754358,
        "spearman": 0.5428825848324538,
        "r2": 0.3561442494392395,
        "bias": -0.07055874168872833
      },
      "val_delta_abs_mean": 0.8102523684501648,
      "val_gate_mean": 0.9362945556640625
    },
    {
      "epoch": 4,
      "train": {
        "loss": 0.2176659614754398,
        "mse": 0.216002611416681,
        "align": 1.013101071127916e-06,
        "reconstruct": 0.03302886918950347
      },
      "val": {
        "mse": 0.4874303340911865,
        "rmse": 0.6981621116124725,
        "mae": 0.40670955181121826,
        "ci": 0.7951064238853537,
        "rm2": 0.350586510246024,
        "pearson": 0.6068100498588213,
        "spearman": 0.5438501461363161,
        "r2": 0.3579161763191223,
        "bias": -0.06922736763954163
      },
      "val_delta_abs_mean": 0.812164306640625,
      "val_gate_mean": 0.939985990524292
    },
    {
      "epoch": 5,
      "train": {
        "loss": 0.21758421028074681,
        "mse": 0.2158397462165561,
        "align": 9.547072263956185e-07,
        "reconstruct": 0.0346737176721805
      },
      "val": {
        "mse": 0.4859301447868347,
        "rmse": 0.6970868990210867,
        "mae": 0.4123404920101166,
        "ci": 0.7909870655488364,
        "rm2": 0.351942702270561,
        "pearson": 0.6051217586201851,
        "spearman": 0.5359552230886458,
        "r2": 0.3598923087120056,
        "bias": -0.052775997668504715
      },
      "val_delta_abs_mean": 0.8076658844947815,
      "val_gate_mean": 0.9395232200622559
    },
    {
      "epoch": 6,
      "train": {
        "loss": 0.2175852143101425,
        "mse": 0.21587040824283935,
        "align": 9.05087378184123e-07,
        "reconstruct": 0.03237903201914022
      },
      "val": {
        "mse": 0.48838549852371216,
        "rmse": 0.6988458331590109,
        "mae": 0.40622779726982117,
        "ci": 0.79604166038695,
        "rm2": 0.34910408065756904,
        "pearson": 0.6069657710104986,
        "spearman": 0.5455948878690805,
        "r2": 0.3566579818725586,
        "bias": -0.07300113141536713
      },
      "val_delta_abs_mean": 0.7998122572898865,
      "val_gate_mean": 0.937299907207489
    },
    {
      "epoch": 7,
      "train": {
        "loss": 0.21744166025530562,
        "mse": 0.2157464730716066,
        "align": 8.29214401076179e-07,
        "reconstruct": 0.03263158359360142
      },
      "val": {
        "mse": 0.4860464334487915,
        "rmse": 0.6971703044800399,
        "mae": 0.4082614481449127,
        "ci": 0.7945999053358175,
        "rm2": 0.3511076878755477,
        "pearson": 0.6081612093496523,
        "spearman": 0.5428005062025774,
        "r2": 0.35973918437957764,
        "bias": -0.06614630669355392
      },
      "val_delta_abs_mean": 0.7861210703849792,
      "val_gate_mean": 0.944767951965332
    },
    {
      "epoch": 8,
      "train": {
        "loss": 0.21742685070748943,
        "mse": 0.21572712261476862,
        "align": 8.255418322250912e-07,
        "reconstruct": 0.03190004742170213
      },
      "val": {
        "mse": 0.48528409004211426,
        "rmse": 0.6966233487632425,
        "mae": 0.40570151805877686,
        "ci": 0.7961779132657758,
        "rm2": 0.3527961664136524,
        "pearson": 0.6097519365505911,
        "spearman": 0.5454062282476291,
        "r2": 0.36074334383010864,
        "bias": -0.07073284685611725
      },
      "val_delta_abs_mean": 0.8250817656517029,
      "val_gate_mean": 0.948841392993927
    },
    {
      "epoch": 9,
      "train": {
        "loss": 0.21747723631499832,
        "mse": 0.21573239705486155,
        "align": 7.64250101133732e-07,
        "reconstruct": 0.03153150631153395
      },
      "val": {
        "mse": 0.48714205622673035,
        "rmse": 0.6979556262590985,
        "mae": 0.40779659152030945,
        "ci": 0.7940204741844583,
        "rm2": 0.35050599174461283,
        "pearson": 0.6074782992778889,
        "spearman": 0.5419939850767412,
        "r2": 0.35829591751098633,
        "bias": -0.06969797611236572
      },
      "val_delta_abs_mean": 0.8186159133911133,
      "val_gate_mean": 0.9522875547409058
    },
    {
      "epoch": 10,
      "train": {
        "loss": 0.21744840327964843,
        "mse": 0.21564983988911146,
        "align": 7.561704496613387e-07,
        "reconstruct": 0.03305214112175318
      },
      "val": {
        "mse": 0.4881204068660736,
        "rmse": 0.6986561435112938,
        "mae": 0.4080491065979004,
        "ci": 0.7944742431142398,
        "rm2": 0.3490574697705022,
        "pearson": 0.6064131583786638,
        "spearman": 0.5429281773546253,
        "r2": 0.35700714588165283,
        "bias": -0.06914675980806351
      },
      "val_delta_abs_mean": 0.7959811091423035,
      "val_gate_mean": 0.9476703405380249
    },
    {
      "epoch": 11,
      "train": {
        "loss": 0.2172732407710797,
        "mse": 0.21554648392587467,
        "align": 7.091213996456047e-07,
        "reconstruct": 0.030946154395930518
      },
      "val": {
        "mse": 0.48676052689552307,
        "rmse": 0.697682253533457,
        "mae": 0.40524330735206604,
        "ci": 0.7968870799684236,
        "rm2": 0.35000526763943346,
        "pearson": 0.6116748026541956,
        "spearman": 0.5471719222492264,
        "r2": 0.3587985038757324,
        "bias": -0.08008129894733429
      },
      "val_delta_abs_mean": 0.8478879928588867,
      "val_gate_mean": 0.9468316435813904
    },
    {
      "epoch": 12,
      "train": {
        "loss": 0.21707676352074623,
        "mse": 0.2153432061812342,
        "align": 7.021435188285378e-07,
        "reconstruct": 0.03017363283588451
      },
      "val": {
        "mse": 0.48825615644454956,
        "rmse": 0.698753287251337,
        "mae": 0.41104835271835327,
        "ci": 0.7924432809204421,
        "rm2": 0.349328236319419,
        "pearson": 0.6041632279169687,
        "spearman": 0.5388625780783848,
        "r2": 0.35682833194732666,
        "bias": -0.06132854148745537
      },
      "val_delta_abs_mean": 0.8213329911231995,
      "val_gate_mean": 0.9493579268455505
    },
    {
      "epoch": 13,
      "train": {
        "loss": 0.21711348788082008,
        "mse": 0.21531927579146118,
        "align": 6.650907421543587e-07,
        "reconstruct": 0.031173860324098204
      },
      "val": {
        "mse": 0.48497453331947327,
        "rmse": 0.6964011296081255,
        "mae": 0.40558284521102905,
        "ci": 0.7971428850742609,
        "rm2": 0.3521588139758854,
        "pearson": 0.6111753215150059,
        "spearman": 0.5475440903356283,
        "r2": 0.36115115880966187,
        "bias": -0.07247012108564377
      },
      "val_delta_abs_mean": 0.8264307975769043,
      "val_gate_mean": 0.9551471471786499
    },
    {
      "epoch": 14,
      "train": {
        "loss": 0.21710874560169208,
        "mse": 0.21533612237980154,
        "align": 6.669270265799027e-07,
        "reconstruct": 0.03076071786129625
      },
      "val": {
        "mse": 0.48285749554634094,
        "rmse": 0.6948794827495923,
        "mae": 0.40301135182380676,
        "ci": 0.7977176318964527,
        "rm2": 0.3547699130635713,
        "pearson": 0.6150889151478331,
        "spearman": 0.5487563873923961,
        "r2": 0.36393988132476807,
        "bias": -0.077964186668396
      },
      "val_delta_abs_mean": 0.8494617938995361,
      "val_gate_mean": 0.9599364995956421
    },
    {
      "epoch": 15,
      "train": {
        "loss": 0.2171238913071951,
        "mse": 0.21531172064163923,
        "align": 6.709668523160994e-07,
        "reconstruct": 0.0308786726267916
      },
      "val": {
        "mse": 0.48895248770713806,
        "rmse": 0.6992513766215538,
        "mae": 0.4107583165168762,
        "ci": 0.7934701673405312,
        "rm2": 0.34770871575395845,
        "pearson": 0.6043843171347834,
        "spearman": 0.5409548903988015,
        "r2": 0.3559110760688782,
        "bias": -0.06396923959255219
      },
      "val_delta_abs_mean": 0.7529675364494324,
      "val_gate_mean": 0.950477659702301
    },
    {
      "epoch": 16,
      "train": {
        "loss": 0.21708016733789484,
        "mse": 0.2153452089836614,
        "align": 6.639889714990324e-07,
        "reconstruct": 0.030719458421686333
      },
      "val": {
        "mse": 0.4859372079372406,
        "rmse": 0.6970919651934318,
        "mae": 0.4045480489730835,
        "ci": 0.7970192595175385,
        "rm2": 0.35196371297438633,
        "pearson": 0.6113245238487375,
        "spearman": 0.5473592329444037,
        "r2": 0.35988301038742065,
        "bias": -0.07847017049789429
      },
      "val_delta_abs_mean": 0.8344252109527588,
      "val_gate_mean": 0.9550408124923706
    },
    {
      "epoch": 17,
      "train": {
        "loss": 0.21696833453629902,
        "mse": 0.2151849014781214,
        "align": 6.368521307227907e-07,
        "reconstruct": 0.03006886299604503
      },
      "val": {
        "mse": 0.48473936319351196,
        "rmse": 0.6962322623905847,
        "mae": 0.4045941233634949,
        "ci": 0.7966039835535239,
        "rm2": 0.3536703589361788,
        "pearson": 0.6106996450659535,
        "spearman": 0.5467121725124376,
        "r2": 0.36146092414855957,
        "bias": -0.07249579578638077
      },
      "val_delta_abs_mean": 0.8595776557922363,
      "val_gate_mean": 0.9556862711906433
    },
    {
      "epoch": 18,
      "train": {
        "loss": 0.2170278554049013,
        "mse": 0.21523236974469848,
        "align": 5.967809615241238e-07,
        "reconstruct": 0.03036778769390845
      },
      "val": {
        "mse": 0.4849451780319214,
        "rmse": 0.6963800528676287,
        "mae": 0.40778279304504395,
        "ci": 0.7950730225817253,
        "rm2": 0.35276564392682735,
        "pearson": 0.609080444684099,
        "spearman": 0.5437445255024914,
        "r2": 0.3611897826194763,
        "bias": -0.06572043150663376
      },
      "val_delta_abs_mean": 0.8186944723129272,
      "val_gate_mean": 0.9555133581161499
    },
    {
      "epoch": 19,
      "train": {
        "loss": 0.21688916408729883,
        "mse": 0.21512036822873268,
        "align": 5.993517597198853e-07,
        "reconstruct": 0.029549861921992215
      },
      "val": {
        "mse": 0.4882372319698334,
        "rmse": 0.6987397455203428,
        "mae": 0.4138050973415375,
        "ci": 0.790900099959511,
        "rm2": 0.3481410620916033,
        "pearson": 0.6042437175840116,
        "spearman": 0.5361050253678299,
        "r2": 0.3568532466888428,
        "bias": -0.05893297493457794
      },
      "val_delta_abs_mean": 0.7539326548576355,
      "val_gate_mean": 0.9506986141204834
    },
    {
      "epoch": 20,
      "train": {
        "loss": 0.21689907962150956,
        "mse": 0.21515273126122858,
        "align": 6.080167268529208e-07,
        "reconstruct": 0.02959296213667558
      },
      "val": {
        "mse": 0.48847633600234985,
        "rmse": 0.6989108212085071,
        "mae": 0.4046545922756195,
        "ci": 0.7959599901262487,
        "rm2": 0.34989932502750243,
        "pearson": 0.6088594218375205,
        "spearman": 0.5454342785107331,
        "r2": 0.3565382957458496,
        "bias": -0.08139821141958237
      },
      "val_delta_abs_mean": 0.8526945114135742,
      "val_gate_mean": 0.9582907557487488
    },
    {
      "epoch": 21,
      "train": {
        "loss": 0.21680451932581898,
        "mse": 0.21499194213845244,
        "align": 5.709237814569331e-07,
        "reconstruct": 0.030219057283824294
      },
      "val": {
        "mse": 0.4878443479537964,
        "rmse": 0.6984585513498968,
        "mae": 0.4109039902687073,
        "ci": 0.792408861284386,
        "rm2": 0.3497006926545287,
        "pearson": 0.6048864491689264,
        "spearman": 0.5389721052999235,
        "r2": 0.3573707938194275,
        "bias": -0.0622873418033123
      },
      "val_delta_abs_mean": 0.7909008860588074,
      "val_gate_mean": 0.9564063549041748
    },
    {
      "epoch": 22,
      "train": {
        "loss": 0.2168475817851317,
        "mse": 0.2150618927439425,
        "align": 5.528593334206445e-07,
        "reconstruct": 0.02920550858250272
      },
      "val": {
        "mse": 0.4845764636993408,
        "rmse": 0.696115266101341,
        "mae": 0.4026939868927002,
        "ci": 0.7992052119068316,
        "rm2": 0.35363856515034825,
        "pearson": 0.613077480203844,
        "spearman": 0.5513366887595326,
        "r2": 0.36167556047439575,
        "bias": -0.07944411784410477
      },
      "val_delta_abs_mean": 0.8487513065338135,
      "val_gate_mean": 0.9593756198883057
    },
    {
      "epoch": 23,
      "train": {
        "loss": 0.21677018290300784,
        "mse": 0.21495260268699404,
        "align": 5.686513794803225e-07,
        "reconstruct": 0.02992371365584342
      },
      "val": {
        "mse": 0.4889218211174011,
        "rmse": 0.6992294481194289,
        "mae": 0.40822386741638184,
        "ci": 0.7944292328209356,
        "rm2": 0.34882334322712566,
        "pearson": 0.6054662953789978,
        "spearman": 0.5428211064106986,
        "r2": 0.3559514284133911,
        "bias": -0.07042878866195679
      },
      "val_delta_abs_mean": 0.7776105999946594,
      "val_gate_mean": 0.9581932425498962
    },
    {
      "epoch": 24,
      "train": {
        "loss": 0.21671188476742823,
        "mse": 0.21492717758895596,
        "align": 5.514591665461672e-07,
        "reconstruct": 0.029196487067035433
      },
      "val": {
        "mse": 0.4844101667404175,
        "rmse": 0.6959958094273395,
        "mae": 0.4029638171195984,
        "ci": 0.7972436999846028,
        "rm2": 0.353529748400464,
        "pearson": 0.6134846777407967,
        "spearman": 0.5474951065493733,
        "r2": 0.3618946075439453,
        "bias": -0.07949971407651901
      },
      "val_delta_abs_mean": 0.8535723686218262,
      "val_gate_mean": 0.9632368683815002
    },
    {
      "epoch": 25,
      "train": {
        "loss": 0.2166280232644625,
        "mse": 0.21479249484008575,
        "align": 5.56382704162157e-07,
        "reconstruct": 0.029432775114706072
      },
      "val": {
        "mse": 0.484785795211792,
        "rmse": 0.6962656067994397,
        "mae": 0.40768319368362427,
        "ci": 0.7942054033533279,
        "rm2": 0.3533799508750546,
        "pearson": 0.6094408717325529,
        "spearman": 0.5418138667010671,
        "r2": 0.36139976978302,
        "bias": -0.06737203896045685
      },
      "val_delta_abs_mean": 0.8569706082344055,
      "val_gate_mean": 0.9576469659805298
    },
    {
      "epoch": 26,
      "train": {
        "loss": 0.21676472314164763,
        "mse": 0.21489670444102377,
        "align": 5.255331258130186e-07,
        "reconstruct": 0.029377887418734462
      },
      "val": {
        "mse": 0.4850196838378906,
        "rmse": 0.696433545887826,
        "mae": 0.40661653876304626,
        "ci": 0.7961656932766434,
        "rm2": 0.3530505745778777,
        "pearson": 0.6091191867011734,
        "spearman": 0.5451757006446374,
        "r2": 0.361091673374176,
        "bias": -0.0670044869184494
      },
      "val_delta_abs_mean": 0.842629611492157,
      "val_gate_mean": 0.9562727808952332
    },
    {
      "epoch": 27,
      "train": {
        "loss": 0.21661331790857233,
        "mse": 0.21481287058776732,
        "align": 5.422088837524896e-07,
        "reconstruct": 0.027822425315495322
      },
      "val": {
        "mse": 0.4880097806453705,
        "rmse": 0.6985769683044027,
        "mae": 0.4049862027168274,
        "ci": 0.7972730279585205,
        "rm2": 0.34976644696402426,
        "pearson": 0.6091421161036683,
        "spearman": 0.5478383500004557,
        "r2": 0.35715287923812866,
        "bias": -0.07928451895713806
      },
      "val_delta_abs_mean": 0.8289477825164795,
      "val_gate_mean": 0.9580748677253723
    },
    {
      "epoch": 28,
      "train": {
        "loss": 0.21661163031010514,
        "mse": 0.2148320744904584,
        "align": 5.219007256837395e-07,
        "reconstruct": 0.027402017369387216
      },
      "val": {
        "mse": 0.4893973171710968,
        "rmse": 0.6995693798123934,
        "mae": 0.4062224328517914,
        "ci": 0.7956465474050038,
        "rm2": 0.348431486967542,
        "pearson": 0.6065574617902108,
        "spearman": 0.5446981965599055,
        "r2": 0.3553251028060913,
        "bias": -0.07652777433395386
      },
      "val_delta_abs_mean": 0.8152084350585938,
      "val_gate_mean": 0.9614076614379883
    },
    {
      "epoch": 29,
      "train": {
        "loss": 0.21646418022853503,
        "mse": 0.21467223943364372,
        "align": 5.473504801440126e-07,
        "reconstruct": 0.027007887590917917
      },
      "val": {
        "mse": 0.4834302067756653,
        "rmse": 0.6952914545538909,
        "mae": 0.40599268674850464,
        "ci": 0.7949204763840564,
        "rm2": 0.35484484903501273,
        "pearson": 0.6116661802360212,
        "spearman": 0.5433484835649484,
        "r2": 0.36318546533584595,
        "bias": -0.06996487826108932
      },
      "val_delta_abs_mean": 0.8388432264328003,
      "val_gate_mean": 0.9623839855194092
    }
  ]
}
